<?xml version="1.0" encoding="ISO-8859-1" ?>
<link_info>
   <banner>TI ARM Clang Linker PC v4.0.3.LTS</banner>
   <copyright>Copyright (c) 1996-2018 Texas Instruments Incorporated</copyright>
   <command_line>C:\ti\ccs2011\ccs\tools\compiler\ti-cgt-armllvm_4.0.3.LTS\bin\tiarmlnk -IC:\ti\ccs2011\ccs\tools\compiler\ti-cgt-armllvm_4.0.3.LTS\lib -o 5_mpu6050_V1.1.out -m5_mpu6050_V1.1.map -iC:/ti/mspm0_sdk_2_04_00_06/source -iC:/Users/22334/workspace_ccstheia/5_mpu6050_V1.1 -iC:/Users/22334/workspace_ccstheia/5_mpu6050_V1.1/Debug/syscfg -iC:/ti/ccs2011/ccs/tools/compiler/ti-cgt-armllvm_4.0.3.LTS/lib --diag_wrap=off --display_error_number --warn_sections --xml_link_info=5_mpu6050_V1.1_linkInfo.xml --rom_model ./main.o ./ti_msp_dl_config.o ./startup_mspm0g350x_ticlang.o ./Drivers/MPU6050/inv_mpu.o ./Drivers/MPU6050/inv_mpu_dmp_motion_driver.o ./Drivers/MPU6050/mpu6050.o ./Drivers/MPU6050/mspm0_i2c.o ./Drivers/MSPM0/clock.o ./Drivers/MSPM0/interrupt.o ./Drivers/OLED/OLED.o ./Drivers/OLED/OLED_Data.o -l./device_linker.cmd -ldevice.cmd.genlibs -llibc.a -lC:/ti/mspm0_sdk_2_04_00_06/source/ti/driverlib/lib/ticlang/m0p/mspm0g1x0x_g3x0x/driverlib.a --start-group -llibc++.a -llibc++abi.a -llibc.a -llibsys.a -llibsysbm.a -llibclang_rt.builtins.a -llibclang_rt.profile.a --end-group --cg_opt_level=0</command_line>
   <link_time>0x686dde17</link_time>
   <link_errors>0x0</link_errors>
   <output_file>C:\Users\22334\workspace_ccstheia\5_mpu6050_V1.1\Debug\5_mpu6050_V1.1.out</output_file>
   <entry_point>
      <name>_c_int00_noargs</name>
      <address>0x5e39</address>
   </entry_point>
   <input_file_list>
      <input_file id="fl-1">
         <path>C:\Users\22334\workspace_ccstheia\5_mpu6050_V1.1\Debug\.\</path>
         <kind>object</kind>
         <file>main.o</file>
         <name>main.o</name>
      </input_file>
      <input_file id="fl-2">
         <path>C:\Users\22334\workspace_ccstheia\5_mpu6050_V1.1\Debug\.\</path>
         <kind>object</kind>
         <file>ti_msp_dl_config.o</file>
         <name>ti_msp_dl_config.o</name>
      </input_file>
      <input_file id="fl-3">
         <path>C:\Users\22334\workspace_ccstheia\5_mpu6050_V1.1\Debug\.\</path>
         <kind>object</kind>
         <file>startup_mspm0g350x_ticlang.o</file>
         <name>startup_mspm0g350x_ticlang.o</name>
      </input_file>
      <input_file id="fl-4">
         <path>C:\Users\22334\workspace_ccstheia\5_mpu6050_V1.1\Debug\.\Drivers\MPU6050\</path>
         <kind>object</kind>
         <file>inv_mpu.o</file>
         <name>inv_mpu.o</name>
      </input_file>
      <input_file id="fl-5">
         <path>C:\Users\22334\workspace_ccstheia\5_mpu6050_V1.1\Debug\.\Drivers\MPU6050\</path>
         <kind>object</kind>
         <file>inv_mpu_dmp_motion_driver.o</file>
         <name>inv_mpu_dmp_motion_driver.o</name>
      </input_file>
      <input_file id="fl-6">
         <path>C:\Users\22334\workspace_ccstheia\5_mpu6050_V1.1\Debug\.\Drivers\MPU6050\</path>
         <kind>object</kind>
         <file>mpu6050.o</file>
         <name>mpu6050.o</name>
      </input_file>
      <input_file id="fl-7">
         <path>C:\Users\22334\workspace_ccstheia\5_mpu6050_V1.1\Debug\.\Drivers\MPU6050\</path>
         <kind>object</kind>
         <file>mspm0_i2c.o</file>
         <name>mspm0_i2c.o</name>
      </input_file>
      <input_file id="fl-8">
         <path>C:\Users\22334\workspace_ccstheia\5_mpu6050_V1.1\Debug\.\Drivers\MSPM0\</path>
         <kind>object</kind>
         <file>clock.o</file>
         <name>clock.o</name>
      </input_file>
      <input_file id="fl-9">
         <path>C:\Users\22334\workspace_ccstheia\5_mpu6050_V1.1\Debug\.\Drivers\MSPM0\</path>
         <kind>object</kind>
         <file>interrupt.o</file>
         <name>interrupt.o</name>
      </input_file>
      <input_file id="fl-a">
         <path>C:\Users\22334\workspace_ccstheia\5_mpu6050_V1.1\Debug\.\Drivers\OLED\</path>
         <kind>object</kind>
         <file>OLED.o</file>
         <name>OLED.o</name>
      </input_file>
      <input_file id="fl-b">
         <path>C:\Users\22334\workspace_ccstheia\5_mpu6050_V1.1\Debug\.\Drivers\OLED\</path>
         <kind>object</kind>
         <file>OLED_Data.o</file>
         <name>OLED_Data.o</name>
      </input_file>
      <input_file id="fl-19">
         <path>C:\Users\22334\workspace_ccstheia\5_mpu6050_V1.1\Debug\</path>
         <kind>object</kind>
         <file>&lt;internal&gt;</file>
         <name>&lt;internal&gt;</name>
      </input_file>
      <input_file id="fl-1a">
         <path>C:\ti\mspm0_sdk_2_04_00_06\source\ti\driverlib\lib\ticlang\m0p\mspm0g1x0x_g3x0x\</path>
         <kind>archive</kind>
         <file>driverlib.a</file>
         <name>dl_common.o</name>
      </input_file>
      <input_file id="fl-1b">
         <path>C:\ti\mspm0_sdk_2_04_00_06\source\ti\driverlib\lib\ticlang\m0p\mspm0g1x0x_g3x0x\</path>
         <kind>archive</kind>
         <file>driverlib.a</file>
         <name>dl_i2c.o</name>
      </input_file>
      <input_file id="fl-1c">
         <path>C:\ti\mspm0_sdk_2_04_00_06\source\ti\driverlib\lib\ticlang\m0p\mspm0g1x0x_g3x0x\</path>
         <kind>archive</kind>
         <file>driverlib.a</file>
         <name>dl_timer.o</name>
      </input_file>
      <input_file id="fl-1d">
         <path>C:\ti\mspm0_sdk_2_04_00_06\source\ti\driverlib\lib\ticlang\m0p\mspm0g1x0x_g3x0x\</path>
         <kind>archive</kind>
         <file>driverlib.a</file>
         <name>dl_sysctl_mspm0g1x0x_g3x0x.o</name>
      </input_file>
      <input_file id="fl-34">
         <path>C:\ti\ccs2011\ccs\tools\compiler\ti-cgt-armllvm_4.0.3.LTS\lib\armv6m-ti-none-eabi\c\</path>
         <kind>archive</kind>
         <file>libc.a</file>
         <name>vsprintf.c.obj</name>
      </input_file>
      <input_file id="fl-35">
         <path>C:\ti\ccs2011\ccs\tools\compiler\ti-cgt-armllvm_4.0.3.LTS\lib\armv6m-ti-none-eabi\c\</path>
         <kind>archive</kind>
         <file>libc.a</file>
         <name>e_asin.c.obj</name>
      </input_file>
      <input_file id="fl-36">
         <path>C:\ti\ccs2011\ccs\tools\compiler\ti-cgt-armllvm_4.0.3.LTS\lib\armv6m-ti-none-eabi\c\</path>
         <kind>archive</kind>
         <file>libc.a</file>
         <name>e_atan2.c.obj</name>
      </input_file>
      <input_file id="fl-37">
         <path>C:\ti\ccs2011\ccs\tools\compiler\ti-cgt-armllvm_4.0.3.LTS\lib\armv6m-ti-none-eabi\c\</path>
         <kind>archive</kind>
         <file>libc.a</file>
         <name>e_sqrt.c.obj</name>
      </input_file>
      <input_file id="fl-38">
         <path>C:\ti\ccs2011\ccs\tools\compiler\ti-cgt-armllvm_4.0.3.LTS\lib\armv6m-ti-none-eabi\c\</path>
         <kind>archive</kind>
         <file>libc.a</file>
         <name>s_atan.c.obj</name>
      </input_file>
      <input_file id="fl-39">
         <path>C:\ti\ccs2011\ccs\tools\compiler\ti-cgt-armllvm_4.0.3.LTS\lib\armv6m-ti-none-eabi\c\</path>
         <kind>archive</kind>
         <file>libc.a</file>
         <name>s_round.c.obj</name>
      </input_file>
      <input_file id="fl-3a">
         <path>C:\ti\ccs2011\ccs\tools\compiler\ti-cgt-armllvm_4.0.3.LTS\lib\armv6m-ti-none-eabi\c\</path>
         <kind>archive</kind>
         <file>libc.a</file>
         <name>strcmp-armv6m.S.obj</name>
      </input_file>
      <input_file id="fl-3b">
         <path>C:\ti\ccs2011\ccs\tools\compiler\ti-cgt-armllvm_4.0.3.LTS\lib\armv6m-ti-none-eabi\c\</path>
         <kind>archive</kind>
         <file>libc.a</file>
         <name>aeabi_portable.c.obj</name>
      </input_file>
      <input_file id="fl-3c">
         <path>C:\ti\ccs2011\ccs\tools\compiler\ti-cgt-armllvm_4.0.3.LTS\lib\armv6m-ti-none-eabi\c\</path>
         <kind>archive</kind>
         <file>libc.a</file>
         <name>assert.c.obj</name>
      </input_file>
      <input_file id="fl-3d">
         <path>C:\ti\ccs2011\ccs\tools\compiler\ti-cgt-armllvm_4.0.3.LTS\lib\armv6m-ti-none-eabi\c\</path>
         <kind>archive</kind>
         <file>libc.a</file>
         <name>defs.c.obj</name>
      </input_file>
      <input_file id="fl-3e">
         <path>C:\ti\ccs2011\ccs\tools\compiler\ti-cgt-armllvm_4.0.3.LTS\lib\armv6m-ti-none-eabi\c\</path>
         <kind>archive</kind>
         <file>libc.a</file>
         <name>memcmp.c.obj</name>
      </input_file>
      <input_file id="fl-3f">
         <path>C:\ti\ccs2011\ccs\tools\compiler\ti-cgt-armllvm_4.0.3.LTS\lib\armv6m-ti-none-eabi\c\</path>
         <kind>archive</kind>
         <file>libc.a</file>
         <name>memory.c.obj</name>
      </input_file>
      <input_file id="fl-40">
         <path>C:\ti\ccs2011\ccs\tools\compiler\ti-cgt-armllvm_4.0.3.LTS\lib\armv6m-ti-none-eabi\c\</path>
         <kind>archive</kind>
         <file>libc.a</file>
         <name>boot_cortex_m.c.obj</name>
      </input_file>
      <input_file id="fl-41">
         <path>C:\ti\ccs2011\ccs\tools\compiler\ti-cgt-armllvm_4.0.3.LTS\lib\armv6m-ti-none-eabi\c\</path>
         <kind>archive</kind>
         <file>libc.a</file>
         <name>mathacl_init.c.obj</name>
      </input_file>
      <input_file id="fl-42">
         <path>C:\ti\ccs2011\ccs\tools\compiler\ti-cgt-armllvm_4.0.3.LTS\lib\armv6m-ti-none-eabi\c\</path>
         <kind>archive</kind>
         <file>libc.a</file>
         <name>autoinit.c.obj</name>
      </input_file>
      <input_file id="fl-43">
         <path>C:\ti\ccs2011\ccs\tools\compiler\ti-cgt-armllvm_4.0.3.LTS\lib\armv6m-ti-none-eabi\c\</path>
         <kind>archive</kind>
         <file>libc.a</file>
         <name>pre_init.c.obj</name>
      </input_file>
      <input_file id="fl-44">
         <path>C:\ti\ccs2011\ccs\tools\compiler\ti-cgt-armllvm_4.0.3.LTS\lib\armv6m-ti-none-eabi\c\</path>
         <kind>archive</kind>
         <file>libc.a</file>
         <name>cpy_tbl.c.obj</name>
      </input_file>
      <input_file id="fl-45">
         <path>C:\ti\ccs2011\ccs\tools\compiler\ti-cgt-armllvm_4.0.3.LTS\lib\armv6m-ti-none-eabi\c\</path>
         <kind>archive</kind>
         <file>libc.a</file>
         <name>copy_zero_init.c.obj</name>
      </input_file>
      <input_file id="fl-46">
         <path>C:\ti\ccs2011\ccs\tools\compiler\ti-cgt-armllvm_4.0.3.LTS\lib\armv6m-ti-none-eabi\c\</path>
         <kind>archive</kind>
         <file>libc.a</file>
         <name>copy_decompress_none.c.obj</name>
      </input_file>
      <input_file id="fl-47">
         <path>C:\ti\ccs2011\ccs\tools\compiler\ti-cgt-armllvm_4.0.3.LTS\lib\armv6m-ti-none-eabi\c\</path>
         <kind>archive</kind>
         <file>libc.a</file>
         <name>copy_decompress_lzss.c.obj</name>
      </input_file>
      <input_file id="fl-48">
         <path>C:\ti\ccs2011\ccs\tools\compiler\ti-cgt-armllvm_4.0.3.LTS\lib\armv6m-ti-none-eabi\c\</path>
         <kind>archive</kind>
         <file>libc.a</file>
         <name>_printfi.c.obj</name>
      </input_file>
      <input_file id="fl-49">
         <path>C:\ti\ccs2011\ccs\tools\compiler\ti-cgt-armllvm_4.0.3.LTS\lib\armv6m-ti-none-eabi\c\</path>
         <kind>archive</kind>
         <file>libc.a</file>
         <name>sprintf.c.obj</name>
      </input_file>
      <input_file id="fl-4a">
         <path>C:\ti\ccs2011\ccs\tools\compiler\ti-cgt-armllvm_4.0.3.LTS\lib\armv6m-ti-none-eabi\c\</path>
         <kind>archive</kind>
         <file>libc.a</file>
         <name>fflush.c.obj</name>
      </input_file>
      <input_file id="fl-4b">
         <path>C:\ti\ccs2011\ccs\tools\compiler\ti-cgt-armllvm_4.0.3.LTS\lib\armv6m-ti-none-eabi\c\</path>
         <kind>archive</kind>
         <file>libc.a</file>
         <name>fputs.c.obj</name>
      </input_file>
      <input_file id="fl-4c">
         <path>C:\ti\ccs2011\ccs\tools\compiler\ti-cgt-armllvm_4.0.3.LTS\lib\armv6m-ti-none-eabi\c\</path>
         <kind>archive</kind>
         <file>libc.a</file>
         <name>_io_perm.c.obj</name>
      </input_file>
      <input_file id="fl-4d">
         <path>C:\ti\ccs2011\ccs\tools\compiler\ti-cgt-armllvm_4.0.3.LTS\lib\armv6m-ti-none-eabi\c\</path>
         <kind>archive</kind>
         <file>libc.a</file>
         <name>setvbuf.c.obj</name>
      </input_file>
      <input_file id="fl-4e">
         <path>C:\ti\ccs2011\ccs\tools\compiler\ti-cgt-armllvm_4.0.3.LTS\lib\armv6m-ti-none-eabi\c\</path>
         <kind>archive</kind>
         <file>libc.a</file>
         <name>s_floor.c.obj</name>
      </input_file>
      <input_file id="fl-4f">
         <path>C:\ti\ccs2011\ccs\tools\compiler\ti-cgt-armllvm_4.0.3.LTS\lib\armv6m-ti-none-eabi\c\</path>
         <kind>archive</kind>
         <file>libc.a</file>
         <name>s_frexp.c.obj</name>
      </input_file>
      <input_file id="fl-50">
         <path>C:\ti\ccs2011\ccs\tools\compiler\ti-cgt-armllvm_4.0.3.LTS\lib\armv6m-ti-none-eabi\c\</path>
         <kind>archive</kind>
         <file>libc.a</file>
         <name>s_scalbn.c.obj</name>
      </input_file>
      <input_file id="fl-51">
         <path>C:\ti\ccs2011\ccs\tools\compiler\ti-cgt-armllvm_4.0.3.LTS\lib\armv6m-ti-none-eabi\c\</path>
         <kind>archive</kind>
         <file>libc.a</file>
         <name>wcslen.c.obj</name>
      </input_file>
      <input_file id="fl-52">
         <path>C:\ti\ccs2011\ccs\tools\compiler\ti-cgt-armllvm_4.0.3.LTS\lib\armv6m-ti-none-eabi\c\</path>
         <kind>archive</kind>
         <file>libc.a</file>
         <name>exit.c.obj</name>
      </input_file>
      <input_file id="fl-53">
         <path>C:\ti\ccs2011\ccs\tools\compiler\ti-cgt-armllvm_4.0.3.LTS\lib\armv6m-ti-none-eabi\c\</path>
         <kind>archive</kind>
         <file>libc.a</file>
         <name>_lock.c.obj</name>
      </input_file>
      <input_file id="fl-54">
         <path>C:\ti\ccs2011\ccs\tools\compiler\ti-cgt-armllvm_4.0.3.LTS\lib\armv6m-ti-none-eabi\c\</path>
         <kind>archive</kind>
         <file>libc.a</file>
         <name>_ltoa.c.obj</name>
      </input_file>
      <input_file id="fl-55">
         <path>C:\ti\ccs2011\ccs\tools\compiler\ti-cgt-armllvm_4.0.3.LTS\lib\armv6m-ti-none-eabi\c\</path>
         <kind>archive</kind>
         <file>libc.a</file>
         <name>args_main.c.obj</name>
      </input_file>
      <input_file id="fl-56">
         <path>C:\ti\ccs2011\ccs\tools\compiler\ti-cgt-armllvm_4.0.3.LTS\lib\armv6m-ti-none-eabi\c\</path>
         <kind>archive</kind>
         <file>libc.a</file>
         <name>atoi.c.obj</name>
      </input_file>
      <input_file id="fl-57">
         <path>C:\ti\ccs2011\ccs\tools\compiler\ti-cgt-armllvm_4.0.3.LTS\lib\armv6m-ti-none-eabi\c\</path>
         <kind>archive</kind>
         <file>libc.a</file>
         <name>memccpy.c.obj</name>
      </input_file>
      <input_file id="fl-58">
         <path>C:\ti\ccs2011\ccs\tools\compiler\ti-cgt-armllvm_4.0.3.LTS\lib\armv6m-ti-none-eabi\c\</path>
         <kind>archive</kind>
         <file>libc.a</file>
         <name>fopen.c.obj</name>
      </input_file>
      <input_file id="fl-59">
         <path>C:\ti\ccs2011\ccs\tools\compiler\ti-cgt-armllvm_4.0.3.LTS\lib\armv6m-ti-none-eabi\c\</path>
         <kind>archive</kind>
         <file>libc.a</file>
         <name>fseek.c.obj</name>
      </input_file>
      <input_file id="fl-5a">
         <path>C:\ti\ccs2011\ccs\tools\compiler\ti-cgt-armllvm_4.0.3.LTS\lib\armv6m-ti-none-eabi\c\</path>
         <kind>archive</kind>
         <file>libc.a</file>
         <name>aeabi_ctype.S.obj</name>
      </input_file>
      <input_file id="fl-5b">
         <path>C:\ti\ccs2011\ccs\tools\compiler\ti-cgt-armllvm_4.0.3.LTS\lib\armv6m-ti-none-eabi\c\</path>
         <kind>archive</kind>
         <file>libc.a</file>
         <name>fclose.c.obj</name>
      </input_file>
      <input_file id="fl-fb">
         <path>C:\ti\ccs2011\ccs\tools\compiler\ti-cgt-armllvm_4.0.3.LTS\lib\armv6m-ti-none-eabi\c\</path>
         <kind>archive</kind>
         <file>libsysbm.a</file>
         <name>hostexit.c.obj</name>
      </input_file>
      <input_file id="fl-fc">
         <path>C:\ti\ccs2011\ccs\tools\compiler\ti-cgt-armllvm_4.0.3.LTS\lib\armv6m-ti-none-eabi\c\</path>
         <kind>archive</kind>
         <file>libsysbm.a</file>
         <name>write.c.obj</name>
      </input_file>
      <input_file id="fl-fd">
         <path>C:\ti\ccs2011\ccs\tools\compiler\ti-cgt-armllvm_4.0.3.LTS\lib\armv6m-ti-none-eabi\c\</path>
         <kind>archive</kind>
         <file>libsysbm.a</file>
         <name>host_device.c.obj</name>
      </input_file>
      <input_file id="fl-fe">
         <path>C:\ti\ccs2011\ccs\tools\compiler\ti-cgt-armllvm_4.0.3.LTS\lib\armv6m-ti-none-eabi\c\</path>
         <kind>archive</kind>
         <file>libsysbm.a</file>
         <name>remove.c.obj</name>
      </input_file>
      <input_file id="fl-ff">
         <path>C:\ti\ccs2011\ccs\tools\compiler\ti-cgt-armllvm_4.0.3.LTS\lib\armv6m-ti-none-eabi\c\</path>
         <kind>archive</kind>
         <file>libsysbm.a</file>
         <name>open.c.obj</name>
      </input_file>
      <input_file id="fl-100">
         <path>C:\ti\ccs2011\ccs\tools\compiler\ti-cgt-armllvm_4.0.3.LTS\lib\armv6m-ti-none-eabi\c\</path>
         <kind>archive</kind>
         <file>libsysbm.a</file>
         <name>lseek.c.obj</name>
      </input_file>
      <input_file id="fl-101">
         <path>C:\ti\ccs2011\ccs\tools\compiler\ti-cgt-armllvm_4.0.3.LTS\lib\armv6m-ti-none-eabi\c\</path>
         <kind>archive</kind>
         <file>libsysbm.a</file>
         <name>close.c.obj</name>
      </input_file>
      <input_file id="fl-102">
         <path>C:\ti\ccs2011\ccs\tools\compiler\ti-cgt-armllvm_4.0.3.LTS\lib\armv6m-ti-none-eabi\c\</path>
         <kind>archive</kind>
         <file>libsysbm.a</file>
         <name>unlink.c.obj</name>
      </input_file>
      <input_file id="fl-103">
         <path>C:\ti\ccs2011\ccs\tools\compiler\ti-cgt-armllvm_4.0.3.LTS\lib\armv6m-ti-none-eabi\c\</path>
         <kind>archive</kind>
         <file>libsysbm.a</file>
         <name>hostclose.c.obj</name>
      </input_file>
      <input_file id="fl-104">
         <path>C:\ti\ccs2011\ccs\tools\compiler\ti-cgt-armllvm_4.0.3.LTS\lib\armv6m-ti-none-eabi\c\</path>
         <kind>archive</kind>
         <file>libsysbm.a</file>
         <name>hostlseek.c.obj</name>
      </input_file>
      <input_file id="fl-105">
         <path>C:\ti\ccs2011\ccs\tools\compiler\ti-cgt-armllvm_4.0.3.LTS\lib\armv6m-ti-none-eabi\c\</path>
         <kind>archive</kind>
         <file>libsysbm.a</file>
         <name>hostopen.c.obj</name>
      </input_file>
      <input_file id="fl-106">
         <path>C:\ti\ccs2011\ccs\tools\compiler\ti-cgt-armllvm_4.0.3.LTS\lib\armv6m-ti-none-eabi\c\</path>
         <kind>archive</kind>
         <file>libsysbm.a</file>
         <name>hostread.c.obj</name>
      </input_file>
      <input_file id="fl-107">
         <path>C:\ti\ccs2011\ccs\tools\compiler\ti-cgt-armllvm_4.0.3.LTS\lib\armv6m-ti-none-eabi\c\</path>
         <kind>archive</kind>
         <file>libsysbm.a</file>
         <name>hostrename.c.obj</name>
      </input_file>
      <input_file id="fl-108">
         <path>C:\ti\ccs2011\ccs\tools\compiler\ti-cgt-armllvm_4.0.3.LTS\lib\armv6m-ti-none-eabi\c\</path>
         <kind>archive</kind>
         <file>libsysbm.a</file>
         <name>hostunlink.c.obj</name>
      </input_file>
      <input_file id="fl-109">
         <path>C:\ti\ccs2011\ccs\tools\compiler\ti-cgt-armllvm_4.0.3.LTS\lib\armv6m-ti-none-eabi\c\</path>
         <kind>archive</kind>
         <file>libsysbm.a</file>
         <name>hostwrite.c.obj</name>
      </input_file>
      <input_file id="fl-10a">
         <path>C:\ti\ccs2011\ccs\tools\compiler\ti-cgt-armllvm_4.0.3.LTS\lib\armv6m-ti-none-eabi\c\</path>
         <kind>archive</kind>
         <file>libsysbm.a</file>
         <name>trgmsg.c.obj</name>
      </input_file>
      <input_file id="fl-10b">
         <path>C:\ti\ccs2011\ccs\tools\compiler\ti-cgt-armllvm_4.0.3.LTS\lib\armv6m-ti-none-eabi\</path>
         <kind>archive</kind>
         <file>libclang_rt.builtins.a</file>
         <name>addsf3.S.obj</name>
      </input_file>
      <input_file id="fl-10c">
         <path>C:\ti\ccs2011\ccs\tools\compiler\ti-cgt-armllvm_4.0.3.LTS\lib\armv6m-ti-none-eabi\</path>
         <kind>archive</kind>
         <file>libclang_rt.builtins.a</file>
         <name>adddf3.S.obj</name>
      </input_file>
      <input_file id="fl-10d">
         <path>C:\ti\ccs2011\ccs\tools\compiler\ti-cgt-armllvm_4.0.3.LTS\lib\armv6m-ti-none-eabi\</path>
         <kind>archive</kind>
         <file>libclang_rt.builtins.a</file>
         <name>muldf3.S.obj</name>
      </input_file>
      <input_file id="fl-10e">
         <path>C:\ti\ccs2011\ccs\tools\compiler\ti-cgt-armllvm_4.0.3.LTS\lib\armv6m-ti-none-eabi\</path>
         <kind>archive</kind>
         <file>libclang_rt.builtins.a</file>
         <name>muldsi3.S.obj</name>
      </input_file>
      <input_file id="fl-10f">
         <path>C:\ti\ccs2011\ccs\tools\compiler\ti-cgt-armllvm_4.0.3.LTS\lib\armv6m-ti-none-eabi\</path>
         <kind>archive</kind>
         <file>libclang_rt.builtins.a</file>
         <name>mulsf3.S.obj</name>
      </input_file>
      <input_file id="fl-110">
         <path>C:\ti\ccs2011\ccs\tools\compiler\ti-cgt-armllvm_4.0.3.LTS\lib\armv6m-ti-none-eabi\</path>
         <kind>archive</kind>
         <file>libclang_rt.builtins.a</file>
         <name>divsf3.S.obj</name>
      </input_file>
      <input_file id="fl-111">
         <path>C:\ti\ccs2011\ccs\tools\compiler\ti-cgt-armllvm_4.0.3.LTS\lib\armv6m-ti-none-eabi\</path>
         <kind>archive</kind>
         <file>libclang_rt.builtins.a</file>
         <name>divdf3.S.obj</name>
      </input_file>
      <input_file id="fl-112">
         <path>C:\ti\ccs2011\ccs\tools\compiler\ti-cgt-armllvm_4.0.3.LTS\lib\armv6m-ti-none-eabi\</path>
         <kind>archive</kind>
         <file>libclang_rt.builtins.a</file>
         <name>extendsfdf2.S.obj</name>
      </input_file>
      <input_file id="fl-113">
         <path>C:\ti\ccs2011\ccs\tools\compiler\ti-cgt-armllvm_4.0.3.LTS\lib\armv6m-ti-none-eabi\</path>
         <kind>archive</kind>
         <file>libclang_rt.builtins.a</file>
         <name>fixdfsi.S.obj</name>
      </input_file>
      <input_file id="fl-114">
         <path>C:\ti\ccs2011\ccs\tools\compiler\ti-cgt-armllvm_4.0.3.LTS\lib\armv6m-ti-none-eabi\</path>
         <kind>archive</kind>
         <file>libclang_rt.builtins.a</file>
         <name>fixsfsi.S.obj</name>
      </input_file>
      <input_file id="fl-115">
         <path>C:\ti\ccs2011\ccs\tools\compiler\ti-cgt-armllvm_4.0.3.LTS\lib\armv6m-ti-none-eabi\</path>
         <kind>archive</kind>
         <file>libclang_rt.builtins.a</file>
         <name>fixunsdfsi.S.obj</name>
      </input_file>
      <input_file id="fl-116">
         <path>C:\ti\ccs2011\ccs\tools\compiler\ti-cgt-armllvm_4.0.3.LTS\lib\armv6m-ti-none-eabi\</path>
         <kind>archive</kind>
         <file>libclang_rt.builtins.a</file>
         <name>floatsidf.S.obj</name>
      </input_file>
      <input_file id="fl-117">
         <path>C:\ti\ccs2011\ccs\tools\compiler\ti-cgt-armllvm_4.0.3.LTS\lib\armv6m-ti-none-eabi\</path>
         <kind>archive</kind>
         <file>libclang_rt.builtins.a</file>
         <name>floatsisf.S.obj</name>
      </input_file>
      <input_file id="fl-118">
         <path>C:\ti\ccs2011\ccs\tools\compiler\ti-cgt-armllvm_4.0.3.LTS\lib\armv6m-ti-none-eabi\</path>
         <kind>archive</kind>
         <file>libclang_rt.builtins.a</file>
         <name>floatunsidf.S.obj</name>
      </input_file>
      <input_file id="fl-119">
         <path>C:\ti\ccs2011\ccs\tools\compiler\ti-cgt-armllvm_4.0.3.LTS\lib\armv6m-ti-none-eabi\</path>
         <kind>archive</kind>
         <file>libclang_rt.builtins.a</file>
         <name>floatunsisf.S.obj</name>
      </input_file>
      <input_file id="fl-11a">
         <path>C:\ti\ccs2011\ccs\tools\compiler\ti-cgt-armllvm_4.0.3.LTS\lib\armv6m-ti-none-eabi\</path>
         <kind>archive</kind>
         <file>libclang_rt.builtins.a</file>
         <name>muldi3.S.obj</name>
      </input_file>
      <input_file id="fl-11b">
         <path>C:\ti\ccs2011\ccs\tools\compiler\ti-cgt-armllvm_4.0.3.LTS\lib\armv6m-ti-none-eabi\</path>
         <kind>archive</kind>
         <file>libclang_rt.builtins.a</file>
         <name>truncdfsf2.S.obj</name>
      </input_file>
      <input_file id="fl-11c">
         <path>C:\ti\ccs2011\ccs\tools\compiler\ti-cgt-armllvm_4.0.3.LTS\lib\armv6m-ti-none-eabi\</path>
         <kind>archive</kind>
         <file>libclang_rt.builtins.a</file>
         <name>aeabi_dcmp.S.obj</name>
      </input_file>
      <input_file id="fl-11d">
         <path>C:\ti\ccs2011\ccs\tools\compiler\ti-cgt-armllvm_4.0.3.LTS\lib\armv6m-ti-none-eabi\</path>
         <kind>archive</kind>
         <file>libclang_rt.builtins.a</file>
         <name>aeabi_fcmp.S.obj</name>
      </input_file>
      <input_file id="fl-11e">
         <path>C:\ti\ccs2011\ccs\tools\compiler\ti-cgt-armllvm_4.0.3.LTS\lib\armv6m-ti-none-eabi\</path>
         <kind>archive</kind>
         <file>libclang_rt.builtins.a</file>
         <name>aeabi_idivmod.S.obj</name>
      </input_file>
      <input_file id="fl-11f">
         <path>C:\ti\ccs2011\ccs\tools\compiler\ti-cgt-armllvm_4.0.3.LTS\lib\armv6m-ti-none-eabi\</path>
         <kind>archive</kind>
         <file>libclang_rt.builtins.a</file>
         <name>aeabi_ldivmod.S.obj</name>
      </input_file>
      <input_file id="fl-120">
         <path>C:\ti\ccs2011\ccs\tools\compiler\ti-cgt-armllvm_4.0.3.LTS\lib\armv6m-ti-none-eabi\</path>
         <kind>archive</kind>
         <file>libclang_rt.builtins.a</file>
         <name>aeabi_memcpy.S.obj</name>
      </input_file>
      <input_file id="fl-121">
         <path>C:\ti\ccs2011\ccs\tools\compiler\ti-cgt-armllvm_4.0.3.LTS\lib\armv6m-ti-none-eabi\</path>
         <kind>archive</kind>
         <file>libclang_rt.builtins.a</file>
         <name>aeabi_memset.S.obj</name>
      </input_file>
      <input_file id="fl-122">
         <path>C:\ti\ccs2011\ccs\tools\compiler\ti-cgt-armllvm_4.0.3.LTS\lib\armv6m-ti-none-eabi\</path>
         <kind>archive</kind>
         <file>libclang_rt.builtins.a</file>
         <name>aeabi_uidivmod.S.obj</name>
      </input_file>
      <input_file id="fl-123">
         <path>C:\ti\ccs2011\ccs\tools\compiler\ti-cgt-armllvm_4.0.3.LTS\lib\armv6m-ti-none-eabi\</path>
         <kind>archive</kind>
         <file>libclang_rt.builtins.a</file>
         <name>aeabi_uldivmod.S.obj</name>
      </input_file>
      <input_file id="fl-124">
         <path>C:\ti\ccs2011\ccs\tools\compiler\ti-cgt-armllvm_4.0.3.LTS\lib\armv6m-ti-none-eabi\</path>
         <kind>archive</kind>
         <file>libclang_rt.builtins.a</file>
         <name>comparesf2.S.obj</name>
      </input_file>
      <input_file id="fl-125">
         <path>C:\ti\ccs2011\ccs\tools\compiler\ti-cgt-armllvm_4.0.3.LTS\lib\armv6m-ti-none-eabi\</path>
         <kind>archive</kind>
         <file>libclang_rt.builtins.a</file>
         <name>udivmoddi4.S.obj</name>
      </input_file>
      <input_file id="fl-126">
         <path>C:\ti\ccs2011\ccs\tools\compiler\ti-cgt-armllvm_4.0.3.LTS\lib\armv6m-ti-none-eabi\</path>
         <kind>archive</kind>
         <file>libclang_rt.builtins.a</file>
         <name>ashldi3.S.obj</name>
      </input_file>
      <input_file id="fl-127">
         <path>C:\ti\ccs2011\ccs\tools\compiler\ti-cgt-armllvm_4.0.3.LTS\lib\armv6m-ti-none-eabi\</path>
         <kind>archive</kind>
         <file>libclang_rt.builtins.a</file>
         <name>comparedf2.c.obj</name>
      </input_file>
      <input_file id="fl-128">
         <path>C:\ti\ccs2011\ccs\tools\compiler\ti-cgt-armllvm_4.0.3.LTS\lib\armv6m-ti-none-eabi\</path>
         <kind>archive</kind>
         <file>libclang_rt.builtins.a</file>
         <name>divmoddi4.c.obj</name>
      </input_file>
      <input_file id="fl-129">
         <path>C:\ti\ccs2011\ccs\tools\compiler\ti-cgt-armllvm_4.0.3.LTS\lib\armv6m-ti-none-eabi\</path>
         <kind>archive</kind>
         <file>libclang_rt.builtins.a</file>
         <name>aeabi_div0.c.obj</name>
      </input_file>
      <input_file id="fl-12a">
         <path>C:\ti\ccs2011\ccs\tools\compiler\ti-cgt-armllvm_4.0.3.LTS\lib\armv6m-ti-none-eabi\c\</path>
         <kind>archive</kind>
         <file>libc.a</file>
         <name>getdevice.c.obj</name>
      </input_file>
      <input_file id="fl-12b">
         <path>C:\ti\ccs2011\ccs\tools\compiler\ti-cgt-armllvm_4.0.3.LTS\lib\armv6m-ti-none-eabi\c\</path>
         <kind>archive</kind>
         <file>libc.a</file>
         <name>memcpy16.S.obj</name>
      </input_file>
      <input_file id="fl-12c">
         <path>C:\ti\ccs2011\ccs\tools\compiler\ti-cgt-armllvm_4.0.3.LTS\lib\armv6m-ti-none-eabi\c\</path>
         <kind>archive</kind>
         <file>libc.a</file>
         <name>memset16.S.obj</name>
      </input_file>
   </input_file_list>
   <object_component_list>
      <object_component id="oc-18">
         <name>.intvecs</name>
         <load_address>0x0</load_address>
         <readonly>true</readonly>
         <run_address>0x0</run_address>
         <size>0xc0</size>
         <alignment>0x4</alignment>
         <input_file_ref idref="fl-3"/>
      </object_component>
      <object_component id="oc-258">
         <name>.text:__TI_printfi</name>
         <load_address>0xc0</load_address>
         <readonly>true</readonly>
         <executable>true</executable>
         <run_address>0xc0</run_address>
         <size>0x9d0</size>
         <alignment>0x4</alignment>
         <input_file_ref idref="fl-48"/>
      </object_component>
      <object_component id="oc-b7">
         <name>.text.asin</name>
         <load_address>0xa90</load_address>
         <readonly>true</readonly>
         <executable>true</executable>
         <run_address>0xa90</run_address>
         <size>0x364</size>
         <alignment>0x4</alignment>
         <input_file_ref idref="fl-35"/>
      </object_component>
      <object_component id="oc-133">
         <name>.text.atan</name>
         <load_address>0xdf4</load_address>
         <readonly>true</readonly>
         <executable>true</executable>
         <run_address>0xdf4</run_address>
         <size>0x2f8</size>
         <alignment>0x4</alignment>
         <input_file_ref idref="fl-38"/>
      </object_component>
      <object_component id="oc-161">
         <name>.text.dmp_enable_feature</name>
         <load_address>0x10ec</load_address>
         <readonly>true</readonly>
         <executable>true</executable>
         <run_address>0x10ec</run_address>
         <size>0x278</size>
         <alignment>0x4</alignment>
         <input_file_ref idref="fl-5"/>
      </object_component>
      <object_component id="oc-1f8">
         <name>.text.dmp_set_tap_thresh</name>
         <load_address>0x1364</load_address>
         <readonly>true</readonly>
         <executable>true</executable>
         <run_address>0x1364</run_address>
         <size>0x238</size>
         <alignment>0x4</alignment>
         <input_file_ref idref="fl-5"/>
      </object_component>
      <object_component id="oc-66">
         <name>.text.Read_Quad</name>
         <load_address>0x159c</load_address>
         <readonly>true</readonly>
         <executable>true</executable>
         <run_address>0x159c</run_address>
         <size>0x22c</size>
         <alignment>0x4</alignment>
         <input_file_ref idref="fl-6"/>
      </object_component>
      <object_component id="oc-10d">
         <name>.text.mpu_reset_fifo</name>
         <load_address>0x17c8</load_address>
         <readonly>true</readonly>
         <executable>true</executable>
         <run_address>0x17c8</run_address>
         <size>0x22c</size>
         <alignment>0x4</alignment>
         <input_file_ref idref="fl-4"/>
      </object_component>
      <object_component id="oc-281">
         <name>.text._pconv_a</name>
         <load_address>0x19f4</load_address>
         <readonly>true</readonly>
         <executable>true</executable>
         <run_address>0x19f4</run_address>
         <size>0x220</size>
         <alignment>0x4</alignment>
         <input_file_ref idref="fl-48"/>
      </object_component>
      <object_component id="oc-a6">
         <name>.text.dmp_read_fifo</name>
         <load_address>0x1c14</load_address>
         <readonly>true</readonly>
         <executable>true</executable>
         <run_address>0x1c14</run_address>
         <size>0x1f4</size>
         <alignment>0x4</alignment>
         <input_file_ref idref="fl-5"/>
      </object_component>
      <object_component id="oc-282">
         <name>.text._pconv_g</name>
         <load_address>0x1e08</load_address>
         <readonly>true</readonly>
         <executable>true</executable>
         <run_address>0x1e08</run_address>
         <size>0x1dc</size>
         <alignment>0x4</alignment>
         <input_file_ref idref="fl-48"/>
      </object_component>
      <object_component id="oc-259">
         <name>.text.OLED_ShowImage</name>
         <load_address>0x1fe4</load_address>
         <readonly>true</readonly>
         <executable>true</executable>
         <run_address>0x1fe4</run_address>
         <size>0x1b0</size>
         <alignment>0x4</alignment>
         <input_file_ref idref="fl-a"/>
      </object_component>
      <object_component id="oc-1ef">
         <name>.text.mpu_set_bypass</name>
         <load_address>0x2194</load_address>
         <readonly>true</readonly>
         <executable>true</executable>
         <run_address>0x2194</run_address>
         <size>0x1a0</size>
         <alignment>0x4</alignment>
         <input_file_ref idref="fl-4"/>
      </object_component>
      <object_component id="oc-74">
         <name>.text.adddf3_subdf3</name>
         <load_address>0x2334</load_address>
         <readonly>true</readonly>
         <executable>true</executable>
         <run_address>0x2334</run_address>
         <size>0x192</size>
         <alignment>0x4</alignment>
         <input_file_ref idref="fl-10c"/>
      </object_component>
      <object_component id="oc-220">
         <name>.text.__aeabi_idiv0</name>
         <load_address>0x24c6</load_address>
         <readonly>true</readonly>
         <executable>true</executable>
         <run_address>0x24c6</run_address>
         <size>0x2</size>
         <alignment>0x2</alignment>
         <input_file_ref idref="fl-129"/>
      </object_component>
      <object_component id="oc-c1">
         <name>.text.atan2</name>
         <load_address>0x24c8</load_address>
         <readonly>true</readonly>
         <executable>true</executable>
         <run_address>0x24c8</run_address>
         <size>0x188</size>
         <alignment>0x4</alignment>
         <input_file_ref idref="fl-36"/>
      </object_component>
      <object_component id="oc-15e">
         <name>.text.dmp_set_orientation</name>
         <load_address>0x2650</load_address>
         <readonly>true</readonly>
         <executable>true</executable>
         <run_address>0x2650</run_address>
         <size>0x178</size>
         <alignment>0x4</alignment>
         <input_file_ref idref="fl-5"/>
      </object_component>
      <object_component id="oc-125">
         <name>.text.sqrt</name>
         <load_address>0x27c8</load_address>
         <readonly>true</readonly>
         <executable>true</executable>
         <run_address>0x27c8</run_address>
         <size>0x170</size>
         <alignment>0x4</alignment>
         <input_file_ref idref="fl-37"/>
      </object_component>
      <object_component id="oc-e2">
         <name>.text.MPU6050_Init</name>
         <load_address>0x2938</load_address>
         <readonly>true</readonly>
         <executable>true</executable>
         <run_address>0x2938</run_address>
         <size>0x148</size>
         <alignment>0x4</alignment>
         <input_file_ref idref="fl-6"/>
      </object_component>
      <object_component id="oc-2b2">
         <name>.text.fcvt</name>
         <load_address>0x2a80</load_address>
         <readonly>true</readonly>
         <executable>true</executable>
         <run_address>0x2a80</run_address>
         <size>0x13c</size>
         <alignment>0x4</alignment>
         <input_file_ref idref="fl-48"/>
      </object_component>
      <object_component id="oc-187">
         <name>.text.mspm0_i2c_read</name>
         <load_address>0x2bbc</load_address>
         <readonly>true</readonly>
         <executable>true</executable>
         <run_address>0x2bbc</run_address>
         <size>0x134</size>
         <alignment>0x4</alignment>
         <input_file_ref idref="fl-7"/>
      </object_component>
      <object_component id="oc-156">
         <name>.text.mpu_set_sensors</name>
         <load_address>0x2cf0</load_address>
         <readonly>true</readonly>
         <executable>true</executable>
         <run_address>0x2cf0</run_address>
         <size>0x130</size>
         <alignment>0x4</alignment>
         <input_file_ref idref="fl-4"/>
      </object_component>
      <object_component id="oc-154">
         <name>.text.mpu_init</name>
         <load_address>0x2e20</load_address>
         <readonly>true</readonly>
         <executable>true</executable>
         <run_address>0x2e20</run_address>
         <size>0x128</size>
         <alignment>0x4</alignment>
         <input_file_ref idref="fl-4"/>
      </object_component>
      <object_component id="oc-1f3">
         <name>.text.mpu_load_firmware</name>
         <load_address>0x2f48</load_address>
         <readonly>true</readonly>
         <executable>true</executable>
         <run_address>0x2f48</run_address>
         <size>0x124</size>
         <alignment>0x4</alignment>
         <input_file_ref idref="fl-4"/>
      </object_component>
      <object_component id="oc-284">
         <name>.text._pconv_e</name>
         <load_address>0x306c</load_address>
         <readonly>true</readonly>
         <executable>true</executable>
         <run_address>0x306c</run_address>
         <size>0x120</size>
         <alignment>0x4</alignment>
         <input_file_ref idref="fl-48"/>
      </object_component>
      <object_component id="oc-12c">
         <name>.text.__divdf3</name>
         <load_address>0x318c</load_address>
         <readonly>true</readonly>
         <executable>true</executable>
         <run_address>0x318c</run_address>
         <size>0x10c</size>
         <alignment>0x4</alignment>
         <input_file_ref idref="fl-111"/>
      </object_component>
      <object_component id="oc-97">
         <name>.text.main</name>
         <load_address>0x3298</load_address>
         <readonly>true</readonly>
         <executable>true</executable>
         <run_address>0x3298</run_address>
         <size>0x10c</size>
         <alignment>0x4</alignment>
         <input_file_ref idref="fl-1"/>
      </object_component>
      <object_component id="oc-108">
         <name>.text.mpu_read_fifo_stream</name>
         <load_address>0x33a4</load_address>
         <readonly>true</readonly>
         <executable>true</executable>
         <run_address>0x33a4</run_address>
         <size>0x108</size>
         <alignment>0x4</alignment>
         <input_file_ref idref="fl-4"/>
      </object_component>
      <object_component id="oc-1f2">
         <name>.text.mpu_lp_accel_mode</name>
         <load_address>0x34ac</load_address>
         <readonly>true</readonly>
         <executable>true</executable>
         <run_address>0x34ac</run_address>
         <size>0x100</size>
         <alignment>0x4</alignment>
         <input_file_ref idref="fl-4"/>
      </object_component>
      <object_component id="oc-158">
         <name>.text.mpu_set_sample_rate</name>
         <load_address>0x35ac</load_address>
         <readonly>true</readonly>
         <executable>true</executable>
         <run_address>0x35ac</run_address>
         <size>0xec</size>
         <alignment>0x4</alignment>
         <input_file_ref idref="fl-4"/>
      </object_component>
      <object_component id="oc-1d1">
         <name>.text.DL_Timer_initTimerMode</name>
         <load_address>0x3698</load_address>
         <readonly>true</readonly>
         <executable>true</executable>
         <run_address>0x3698</run_address>
         <size>0xe8</size>
         <alignment>0x4</alignment>
         <input_file_ref idref="fl-1c"/>
      </object_component>
      <object_component id="oc-bd">
         <name>.text.__muldf3</name>
         <load_address>0x3780</load_address>
         <readonly>true</readonly>
         <executable>true</executable>
         <run_address>0x3780</run_address>
         <size>0xe4</size>
         <alignment>0x4</alignment>
         <input_file_ref idref="fl-10d"/>
      </object_component>
      <object_component id="oc-1ed">
         <name>.text.mpu_set_accel_fsr</name>
         <load_address>0x3864</load_address>
         <readonly>true</readonly>
         <executable>true</executable>
         <run_address>0x3864</run_address>
         <size>0xe4</size>
         <alignment>0x4</alignment>
         <input_file_ref idref="fl-4"/>
      </object_component>
      <object_component id="oc-3a">
         <name>.text.TIMG12_IRQHandler</name>
         <load_address>0x3948</load_address>
         <readonly>true</readonly>
         <executable>true</executable>
         <run_address>0x3948</run_address>
         <size>0xe0</size>
         <alignment>0x4</alignment>
         <input_file_ref idref="fl-1"/>
      </object_component>
      <object_component id="oc-1c1">
         <name>.text.DL_SYSCTL_configSYSPLL</name>
         <load_address>0x3a28</load_address>
         <readonly>true</readonly>
         <executable>true</executable>
         <run_address>0x3a28</run_address>
         <size>0xdc</size>
         <alignment>0x4</alignment>
         <input_file_ref idref="fl-1d"/>
      </object_component>
      <object_component id="oc-29d">
         <name>.text.scalbn</name>
         <load_address>0x3b04</load_address>
         <readonly>true</readonly>
         <executable>true</executable>
         <run_address>0x3b04</run_address>
         <size>0xd8</size>
         <alignment>0x4</alignment>
         <input_file_ref idref="fl-50"/>
      </object_component>
      <object_component id="oc-6c">
         <name>.text</name>
         <load_address>0x3bdc</load_address>
         <readonly>true</readonly>
         <executable>true</executable>
         <run_address>0x3bdc</run_address>
         <size>0xd8</size>
         <alignment>0x4</alignment>
         <input_file_ref idref="fl-10b"/>
      </object_component>
      <object_component id="oc-1f1">
         <name>.text.set_int_enable</name>
         <load_address>0x3cb4</load_address>
         <readonly>true</readonly>
         <executable>true</executable>
         <run_address>0x3cb4</run_address>
         <size>0xd4</size>
         <alignment>0x4</alignment>
         <input_file_ref idref="fl-4"/>
      </object_component>
      <object_component id="oc-1ee">
         <name>.text.mpu_set_lpf</name>
         <load_address>0x3d88</load_address>
         <readonly>true</readonly>
         <executable>true</executable>
         <run_address>0x3d88</run_address>
         <size>0xd0</size>
         <alignment>0x4</alignment>
         <input_file_ref idref="fl-4"/>
      </object_component>
      <object_component id="oc-285">
         <name>.text.OLED_ClearArea</name>
         <load_address>0x3e58</load_address>
         <readonly>true</readonly>
         <executable>true</executable>
         <run_address>0x3e58</run_address>
         <size>0xcc</size>
         <alignment>0x4</alignment>
         <input_file_ref idref="fl-a"/>
      </object_component>
      <object_component id="oc-1ec">
         <name>.text.mpu_set_gyro_fsr</name>
         <load_address>0x3f24</load_address>
         <readonly>true</readonly>
         <executable>true</executable>
         <run_address>0x3f24</run_address>
         <size>0xc4</size>
         <alignment>0x4</alignment>
         <input_file_ref idref="fl-4"/>
      </object_component>
      <object_component id="oc-18f">
         <name>.text.mspm0_i2c_write</name>
         <load_address>0x3fe8</load_address>
         <readonly>true</readonly>
         <executable>true</executable>
         <run_address>0x3fe8</run_address>
         <size>0xc4</size>
         <alignment>0x4</alignment>
         <input_file_ref idref="fl-7"/>
      </object_component>
      <object_component id="oc-157">
         <name>.text.mpu_configure_fifo</name>
         <load_address>0x40ac</load_address>
         <readonly>true</readonly>
         <executable>true</executable>
         <run_address>0x40ac</run_address>
         <size>0xbc</size>
         <alignment>0x4</alignment>
         <input_file_ref idref="fl-4"/>
      </object_component>
      <object_component id="oc-163">
         <name>.text.mpu_set_dmp_state</name>
         <load_address>0x4168</load_address>
         <readonly>true</readonly>
         <executable>true</executable>
         <run_address>0x4168</run_address>
         <size>0xb8</size>
         <alignment>0x4</alignment>
         <input_file_ref idref="fl-4"/>
      </object_component>
      <object_component id="oc-144">
         <name>.text.SYSCFG_DL_GPIO_init</name>
         <load_address>0x4220</load_address>
         <readonly>true</readonly>
         <executable>true</executable>
         <run_address>0x4220</run_address>
         <size>0xac</size>
         <alignment>0x4</alignment>
         <input_file_ref idref="fl-2"/>
      </object_component>
      <object_component id="oc-23e">
         <name>.text.mpu_read_mem</name>
         <load_address>0x42cc</load_address>
         <readonly>true</readonly>
         <executable>true</executable>
         <run_address>0x42cc</run_address>
         <size>0xac</size>
         <alignment>0x4</alignment>
         <input_file_ref idref="fl-4"/>
      </object_component>
      <object_component id="oc-1f6">
         <name>.text.mpu_write_mem</name>
         <load_address>0x4378</load_address>
         <readonly>true</readonly>
         <executable>true</executable>
         <run_address>0x4378</run_address>
         <size>0xac</size>
         <alignment>0x4</alignment>
         <input_file_ref idref="fl-4"/>
      </object_component>
      <object_component id="oc-294">
         <name>.text</name>
         <load_address>0x4424</load_address>
         <readonly>true</readonly>
         <executable>true</executable>
         <run_address>0x4424</run_address>
         <size>0xa2</size>
         <alignment>0x4</alignment>
         <input_file_ref idref="fl-125"/>
      </object_component>
      <object_component id="oc-2b4">
         <name>.text.__aeabi_ldiv0</name>
         <load_address>0x44c6</load_address>
         <readonly>true</readonly>
         <executable>true</executable>
         <run_address>0x44c6</run_address>
         <size>0x2</size>
         <alignment>0x2</alignment>
         <input_file_ref idref="fl-129"/>
      </object_component>
      <object_component id="oc-1f0">
         <name>.text.mpu_set_int_latched</name>
         <load_address>0x44c8</load_address>
         <readonly>true</readonly>
         <executable>true</executable>
         <run_address>0x44c8</run_address>
         <size>0x9c</size>
         <alignment>0x4</alignment>
         <input_file_ref idref="fl-4"/>
      </object_component>
      <object_component id="oc-e3">
         <name>.text.OLED_Init</name>
         <load_address>0x4564</load_address>
         <readonly>true</readonly>
         <executable>true</executable>
         <run_address>0x4564</run_address>
         <size>0x9a</size>
         <alignment>0x2</alignment>
         <input_file_ref idref="fl-a"/>
      </object_component>
      <object_component id="oc-162">
         <name>.text.dmp_set_fifo_rate</name>
         <load_address>0x4600</load_address>
         <readonly>true</readonly>
         <executable>true</executable>
         <run_address>0x4600</run_address>
         <size>0x98</size>
         <alignment>0x4</alignment>
         <input_file_ref idref="fl-5"/>
      </object_component>
      <object_component id="oc-1f5">
         <name>.text.inv_row_2_scale</name>
         <load_address>0x4698</load_address>
         <readonly>true</readonly>
         <executable>true</executable>
         <run_address>0x4698</run_address>
         <size>0x96</size>
         <alignment>0x2</alignment>
         <input_file_ref idref="fl-6"/>
      </object_component>
      <object_component id="oc-b3">
         <name>.text.__mulsf3</name>
         <load_address>0x4730</load_address>
         <readonly>true</readonly>
         <executable>true</executable>
         <run_address>0x4730</run_address>
         <size>0x8c</size>
         <alignment>0x4</alignment>
         <input_file_ref idref="fl-10f"/>
      </object_component>
      <object_component id="oc-10e">
         <name>.text.decode_gesture</name>
         <load_address>0x47bc</load_address>
         <readonly>true</readonly>
         <executable>true</executable>
         <run_address>0x47bc</run_address>
         <size>0x8c</size>
         <alignment>0x4</alignment>
         <input_file_ref idref="fl-5"/>
      </object_component>
      <object_component id="oc-14b">
         <name>.text.__NVIC_SetPriority</name>
         <load_address>0x4848</load_address>
         <readonly>true</readonly>
         <executable>true</executable>
         <run_address>0x4848</run_address>
         <size>0x84</size>
         <alignment>0x4</alignment>
         <input_file_ref idref="fl-8"/>
      </object_component>
      <object_component id="oc-1c9">
         <name>.text.__NVIC_SetPriority</name>
         <load_address>0x48cc</load_address>
         <readonly>true</readonly>
         <executable>true</executable>
         <run_address>0x48cc</run_address>
         <size>0x84</size>
         <alignment>0x4</alignment>
         <input_file_ref idref="fl-2"/>
      </object_component>
      <object_component id="oc-af">
         <name>.text.__divsf3</name>
         <load_address>0x4950</load_address>
         <readonly>true</readonly>
         <executable>true</executable>
         <run_address>0x4950</run_address>
         <size>0x82</size>
         <alignment>0x4</alignment>
         <input_file_ref idref="fl-110"/>
      </object_component>
      <object_component id="oc-20c">
         <name>.text.OLED_ShowChar</name>
         <load_address>0x49d4</load_address>
         <readonly>true</readonly>
         <executable>true</executable>
         <run_address>0x49d4</run_address>
         <size>0x80</size>
         <alignment>0x4</alignment>
         <input_file_ref idref="fl-a"/>
      </object_component>
      <object_component id="oc-1c">
         <name>.text:decompress:lzss</name>
         <load_address>0x4a54</load_address>
         <readonly>true</readonly>
         <executable>true</executable>
         <run_address>0x4a54</run_address>
         <size>0x7c</size>
         <alignment>0x4</alignment>
         <input_file_ref idref="fl-47"/>
      </object_component>
      <object_component id="oc-19c">
         <name>.text.__gedf2</name>
         <load_address>0x4ad0</load_address>
         <readonly>true</readonly>
         <executable>true</executable>
         <run_address>0x4ad0</run_address>
         <size>0x74</size>
         <alignment>0x4</alignment>
         <input_file_ref idref="fl-127"/>
      </object_component>
      <object_component id="oc-8e">
         <name>.text.__aeabi_memclr</name>
         <load_address>0x4b44</load_address>
         <readonly>true</readonly>
         <executable>true</executable>
         <run_address>0x4b44</run_address>
         <size>0xc</size>
         <alignment>0x4</alignment>
         <input_file_ref idref="fl-121"/>
      </object_component>
      <object_component id="oc-78">
         <name>.text.__truncdfsf2</name>
         <load_address>0x4b50</load_address>
         <readonly>true</readonly>
         <executable>true</executable>
         <run_address>0x4b50</run_address>
         <size>0x74</size>
         <alignment>0x10</alignment>
         <input_file_ref idref="fl-11b"/>
      </object_component>
      <object_component id="oc-15b">
         <name>.text.mpu_get_accel_fsr</name>
         <load_address>0x4bc4</load_address>
         <readonly>true</readonly>
         <executable>true</executable>
         <run_address>0x4bc4</run_address>
         <size>0x74</size>
         <alignment>0x4</alignment>
         <input_file_ref idref="fl-4"/>
      </object_component>
      <object_component id="oc-196">
         <name>.text.__ledf2</name>
         <load_address>0x4c38</load_address>
         <readonly>true</readonly>
         <executable>true</executable>
         <run_address>0x4c38</run_address>
         <size>0x68</size>
         <alignment>0x4</alignment>
         <input_file_ref idref="fl-127"/>
      </object_component>
      <object_component id="oc-2b1">
         <name>.text._mcpy</name>
         <load_address>0x4ca0</load_address>
         <readonly>true</readonly>
         <executable>true</executable>
         <run_address>0x4ca0</run_address>
         <size>0x66</size>
         <alignment>0x2</alignment>
         <input_file_ref idref="fl-48"/>
      </object_component>
      <object_component id="oc-1f9">
         <name>.text.dmp_set_tap_axes</name>
         <load_address>0x4d06</load_address>
         <readonly>true</readonly>
         <executable>true</executable>
         <run_address>0x4d06</run_address>
         <size>0x66</size>
         <alignment>0x2</alignment>
         <input_file_ref idref="fl-5"/>
      </object_component>
      <object_component id="oc-11f">
         <name>.text.__aeabi_dcmp</name>
         <load_address>0x4d6c</load_address>
         <readonly>true</readonly>
         <executable>true</executable>
         <run_address>0x4d6c</run_address>
         <size>0x62</size>
         <alignment>0x4</alignment>
         <input_file_ref idref="fl-11c"/>
      </object_component>
      <object_component id="oc-1f7">
         <name>.text.dmp_enable_gyro_cal</name>
         <load_address>0x4dd0</load_address>
         <readonly>true</readonly>
         <executable>true</executable>
         <run_address>0x4dd0</run_address>
         <size>0x60</size>
         <alignment>0x4</alignment>
         <input_file_ref idref="fl-5"/>
      </object_component>
      <object_component id="oc-14f">
         <name>.text.mpu6050_i2c_sda_unlock</name>
         <load_address>0x4e30</load_address>
         <readonly>true</readonly>
         <executable>true</executable>
         <run_address>0x4e30</run_address>
         <size>0x60</size>
         <alignment>0x4</alignment>
         <input_file_ref idref="fl-7"/>
      </object_component>
      <object_component id="oc-15a">
         <name>.text.mpu_get_gyro_fsr</name>
         <load_address>0x4e90</load_address>
         <readonly>true</readonly>
         <executable>true</executable>
         <run_address>0x4e90</run_address>
         <size>0x60</size>
         <alignment>0x4</alignment>
         <input_file_ref idref="fl-4"/>
      </object_component>
      <object_component id="oc-229">
         <name>.text.DL_I2C_fillControllerTXFIFO</name>
         <load_address>0x4ef0</load_address>
         <readonly>true</readonly>
         <executable>true</executable>
         <run_address>0x4ef0</run_address>
         <size>0x5e</size>
         <alignment>0x2</alignment>
         <input_file_ref idref="fl-1b"/>
      </object_component>
      <object_component id="oc-299">
         <name>.text.frexp</name>
         <load_address>0x4f50</load_address>
         <readonly>true</readonly>
         <executable>true</executable>
         <run_address>0x4f50</run_address>
         <size>0x5c</size>
         <alignment>0x4</alignment>
         <input_file_ref idref="fl-4f"/>
      </object_component>
      <object_component id="oc-1e9">
         <name>.text.mspm0_i2c_enable</name>
         <load_address>0x4fac</load_address>
         <readonly>true</readonly>
         <executable>true</executable>
         <run_address>0x4fac</run_address>
         <size>0x5c</size>
         <alignment>0x4</alignment>
         <input_file_ref idref="fl-7"/>
      </object_component>
      <object_component id="oc-e8">
         <name>.text.OLED_Clear</name>
         <load_address>0x5008</load_address>
         <readonly>true</readonly>
         <executable>true</executable>
         <run_address>0x5008</run_address>
         <size>0x58</size>
         <alignment>0x4</alignment>
         <input_file_ref idref="fl-a"/>
      </object_component>
      <object_component id="oc-174">
         <name>.text.OLED_ShowString</name>
         <load_address>0x5060</load_address>
         <readonly>true</readonly>
         <executable>true</executable>
         <run_address>0x5060</run_address>
         <size>0x58</size>
         <alignment>0x2</alignment>
         <input_file_ref idref="fl-a"/>
      </object_component>
      <object_component id="oc-147">
         <name>.text.SYSCFG_DL_I2C_MPU6050_init</name>
         <load_address>0x50b8</load_address>
         <readonly>true</readonly>
         <executable>true</executable>
         <run_address>0x50b8</run_address>
         <size>0x58</size>
         <alignment>0x4</alignment>
         <input_file_ref idref="fl-2"/>
      </object_component>
      <object_component id="oc-143">
         <name>.text.SYSCFG_DL_initPower</name>
         <load_address>0x5110</load_address>
         <readonly>true</readonly>
         <executable>true</executable>
         <run_address>0x5110</run_address>
         <size>0x58</size>
         <alignment>0x4</alignment>
         <input_file_ref idref="fl-2"/>
      </object_component>
      <object_component id="oc-2a5">
         <name>.text.__TI_ltoa</name>
         <load_address>0x5168</load_address>
         <readonly>true</readonly>
         <executable>true</executable>
         <run_address>0x5168</run_address>
         <size>0x58</size>
         <alignment>0x2</alignment>
         <input_file_ref idref="fl-54"/>
      </object_component>
      <object_component id="oc-283">
         <name>.text._pconv_f</name>
         <load_address>0x51c0</load_address>
         <readonly>true</readonly>
         <executable>true</executable>
         <run_address>0x51c0</run_address>
         <size>0x58</size>
         <alignment>0x2</alignment>
         <input_file_ref idref="fl-48"/>
      </object_component>
      <object_component id="oc-24b">
         <name>.text.__aeabi_idivmod</name>
         <load_address>0x5218</load_address>
         <readonly>true</readonly>
         <executable>true</executable>
         <run_address>0x5218</run_address>
         <size>0x56</size>
         <alignment>0x4</alignment>
         <input_file_ref idref="fl-11e"/>
      </object_component>
      <object_component id="oc-205">
         <name>.text.OLED_I2C_SendByte</name>
         <load_address>0x526e</load_address>
         <readonly>true</readonly>
         <executable>true</executable>
         <run_address>0x526e</run_address>
         <size>0x54</size>
         <alignment>0x2</alignment>
         <input_file_ref idref="fl-a"/>
      </object_component>
      <object_component id="oc-2af">
         <name>.text._ecpy</name>
         <load_address>0x52c2</load_address>
         <readonly>true</readonly>
         <executable>true</executable>
         <run_address>0x52c2</run_address>
         <size>0x52</size>
         <alignment>0x2</alignment>
         <input_file_ref idref="fl-48"/>
      </object_component>
      <object_component id="oc-21b">
         <name>.text.DL_I2C_startControllerTransfer</name>
         <load_address>0x5314</load_address>
         <readonly>true</readonly>
         <executable>true</executable>
         <run_address>0x5314</run_address>
         <size>0x50</size>
         <alignment>0x4</alignment>
         <input_file_ref idref="fl-7"/>
      </object_component>
      <object_component id="oc-176">
         <name>.text.OLED_WriteData</name>
         <load_address>0x5364</load_address>
         <readonly>true</readonly>
         <executable>true</executable>
         <run_address>0x5364</run_address>
         <size>0x50</size>
         <alignment>0x2</alignment>
         <input_file_ref idref="fl-a"/>
      </object_component>
      <object_component id="oc-14a">
         <name>.text.SysTick_Config</name>
         <load_address>0x53b4</load_address>
         <readonly>true</readonly>
         <executable>true</executable>
         <run_address>0x53b4</run_address>
         <size>0x50</size>
         <alignment>0x4</alignment>
         <input_file_ref idref="fl-8"/>
      </object_component>
      <object_component id="oc-169">
         <name>.text.OLED_GPIO_Init</name>
         <load_address>0x5404</load_address>
         <readonly>true</readonly>
         <executable>true</executable>
         <run_address>0x5404</run_address>
         <size>0x4a</size>
         <alignment>0x2</alignment>
         <input_file_ref idref="fl-a"/>
      </object_component>
      <object_component id="oc-2a1">
         <name>.text.__fixdfsi</name>
         <load_address>0x5450</load_address>
         <readonly>true</readonly>
         <executable>true</executable>
         <run_address>0x5450</run_address>
         <size>0x4a</size>
         <alignment>0x4</alignment>
         <input_file_ref idref="fl-113"/>
      </object_component>
      <object_component id="oc-ea">
         <name>.text.OLED_Update</name>
         <load_address>0x549c</load_address>
         <readonly>true</readonly>
         <executable>true</executable>
         <run_address>0x549c</run_address>
         <size>0x48</size>
         <alignment>0x4</alignment>
         <input_file_ref idref="fl-a"/>
      </object_component>
      <object_component id="oc-145">
         <name>.text.SYSCFG_DL_SYSCTL_init</name>
         <load_address>0x54e4</load_address>
         <readonly>true</readonly>
         <executable>true</executable>
         <run_address>0x54e4</run_address>
         <size>0x48</size>
         <alignment>0x4</alignment>
         <input_file_ref idref="fl-2"/>
      </object_component>
      <object_component id="oc-201">
         <name>.text.dmp_enable_6x_lp_quat</name>
         <load_address>0x552c</load_address>
         <readonly>true</readonly>
         <executable>true</executable>
         <run_address>0x552c</run_address>
         <size>0x48</size>
         <alignment>0x4</alignment>
         <input_file_ref idref="fl-5"/>
      </object_component>
      <object_component id="oc-200">
         <name>.text.dmp_enable_lp_quat</name>
         <load_address>0x5574</load_address>
         <readonly>true</readonly>
         <executable>true</executable>
         <run_address>0x5574</run_address>
         <size>0x48</size>
         <alignment>0x4</alignment>
         <input_file_ref idref="fl-5"/>
      </object_component>
      <object_component id="oc-1c8">
         <name>.text.DL_SYSCTL_switchMCLKfromSYSOSCtoHSCLK</name>
         <load_address>0x55bc</load_address>
         <readonly>true</readonly>
         <executable>true</executable>
         <run_address>0x55bc</run_address>
         <size>0x44</size>
         <alignment>0x4</alignment>
         <input_file_ref idref="fl-1d"/>
      </object_component>
      <object_component id="oc-1fd">
         <name>.text.dmp_set_shake_reject_thresh</name>
         <load_address>0x5600</load_address>
         <readonly>true</readonly>
         <executable>true</executable>
         <run_address>0x5600</run_address>
         <size>0x44</size>
         <alignment>0x2</alignment>
         <input_file_ref idref="fl-5"/>
      </object_component>
      <object_component id="oc-1fa">
         <name>.text.dmp_set_tap_count</name>
         <load_address>0x5644</load_address>
         <readonly>true</readonly>
         <executable>true</executable>
         <run_address>0x5644</run_address>
         <size>0x44</size>
         <alignment>0x2</alignment>
         <input_file_ref idref="fl-5"/>
      </object_component>
      <object_component id="oc-1e5">
         <name>.text.mspm0_i2c_disable</name>
         <load_address>0x5688</load_address>
         <readonly>true</readonly>
         <executable>true</executable>
         <run_address>0x5688</run_address>
         <size>0x44</size>
         <alignment>0x4</alignment>
         <input_file_ref idref="fl-7"/>
      </object_component>
      <object_component id="oc-e9">
         <name>.text.OLED_Printf</name>
         <load_address>0x56cc</load_address>
         <readonly>true</readonly>
         <executable>true</executable>
         <run_address>0x56cc</run_address>
         <size>0x40</size>
         <alignment>0x2</alignment>
         <input_file_ref idref="fl-a"/>
      </object_component>
      <object_component id="oc-188">
         <name>.text.__aeabi_uidivmod</name>
         <load_address>0x570c</load_address>
         <readonly>true</readonly>
         <executable>true</executable>
         <run_address>0x570c</run_address>
         <size>0x40</size>
         <alignment>0x4</alignment>
         <input_file_ref idref="fl-122"/>
      </object_component>
      <object_component id="oc-70">
         <name>.text.__extendsfdf2</name>
         <load_address>0x574c</load_address>
         <readonly>true</readonly>
         <executable>true</executable>
         <run_address>0x574c</run_address>
         <size>0x40</size>
         <alignment>0x4</alignment>
         <input_file_ref idref="fl-112"/>
      </object_component>
      <object_component id="oc-270">
         <name>.text.atoi</name>
         <load_address>0x578c</load_address>
         <readonly>true</readonly>
         <executable>true</executable>
         <run_address>0x578c</run_address>
         <size>0x40</size>
         <alignment>0x4</alignment>
         <input_file_ref idref="fl-56"/>
      </object_component>
      <object_component id="oc-15d">
         <name>.text.inv_orientation_matrix_to_scalar</name>
         <load_address>0x57cc</load_address>
         <readonly>true</readonly>
         <executable>true</executable>
         <run_address>0x57cc</run_address>
         <size>0x3e</size>
         <alignment>0x2</alignment>
         <input_file_ref idref="fl-6"/>
      </object_component>
      <object_component id="oc-23b">
         <name>.text.DL_GPIO_initPeripheralInputFunctionFeatures</name>
         <load_address>0x580c</load_address>
         <readonly>true</readonly>
         <executable>true</executable>
         <run_address>0x580c</run_address>
         <size>0x3c</size>
         <alignment>0x4</alignment>
         <input_file_ref idref="fl-7"/>
      </object_component>
      <object_component id="oc-1b3">
         <name>.text.DL_GPIO_initPeripheralInputFunctionFeatures</name>
         <load_address>0x5848</load_address>
         <readonly>true</readonly>
         <executable>true</executable>
         <run_address>0x5848</run_address>
         <size>0x3c</size>
         <alignment>0x4</alignment>
         <input_file_ref idref="fl-2"/>
      </object_component>
      <object_component id="oc-21f">
         <name>.text.DL_I2C_flushControllerTXFIFO</name>
         <load_address>0x5884</load_address>
         <readonly>true</readonly>
         <executable>true</executable>
         <run_address>0x5884</run_address>
         <size>0x3c</size>
         <alignment>0x4</alignment>
         <input_file_ref idref="fl-1b"/>
      </object_component>
      <object_component id="oc-ab">
         <name>.text.__floatsisf</name>
         <load_address>0x58c0</load_address>
         <readonly>true</readonly>
         <executable>true</executable>
         <run_address>0x58c0</run_address>
         <size>0x3c</size>
         <alignment>0x4</alignment>
         <input_file_ref idref="fl-117"/>
      </object_component>
      <object_component id="oc-f6">
         <name>.text:__TI_auto_init_nobinit_nopinit</name>
         <load_address>0x58fc</load_address>
         <readonly>true</readonly>
         <executable>true</executable>
         <run_address>0x58fc</run_address>
         <size>0x3c</size>
         <alignment>0x4</alignment>
         <input_file_ref idref="fl-42"/>
      </object_component>
      <object_component id="oc-115">
         <name>.text.__muldsi3</name>
         <load_address>0x5938</load_address>
         <readonly>true</readonly>
         <executable>true</executable>
         <run_address>0x5938</run_address>
         <size>0x3a</size>
         <alignment>0x4</alignment>
         <input_file_ref idref="fl-10e"/>
      </object_component>
      <object_component id="oc-247">
         <name>.text.__fixsfsi</name>
         <load_address>0x5974</load_address>
         <readonly>true</readonly>
         <executable>true</executable>
         <run_address>0x5974</run_address>
         <size>0x38</size>
         <alignment>0x4</alignment>
         <input_file_ref idref="fl-114"/>
      </object_component>
      <object_component id="oc-175">
         <name>.text.OLED_SetCursor</name>
         <load_address>0x59ac</load_address>
         <readonly>true</readonly>
         <executable>true</executable>
         <run_address>0x59ac</run_address>
         <size>0x36</size>
         <alignment>0x2</alignment>
         <input_file_ref idref="fl-a"/>
      </object_component>
      <object_component id="oc-239">
         <name>.text.DL_GPIO_initDigitalInputFeatures</name>
         <load_address>0x59e4</load_address>
         <readonly>true</readonly>
         <executable>true</executable>
         <run_address>0x59e4</run_address>
         <size>0x34</size>
         <alignment>0x4</alignment>
         <input_file_ref idref="fl-7"/>
      </object_component>
      <object_component id="oc-1b5">
         <name>.text.DL_GPIO_initDigitalInputFeatures</name>
         <load_address>0x5a18</load_address>
         <readonly>true</readonly>
         <executable>true</executable>
         <run_address>0x5a18</run_address>
         <size>0x34</size>
         <alignment>0x4</alignment>
         <input_file_ref idref="fl-2"/>
      </object_component>
      <object_component id="oc-202">
         <name>.text.OLED_W_SCL</name>
         <load_address>0x5a4c</load_address>
         <readonly>true</readonly>
         <executable>true</executable>
         <run_address>0x5a4c</run_address>
         <size>0x34</size>
         <alignment>0x4</alignment>
         <input_file_ref idref="fl-a"/>
      </object_component>
      <object_component id="oc-203">
         <name>.text.OLED_W_SDA</name>
         <load_address>0x5a80</load_address>
         <readonly>true</readonly>
         <executable>true</executable>
         <run_address>0x5a80</run_address>
         <size>0x34</size>
         <alignment>0x4</alignment>
         <input_file_ref idref="fl-a"/>
      </object_component>
      <object_component id="oc-146">
         <name>.text.SYSCFG_DL_TIMER_0_init</name>
         <load_address>0x5ab4</load_address>
         <readonly>true</readonly>
         <executable>true</executable>
         <run_address>0x5ab4</run_address>
         <size>0x34</size>
         <alignment>0x4</alignment>
         <input_file_ref idref="fl-2"/>
      </object_component>
      <object_component id="oc-159">
         <name>.text.mpu_get_sample_rate</name>
         <load_address>0x5ae8</load_address>
         <readonly>true</readonly>
         <executable>true</executable>
         <run_address>0x5ae8</run_address>
         <size>0x34</size>
         <alignment>0x4</alignment>
         <input_file_ref idref="fl-4"/>
      </object_component>
      <object_component id="oc-1fe">
         <name>.text.dmp_set_shake_reject_time</name>
         <load_address>0x5b1c</load_address>
         <readonly>true</readonly>
         <executable>true</executable>
         <run_address>0x5b1c</run_address>
         <size>0x32</size>
         <alignment>0x2</alignment>
         <input_file_ref idref="fl-5"/>
      </object_component>
      <object_component id="oc-1ff">
         <name>.text.dmp_set_shake_reject_timeout</name>
         <load_address>0x5b4e</load_address>
         <readonly>true</readonly>
         <executable>true</executable>
         <run_address>0x5b4e</run_address>
         <size>0x32</size>
         <alignment>0x2</alignment>
         <input_file_ref idref="fl-5"/>
      </object_component>
      <object_component id="oc-2b0">
         <name>.text._fcpy</name>
         <load_address>0x5b80</load_address>
         <readonly>true</readonly>
         <executable>true</executable>
         <run_address>0x5b80</run_address>
         <size>0x30</size>
         <alignment>0x2</alignment>
         <input_file_ref idref="fl-48"/>
      </object_component>
      <object_component id="oc-1fb">
         <name>.text.dmp_set_tap_time</name>
         <load_address>0x5bb0</load_address>
         <readonly>true</readonly>
         <executable>true</executable>
         <run_address>0x5bb0</run_address>
         <size>0x30</size>
         <alignment>0x2</alignment>
         <input_file_ref idref="fl-5"/>
      </object_component>
      <object_component id="oc-1fc">
         <name>.text.dmp_set_tap_time_multi</name>
         <load_address>0x5be0</load_address>
         <readonly>true</readonly>
         <executable>true</executable>
         <run_address>0x5be0</run_address>
         <size>0x30</size>
         <alignment>0x2</alignment>
         <input_file_ref idref="fl-5"/>
      </object_component>
      <object_component id="oc-190">
         <name>.text.mspm0_delay_ms</name>
         <load_address>0x5c10</load_address>
         <readonly>true</readonly>
         <executable>true</executable>
         <run_address>0x5c10</run_address>
         <size>0x30</size>
         <alignment>0x4</alignment>
         <input_file_ref idref="fl-8"/>
      </object_component>
      <object_component id="oc-14c">
         <name>.text.__NVIC_EnableIRQ</name>
         <load_address>0x5c40</load_address>
         <readonly>true</readonly>
         <executable>true</executable>
         <run_address>0x5c40</run_address>
         <size>0x2c</size>
         <alignment>0x4</alignment>
         <input_file_ref idref="fl-8"/>
      </object_component>
      <object_component id="oc-164">
         <name>.text.__NVIC_EnableIRQ</name>
         <load_address>0x5c6c</load_address>
         <readonly>true</readonly>
         <executable>true</executable>
         <run_address>0x5c6c</run_address>
         <size>0x2c</size>
         <alignment>0x4</alignment>
         <input_file_ref idref="fl-6"/>
      </object_component>
      <object_component id="oc-2a9">
         <name>.text.__floatsidf</name>
         <load_address>0x5c98</load_address>
         <readonly>true</readonly>
         <executable>true</executable>
         <run_address>0x5c98</run_address>
         <size>0x2c</size>
         <alignment>0x4</alignment>
         <input_file_ref idref="fl-116"/>
      </object_component>
      <object_component id="oc-10f">
         <name>.text.mspm0_get_clock_ms</name>
         <load_address>0x5cc4</load_address>
         <readonly>true</readonly>
         <executable>true</executable>
         <run_address>0x5cc4</run_address>
         <size>0x2c</size>
         <alignment>0x4</alignment>
         <input_file_ref idref="fl-8"/>
      </object_component>
      <object_component id="oc-16e">
         <name>.text.vsprintf</name>
         <load_address>0x5cf0</load_address>
         <readonly>true</readonly>
         <executable>true</executable>
         <run_address>0x5cf0</run_address>
         <size>0x2c</size>
         <alignment>0x4</alignment>
         <input_file_ref idref="fl-34"/>
      </object_component>
      <object_component id="oc-16a">
         <name>.text.OLED_WriteCommand</name>
         <load_address>0x5d1c</load_address>
         <readonly>true</readonly>
         <executable>true</executable>
         <run_address>0x5d1c</run_address>
         <size>0x2a</size>
         <alignment>0x2</alignment>
         <input_file_ref idref="fl-a"/>
      </object_component>
      <object_component id="oc-25d">
         <name>.text.DL_Common_updateReg</name>
         <load_address>0x5d46</load_address>
         <readonly>true</readonly>
         <executable>true</executable>
         <run_address>0x5d46</run_address>
         <size>0x28</size>
         <alignment>0x2</alignment>
         <input_file_ref idref="fl-7"/>
      </object_component>
      <object_component id="oc-230">
         <name>.text.DL_Common_updateReg</name>
         <load_address>0x5d6e</load_address>
         <readonly>true</readonly>
         <executable>true</executable>
         <run_address>0x5d6e</run_address>
         <size>0x28</size>
         <alignment>0x2</alignment>
         <input_file_ref idref="fl-2"/>
      </object_component>
      <object_component id="oc-1e1">
         <name>.text.DL_I2C_setControllerRXFIFOThreshold</name>
         <load_address>0x5d98</load_address>
         <readonly>true</readonly>
         <executable>true</executable>
         <run_address>0x5d98</run_address>
         <size>0x28</size>
         <alignment>0x4</alignment>
         <input_file_ref idref="fl-2"/>
      </object_component>
      <object_component id="oc-1e0">
         <name>.text.DL_I2C_setControllerTXFIFOThreshold</name>
         <load_address>0x5dc0</load_address>
         <readonly>true</readonly>
         <executable>true</executable>
         <run_address>0x5dc0</run_address>
         <size>0x28</size>
         <alignment>0x4</alignment>
         <input_file_ref idref="fl-2"/>
      </object_component>
      <object_component id="oc-e0">
         <name>.text.SysTick_Init</name>
         <load_address>0x5de8</load_address>
         <readonly>true</readonly>
         <executable>true</executable>
         <run_address>0x5de8</run_address>
         <size>0x28</size>
         <alignment>0x4</alignment>
[...]
         <object_component_ref idref="oc-20c"/>
      </symbol>
      <symbol id="sm-2da">
         <name>OLED_ShowImage</name>
         <value>0x1fe5</value>
         <object_component_ref idref="oc-259"/>
      </symbol>
      <symbol id="sm-2db">
         <name>OLED_ShowString</name>
         <value>0x5061</value>
         <object_component_ref idref="oc-174"/>
      </symbol>
      <symbol id="sm-2dc">
         <name>OLED_Printf</name>
         <value>0x56cd</value>
         <object_component_ref idref="oc-e9"/>
      </symbol>
      <symbol id="sm-2e1">
         <name>OLED_F8x16</name>
         <value>0x7216</value>
         <object_component_ref idref="oc-25c"/>
      </symbol>
      <symbol id="sm-2e2">
         <name>OLED_F6x8</name>
         <value>0x7806</value>
         <object_component_ref idref="oc-25a"/>
      </symbol>
      <symbol id="sm-2e3">
         <name>__TI_ATRegion0_src_addr</name>
         <value>0x0</value>
      </symbol>
      <symbol id="sm-2e4">
         <name>__TI_ATRegion0_trg_addr</name>
         <value>0x0</value>
      </symbol>
      <symbol id="sm-2e5">
         <name>__TI_ATRegion0_region_sz</name>
         <value>0x0</value>
      </symbol>
      <symbol id="sm-2e6">
         <name>__TI_ATRegion1_src_addr</name>
         <value>0x0</value>
      </symbol>
      <symbol id="sm-2e7">
         <name>__TI_ATRegion1_trg_addr</name>
         <value>0x0</value>
      </symbol>
      <symbol id="sm-2e8">
         <name>__TI_ATRegion1_region_sz</name>
         <value>0x0</value>
      </symbol>
      <symbol id="sm-2e9">
         <name>__TI_ATRegion2_src_addr</name>
         <value>0x0</value>
      </symbol>
      <symbol id="sm-2ea">
         <name>__TI_ATRegion2_trg_addr</name>
         <value>0x0</value>
      </symbol>
      <symbol id="sm-2eb">
         <name>__TI_ATRegion2_region_sz</name>
         <value>0x0</value>
      </symbol>
      <symbol id="sm-2f4">
         <name>DL_Common_delayCycles</name>
         <value>0x6545</value>
         <object_component_ref idref="oc-1af"/>
      </symbol>
      <symbol id="sm-303">
         <name>DL_I2C_setClockConfig</name>
         <value>0x5e87</value>
         <object_component_ref idref="oc-1d6"/>
      </symbol>
      <symbol id="sm-304">
         <name>DL_I2C_fillControllerTXFIFO</name>
         <value>0x4ef1</value>
         <object_component_ref idref="oc-229"/>
      </symbol>
      <symbol id="sm-305">
         <name>DL_I2C_flushControllerTXFIFO</name>
         <value>0x5885</value>
         <object_component_ref idref="oc-21f"/>
      </symbol>
      <symbol id="sm-315">
         <name>DL_Timer_setClockConfig</name>
         <value>0x60cd</value>
         <object_component_ref idref="oc-1cb"/>
      </symbol>
      <symbol id="sm-316">
         <name>DL_Timer_initTimerMode</name>
         <value>0x3699</value>
         <object_component_ref idref="oc-1d1"/>
      </symbol>
      <symbol id="sm-324">
         <name>DL_SYSCTL_configSYSPLL</name>
         <value>0x3a29</value>
         <object_component_ref idref="oc-1c1"/>
      </symbol>
      <symbol id="sm-325">
         <name>DL_SYSCTL_switchMCLKfromSYSOSCtoHSCLK</name>
         <value>0x55bd</value>
         <object_component_ref idref="oc-1c8"/>
      </symbol>
      <symbol id="sm-336">
         <name>vsprintf</name>
         <value>0x5cf1</value>
         <object_component_ref idref="oc-16e"/>
      </symbol>
      <symbol id="sm-350">
         <name>asin</name>
         <value>0xa91</value>
         <object_component_ref idref="oc-b7"/>
      </symbol>
      <symbol id="sm-351">
         <name>asinl</name>
         <value>0xa91</value>
         <object_component_ref idref="oc-b7"/>
      </symbol>
      <symbol id="sm-35f">
         <name>atan2</name>
         <value>0x24c9</value>
         <object_component_ref idref="oc-c1"/>
      </symbol>
      <symbol id="sm-360">
         <name>atan2l</name>
         <value>0x24c9</value>
         <object_component_ref idref="oc-c1"/>
      </symbol>
      <symbol id="sm-36a">
         <name>sqrt</name>
         <value>0x27c9</value>
         <object_component_ref idref="oc-125"/>
      </symbol>
      <symbol id="sm-36b">
         <name>sqrtl</name>
         <value>0x27c9</value>
         <object_component_ref idref="oc-125"/>
      </symbol>
      <symbol id="sm-382">
         <name>atan</name>
         <value>0xdf5</value>
         <object_component_ref idref="oc-133"/>
      </symbol>
      <symbol id="sm-383">
         <name>atanl</name>
         <value>0xdf5</value>
         <object_component_ref idref="oc-133"/>
      </symbol>
      <symbol id="sm-38f">
         <name>__aeabi_errno_addr</name>
         <value>0x65d9</value>
         <object_component_ref idref="oc-11a"/>
      </symbol>
      <symbol id="sm-390">
         <name>__aeabi_errno</name>
         <value>0x202004a8</value>
         <object_component_ref idref="oc-192"/>
      </symbol>
      <symbol id="sm-39b">
         <name>memcmp</name>
         <value>0x5f59</value>
         <object_component_ref idref="oc-23f"/>
      </symbol>
      <symbol id="sm-3a7">
         <name>_c_int00_noargs</name>
         <value>0x5e39</value>
         <object_component_ref idref="oc-5a"/>
      </symbol>
      <symbol id="sm-3a8">
         <name>__stack</name>
         <value>0x20207e00</value>
         <object_component_ref idref="oc-1a"/>
      </symbol>
      <symbol id="sm-3b4">
         <name>__TI_auto_init_nobinit_nopinit</name>
         <value>0x58fd</value>
         <object_component_ref idref="oc-f6"/>
      </symbol>
      <symbol id="sm-3bc">
         <name>_system_pre_init</name>
         <value>0x661d</value>
         <object_component_ref idref="oc-93"/>
      </symbol>
      <symbol id="sm-3c7">
         <name>__TI_zero_init</name>
         <value>0x64fd</value>
         <object_component_ref idref="oc-57"/>
      </symbol>
      <symbol id="sm-3d0">
         <name>__TI_decompress_none</name>
         <value>0x64b9</value>
         <object_component_ref idref="oc-20"/>
      </symbol>
      <symbol id="sm-3db">
         <name>__TI_decompress_lzss</name>
         <value>0x4a55</value>
         <object_component_ref idref="oc-1c"/>
      </symbol>
      <symbol id="sm-424">
         <name>__TI_printfi</name>
         <value>0xc1</value>
         <object_component_ref idref="oc-258"/>
      </symbol>
      <symbol id="sm-434">
         <name>frexp</name>
         <value>0x4f51</value>
         <object_component_ref idref="oc-299"/>
      </symbol>
      <symbol id="sm-435">
         <name>frexpl</name>
         <value>0x4f51</value>
         <object_component_ref idref="oc-299"/>
      </symbol>
      <symbol id="sm-43f">
         <name>scalbn</name>
         <value>0x3b05</value>
         <object_component_ref idref="oc-29d"/>
      </symbol>
      <symbol id="sm-440">
         <name>ldexp</name>
         <value>0x3b05</value>
         <object_component_ref idref="oc-29d"/>
      </symbol>
      <symbol id="sm-441">
         <name>scalbnl</name>
         <value>0x3b05</value>
         <object_component_ref idref="oc-29d"/>
      </symbol>
      <symbol id="sm-442">
         <name>ldexpl</name>
         <value>0x3b05</value>
         <object_component_ref idref="oc-29d"/>
      </symbol>
      <symbol id="sm-44b">
         <name>wcslen</name>
         <value>0x64ed</value>
         <object_component_ref idref="oc-274"/>
      </symbol>
      <symbol id="sm-455">
         <name>abort</name>
         <value>0x6607</value>
         <object_component_ref idref="oc-ef"/>
      </symbol>
      <symbol id="sm-45f">
         <name>__TI_ltoa</name>
         <value>0x5169</value>
         <object_component_ref idref="oc-2a5"/>
      </symbol>
      <symbol id="sm-46a">
         <name>atoi</name>
         <value>0x578d</value>
         <object_component_ref idref="oc-270"/>
      </symbol>
      <symbol id="sm-473">
         <name>memccpy</name>
         <value>0x5ef5</value>
         <object_component_ref idref="oc-269"/>
      </symbol>
      <symbol id="sm-476">
         <name>__aeabi_ctype_table_</name>
         <value>0x7a40</value>
         <object_component_ref idref="oc-28c"/>
      </symbol>
      <symbol id="sm-477">
         <name>__aeabi_ctype_table_C</name>
         <value>0x7a40</value>
         <object_component_ref idref="oc-28c"/>
      </symbol>
      <symbol id="sm-480">
         <name>HOSTexit</name>
         <value>0x6611</value>
         <object_component_ref idref="oc-177"/>
      </symbol>
      <symbol id="sm-481">
         <name>C$$EXIT</name>
         <value>0x6610</value>
         <object_component_ref idref="oc-177"/>
      </symbol>
      <symbol id="sm-496">
         <name>__aeabi_fadd</name>
         <value>0x3be7</value>
         <object_component_ref idref="oc-6c"/>
      </symbol>
      <symbol id="sm-497">
         <name>__addsf3</name>
         <value>0x3be7</value>
         <object_component_ref idref="oc-6c"/>
      </symbol>
      <symbol id="sm-498">
         <name>__aeabi_fsub</name>
         <value>0x3bdd</value>
         <object_component_ref idref="oc-6c"/>
      </symbol>
      <symbol id="sm-499">
         <name>__subsf3</name>
         <value>0x3bdd</value>
         <object_component_ref idref="oc-6c"/>
      </symbol>
      <symbol id="sm-49f">
         <name>__aeabi_dadd</name>
         <value>0x233f</value>
         <object_component_ref idref="oc-74"/>
      </symbol>
      <symbol id="sm-4a0">
         <name>__adddf3</name>
         <value>0x233f</value>
         <object_component_ref idref="oc-74"/>
      </symbol>
      <symbol id="sm-4a1">
         <name>__aeabi_dsub</name>
         <value>0x2335</value>
         <object_component_ref idref="oc-74"/>
      </symbol>
      <symbol id="sm-4a2">
         <name>__subdf3</name>
         <value>0x2335</value>
         <object_component_ref idref="oc-74"/>
      </symbol>
      <symbol id="sm-4ae">
         <name>__aeabi_dmul</name>
         <value>0x3781</value>
         <object_component_ref idref="oc-bd"/>
      </symbol>
      <symbol id="sm-4af">
         <name>__muldf3</name>
         <value>0x3781</value>
         <object_component_ref idref="oc-bd"/>
      </symbol>
      <symbol id="sm-4b8">
         <name>__muldsi3</name>
         <value>0x5939</value>
         <object_component_ref idref="oc-115"/>
      </symbol>
      <symbol id="sm-4be">
         <name>__aeabi_fmul</name>
         <value>0x4731</value>
         <object_component_ref idref="oc-b3"/>
      </symbol>
      <symbol id="sm-4bf">
         <name>__mulsf3</name>
         <value>0x4731</value>
         <object_component_ref idref="oc-b3"/>
      </symbol>
      <symbol id="sm-4c5">
         <name>__aeabi_fdiv</name>
         <value>0x4951</value>
         <object_component_ref idref="oc-af"/>
      </symbol>
      <symbol id="sm-4c6">
         <name>__divsf3</name>
         <value>0x4951</value>
         <object_component_ref idref="oc-af"/>
      </symbol>
      <symbol id="sm-4cc">
         <name>__aeabi_ddiv</name>
         <value>0x318d</value>
         <object_component_ref idref="oc-12c"/>
      </symbol>
      <symbol id="sm-4cd">
         <name>__divdf3</name>
         <value>0x318d</value>
         <object_component_ref idref="oc-12c"/>
      </symbol>
      <symbol id="sm-4d6">
         <name>__aeabi_f2d</name>
         <value>0x574d</value>
         <object_component_ref idref="oc-70"/>
      </symbol>
      <symbol id="sm-4d7">
         <name>__extendsfdf2</name>
         <value>0x574d</value>
         <object_component_ref idref="oc-70"/>
      </symbol>
      <symbol id="sm-4dd">
         <name>__aeabi_d2iz</name>
         <value>0x5451</value>
         <object_component_ref idref="oc-2a1"/>
      </symbol>
      <symbol id="sm-4de">
         <name>__fixdfsi</name>
         <value>0x5451</value>
         <object_component_ref idref="oc-2a1"/>
      </symbol>
      <symbol id="sm-4e4">
         <name>__aeabi_f2iz</name>
         <value>0x5975</value>
         <object_component_ref idref="oc-247"/>
      </symbol>
      <symbol id="sm-4e5">
         <name>__fixsfsi</name>
         <value>0x5975</value>
         <object_component_ref idref="oc-247"/>
      </symbol>
      <symbol id="sm-4eb">
         <name>__aeabi_i2d</name>
         <value>0x5c99</value>
         <object_component_ref idref="oc-2a9"/>
      </symbol>
      <symbol id="sm-4ec">
         <name>__floatsidf</name>
         <value>0x5c99</value>
         <object_component_ref idref="oc-2a9"/>
      </symbol>
      <symbol id="sm-4f2">
         <name>__aeabi_i2f</name>
         <value>0x58c1</value>
         <object_component_ref idref="oc-ab"/>
      </symbol>
      <symbol id="sm-4f3">
         <name>__floatsisf</name>
         <value>0x58c1</value>
         <object_component_ref idref="oc-ab"/>
      </symbol>
      <symbol id="sm-4f9">
         <name>__aeabi_ui2f</name>
         <value>0x5e11</value>
         <object_component_ref idref="oc-243"/>
      </symbol>
      <symbol id="sm-4fa">
         <name>__floatunsisf</name>
         <value>0x5e11</value>
         <object_component_ref idref="oc-243"/>
      </symbol>
      <symbol id="sm-500">
         <name>__aeabi_lmul</name>
         <value>0x5ed1</value>
         <object_component_ref idref="oc-278"/>
      </symbol>
      <symbol id="sm-501">
         <name>__muldi3</name>
         <value>0x5ed1</value>
         <object_component_ref idref="oc-278"/>
      </symbol>
      <symbol id="sm-508">
         <name>__aeabi_d2f</name>
         <value>0x4b51</value>
         <object_component_ref idref="oc-78"/>
      </symbol>
      <symbol id="sm-509">
         <name>__truncdfsf2</name>
         <value>0x4b51</value>
         <object_component_ref idref="oc-78"/>
      </symbol>
      <symbol id="sm-50f">
         <name>__aeabi_dcmpeq</name>
         <value>0x4d6d</value>
         <object_component_ref idref="oc-11f"/>
      </symbol>
      <symbol id="sm-510">
         <name>__aeabi_dcmplt</name>
         <value>0x4d81</value>
         <object_component_ref idref="oc-11f"/>
      </symbol>
      <symbol id="sm-511">
         <name>__aeabi_dcmple</name>
         <value>0x4d95</value>
         <object_component_ref idref="oc-11f"/>
      </symbol>
      <symbol id="sm-512">
         <name>__aeabi_dcmpge</name>
         <value>0x4da9</value>
         <object_component_ref idref="oc-11f"/>
      </symbol>
      <symbol id="sm-513">
         <name>__aeabi_dcmpgt</name>
         <value>0x4dbd</value>
         <object_component_ref idref="oc-11f"/>
      </symbol>
      <symbol id="sm-519">
         <name>__aeabi_idiv</name>
         <value>0x5219</value>
         <object_component_ref idref="oc-24b"/>
      </symbol>
      <symbol id="sm-51a">
         <name>__aeabi_idivmod</name>
         <value>0x5219</value>
         <object_component_ref idref="oc-24b"/>
      </symbol>
      <symbol id="sm-520">
         <name>__aeabi_memcpy</name>
         <value>0x65e1</value>
         <object_component_ref idref="oc-4a"/>
      </symbol>
      <symbol id="sm-521">
         <name>__aeabi_memcpy4</name>
         <value>0x65e1</value>
         <object_component_ref idref="oc-4a"/>
      </symbol>
      <symbol id="sm-522">
         <name>__aeabi_memcpy8</name>
         <value>0x65e1</value>
         <object_component_ref idref="oc-4a"/>
      </symbol>
      <symbol id="sm-52b">
         <name>__aeabi_memset</name>
         <value>0x650d</value>
         <object_component_ref idref="oc-268"/>
      </symbol>
      <symbol id="sm-52c">
         <name>__aeabi_memset4</name>
         <value>0x650d</value>
         <object_component_ref idref="oc-268"/>
      </symbol>
      <symbol id="sm-52d">
         <name>__aeabi_memset8</name>
         <value>0x650d</value>
         <object_component_ref idref="oc-268"/>
      </symbol>
      <symbol id="sm-52e">
         <name>__aeabi_memclr</name>
         <value>0x4b45</value>
         <object_component_ref idref="oc-8e"/>
      </symbol>
      <symbol id="sm-52f">
         <name>__aeabi_memclr4</name>
         <value>0x4b45</value>
         <object_component_ref idref="oc-8e"/>
      </symbol>
      <symbol id="sm-530">
         <name>__aeabi_memclr8</name>
         <value>0x4b45</value>
         <object_component_ref idref="oc-8e"/>
      </symbol>
      <symbol id="sm-536">
         <name>__aeabi_uidiv</name>
         <value>0x570d</value>
         <object_component_ref idref="oc-188"/>
      </symbol>
      <symbol id="sm-537">
         <name>__aeabi_uidivmod</name>
         <value>0x570d</value>
         <object_component_ref idref="oc-188"/>
      </symbol>
      <symbol id="sm-53d">
         <name>__aeabi_uldivmod</name>
         <value>0x6445</value>
         <object_component_ref idref="oc-27d"/>
      </symbol>
      <symbol id="sm-543">
         <name>__udivmoddi4</name>
         <value>0x4425</value>
         <object_component_ref idref="oc-294"/>
      </symbol>
      <symbol id="sm-549">
         <name>__aeabi_llsl</name>
         <value>0x5f79</value>
         <object_component_ref idref="oc-2b5"/>
      </symbol>
      <symbol id="sm-54a">
         <name>__ashldi3</name>
         <value>0x5f79</value>
         <object_component_ref idref="oc-2b5"/>
      </symbol>
      <symbol id="sm-558">
         <name>__ledf2</name>
         <value>0x4c39</value>
         <object_component_ref idref="oc-196"/>
      </symbol>
      <symbol id="sm-559">
         <name>__gedf2</name>
         <value>0x4ad1</value>
         <object_component_ref idref="oc-19c"/>
      </symbol>
      <symbol id="sm-55a">
         <name>__cmpdf2</name>
         <value>0x4c39</value>
         <object_component_ref idref="oc-196"/>
      </symbol>
      <symbol id="sm-55b">
         <name>__eqdf2</name>
         <value>0x4c39</value>
         <object_component_ref idref="oc-196"/>
      </symbol>
      <symbol id="sm-55c">
         <name>__ltdf2</name>
         <value>0x4c39</value>
         <object_component_ref idref="oc-196"/>
      </symbol>
      <symbol id="sm-55d">
         <name>__nedf2</name>
         <value>0x4c39</value>
         <object_component_ref idref="oc-196"/>
      </symbol>
      <symbol id="sm-55e">
         <name>__gtdf2</name>
         <value>0x4ad1</value>
         <object_component_ref idref="oc-19c"/>
      </symbol>
      <symbol id="sm-56b">
         <name>__aeabi_idiv0</name>
         <value>0x24c7</value>
         <object_component_ref idref="oc-220"/>
      </symbol>
      <symbol id="sm-56c">
         <name>__aeabi_ldiv0</name>
         <value>0x44c7</value>
         <object_component_ref idref="oc-2b4"/>
      </symbol>
      <symbol id="sm-576">
         <name>TI_memcpy_small</name>
         <value>0x64a7</value>
         <object_component_ref idref="oc-d1"/>
      </symbol>
      <symbol id="sm-57f">
         <name>TI_memset_small</name>
         <value>0x6537</value>
         <object_component_ref idref="oc-13d"/>
      </symbol>
      <symbol id="sm-580">
         <name>__TI_static_base__</name>
         <value>0x0</value>
      </symbol>
      <symbol id="sm-584">
         <name>__mpu_init</name>
         <value>0x0</value>
      </symbol>
      <symbol id="sm-585">
         <name>_system_post_cinit</name>
         <value>0x0</value>
      </symbol>
   </symbol_table>
   <title>Link successful</title>
</link_info>
