******************************************************************************
            TI ARM Clang Linker PC v4.0.3                      
******************************************************************************
>> Linked Sun Jul  6 20:23:36 2025

OUTPUT FILE NAME:   <mpu6050-oled-software-i2c.out>
ENTRY POINT SYMBOL: "_c_int00_noargs"  address: 00005b6d


MEMORY CONFIGURATION

         name            origin    length      used     unused   attr    fill
----------------------  --------  ---------  --------  --------  ----  --------
  FLASH                 00000000   00020000  00007950  000186b0  R  X
  SRAM                  20200000   00008000  0000068f  00007971  RW X
  BCR_CONFIG            41c00000   000000ff  00000000  000000ff  R   
  BSL_CONFIG            41c00100   00000080  00000000  00000080  R   


SEGMENT ALLOCATION MAP

run origin  load origin   length   init length attrs members
----------  ----------- ---------- ----------- ----- -------
00000000    00000000    00007950   00007950    r-x
  00000000    00000000    000000c0   000000c0    r-- .intvecs
  000000c0    000000c0    00006210   00006210    r-x .text
  000062d0    000062d0    00001640   00001640    r-- .rodata
  00007910    00007910    00000040   00000040    r-- .cinit
20200000    20200000    00000490   00000000    rw-
  20200000    20200000    00000437   00000000    rw- .bss
  20200438    20200438    00000058   00000000    rw- .data
20207e00    20207e00    00000200   00000000    rw-
  20207e00    20207e00    00000200   00000000    rw- .stack


SECTION ALLOCATION MAP

 output                                  attributes/
section   page    origin      length       input sections
--------  ----  ----------  ----------   ----------------
.intvecs   0    00000000    000000c0     
                  00000000    000000c0     startup_mspm0g350x_ticlang.o (.intvecs)

.text      0    000000c0    00006210     
                  000000c0    000009d0     libc.a : _printfi.c.obj (.text:__TI_printfi)
                  00000a90    00000364            : e_asin.c.obj (.text.asin)
                  00000df4    000002f8            : s_atan.c.obj (.text.atan)
                  000010ec    00000278     inv_mpu_dmp_motion_driver.o (.text.dmp_enable_feature)
                  00001364    00000238     inv_mpu_dmp_motion_driver.o (.text.dmp_set_tap_thresh)
                  0000159c    0000022c     mpu6050.o (.text.Read_Quad)
                  000017c8    0000022c     inv_mpu.o (.text.mpu_reset_fifo)
                  000019f4    00000220     libc.a : _printfi.c.obj (.text._pconv_a)
                  00001c14    000001f4     inv_mpu_dmp_motion_driver.o (.text.dmp_read_fifo)
                  00001e08    000001dc     libc.a : _printfi.c.obj (.text._pconv_g)
                  00001fe4    000001b0     OLED.o (.text.OLED_ShowImage)
                  00002194    000001a0     inv_mpu.o (.text.mpu_set_bypass)
                  00002334    00000192     libclang_rt.builtins.a : adddf3.S.obj (.text.adddf3_subdf3)
                  000024c6    00000002                            : aeabi_div0.c.obj (.text.__aeabi_idiv0)
                  000024c8    00000188     libc.a : e_atan2.c.obj (.text.atan2)
                  00002650    00000178     inv_mpu_dmp_motion_driver.o (.text.dmp_set_orientation)
                  000027c8    00000170     libc.a : e_sqrt.c.obj (.text.sqrt)
                  00002938    00000148     mpu6050.o (.text.MPU6050_Init)
                  00002a80    0000013c     libc.a : _printfi.c.obj (.text.fcvt)
                  00002bbc    00000134     mspm0_i2c.o (.text.mspm0_i2c_read)
                  00002cf0    00000130     inv_mpu.o (.text.mpu_set_sensors)
                  00002e20    00000128     inv_mpu.o (.text.mpu_init)
                  00002f48    00000124     inv_mpu.o (.text.mpu_load_firmware)
                  0000306c    00000120     libc.a : _printfi.c.obj (.text._pconv_e)
                  0000318c    0000010c     libclang_rt.builtins.a : divdf3.S.obj (.text.__divdf3)
                  00003298    00000108     inv_mpu.o (.text.mpu_read_fifo_stream)
                  000033a0    00000100     inv_mpu.o (.text.mpu_lp_accel_mode)
                  000034a0    000000ec     inv_mpu.o (.text.mpu_set_sample_rate)
                  0000358c    000000e4     libclang_rt.builtins.a : muldf3.S.obj (.text.__muldf3)
                  00003670    000000e4     inv_mpu.o (.text.mpu_set_accel_fsr)
                  00003754    000000dc     driverlib.a : dl_sysctl_mspm0g1x0x_g3x0x.o (.text.DL_SYSCTL_configSYSPLL)
                  00003830    000000d8     libc.a : s_scalbn.c.obj (.text.scalbn)
                  00003908    000000d8     libclang_rt.builtins.a : addsf3.S.obj (.text)
                  000039e0    000000d4     inv_mpu.o (.text.set_int_enable)
                  00003ab4    000000d0     inv_mpu.o (.text.mpu_set_lpf)
                  00003b84    000000cc     OLED.o (.text.OLED_ClearArea)
                  00003c50    000000c4     inv_mpu.o (.text.mpu_set_gyro_fsr)
                  00003d14    000000c4     mspm0_i2c.o (.text.mspm0_i2c_write)
                  00003dd8    000000bc     inv_mpu.o (.text.mpu_configure_fifo)
                  00003e94    000000b8     inv_mpu.o (.text.mpu_set_dmp_state)
                  00003f4c    000000b0     main.o (.text.main)
                  00003ffc    000000ac     ti_msp_dl_config.o (.text.SYSCFG_DL_GPIO_init)
                  000040a8    000000ac     inv_mpu.o (.text.mpu_read_mem)
                  00004154    000000ac     inv_mpu.o (.text.mpu_write_mem)
                  00004200    000000a2     libclang_rt.builtins.a : udivmoddi4.S.obj (.text)
                  000042a2    00000002                            : aeabi_div0.c.obj (.text.__aeabi_ldiv0)
                  000042a4    0000009c     inv_mpu.o (.text.mpu_set_int_latched)
                  00004340    0000009a     OLED.o (.text.OLED_Init)
                  000043da    00000002     --HOLE-- [fill = 0]
                  000043dc    00000098     inv_mpu_dmp_motion_driver.o (.text.dmp_set_fifo_rate)
                  00004474    00000096     mpu6050.o (.text.inv_row_2_scale)
                  0000450a    00000002     --HOLE-- [fill = 0]
                  0000450c    0000008c     libclang_rt.builtins.a : mulsf3.S.obj (.text.__mulsf3)
                  00004598    0000008c     inv_mpu_dmp_motion_driver.o (.text.decode_gesture)
                  00004624    00000084     clock.o (.text.__NVIC_SetPriority)
                  000046a8    00000084     ti_msp_dl_config.o (.text.__NVIC_SetPriority)
                  0000472c    00000082     libclang_rt.builtins.a : divsf3.S.obj (.text.__divsf3)
                  000047ae    00000002     --HOLE-- [fill = 0]
                  000047b0    00000080     OLED.o (.text.OLED_ShowChar)
                  00004830    0000007c     libc.a : copy_decompress_lzss.c.obj (.text:decompress:lzss)
                  000048ac    00000074     libclang_rt.builtins.a : comparedf2.c.obj (.text.__gedf2)
                  00004920    00000074                            : truncdfsf2.S.obj (.text.__truncdfsf2)
                  00004994    00000074     inv_mpu.o (.text.mpu_get_accel_fsr)
                  00004a08    00000068     libclang_rt.builtins.a : comparedf2.c.obj (.text.__ledf2)
                  00004a70    00000066     libc.a : _printfi.c.obj (.text._mcpy)
                  00004ad6    00000066     inv_mpu_dmp_motion_driver.o (.text.dmp_set_tap_axes)
                  00004b3c    00000062     libclang_rt.builtins.a : aeabi_dcmp.S.obj (.text.__aeabi_dcmp)
                  00004b9e    00000002     --HOLE-- [fill = 0]
                  00004ba0    00000060     inv_mpu_dmp_motion_driver.o (.text.dmp_enable_gyro_cal)
                  00004c00    00000060     mspm0_i2c.o (.text.mpu6050_i2c_sda_unlock)
                  00004c60    00000060     inv_mpu.o (.text.mpu_get_gyro_fsr)
                  00004cc0    0000005e     driverlib.a : dl_i2c.o (.text.DL_I2C_fillControllerTXFIFO)
                  00004d1e    00000002     --HOLE-- [fill = 0]
                  00004d20    0000005c     libc.a : s_frexp.c.obj (.text.frexp)
                  00004d7c    0000005c     mspm0_i2c.o (.text.mspm0_i2c_enable)
                  00004dd8    00000058     OLED.o (.text.OLED_Clear)
                  00004e30    00000058     OLED.o (.text.OLED_ShowString)
                  00004e88    00000058     ti_msp_dl_config.o (.text.SYSCFG_DL_I2C_MPU6050_init)
                  00004ee0    00000058     libc.a : _ltoa.c.obj (.text.__TI_ltoa)
                  00004f38    00000058            : _printfi.c.obj (.text._pconv_f)
                  00004f90    00000056     libclang_rt.builtins.a : aeabi_idivmod.S.obj (.text.__aeabi_idivmod)
                  00004fe6    00000054     OLED.o (.text.OLED_I2C_SendByte)
                  0000503a    00000052     libc.a : _printfi.c.obj (.text._ecpy)
                  0000508c    00000050     mspm0_i2c.o (.text.DL_I2C_startControllerTransfer)
                  000050dc    00000050     OLED.o (.text.OLED_WriteData)
                  0000512c    00000050     clock.o (.text.SysTick_Config)
                  0000517c    0000004a     OLED.o (.text.OLED_GPIO_Init)
                  000051c6    00000002     --HOLE-- [fill = 0]
                  000051c8    0000004a     libclang_rt.builtins.a : fixdfsi.S.obj (.text.__fixdfsi)
                  00005212    00000002     --HOLE-- [fill = 0]
                  00005214    00000048     OLED.o (.text.OLED_Update)
                  0000525c    00000048     ti_msp_dl_config.o (.text.SYSCFG_DL_SYSCTL_init)
                  000052a4    00000048     inv_mpu_dmp_motion_driver.o (.text.dmp_enable_6x_lp_quat)
                  000052ec    00000048     inv_mpu_dmp_motion_driver.o (.text.dmp_enable_lp_quat)
                  00005334    00000044     driverlib.a : dl_sysctl_mspm0g1x0x_g3x0x.o (.text.DL_SYSCTL_switchMCLKfromSYSOSCtoHSCLK)
                  00005378    00000044     ti_msp_dl_config.o (.text.SYSCFG_DL_initPower)
                  000053bc    00000044     inv_mpu_dmp_motion_driver.o (.text.dmp_set_shake_reject_thresh)
                  00005400    00000044     inv_mpu_dmp_motion_driver.o (.text.dmp_set_tap_count)
                  00005444    00000044     mspm0_i2c.o (.text.mspm0_i2c_disable)
                  00005488    00000040     OLED.o (.text.OLED_Printf)
                  000054c8    00000040     libclang_rt.builtins.a : aeabi_uidivmod.S.obj (.text.__aeabi_uidivmod)
                  00005508    00000040                            : extendsfdf2.S.obj (.text.__extendsfdf2)
                  00005548    00000040     libc.a : atoi.c.obj (.text.atoi)
                  00005588    0000003e     mpu6050.o (.text.inv_orientation_matrix_to_scalar)
                  000055c6    00000002     --HOLE-- [fill = 0]
                  000055c8    0000003c     mspm0_i2c.o (.text.DL_GPIO_initPeripheralInputFunctionFeatures)
                  00005604    0000003c     ti_msp_dl_config.o (.text.DL_GPIO_initPeripheralInputFunctionFeatures)
                  00005640    0000003c     driverlib.a : dl_i2c.o (.text.DL_I2C_flushControllerTXFIFO)
                  0000567c    0000003c     libclang_rt.builtins.a : floatsisf.S.obj (.text.__floatsisf)
                  000056b8    0000003c     libc.a : autoinit.c.obj (.text:__TI_auto_init_nobinit_nopinit)
                  000056f4    0000003a     libclang_rt.builtins.a : muldsi3.S.obj (.text.__muldsi3)
                  0000572e    00000002     --HOLE-- [fill = 0]
                  00005730    00000038                            : fixsfsi.S.obj (.text.__fixsfsi)
                  00005768    00000036     OLED.o (.text.OLED_SetCursor)
                  0000579e    00000002     --HOLE-- [fill = 0]
                  000057a0    00000034     mspm0_i2c.o (.text.DL_GPIO_initDigitalInputFeatures)
                  000057d4    00000034     ti_msp_dl_config.o (.text.DL_GPIO_initDigitalInputFeatures)
                  00005808    00000034     OLED.o (.text.OLED_W_SCL)
                  0000583c    00000034     OLED.o (.text.OLED_W_SDA)
                  00005870    00000034     inv_mpu.o (.text.mpu_get_sample_rate)
                  000058a4    00000032     inv_mpu_dmp_motion_driver.o (.text.dmp_set_shake_reject_time)
                  000058d6    00000032     inv_mpu_dmp_motion_driver.o (.text.dmp_set_shake_reject_timeout)
                  00005908    00000030     libc.a : _printfi.c.obj (.text._fcpy)
                  00005938    00000030     inv_mpu_dmp_motion_driver.o (.text.dmp_set_tap_time)
                  00005968    00000030     inv_mpu_dmp_motion_driver.o (.text.dmp_set_tap_time_multi)
                  00005998    00000030     clock.o (.text.mspm0_delay_ms)
                  000059c8    0000002c     mpu6050.o (.text.__NVIC_EnableIRQ)
                  000059f4    0000002c     libclang_rt.builtins.a : floatsidf.S.obj (.text.__floatsidf)
                  00005a20    0000002c     clock.o (.text.mspm0_get_clock_ms)
                  00005a4c    0000002c     libc.a : vsprintf.c.obj (.text.vsprintf)
                  00005a78    0000002a     OLED.o (.text.OLED_WriteCommand)
                  00005aa2    00000028     mspm0_i2c.o (.text.DL_Common_updateReg)
                  00005aca    00000028     ti_msp_dl_config.o (.text.DL_Common_updateReg)
                  00005af2    00000002     --HOLE-- [fill = 0]
                  00005af4    00000028     ti_msp_dl_config.o (.text.DL_I2C_setControllerRXFIFOThreshold)
                  00005b1c    00000028     ti_msp_dl_config.o (.text.DL_I2C_setControllerTXFIFOThreshold)
                  00005b44    00000028     libclang_rt.builtins.a : floatunsisf.S.obj (.text.__floatunsisf)
                  00005b6c    00000028     libc.a : boot_cortex_m.c.obj (.text:_c_int00_noargs)
                  00005b94    00000026     ti_msp_dl_config.o (.text.DL_I2C_setAnalogGlitchFilterPulseWidth)
                  00005bba    00000026     driverlib.a : dl_i2c.o (.text.DL_I2C_setClockConfig)
                  00005be0    00000024     OLED.o (.text.OLED_I2C_Start)
                  00005c04    00000024     libclang_rt.builtins.a : muldi3.S.obj (.text.__muldi3)
                  00005c28    00000022     libc.a : memccpy.c.obj (.text.memccpy)
                  00005c4a    00000002     --HOLE-- [fill = 0]
                  00005c4c    00000020     mpu6050.o (.text.DL_SYSCTL_resetDevice)
                  00005c6c    00000020     ti_msp_dl_config.o (.text.DL_SYSCTL_setFlashWaitState)
                  00005c8c    00000020     libc.a : memcmp.c.obj (.text.memcmp)
                  00005cac    0000001e     libclang_rt.builtins.a : ashldi3.S.obj (.text.__ashldi3)
                  00005cca    00000002     --HOLE-- [fill = 0]
                  00005ccc    0000001c     ti_msp_dl_config.o (.text.DL_GPIO_clearInterruptStatus)
                  00005ce8    0000001c     mspm0_i2c.o (.text.DL_GPIO_enableHiZ)
                  00005d04    0000001c     ti_msp_dl_config.o (.text.DL_GPIO_enableHiZ)
                  00005d20    0000001c     ti_msp_dl_config.o (.text.DL_GPIO_enableInterrupt)
                  00005d3c    0000001c     ti_msp_dl_config.o (.text.DL_GPIO_setLowerPinsPolarity)
                  00005d58    0000001c     mpu6050.o (.text.DL_I2C_getSDAStatus)
                  00005d74    0000001c     mspm0_i2c.o (.text.DL_I2C_isControllerRXFIFOEmpty)
                  00005d90    0000001c     interrupt.o (.text.DL_Interrupt_getPendingGroup)
                  00005dac    0000001c     ti_msp_dl_config.o (.text.DL_SYSCTL_setSYSOSCFreq)
                  00005dc8    0000001c     ti_msp_dl_config.o (.text.DL_SYSCTL_setULPCLKDivider)
                  00005de4    0000001c     OLED.o (.text.OLED_I2C_Stop)
                  00005e00    0000001c     inv_mpu_dmp_motion_driver.o (.text.dmp_load_motion_driver_firmware)
                  00005e1c    00000018     mspm0_i2c.o (.text.DL_GPIO_enableOutput)
                  00005e34    00000018     ti_msp_dl_config.o (.text.DL_GPIO_enableOutput)
                  00005e4c    00000018     ti_msp_dl_config.o (.text.DL_GPIO_enablePower)
                  00005e64    00000018     mspm0_i2c.o (.text.DL_GPIO_initDigitalOutput)
                  00005e7c    00000018     ti_msp_dl_config.o (.text.DL_GPIO_initDigitalOutput)
                  00005e94    00000018     ti_msp_dl_config.o (.text.DL_GPIO_reset)
                  00005eac    00000018     OLED.o (.text.DL_GPIO_setPins)
                  00005ec4    00000018     mspm0_i2c.o (.text.DL_GPIO_setPins)
                  00005edc    00000018     mspm0_i2c.o (.text.DL_I2C_clearInterruptStatus)
                  00005ef4    00000018     ti_msp_dl_config.o (.text.DL_I2C_enableAnalogGlitchFilter)
                  00005f0c    00000018     ti_msp_dl_config.o (.text.DL_I2C_enableController)
                  00005f24    00000018     ti_msp_dl_config.o (.text.DL_I2C_enableControllerClockStretching)
                  00005f3c    00000018     mspm0_i2c.o (.text.DL_I2C_enablePower)
                  00005f54    00000018     ti_msp_dl_config.o (.text.DL_I2C_enablePower)
                  00005f6c    00000018     mspm0_i2c.o (.text.DL_I2C_getRawInterruptStatus)
                  00005f84    00000018     mspm0_i2c.o (.text.DL_I2C_reset)
                  00005f9c    00000018     ti_msp_dl_config.o (.text.DL_I2C_reset)
                  00005fb4    00000018     ti_msp_dl_config.o (.text.DL_I2C_setTimerPeriod)
                  00005fcc    00000018     ti_msp_dl_config.o (.text.DL_SYSCTL_setBORThreshold)
                  00005fe4    00000018     clock.o (.text.SysTick_Init)
                  00005ffc    00000018     libc.a : vsprintf.c.obj (.text._outs)
                  00006014    00000016     mspm0_i2c.o (.text.DL_GPIO_readPins)
                  0000602a    00000016     mspm0_i2c.o (.text.DL_I2C_transmitControllerData)
                  00006040    00000016     interrupt.o (.text.GROUP1_IRQHandler)
                  00006056    00000014     OLED.o (.text.DL_GPIO_clearPins)
                  0000606a    00000014     mspm0_i2c.o (.text.DL_GPIO_clearPins)
                  0000607e    00000014     ti_msp_dl_config.o (.text.DL_GPIO_clearPins)
                  00006092    00000002     --HOLE-- [fill = 0]
                  00006094    00000014     mspm0_i2c.o (.text.DL_I2C_getControllerStatus)
                  000060a8    00000014     mspm0_i2c.o (.text.DL_I2C_receiveControllerData)
                  000060bc    00000014     ti_msp_dl_config.o (.text.DL_I2C_resetControllerTransfer)
                  000060d0    00000014     ti_msp_dl_config.o (.text.DL_SYSCTL_disableSYSPLL)
                  000060e4    00000014     ti_msp_dl_config.o (.text.SYSCFG_DL_init)
                  000060f8    00000014     libclang_rt.builtins.a : aeabi_uldivmod.S.obj (.text.__aeabi_uldivmod)
                  0000610c    00000014     inv_mpu_dmp_motion_driver.o (.text.dmp_register_android_orient_cb)
                  00006120    00000014     inv_mpu_dmp_motion_driver.o (.text.dmp_register_tap_cb)
                  00006134    00000014     libc.a : _printfi.c.obj (.text.strchr)
                  00006148    00000012            : memcpy16.S.obj (.text:TI_memcpy_small)
                  0000615a    00000012            : copy_decompress_none.c.obj (.text:decompress:none)
                  0000616c    00000010     ti_msp_dl_config.o (.text.DL_SYSCTL_disableHFXT)
                  0000617c    00000010     interrupt.o (.text.SysTick_Handler)
                  0000618c    00000010     libc.a : wcslen.c.obj (.text.wcslen)
                  0000619c    00000010            : copy_zero_init.c.obj (.text:decompress:ZI)
                  000061ac    0000000e     libclang_rt.builtins.a : aeabi_memset.S.obj (.text.__aeabi_memset)
                  000061ba    0000000e     libc.a : _printfi.c.obj (.text.strlen)
                  000061c8    0000000e     mpu6050.o (.text.tap_cb)
                  000061d6    0000000e     libc.a : memset16.S.obj (.text:TI_memset_small)
                  000061e4    0000000c     libclang_rt.builtins.a : aeabi_memset.S.obj (.text.__aeabi_memclr)
                  000061f0    0000000a     driverlib.a : dl_common.o (.text.DL_Common_delayCycles)
                  000061fa    0000000a     libc.a : _printfi.c.obj (.text.OUTLINED_FUNCTION_0)
                  00006204    00000010     libclang_rt.builtins.a : adddf3.S.obj (.tramp.__aeabi_dsub.1)
                  00006214    0000000a     libc.a : e_asin.c.obj (.text.OUTLINED_FUNCTION_0)
                  0000621e    00000002     --HOLE-- [fill = 0]
                  00006220    00000010     libclang_rt.builtins.a : muldf3.S.obj (.tramp.__aeabi_dmul.1)
                  00006230    0000000a     libc.a : s_atan.c.obj (.text.OUTLINED_FUNCTION_0)
                  0000623a    0000000a            : _printfi.c.obj (.text.OUTLINED_FUNCTION_1)
                  00006244    0000000a            : e_asin.c.obj (.text.OUTLINED_FUNCTION_1)
                  0000624e    0000000a            : e_asin.c.obj (.text.OUTLINED_FUNCTION_3)
                  00006258    00000010     libclang_rt.builtins.a : divdf3.S.obj (.tramp.__aeabi_ddiv.1)
                  00006268    0000000a     libc.a : vsprintf.c.obj (.text._outc)
                  00006272    0000000a     mpu6050.o (.text.android_orient_cb)
                  0000627c    00000008     libc.a : s_atan.c.obj (.text.OUTLINED_FUNCTION_2)
                  00006284    00000008            : aeabi_portable.c.obj (.text.__aeabi_errno_addr)
                  0000628c    00000008     libclang_rt.builtins.a : aeabi_memcpy.S.obj (.text.__aeabi_memcpy)
                  00006294    00000006     libc.a : s_atan.c.obj (.text.OUTLINED_FUNCTION_1)
                  0000629a    00000002     --HOLE-- [fill = 0]
                  0000629c    00000010     libclang_rt.builtins.a : adddf3.S.obj (.tramp.__aeabi_dadd.1)
                  000062ac    00000006     libc.a : e_asin.c.obj (.text.OUTLINED_FUNCTION_2)
                  000062b2    00000006            : exit.c.obj (.text:abort)
                  000062b8    00000004     startup_mspm0g350x_ticlang.o (.text.Default_Handler)
                  000062bc    00000004     libsysbm.a : hostexit.c.obj (.text.HOSTexit)
                  000062c0    00000004     libc.a : e_asin.c.obj (.text.OUTLINED_FUNCTION_4)
                  000062c4    00000004     startup_mspm0g350x_ticlang.o (.text.Reset_Handler)
                  000062c8    00000004     libc.a : pre_init.c.obj (.text._system_pre_init)
                  000062cc    00000004     --HOLE-- [fill = 0]

.cinit     0    00007910    00000040     
                  00007910    00000019     (.cinit..data.load) [load image, compression = lzss]
                  00007929    00000003     --HOLE-- [fill = 0]
                  0000792c    0000000c     (__TI_handler_table)
                  00007938    00000008     (.cinit..bss.load) [load image, compression = zero_init]
                  00007940    00000010     (__TI_cinit_table)

.rodata    0    000062d0    00001640     
                  000062d0    00000bf6     inv_mpu_dmp_motion_driver.o (.rodata.dmp_memory)
                  00006ec6    000005f0     OLED_Data.o (.rodata.OLED_F8x16)
                  000074b6    0000023a     OLED_Data.o (.rodata.OLED_F6x8)
                  000076f0    00000101     libc.a : aeabi_ctype.S.obj (.rodata:__aeabi_ctype_table_)
                  000077f1    00000002     ti_msp_dl_config.o (.rodata.gI2C_MPU6050ClockConfig)
                  000077f3    00000005     --HOLE-- [fill = 0]
                  000077f8    00000040     libc.a : s_atan.c.obj (.rodata.cst32)
                  00007838    00000028     ti_msp_dl_config.o (.rodata.gSYSPLLConfig)
                  00007860    00000028     inv_mpu.o (.rodata.test)
                  00007888    0000001e     inv_mpu.o (.rodata.reg)
                  000078a6    00000011     libc.a : _printfi.c.obj (.rodata.str1.10348868589481759720.1)
                  000078b7    00000011            : _printfi.c.obj (.rodata.str1.15363888844622738466.1)
                  000078c8    0000000f     main.o (.rodata.str1.17100691992556644108.1)
                  000078d7    0000000f     main.o (.rodata.str1.18227636981041470289.1)
                  000078e6    0000000f     main.o (.rodata.str1.8154729771448623357.1)
                  000078f5    00000001     --HOLE-- [fill = 0]
                  000078f6    0000000c     inv_mpu.o (.rodata.hw)
                  00007902    00000009     main.o (.rodata.str1.15159059442110792349.1)
                  0000790b    00000005     --HOLE-- [fill = 0]

.init_array 
*          0    00000000    00000000     UNINITIALIZED

.binit     0    00000000    00000000     

.bss       0    20200000    00000437     UNINITIALIZED
                  20200000    00000400     (.common:OLED_DisplayBuf)
                  20200400    00000010     (.common:quat)
                  20200410    00000006     (.common:accel)
                  20200416    00000006     (.common:gyro)
                  2020041c    00000004     (.common:pitch)
                  20200420    00000004     (.common:roll)
                  20200424    00000004     (.common:sensor_timestamp)
                  20200428    00000004     (.common:start_time)
                  2020042c    00000004     (.common:tick_ms)
                  20200430    00000004     (.common:yaw)
                  20200434    00000002     (.common:sensors)
                  20200436    00000001     (.common:more)

.data      0    20200438    00000058     UNINITIALIZED
                  20200438    0000002c     inv_mpu.o (.data.st)
                  20200464    00000010     inv_mpu_dmp_motion_driver.o (.data.dmp)
                  20200474    0000000e     mpu6050.o (.data.hal)
                  20200482    00000009     mpu6050.o (.data.gyro_orientation)
                  2020048b    00000001     --HOLE--
                  2020048c    00000004     libc.a : aeabi_portable.c.obj (.data.__aeabi_errno)

.stack     0    20207e00    00000200     UNINITIALIZED
                  20207e00    00000004     libc.a : boot_cortex_m.c.obj (.stack)
                  20207e04    000001fc     --HOLE--

__llvm_prf_cnts 
*          0    20200000    00000000     UNINITIALIZED

__llvm_prf_bits 
*          0    20200000    00000000     UNINITIALIZED

MODULE SUMMARY

       Module                         code    ro data   rw data
       ------                         ----    -------   -------
    .\
       ti_msp_dl_config.o             1362    42        0      
       main.o                         176     54        0      
       startup_mspm0g350x_ticlang.o   8       192       0      
    +--+------------------------------+-------+---------+---------+
       Total:                         1546    288       0      
                                                               
    .\Drivers\MPU6050\
       inv_mpu_dmp_motion_driver.o    3110    3062      16     
       inv_mpu.o                      4600    82        44     
       mspm0_i2c.o                    1320    0         0      
       mpu6050.o                      1224    0         70     
    +--+------------------------------+-------+---------+---------+
       Total:                         10254   3144      130    
                                                               
    .\Drivers\MSPM0\
       clock.o                        328     0         8      
       interrupt.o                    66      0         0      
    +--+------------------------------+-------+---------+---------+
       Total:                         394     0         8      
                                                               
    .\Drivers\OLED\
       OLED.o                         1776    0         1024   
       OLED_Data.o                    0       2090      0      
    +--+------------------------------+-------+---------+---------+
       Total:                         1776    2090      1024   
                                                               
    C:/ti/mspm0_sdk_2_04_00_06/source/ti/driverlib/lib/ticlang/m0p/mspm0g1x0x_g3x0x/driverlib.a
       dl_sysctl_mspm0g1x0x_g3x0x.o   288     0         0      
       dl_i2c.o                       192     0         0      
       dl_common.o                    10      0         0      
    +--+------------------------------+-------+---------+---------+
       Total:                         490     0         0      
                                                               
    C:\ti\ccs2011\ccs\tools\compiler\ti-cgt-armllvm_4.0.3.LTS\lib\armv6m-ti-none-eabi/c/libc.a
       _printfi.c.obj                 4510    34        0      
       e_asin.c.obj                   908     0         0      
       s_atan.c.obj                   784     64        0      
       e_atan2.c.obj                  392     0         0      
       e_sqrt.c.obj                   368     0         0      
       aeabi_ctype.S.obj              0       257       0      
       s_scalbn.c.obj                 216     0         0      
       copy_decompress_lzss.c.obj     124     0         0      
       s_frexp.c.obj                  92      0         0      
       _ltoa.c.obj                    88      0         0      
       vsprintf.c.obj                 78      0         0      
       atoi.c.obj                     64      0         0      
       autoinit.c.obj                 60      0         0      
       boot_cortex_m.c.obj            40      0         0      
       memccpy.c.obj                  34      0         0      
       memcmp.c.obj                   32      0         0      
       copy_decompress_none.c.obj     18      0         0      
       memcpy16.S.obj                 18      0         0      
       copy_zero_init.c.obj           16      0         0      
       wcslen.c.obj                   16      0         0      
       memset16.S.obj                 14      0         0      
       aeabi_portable.c.obj           8       0         4      
       exit.c.obj                     6       0         0      
       pre_init.c.obj                 4       0         0      
    +--+------------------------------+-------+---------+---------+
       Total:                         7890    355       4      
                                                               
    C:\ti\ccs2011\ccs\tools\compiler\ti-cgt-armllvm_4.0.3.LTS\lib\armv6m-ti-none-eabi/c/libsysbm.a
       hostexit.c.obj                 4       0         0      
    +--+------------------------------+-------+---------+---------+
       Total:                         4       0         0      
                                                               
    C:\ti\ccs2011\ccs\tools\compiler\ti-cgt-armllvm_4.0.3.LTS\lib\armv6m-ti-none-eabi/libclang_rt.builtins.a
       adddf3.S.obj                   434     0         0      
       divdf3.S.obj                   284     0         0      
       muldf3.S.obj                   244     0         0      
       comparedf2.c.obj               220     0         0      
       addsf3.S.obj                   216     0         0      
       udivmoddi4.S.obj               162     0         0      
       mulsf3.S.obj                   140     0         0      
       divsf3.S.obj                   130     0         0      
       truncdfsf2.S.obj               116     0         0      
       aeabi_dcmp.S.obj               98      0         0      
       aeabi_idivmod.S.obj            86      0         0      
       fixdfsi.S.obj                  74      0         0      
       aeabi_uidivmod.S.obj           64      0         0      
       extendsfdf2.S.obj              64      0         0      
       floatsisf.S.obj                60      0         0      
       muldsi3.S.obj                  58      0         0      
       fixsfsi.S.obj                  56      0         0      
       floatsidf.S.obj                44      0         0      
       floatunsisf.S.obj              40      0         0      
       muldi3.S.obj                   36      0         0      
       ashldi3.S.obj                  30      0         0      
       aeabi_memset.S.obj             26      0         0      
       aeabi_uldivmod.S.obj           20      0         0      
       aeabi_memcpy.S.obj             8       0         0      
       aeabi_div0.c.obj               4       0         0      
    +--+------------------------------+-------+---------+---------+
       Total:                         2714    0         0      
                                                               
       Stack:                         0       0         512    
       Linker Generated:              0       61        0      
    +--+------------------------------+-------+---------+---------+
       Grand Total:                   25068   5938      1678   


LINKER GENERATED COPY TABLES

__TI_cinit_table @ 00007940 records: 2, size/record: 8, table size: 16
	.data: load addr=00007910, load size=00000019 bytes, run addr=20200438, run size=00000058 bytes, compression=lzss
	.bss: load addr=00007938, load size=00000008 bytes, run addr=20200000, run size=00000437 bytes, compression=zero_init


LINKER GENERATED HANDLER TABLE

__TI_handler_table @ 0000792c records: 3, size/record: 4, table size: 12
	index: 0, handler: __TI_decompress_lzss
	index: 1, handler: __TI_decompress_none
	index: 2, handler: __TI_zero_init


FAR CALL TRAMPOLINES

callee name               trampoline name
   callee addr  tramp addr   call addr  call info
--------------  -----------  ---------  ----------------
__aeabi_dsub              $Tramp$TT$L$PI$$__aeabi_dsub
   00002335     00006204     00006202   libc.a : _printfi.c.obj (.text.OUTLINED_FUNCTION_0)
__aeabi_dmul              $Tramp$TT$L$PI$$__aeabi_dmul
   0000358d     00006220     0000621c   libc.a : e_asin.c.obj (.text.OUTLINED_FUNCTION_0)
                             00006238          : s_atan.c.obj (.text.OUTLINED_FUNCTION_0)
                             0000624c          : e_asin.c.obj (.text.OUTLINED_FUNCTION_1)
                             00006282          : s_atan.c.obj (.text.OUTLINED_FUNCTION_2)
                             000062b0          : e_asin.c.obj (.text.OUTLINED_FUNCTION_2)
__aeabi_ddiv              $Tramp$TT$L$PI$$__aeabi_ddiv
   0000318d     00006258     00006256   libc.a : e_asin.c.obj (.text.OUTLINED_FUNCTION_3)
__aeabi_dadd              $Tramp$TT$L$PI$$__aeabi_dadd
   0000233f     0000629c     00006298   libc.a : s_atan.c.obj (.text.OUTLINED_FUNCTION_1)
                             000062c2          : e_asin.c.obj (.text.OUTLINED_FUNCTION_4)

[4 trampolines]
[9 trampoline calls]


GLOBAL SYMBOLS: SORTED ALPHABETICALLY BY Name 

address   name                                 
-------   ----                                 
000062b9  ADC0_IRQHandler                      
000062b9  ADC1_IRQHandler                      
000062b9  AES_IRQHandler                       
000062bc  C$$EXIT                              
000062b9  CANFD0_IRQHandler                    
000062b9  DAC0_IRQHandler                      
000061f1  DL_Common_delayCycles                
00004cc1  DL_I2C_fillControllerTXFIFO          
00005641  DL_I2C_flushControllerTXFIFO         
00005bbb  DL_I2C_setClockConfig                
00003755  DL_SYSCTL_configSYSPLL               
00005335  DL_SYSCTL_switchMCLKfromSYSOSCtoHSCLK
000062b9  DMA_IRQHandler                       
000062b9  Default_Handler                      
000062b9  GROUP0_IRQHandler                    
00006041  GROUP1_IRQHandler                    
000062bd  HOSTexit                             
000062b9  HardFault_Handler                    
000062b9  I2C0_IRQHandler                      
000062b9  I2C1_IRQHandler                      
00002939  MPU6050_Init                         
000062b9  NMI_Handler                          
00004dd9  OLED_Clear                           
00003b85  OLED_ClearArea                       
20200000  OLED_DisplayBuf                      
000074b6  OLED_F6x8                            
00006ec6  OLED_F8x16                           
0000517d  OLED_GPIO_Init                       
00004fe7  OLED_I2C_SendByte                    
00005be1  OLED_I2C_Start                       
00005de5  OLED_I2C_Stop                        
00004341  OLED_Init                            
00005489  OLED_Printf                          
00005769  OLED_SetCursor                       
000047b1  OLED_ShowChar                        
00001fe5  OLED_ShowImage                       
00004e31  OLED_ShowString                      
00005215  OLED_Update                          
00005809  OLED_W_SCL                           
0000583d  OLED_W_SDA                           
00005a79  OLED_WriteCommand                    
000050dd  OLED_WriteData                       
000062b9  PendSV_Handler                       
000062b9  RTC_IRQHandler                       
0000159d  Read_Quad                            
000062c5  Reset_Handler                        
000062b9  SPI0_IRQHandler                      
000062b9  SPI1_IRQHandler                      
000062b9  SVC_Handler                          
00003ffd  SYSCFG_DL_GPIO_init                  
00004e89  SYSCFG_DL_I2C_MPU6050_init           
0000525d  SYSCFG_DL_SYSCTL_init                
000060e5  SYSCFG_DL_init                       
00005379  SYSCFG_DL_initPower                  
0000617d  SysTick_Handler                      
00005fe5  SysTick_Init                         
000062b9  TIMA0_IRQHandler                     
000062b9  TIMA1_IRQHandler                     
000062b9  TIMG0_IRQHandler                     
000062b9  TIMG12_IRQHandler                    
000062b9  TIMG6_IRQHandler                     
000062b9  TIMG7_IRQHandler                     
000062b9  TIMG8_IRQHandler                     
00006149  TI_memcpy_small                      
000061d7  TI_memset_small                      
000062b9  UART0_IRQHandler                     
000062b9  UART1_IRQHandler                     
000062b9  UART2_IRQHandler                     
000062b9  UART3_IRQHandler                     
20208000  __STACK_END                          
00000200  __STACK_SIZE                         
00000000  __TI_ATRegion0_region_sz             
00000000  __TI_ATRegion0_src_addr              
00000000  __TI_ATRegion0_trg_addr              
00000000  __TI_ATRegion1_region_sz             
00000000  __TI_ATRegion1_src_addr              
00000000  __TI_ATRegion1_trg_addr              
00000000  __TI_ATRegion2_region_sz             
00000000  __TI_ATRegion2_src_addr              
00000000  __TI_ATRegion2_trg_addr              
00007940  __TI_CINIT_Base                      
00007950  __TI_CINIT_Limit                     
00007950  __TI_CINIT_Warm                      
0000792c  __TI_Handler_Table_Base              
00007938  __TI_Handler_Table_Limit             
000056b9  __TI_auto_init_nobinit_nopinit       
00004831  __TI_decompress_lzss                 
0000615b  __TI_decompress_none                 
00004ee1  __TI_ltoa                            
ffffffff  __TI_pprof_out_hndl                  
000000c1  __TI_printfi                         
ffffffff  __TI_prof_data_size                  
ffffffff  __TI_prof_data_start                 
00000000  __TI_static_base__                   
0000619d  __TI_zero_init                       
0000233f  __adddf3                             
00003913  __addsf3                             
000076f0  __aeabi_ctype_table_                 
000076f0  __aeabi_ctype_table_C                
00004921  __aeabi_d2f                          
000051c9  __aeabi_d2iz                         
0000233f  __aeabi_dadd                         
00004b3d  __aeabi_dcmpeq                       
00004b79  __aeabi_dcmpge                       
00004b8d  __aeabi_dcmpgt                       
00004b65  __aeabi_dcmple                       
00004b51  __aeabi_dcmplt                       
0000318d  __aeabi_ddiv                         
0000358d  __aeabi_dmul                         
00002335  __aeabi_dsub                         
2020048c  __aeabi_errno                        
00006285  __aeabi_errno_addr                   
00005509  __aeabi_f2d                          
00005731  __aeabi_f2iz                         
00003913  __aeabi_fadd                         
0000472d  __aeabi_fdiv                         
0000450d  __aeabi_fmul                         
00003909  __aeabi_fsub                         
000059f5  __aeabi_i2d                          
0000567d  __aeabi_i2f                          
00004f91  __aeabi_idiv                         
000024c7  __aeabi_idiv0                        
00004f91  __aeabi_idivmod                      
000042a3  __aeabi_ldiv0                        
00005cad  __aeabi_llsl                         
00005c05  __aeabi_lmul                         
000061e5  __aeabi_memclr                       
000061e5  __aeabi_memclr4                      
000061e5  __aeabi_memclr8                      
0000628d  __aeabi_memcpy                       
0000628d  __aeabi_memcpy4                      
0000628d  __aeabi_memcpy8                      
000061ad  __aeabi_memset                       
000061ad  __aeabi_memset4                      
000061ad  __aeabi_memset8                      
00005b45  __aeabi_ui2f                         
000054c9  __aeabi_uidiv                        
000054c9  __aeabi_uidivmod                     
000060f9  __aeabi_uldivmod                     
00005cad  __ashldi3                            
ffffffff  __binit__                            
00004a09  __cmpdf2                             
0000318d  __divdf3                             
0000472d  __divsf3                             
00004a09  __eqdf2                              
00005509  __extendsfdf2                        
000051c9  __fixdfsi                            
00005731  __fixsfsi                            
000059f5  __floatsidf                          
0000567d  __floatsisf                          
00005b45  __floatunsisf                        
000048ad  __gedf2                              
000048ad  __gtdf2                              
00004a09  __ledf2                              
00004a09  __ltdf2                              
UNDEFED   __mpu_init                           
0000358d  __muldf3                             
00005c05  __muldi3                             
000056f5  __muldsi3                            
0000450d  __mulsf3                             
00004a09  __nedf2                              
20207e00  __stack                              
20200000  __start___llvm_prf_bits              
20200000  __start___llvm_prf_cnts              
20200000  __stop___llvm_prf_bits               
20200000  __stop___llvm_prf_cnts               
00002335  __subdf3                             
00003909  __subsf3                             
00004921  __truncdfsf2                         
00004201  __udivmoddi4                         
00005b6d  _c_int00_noargs                      
UNDEFED   _system_post_cinit                   
000062c9  _system_pre_init                     
000062b3  abort                                
20200410  accel                                
00000a91  asin                                 
00000a91  asinl                                
00000df5  atan                                 
000024c9  atan2                                
000024c9  atan2l                               
00000df5  atanl                                
00005549  atoi                                 
ffffffff  binit                                
000052a5  dmp_enable_6x_lp_quat                
000010ed  dmp_enable_feature                   
00004ba1  dmp_enable_gyro_cal                  
000052ed  dmp_enable_lp_quat                   
00005e01  dmp_load_motion_driver_firmware      
00001c15  dmp_read_fifo                        
0000610d  dmp_register_android_orient_cb       
00006121  dmp_register_tap_cb                  
000043dd  dmp_set_fifo_rate                    
00002651  dmp_set_orientation                  
000053bd  dmp_set_shake_reject_thresh          
000058a5  dmp_set_shake_reject_time            
000058d7  dmp_set_shake_reject_timeout         
00004ad7  dmp_set_tap_axes                     
00005401  dmp_set_tap_count                    
00001365  dmp_set_tap_thresh                   
00005939  dmp_set_tap_time                     
00005969  dmp_set_tap_time_multi               
00004d21  frexp                                
00004d21  frexpl                               
20200416  gyro                                 
000078f6  hw                                   
00000000  interruptVectors                     
00003831  ldexp                                
00003831  ldexpl                               
00003f4d  main                                 
00005c29  memccpy                              
00005c8d  memcmp                               
20200436  more                                 
00004c01  mpu6050_i2c_sda_unlock               
00003dd9  mpu_configure_fifo                   
00004995  mpu_get_accel_fsr                    
00004c61  mpu_get_gyro_fsr                     
00005871  mpu_get_sample_rate                  
00002e21  mpu_init                             
00002f49  mpu_load_firmware                    
000033a1  mpu_lp_accel_mode                    
00003299  mpu_read_fifo_stream                 
000040a9  mpu_read_mem                         
000017c9  mpu_reset_fifo                       
00003671  mpu_set_accel_fsr                    
00002195  mpu_set_bypass                       
00003e95  mpu_set_dmp_state                    
00003c51  mpu_set_gyro_fsr                     
000042a5  mpu_set_int_latched                  
00003ab5  mpu_set_lpf                          
000034a1  mpu_set_sample_rate                  
00002cf1  mpu_set_sensors                      
00004155  mpu_write_mem                        
00005999  mspm0_delay_ms                       
00005a21  mspm0_get_clock_ms                   
00002bbd  mspm0_i2c_read                       
00003d15  mspm0_i2c_write                      
2020041c  pitch                                
20200400  quat                                 
00007888  reg                                  
20200420  roll                                 
00003831  scalbn                               
00003831  scalbnl                              
20200424  sensor_timestamp                     
20200434  sensors                              
000027c9  sqrt                                 
000027c9  sqrtl                                
20200428  start_time                           
00007860  test                                 
2020042c  tick_ms                              
00005a4d  vsprintf                             
0000618d  wcslen                               
20200430  yaw                                  


GLOBAL SYMBOLS: SORTED BY Symbol Address 

address   name                                 
-------   ----                                 
00000000  __TI_ATRegion0_region_sz             
00000000  __TI_ATRegion0_src_addr              
00000000  __TI_ATRegion0_trg_addr              
00000000  __TI_ATRegion1_region_sz             
00000000  __TI_ATRegion1_src_addr              
00000000  __TI_ATRegion1_trg_addr              
00000000  __TI_ATRegion2_region_sz             
00000000  __TI_ATRegion2_src_addr              
00000000  __TI_ATRegion2_trg_addr              
00000000  __TI_static_base__                   
00000000  interruptVectors                     
000000c1  __TI_printfi                         
00000200  __STACK_SIZE                         
00000a91  asin                                 
00000a91  asinl                                
00000df5  atan                                 
00000df5  atanl                                
000010ed  dmp_enable_feature                   
00001365  dmp_set_tap_thresh                   
0000159d  Read_Quad                            
000017c9  mpu_reset_fifo                       
00001c15  dmp_read_fifo                        
00001fe5  OLED_ShowImage                       
00002195  mpu_set_bypass                       
00002335  __aeabi_dsub                         
00002335  __subdf3                             
0000233f  __adddf3                             
0000233f  __aeabi_dadd                         
000024c7  __aeabi_idiv0                        
000024c9  atan2                                
000024c9  atan2l                               
00002651  dmp_set_orientation                  
000027c9  sqrt                                 
000027c9  sqrtl                                
00002939  MPU6050_Init                         
00002bbd  mspm0_i2c_read                       
00002cf1  mpu_set_sensors                      
00002e21  mpu_init                             
00002f49  mpu_load_firmware                    
0000318d  __aeabi_ddiv                         
0000318d  __divdf3                             
00003299  mpu_read_fifo_stream                 
000033a1  mpu_lp_accel_mode                    
000034a1  mpu_set_sample_rate                  
0000358d  __aeabi_dmul                         
0000358d  __muldf3                             
00003671  mpu_set_accel_fsr                    
00003755  DL_SYSCTL_configSYSPLL               
00003831  ldexp                                
00003831  ldexpl                               
00003831  scalbn                               
00003831  scalbnl                              
00003909  __aeabi_fsub                         
00003909  __subsf3                             
00003913  __addsf3                             
00003913  __aeabi_fadd                         
00003ab5  mpu_set_lpf                          
00003b85  OLED_ClearArea                       
00003c51  mpu_set_gyro_fsr                     
00003d15  mspm0_i2c_write                      
00003dd9  mpu_configure_fifo                   
00003e95  mpu_set_dmp_state                    
00003f4d  main                                 
00003ffd  SYSCFG_DL_GPIO_init                  
000040a9  mpu_read_mem                         
00004155  mpu_write_mem                        
00004201  __udivmoddi4                         
000042a3  __aeabi_ldiv0                        
000042a5  mpu_set_int_latched                  
00004341  OLED_Init                            
000043dd  dmp_set_fifo_rate                    
0000450d  __aeabi_fmul                         
0000450d  __mulsf3                             
0000472d  __aeabi_fdiv                         
0000472d  __divsf3                             
000047b1  OLED_ShowChar                        
00004831  __TI_decompress_lzss                 
000048ad  __gedf2                              
000048ad  __gtdf2                              
00004921  __aeabi_d2f                          
00004921  __truncdfsf2                         
00004995  mpu_get_accel_fsr                    
00004a09  __cmpdf2                             
00004a09  __eqdf2                              
00004a09  __ledf2                              
00004a09  __ltdf2                              
00004a09  __nedf2                              
00004ad7  dmp_set_tap_axes                     
00004b3d  __aeabi_dcmpeq                       
00004b51  __aeabi_dcmplt                       
00004b65  __aeabi_dcmple                       
00004b79  __aeabi_dcmpge                       
00004b8d  __aeabi_dcmpgt                       
00004ba1  dmp_enable_gyro_cal                  
00004c01  mpu6050_i2c_sda_unlock               
00004c61  mpu_get_gyro_fsr                     
00004cc1  DL_I2C_fillControllerTXFIFO          
00004d21  frexp                                
00004d21  frexpl                               
00004dd9  OLED_Clear                           
00004e31  OLED_ShowString                      
00004e89  SYSCFG_DL_I2C_MPU6050_init           
00004ee1  __TI_ltoa                            
00004f91  __aeabi_idiv                         
00004f91  __aeabi_idivmod                      
00004fe7  OLED_I2C_SendByte                    
000050dd  OLED_WriteData                       
0000517d  OLED_GPIO_Init                       
000051c9  __aeabi_d2iz                         
000051c9  __fixdfsi                            
00005215  OLED_Update                          
0000525d  SYSCFG_DL_SYSCTL_init                
000052a5  dmp_enable_6x_lp_quat                
000052ed  dmp_enable_lp_quat                   
00005335  DL_SYSCTL_switchMCLKfromSYSOSCtoHSCLK
00005379  SYSCFG_DL_initPower                  
000053bd  dmp_set_shake_reject_thresh          
00005401  dmp_set_tap_count                    
00005489  OLED_Printf                          
000054c9  __aeabi_uidiv                        
000054c9  __aeabi_uidivmod                     
00005509  __aeabi_f2d                          
00005509  __extendsfdf2                        
00005549  atoi                                 
00005641  DL_I2C_flushControllerTXFIFO         
0000567d  __aeabi_i2f                          
0000567d  __floatsisf                          
000056b9  __TI_auto_init_nobinit_nopinit       
000056f5  __muldsi3                            
00005731  __aeabi_f2iz                         
00005731  __fixsfsi                            
00005769  OLED_SetCursor                       
00005809  OLED_W_SCL                           
0000583d  OLED_W_SDA                           
00005871  mpu_get_sample_rate                  
000058a5  dmp_set_shake_reject_time            
000058d7  dmp_set_shake_reject_timeout         
00005939  dmp_set_tap_time                     
00005969  dmp_set_tap_time_multi               
00005999  mspm0_delay_ms                       
000059f5  __aeabi_i2d                          
000059f5  __floatsidf                          
00005a21  mspm0_get_clock_ms                   
00005a4d  vsprintf                             
00005a79  OLED_WriteCommand                    
00005b45  __aeabi_ui2f                         
00005b45  __floatunsisf                        
00005b6d  _c_int00_noargs                      
00005bbb  DL_I2C_setClockConfig                
00005be1  OLED_I2C_Start                       
00005c05  __aeabi_lmul                         
00005c05  __muldi3                             
00005c29  memccpy                              
00005c8d  memcmp                               
00005cad  __aeabi_llsl                         
00005cad  __ashldi3                            
00005de5  OLED_I2C_Stop                        
00005e01  dmp_load_motion_driver_firmware      
00005fe5  SysTick_Init                         
00006041  GROUP1_IRQHandler                    
000060e5  SYSCFG_DL_init                       
000060f9  __aeabi_uldivmod                     
0000610d  dmp_register_android_orient_cb       
00006121  dmp_register_tap_cb                  
00006149  TI_memcpy_small                      
0000615b  __TI_decompress_none                 
0000617d  SysTick_Handler                      
0000618d  wcslen                               
0000619d  __TI_zero_init                       
000061ad  __aeabi_memset                       
000061ad  __aeabi_memset4                      
000061ad  __aeabi_memset8                      
000061d7  TI_memset_small                      
000061e5  __aeabi_memclr                       
000061e5  __aeabi_memclr4                      
000061e5  __aeabi_memclr8                      
000061f1  DL_Common_delayCycles                
00006285  __aeabi_errno_addr                   
0000628d  __aeabi_memcpy                       
0000628d  __aeabi_memcpy4                      
0000628d  __aeabi_memcpy8                      
000062b3  abort                                
000062b9  ADC0_IRQHandler                      
000062b9  ADC1_IRQHandler                      
000062b9  AES_IRQHandler                       
000062b9  CANFD0_IRQHandler                    
000062b9  DAC0_IRQHandler                      
000062b9  DMA_IRQHandler                       
000062b9  Default_Handler                      
000062b9  GROUP0_IRQHandler                    
000062b9  HardFault_Handler                    
000062b9  I2C0_IRQHandler                      
000062b9  I2C1_IRQHandler                      
000062b9  NMI_Handler                          
000062b9  PendSV_Handler                       
000062b9  RTC_IRQHandler                       
000062b9  SPI0_IRQHandler                      
000062b9  SPI1_IRQHandler                      
000062b9  SVC_Handler                          
000062b9  TIMA0_IRQHandler                     
000062b9  TIMA1_IRQHandler                     
000062b9  TIMG0_IRQHandler                     
000062b9  TIMG12_IRQHandler                    
000062b9  TIMG6_IRQHandler                     
000062b9  TIMG7_IRQHandler                     
000062b9  TIMG8_IRQHandler                     
000062b9  UART0_IRQHandler                     
000062b9  UART1_IRQHandler                     
000062b9  UART2_IRQHandler                     
000062b9  UART3_IRQHandler                     
000062bc  C$$EXIT                              
000062bd  HOSTexit                             
000062c5  Reset_Handler                        
000062c9  _system_pre_init                     
00006ec6  OLED_F8x16                           
000074b6  OLED_F6x8                            
000076f0  __aeabi_ctype_table_                 
000076f0  __aeabi_ctype_table_C                
00007860  test                                 
00007888  reg                                  
000078f6  hw                                   
0000792c  __TI_Handler_Table_Base              
00007938  __TI_Handler_Table_Limit             
00007940  __TI_CINIT_Base                      
00007950  __TI_CINIT_Limit                     
00007950  __TI_CINIT_Warm                      
20200000  OLED_DisplayBuf                      
20200000  __start___llvm_prf_bits              
20200000  __start___llvm_prf_cnts              
20200000  __stop___llvm_prf_bits               
20200000  __stop___llvm_prf_cnts               
20200400  quat                                 
20200410  accel                                
20200416  gyro                                 
2020041c  pitch                                
20200420  roll                                 
20200424  sensor_timestamp                     
20200428  start_time                           
2020042c  tick_ms                              
20200430  yaw                                  
20200434  sensors                              
20200436  more                                 
2020048c  __aeabi_errno                        
20207e00  __stack                              
20208000  __STACK_END                          
ffffffff  __TI_pprof_out_hndl                  
ffffffff  __TI_prof_data_size                  
ffffffff  __TI_prof_data_start                 
ffffffff  __binit__                            
ffffffff  binit                                
UNDEFED   __mpu_init                           
UNDEFED   _system_post_cinit                   

[252 symbols]
