******************************************************************************
            TI ARM Clang Linker PC v4.0.3                      
******************************************************************************
>> Linked Fri Jul  4 14:28:37 2025

OUTPUT FILE NAME:   <1_LED.out>
ENTRY POINT SYMBOL: "_c_int00_noinit_noargs"  address: 0000036d


MEMORY CONFIGURATION

         name            origin    length      used     unused   attr    fill
----------------------  --------  ---------  --------  --------  ----  --------
  FLASH                 00000000   00020000  00000418  0001fbe8  R  X
  SRAM                  20200000   00008000  00000200  00007e00  RW X
  BCR_CONFIG            41c00000   000000ff  00000000  000000ff  R   
  BSL_CONFIG            41c00100   00000080  00000000  00000080  R   


SEGMENT ALLOCATION MAP

run origin  load origin   length   init length attrs members
----------  ----------- ---------- ----------- ----- -------
00000000    00000000    00000418   00000418    r-x
  00000000    00000000    000000c0   000000c0    r-- .intvecs
  000000c0    000000c0    00000330   00000330    r-x .text
  000003f0    000003f0    00000028   00000028    r-- .rodata
20207e00    20207e00    00000200   00000000    rw-
  20207e00    20207e00    00000200   00000000    rw- .stack


SECTION ALLOCATION MAP

 output                                  attributes/
section   page    origin      length       input sections
--------  ----  ----------  ----------   ----------------
.intvecs   0    00000000    000000c0     
                  00000000    000000c0     startup_mspm0g350x_ticlang.o (.intvecs)

.text      0    000000c0    00000330     
                  000000c0    000000dc     driverlib.a : dl_sysctl_mspm0g1x0x_g3x0x.o (.text.DL_SYSCTL_configSYSPLL)
                  0000019c    0000006c     Delay.o (.text.Delay_ms)
                  00000208    0000005c     ti_msp_dl_config.o (.text.SYSCFG_DL_SYSCTL_init)
                  00000264    00000056     empty.o (.text.main)
                  000002ba    00000002     startup_mspm0g350x_ticlang.o (.text.Default_Handler)
                  000002bc    00000044     driverlib.a : dl_sysctl_mspm0g1x0x_g3x0x.o (.text.DL_SYSCTL_switchMCLKfromSYSOSCtoHSCLK)
                  00000300    00000040     libclang_rt.builtins.a : aeabi_uidivmod.S.obj (.text.__aeabi_uidivmod)
                  00000340    0000002c     ti_msp_dl_config.o (.text.SYSCFG_DL_initPower)
                  0000036c    00000020     libc.a : boot_cortex_m.c.obj (.text:_c_int00_noinit_noargs)
                  0000038c    0000001c     ti_msp_dl_config.o (.text.SYSCFG_DL_GPIO_init)
                  000003a8    00000014     LED.o (.text.LED)
                  000003bc    00000010     ti_msp_dl_config.o (.text.SYSCFG_DL_init)
                  000003cc    0000000a     driverlib.a : dl_common.o (.text.DL_Common_delayCycles)
                  000003d6    00000006     libc.a : exit.c.obj (.text:abort)
                  000003dc    00000004     libsysbm.a : hostexit.c.obj (.text.HOSTexit)
                  000003e0    00000004     startup_mspm0g350x_ticlang.o (.text.Reset_Handler)
                  000003e4    00000004     libc.a : pre_init.c.obj (.text._system_pre_init)
                  000003e8    00000002     libclang_rt.builtins.a : aeabi_div0.c.obj (.text.__aeabi_idiv0)
                  000003ea    00000006     --HOLE-- [fill = 0]

.cinit     0    00000000    00000000     

.rodata    0    000003f0    00000028     
                  000003f0    00000028     ti_msp_dl_config.o (.rodata.gSYSPLLConfig)

.init_array 
*          0    00000000    00000000     UNINITIALIZED

.binit     0    00000000    00000000     

.stack     0    20207e00    00000200     UNINITIALIZED
                  20207e00    00000004     libc.a : boot_cortex_m.c.obj (.stack)
                  20207e04    000001fc     --HOLE--

__llvm_prf_cnts 
*          0    20200000    00000000     UNINITIALIZED

__llvm_prf_bits 
*          0    20200000    00000000     UNINITIALIZED

MODULE SUMMARY

       Module                         code   ro data   rw data
       ------                         ----   -------   -------
    .\
       ti_msp_dl_config.o             180    40        0      
       startup_mspm0g350x_ticlang.o   6      192       0      
       empty.o                        86     0         0      
    +--+------------------------------+------+---------+---------+
       Total:                         272    232       0      
                                                              
    .\Hardware\
       LED.o                          20     0         0      
    +--+------------------------------+------+---------+---------+
       Total:                         20     0         0      
                                                              
    .\User\
       Delay.o                        108    0         0      
    +--+------------------------------+------+---------+---------+
       Total:                         108    0         0      
                                                              
    C:/ti/mspm0_sdk_2_04_00_06/source/ti/driverlib/lib/ticlang/m0p/mspm0g1x0x_g3x0x/driverlib.a
       dl_sysctl_mspm0g1x0x_g3x0x.o   288    0         0      
       dl_common.o                    10     0         0      
    +--+------------------------------+------+---------+---------+
       Total:                         298    0         0      
                                                              
    C:\ti\ccs2011\ccs\tools\compiler\ti-cgt-armllvm_4.0.3.LTS\lib\armv6m-ti-none-eabi/c/libc.a
       boot_cortex_m.c.obj            32     0         0      
       exit.c.obj                     6      0         0      
       pre_init.c.obj                 4      0         0      
    +--+------------------------------+------+---------+---------+
       Total:                         42     0         0      
                                                              
    C:\ti\ccs2011\ccs\tools\compiler\ti-cgt-armllvm_4.0.3.LTS\lib\armv6m-ti-none-eabi/c/libsysbm.a
       hostexit.c.obj                 4      0         0      
    +--+------------------------------+------+---------+---------+
       Total:                         4      0         0      
                                                              
    C:\ti\ccs2011\ccs\tools\compiler\ti-cgt-armllvm_4.0.3.LTS\lib\armv6m-ti-none-eabi/libclang_rt.builtins.a
       aeabi_uidivmod.S.obj           64     0         0      
       aeabi_div0.c.obj               2      0         0      
    +--+------------------------------+------+---------+---------+
       Total:                         66     0         0      
                                                              
       Stack:                         0      0         512    
    +--+------------------------------+------+---------+---------+
       Grand Total:                   810    232       512    


GLOBAL SYMBOLS: SORTED ALPHABETICALLY BY Name 

address   name                                 
-------   ----                                 
000002bb  ADC0_IRQHandler                      
000002bb  ADC1_IRQHandler                      
000002bb  AES_IRQHandler                       
000003dc  C$$EXIT                              
000002bb  CANFD0_IRQHandler                    
000002bb  DAC0_IRQHandler                      
000003cd  DL_Common_delayCycles                
000000c1  DL_SYSCTL_configSYSPLL               
000002bd  DL_SYSCTL_switchMCLKfromSYSOSCtoHSCLK
000002bb  DMA_IRQHandler                       
000002bb  Default_Handler                      
0000019d  Delay_ms                             
000002bb  GROUP0_IRQHandler                    
000002bb  GROUP1_IRQHandler                    
000003dd  HOSTexit                             
000002bb  HardFault_Handler                    
000002bb  I2C0_IRQHandler                      
000002bb  I2C1_IRQHandler                      
000003a9  LED                                  
000002bb  NMI_Handler                          
000002bb  PendSV_Handler                       
000002bb  RTC_IRQHandler                       
000003e1  Reset_Handler                        
000002bb  SPI0_IRQHandler                      
000002bb  SPI1_IRQHandler                      
000002bb  SVC_Handler                          
0000038d  SYSCFG_DL_GPIO_init                  
00000209  SYSCFG_DL_SYSCTL_init                
000003bd  SYSCFG_DL_init                       
00000341  SYSCFG_DL_initPower                  
000002bb  SysTick_Handler                      
000002bb  TIMA0_IRQHandler                     
000002bb  TIMA1_IRQHandler                     
000002bb  TIMG0_IRQHandler                     
000002bb  TIMG12_IRQHandler                    
000002bb  TIMG6_IRQHandler                     
000002bb  TIMG7_IRQHandler                     
000002bb  TIMG8_IRQHandler                     
000002bb  UART0_IRQHandler                     
000002bb  UART1_IRQHandler                     
000002bb  UART2_IRQHandler                     
000002bb  UART3_IRQHandler                     
20208000  __STACK_END                          
00000200  __STACK_SIZE                         
00000000  __TI_ATRegion0_region_sz             
00000000  __TI_ATRegion0_src_addr              
00000000  __TI_ATRegion0_trg_addr              
00000000  __TI_ATRegion1_region_sz             
00000000  __TI_ATRegion1_src_addr              
00000000  __TI_ATRegion1_trg_addr              
00000000  __TI_ATRegion2_region_sz             
00000000  __TI_ATRegion2_src_addr              
00000000  __TI_ATRegion2_trg_addr              
00000000  __TI_CINIT_Base                      
00000000  __TI_CINIT_Limit                     
00000000  __TI_CINIT_Warm                      
ffffffff  __TI_pprof_out_hndl                  
ffffffff  __TI_prof_data_size                  
ffffffff  __TI_prof_data_start                 
00000000  __TI_static_base__                   
000003e9  __aeabi_idiv0                        
00000301  __aeabi_uidiv                        
00000301  __aeabi_uidivmod                     
ffffffff  __binit__                            
UNDEFED   __mpu_init                           
20207e00  __stack                              
20200000  __start___llvm_prf_bits              
20200000  __start___llvm_prf_cnts              
20200000  __stop___llvm_prf_bits               
20200000  __stop___llvm_prf_cnts               
0000036d  _c_int00_noinit_noargs               
000003e5  _system_pre_init                     
000003d7  abort                                
ffffffff  binit                                
00000000  interruptVectors                     
00000265  main                                 


GLOBAL SYMBOLS: SORTED BY Symbol Address 

address   name                                 
-------   ----                                 
00000000  __TI_ATRegion0_region_sz             
00000000  __TI_ATRegion0_src_addr              
00000000  __TI_ATRegion0_trg_addr              
00000000  __TI_ATRegion1_region_sz             
00000000  __TI_ATRegion1_src_addr              
00000000  __TI_ATRegion1_trg_addr              
00000000  __TI_ATRegion2_region_sz             
00000000  __TI_ATRegion2_src_addr              
00000000  __TI_ATRegion2_trg_addr              
00000000  __TI_CINIT_Base                      
00000000  __TI_CINIT_Limit                     
00000000  __TI_CINIT_Warm                      
00000000  __TI_static_base__                   
00000000  interruptVectors                     
000000c1  DL_SYSCTL_configSYSPLL               
0000019d  Delay_ms                             
00000200  __STACK_SIZE                         
00000209  SYSCFG_DL_SYSCTL_init                
00000265  main                                 
000002bb  ADC0_IRQHandler                      
000002bb  ADC1_IRQHandler                      
000002bb  AES_IRQHandler                       
000002bb  CANFD0_IRQHandler                    
000002bb  DAC0_IRQHandler                      
000002bb  DMA_IRQHandler                       
000002bb  Default_Handler                      
000002bb  GROUP0_IRQHandler                    
000002bb  GROUP1_IRQHandler                    
000002bb  HardFault_Handler                    
000002bb  I2C0_IRQHandler                      
000002bb  I2C1_IRQHandler                      
000002bb  NMI_Handler                          
000002bb  PendSV_Handler                       
000002bb  RTC_IRQHandler                       
000002bb  SPI0_IRQHandler                      
000002bb  SPI1_IRQHandler                      
000002bb  SVC_Handler                          
000002bb  SysTick_Handler                      
000002bb  TIMA0_IRQHandler                     
000002bb  TIMA1_IRQHandler                     
000002bb  TIMG0_IRQHandler                     
000002bb  TIMG12_IRQHandler                    
000002bb  TIMG6_IRQHandler                     
000002bb  TIMG7_IRQHandler                     
000002bb  TIMG8_IRQHandler                     
000002bb  UART0_IRQHandler                     
000002bb  UART1_IRQHandler                     
000002bb  UART2_IRQHandler                     
000002bb  UART3_IRQHandler                     
000002bd  DL_SYSCTL_switchMCLKfromSYSOSCtoHSCLK
00000301  __aeabi_uidiv                        
00000301  __aeabi_uidivmod                     
00000341  SYSCFG_DL_initPower                  
0000036d  _c_int00_noinit_noargs               
0000038d  SYSCFG_DL_GPIO_init                  
000003a9  LED                                  
000003bd  SYSCFG_DL_init                       
000003cd  DL_Common_delayCycles                
000003d7  abort                                
000003dc  C$$EXIT                              
000003dd  HOSTexit                             
000003e1  Reset_Handler                        
000003e5  _system_pre_init                     
000003e9  __aeabi_idiv0                        
20200000  __start___llvm_prf_bits              
20200000  __start___llvm_prf_cnts              
20200000  __stop___llvm_prf_bits               
20200000  __stop___llvm_prf_cnts               
20207e00  __stack                              
20208000  __STACK_END                          
ffffffff  __TI_pprof_out_hndl                  
ffffffff  __TI_prof_data_size                  
ffffffff  __TI_prof_data_start                 
ffffffff  __binit__                            
ffffffff  binit                                
UNDEFED   __mpu_init                           

[76 symbols]
