******************************************************************************
            TI ARM Clang Linker PC v4.0.3                      
******************************************************************************
>> Linked Sat Jul  5 14:24:41 2025

OUTPUT FILE NAME:   <3_OLED.out>
ENTRY POINT SYMBOL: "_c_int00_noargs"  address: 00002bc9


MEMORY CONFIGURATION

         name            origin    length      used     unused   attr    fill
----------------------  --------  ---------  --------  --------  ----  --------
  FLASH                 00000000   00020000  00003738  0001c8c8  R  X
  SRAM                  20200000   00008000  00000604  000079fc  RW X
  BCR_CONFIG            41c00000   000000ff  00000000  000000ff  R   
  BSL_CONFIG            41c00100   00000080  00000000  00000080  R   


SEGMENT ALLOCATION MAP

run origin  load origin   length   init length attrs members
----------  ----------- ---------- ----------- ----- -------
00000000    00000000    00002d78   00002d78    r-x
  00000000    00000000    000000c0   000000c0    r-- .intvecs
  000000c0    000000c0    00002cb8   00002cb8    r-x .text
00002d80    00002d80    000009c0   000009c0    r--
  00002d80    00002d80    00000990   00000990    r-- .rodata
  00003710    00003710    00000030   00000030    r-- .cinit
20200000    20200000    00000404   00000000    rw-
  20200000    20200000    00000400   00000000    rw- .bss
  20200400    20200400    00000004   00000000    rw- .data
20207e00    20207e00    00000200   00000000    rw-
  20207e00    20207e00    00000200   00000000    rw- .stack


SECTION ALLOCATION MAP

 output                                  attributes/
section   page    origin      length       input sections
--------  ----  ----------  ----------   ----------------
.intvecs   0    00000000    000000c0     
                  00000000    000000c0     startup_mspm0g350x_ticlang.o (.intvecs)

.text      0    000000c0    00002cb8     
                  000000c0    000009d0     libc.a : _printfi.c.obj (.text:__TI_printfi)
                  00000a90    000003bc     OLED.o (.text.OLED_WriteData)
                  00000e4c    00000360     OLED.o (.text.OLED_WriteCommand)
                  000011ac    00000264     OLED.o (.text.OLED_ShowImage)
                  00001410    00000220     libc.a : _printfi.c.obj (.text._pconv_a)
                  00001630    000001dc            : _printfi.c.obj (.text._pconv_g)
                  0000180c    000001c0     OLED.o (.text.OLED_Init)
                  000019cc    00000192     libclang_rt.builtins.a : adddf3.S.obj (.text.adddf3_subdf3)
                  00001b5e    00000002     startup_mspm0g350x_ticlang.o (.text.Default_Handler)
                  00001b60    0000013c     libc.a : _printfi.c.obj (.text.fcvt)
                  00001c9c    00000120            : _printfi.c.obj (.text._pconv_e)
                  00001dbc    0000010c     libclang_rt.builtins.a : divdf3.S.obj (.text.__divdf3)
                  00001ec8    00000104     OLED.o (.text.OLED_Update)
                  00001fcc    000000e4     libclang_rt.builtins.a : muldf3.S.obj (.text.__muldf3)
                  000020b0    000000dc     driverlib.a : dl_sysctl_mspm0g1x0x_g3x0x.o (.text.DL_SYSCTL_configSYSPLL)
                  0000218c    000000d8     libc.a : s_scalbn.c.obj (.text.scalbn)
                  00002264    000000a2     libclang_rt.builtins.a : udivmoddi4.S.obj (.text)
                  00002306    0000009a     libc.a : memcpy16.S.obj (.text:memcpy)
                  000023a0    0000007c            : copy_decompress_lzss.c.obj (.text:decompress:lzss)
                  0000241c    00000074     OLED.o (.text.OLED_Printf)
                  00002490    00000074     libclang_rt.builtins.a : comparedf2.c.obj (.text.__gedf2)
                  00002504    00000068                            : comparedf2.c.obj (.text.__ledf2)
                  0000256c    00000066     libc.a : _printfi.c.obj (.text._mcpy)
                  000025d2    00000062     Delay.o (.text.Delay_us)
                  00002634    00000062     libclang_rt.builtins.a : aeabi_dcmp.S.obj (.text.__aeabi_dcmp)
                  00002696    00000062     libc.a : memset16.S.obj (.text:memset)
                  000026f8    0000005c     ti_msp_dl_config.o (.text.SYSCFG_DL_SYSCTL_init)
                  00002754    0000005c     libc.a : s_frexp.c.obj (.text.frexp)
                  000027b0    00000058            : _ltoa.c.obj (.text.__TI_ltoa)
                  00002808    00000058            : _printfi.c.obj (.text._pconv_f)
                  00002860    00000056     libclang_rt.builtins.a : aeabi_idivmod.S.obj (.text.__aeabi_idivmod)
                  000028b6    00000052     libc.a : _printfi.c.obj (.text._ecpy)
                  00002908    0000004a     libclang_rt.builtins.a : fixdfsi.S.obj (.text.__fixdfsi)
                  00002952    00000002                            : aeabi_div0.c.obj (.text.__aeabi_idiv0)
                  00002954    00000044     driverlib.a : dl_sysctl_mspm0g1x0x_g3x0x.o (.text.DL_SYSCTL_switchMCLKfromSYSOSCtoHSCLK)
                  00002998    00000044     ti_msp_dl_config.o (.text.SYSCFG_DL_GPIO_init)
                  000029dc    00000040     libclang_rt.builtins.a : aeabi_uidivmod.S.obj (.text.__aeabi_uidivmod)
                  00002a1c    00000040     libc.a : atoi.c.obj (.text.atoi)
                  00002a5c    00000040     empty.o (.text.main)
                  00002a9c    0000003c     libc.a : autoinit.c.obj (.text:__TI_auto_init_nobinit_nopinit)
                  00002ad8    0000003a     libclang_rt.builtins.a : muldsi3.S.obj (.text.__muldsi3)
                  00002b12    00000030     libc.a : _printfi.c.obj (.text._fcpy)
                  00002b42    00000002     libclang_rt.builtins.a : aeabi_div0.c.obj (.text.__aeabi_ldiv0)
                  00002b44    0000002c     ti_msp_dl_config.o (.text.SYSCFG_DL_initPower)
                  00002b70    0000002c     libclang_rt.builtins.a : floatsidf.S.obj (.text.__floatsidf)
                  00002b9c    0000002c     libc.a : vsprintf.c.obj (.text.vsprintf)
                  00002bc8    00000028            : boot_cortex_m.c.obj (.text:_c_int00_noargs)
                  00002bf0    00000024     libclang_rt.builtins.a : muldi3.S.obj (.text.__muldi3)
                  00002c14    00000022     libc.a : memccpy.c.obj (.text.memccpy)
                  00002c36    00000002     --HOLE-- [fill = 0]
                  00002c38    0000001e     libclang_rt.builtins.a : ashldi3.S.obj (.text.__ashldi3)
                  00002c56    00000018     libc.a : vsprintf.c.obj (.text._outs)
                  00002c6e    00000002     --HOLE-- [fill = 0]
                  00002c70    00000014     OLED.o (.text.OLED_Clear)
                  00002c84    00000014     libclang_rt.builtins.a : aeabi_uldivmod.S.obj (.text.__aeabi_uldivmod)
                  00002c98    00000014     libc.a : _printfi.c.obj (.text.strchr)
                  00002cac    00000012            : copy_decompress_none.c.obj (.text:decompress:none)
                  00002cbe    00000010     ti_msp_dl_config.o (.text.SYSCFG_DL_init)
                  00002cce    00000010     libc.a : wcslen.c.obj (.text.wcslen)
                  00002cde    00000010            : copy_zero_init.c.obj (.text:decompress:ZI)
                  00002cee    00000002     --HOLE-- [fill = 0]
                  00002cf0    0000000e     libclang_rt.builtins.a : aeabi_memset.S.obj (.text.__aeabi_memset)
                  00002cfe    0000000e     libc.a : _printfi.c.obj (.text.strlen)
                  00002d0c    0000000c     libclang_rt.builtins.a : aeabi_memset.S.obj (.text.__aeabi_memclr)
                  00002d18    0000000a     driverlib.a : dl_common.o (.text.DL_Common_delayCycles)
                  00002d22    0000000a     libc.a : _printfi.c.obj (.text.OUTLINED_FUNCTION_0)
                  00002d2c    00000010     libclang_rt.builtins.a : adddf3.S.obj (.tramp.__aeabi_dsub.1)
                  00002d3c    0000000a     libc.a : _printfi.c.obj (.text.OUTLINED_FUNCTION_1)
                  00002d46    0000000a            : vsprintf.c.obj (.text._outc)
                  00002d50    00000008            : aeabi_portable.c.obj (.text.__aeabi_errno_addr)
                  00002d58    00000008     libclang_rt.builtins.a : aeabi_memcpy.S.obj (.text.__aeabi_memcpy)
                  00002d60    00000006     libc.a : exit.c.obj (.text:abort)
                  00002d66    00000004     libsysbm.a : hostexit.c.obj (.text.HOSTexit)
                  00002d6a    00000004     startup_mspm0g350x_ticlang.o (.text.Reset_Handler)
                  00002d6e    00000004     libc.a : pre_init.c.obj (.text._system_pre_init)
                  00002d72    00000006     --HOLE-- [fill = 0]

.cinit     0    00003710    00000030     
                  00003710    0000000c     (__TI_handler_table)
                  0000371c    00000008     (.cinit..bss.load) [load image, compression = zero_init]
                  00003724    00000007     (.cinit..data.load) [load image, compression = lzss]
                  0000372b    00000001     --HOLE-- [fill = 0]
                  0000372c    00000010     (__TI_cinit_table)
                  0000373c    00000004     --HOLE-- [fill = 0]

.rodata    0    00002d80    00000990     
                  00002d80    000005f0     OLED_Data.o (.rodata.OLED_F8x16)
                  00003370    0000023a     OLED_Data.o (.rodata.OLED_F6x8)
                  000035aa    00000005     empty.o (.rodata.str1.254342170260855183.1)
                  000035af    00000001     --HOLE-- [fill = 0]
                  000035b0    00000101     libc.a : aeabi_ctype.S.obj (.rodata:__aeabi_ctype_table_)
                  000036b1    00000003     --HOLE-- [fill = 0]
                  000036b4    00000028     ti_msp_dl_config.o (.rodata.gSYSPLLConfig)
                  000036dc    00000011     libc.a : _printfi.c.obj (.rodata.str1.10348868589481759720.1)
                  000036ed    00000011            : _printfi.c.obj (.rodata.str1.15363888844622738466.1)
                  000036fe    00000005     empty.o (.rodata.str1.9517790425240694019.1)
                  00003703    0000000d     --HOLE-- [fill = 0]

.init_array 
*          0    00000000    00000000     UNINITIALIZED

.binit     0    00000000    00000000     

.bss       0    20200000    00000400     UNINITIALIZED
                  20200000    00000400     (.common:OLED_DisplayBuf)

.data      0    20200400    00000004     UNINITIALIZED
                  20200400    00000004     libc.a : aeabi_portable.c.obj (.data.__aeabi_errno)

.stack     0    20207e00    00000200     UNINITIALIZED
                  20207e00    00000004     libc.a : boot_cortex_m.c.obj (.stack)
                  20207e04    000001fc     --HOLE--

__llvm_prf_cnts 
*          0    20200000    00000000     UNINITIALIZED

__llvm_prf_bits 
*          0    20200000    00000000     UNINITIALIZED

MODULE SUMMARY

       Module                         code    ro data   rw data
       ------                         ----    -------   -------
    .\
       ti_msp_dl_config.o             220     40        0      
       startup_mspm0g350x_ticlang.o   6       192       0      
       empty.o                        64      10        0      
    +--+------------------------------+-------+---------+---------+
       Total:                         290     242       0      
                                                               
    .\OLED\
       OLED.o                         3276    0         1024   
       OLED_Data.o                    0       2090      0      
    +--+------------------------------+-------+---------+---------+
       Total:                         3276    2090      1024   
                                                               
    .\User\
       Delay.o                        98      0         0      
    +--+------------------------------+-------+---------+---------+
       Total:                         98      0         0      
                                                               
    C:/ti/mspm0_sdk_2_04_00_06/source/ti/driverlib/lib/ticlang/m0p/mspm0g1x0x_g3x0x/driverlib.a
       dl_sysctl_mspm0g1x0x_g3x0x.o   288     0         0      
       dl_common.o                    10      0         0      
    +--+------------------------------+-------+---------+---------+
       Total:                         298     0         0      
                                                               
    C:\ti\ccs2011\ccs\tools\compiler\ti-cgt-armllvm_4.0.3.LTS\lib\armv6m-ti-none-eabi/c/libc.a
       _printfi.c.obj                 4510    34        0      
       aeabi_ctype.S.obj              0       257       0      
       s_scalbn.c.obj                 216     0         0      
       memcpy16.S.obj                 154     0         0      
       copy_decompress_lzss.c.obj     124     0         0      
       memset16.S.obj                 98      0         0      
       s_frexp.c.obj                  92      0         0      
       _ltoa.c.obj                    88      0         0      
       vsprintf.c.obj                 78      0         0      
       atoi.c.obj                     64      0         0      
       autoinit.c.obj                 60      0         0      
       boot_cortex_m.c.obj            40      0         0      
       memccpy.c.obj                  34      0         0      
       copy_decompress_none.c.obj     18      0         0      
       copy_zero_init.c.obj           16      0         0      
       wcslen.c.obj                   16      0         0      
       aeabi_portable.c.obj           8       0         4      
       exit.c.obj                     6       0         0      
       pre_init.c.obj                 4       0         0      
    +--+------------------------------+-------+---------+---------+
       Total:                         5626    291       4      
                                                               
    C:\ti\ccs2011\ccs\tools\compiler\ti-cgt-armllvm_4.0.3.LTS\lib\armv6m-ti-none-eabi/c/libsysbm.a
       hostexit.c.obj                 4       0         0      
    +--+------------------------------+-------+---------+---------+
       Total:                         4       0         0      
                                                               
    C:\ti\ccs2011\ccs\tools\compiler\ti-cgt-armllvm_4.0.3.LTS\lib\armv6m-ti-none-eabi/libclang_rt.builtins.a
       adddf3.S.obj                   418     0         0      
       divdf3.S.obj                   268     0         0      
       muldf3.S.obj                   228     0         0      
       comparedf2.c.obj               220     0         0      
       udivmoddi4.S.obj               162     0         0      
       aeabi_dcmp.S.obj               98      0         0      
       aeabi_idivmod.S.obj            86      0         0      
       fixdfsi.S.obj                  74      0         0      
       aeabi_uidivmod.S.obj           64      0         0      
       muldsi3.S.obj                  58      0         0      
       floatsidf.S.obj                44      0         0      
       muldi3.S.obj                   36      0         0      
       ashldi3.S.obj                  30      0         0      
       aeabi_memset.S.obj             26      0         0      
       aeabi_uldivmod.S.obj           20      0         0      
       aeabi_memcpy.S.obj             8       0         0      
       aeabi_div0.c.obj               4       0         0      
    +--+------------------------------+-------+---------+---------+
       Total:                         1844    0         0      
                                                               
       Stack:                         0       0         512    
       Linker Generated:              0       43        0      
    +--+------------------------------+-------+---------+---------+
       Grand Total:                   11436   2666      1540   


LINKER GENERATED COPY TABLES

__TI_cinit_table @ 0000372c records: 2, size/record: 8, table size: 16
	.bss: load addr=0000371c, load size=00000008 bytes, run addr=20200000, run size=00000400 bytes, compression=zero_init
	.data: load addr=00003724, load size=00000007 bytes, run addr=20200400, run size=00000004 bytes, compression=lzss


LINKER GENERATED HANDLER TABLE

__TI_handler_table @ 00003710 records: 3, size/record: 4, table size: 12
	index: 0, handler: __TI_decompress_lzss
	index: 1, handler: __TI_decompress_none
	index: 2, handler: __TI_zero_init


FAR CALL TRAMPOLINES

callee name               trampoline name
   callee addr  tramp addr   call addr  call info
--------------  -----------  ---------  ----------------
__aeabi_dsub              $Tramp$TT$L$PI$$__aeabi_dsub
   000019cd     00002d2c     00002d2a   libc.a : _printfi.c.obj (.text.OUTLINED_FUNCTION_0)

[1 trampolines]
[1 trampoline calls]


GLOBAL SYMBOLS: SORTED ALPHABETICALLY BY Name 

address   name                                 
-------   ----                                 
00001b5f  ADC0_IRQHandler                      
00001b5f  ADC1_IRQHandler                      
00001b5f  AES_IRQHandler                       
00002d66  C$$EXIT                              
00001b5f  CANFD0_IRQHandler                    
00001b5f  DAC0_IRQHandler                      
00002d19  DL_Common_delayCycles                
000020b1  DL_SYSCTL_configSYSPLL               
00002955  DL_SYSCTL_switchMCLKfromSYSOSCtoHSCLK
00001b5f  DMA_IRQHandler                       
00001b5f  Default_Handler                      
000025d3  Delay_us                             
00001b5f  GROUP0_IRQHandler                    
00001b5f  GROUP1_IRQHandler                    
00002d67  HOSTexit                             
00001b5f  HardFault_Handler                    
00001b5f  I2C0_IRQHandler                      
00001b5f  I2C1_IRQHandler                      
00001b5f  NMI_Handler                          
00002c71  OLED_Clear                           
20200000  OLED_DisplayBuf                      
00003370  OLED_F6x8                            
00002d80  OLED_F8x16                           
0000180d  OLED_Init                            
0000241d  OLED_Printf                          
000011ad  OLED_ShowImage                       
00001ec9  OLED_Update                          
00000e4d  OLED_WriteCommand                    
00000a91  OLED_WriteData                       
00001b5f  PendSV_Handler                       
00001b5f  RTC_IRQHandler                       
00002d6b  Reset_Handler                        
00001b5f  SPI0_IRQHandler                      
00001b5f  SPI1_IRQHandler                      
00001b5f  SVC_Handler                          
00002999  SYSCFG_DL_GPIO_init                  
000026f9  SYSCFG_DL_SYSCTL_init                
00002cbf  SYSCFG_DL_init                       
00002b45  SYSCFG_DL_initPower                  
00001b5f  SysTick_Handler                      
00001b5f  TIMA0_IRQHandler                     
00001b5f  TIMA1_IRQHandler                     
00001b5f  TIMG0_IRQHandler                     
00001b5f  TIMG12_IRQHandler                    
00001b5f  TIMG6_IRQHandler                     
00001b5f  TIMG7_IRQHandler                     
00001b5f  TIMG8_IRQHandler                     
00001b5f  UART0_IRQHandler                     
00001b5f  UART1_IRQHandler                     
00001b5f  UART2_IRQHandler                     
00001b5f  UART3_IRQHandler                     
20208000  __STACK_END                          
00000200  __STACK_SIZE                         
00000000  __TI_ATRegion0_region_sz             
00000000  __TI_ATRegion0_src_addr              
00000000  __TI_ATRegion0_trg_addr              
00000000  __TI_ATRegion1_region_sz             
00000000  __TI_ATRegion1_src_addr              
00000000  __TI_ATRegion1_trg_addr              
00000000  __TI_ATRegion2_region_sz             
00000000  __TI_ATRegion2_src_addr              
00000000  __TI_ATRegion2_trg_addr              
0000372c  __TI_CINIT_Base                      
0000373c  __TI_CINIT_Limit                     
0000373c  __TI_CINIT_Warm                      
00003710  __TI_Handler_Table_Base              
0000371c  __TI_Handler_Table_Limit             
00002a9d  __TI_auto_init_nobinit_nopinit       
000023a1  __TI_decompress_lzss                 
00002cad  __TI_decompress_none                 
000027b1  __TI_ltoa                            
ffffffff  __TI_pprof_out_hndl                  
000000c1  __TI_printfi                         
ffffffff  __TI_prof_data_size                  
ffffffff  __TI_prof_data_start                 
00000000  __TI_static_base__                   
00002cdf  __TI_zero_init                       
000019d7  __adddf3                             
000035b0  __aeabi_ctype_table_                 
000035b0  __aeabi_ctype_table_C                
00002909  __aeabi_d2iz                         
000019d7  __aeabi_dadd                         
00002635  __aeabi_dcmpeq                       
00002671  __aeabi_dcmpge                       
00002685  __aeabi_dcmpgt                       
0000265d  __aeabi_dcmple                       
00002649  __aeabi_dcmplt                       
00001dbd  __aeabi_ddiv                         
00001fcd  __aeabi_dmul                         
000019cd  __aeabi_dsub                         
20200400  __aeabi_errno                        
00002d51  __aeabi_errno_addr                   
00002b71  __aeabi_i2d                          
00002861  __aeabi_idiv                         
00002953  __aeabi_idiv0                        
00002861  __aeabi_idivmod                      
00002b43  __aeabi_ldiv0                        
00002c39  __aeabi_llsl                         
00002bf1  __aeabi_lmul                         
00002d0d  __aeabi_memclr                       
00002d0d  __aeabi_memclr4                      
00002d0d  __aeabi_memclr8                      
00002d59  __aeabi_memcpy                       
00002d59  __aeabi_memcpy4                      
00002d59  __aeabi_memcpy8                      
00002cf1  __aeabi_memset                       
00002cf1  __aeabi_memset4                      
00002cf1  __aeabi_memset8                      
000029dd  __aeabi_uidiv                        
000029dd  __aeabi_uidivmod                     
00002c85  __aeabi_uldivmod                     
00002c39  __ashldi3                            
ffffffff  __binit__                            
00002505  __cmpdf2                             
00001dbd  __divdf3                             
00002505  __eqdf2                              
00002909  __fixdfsi                            
00002b71  __floatsidf                          
00002491  __gedf2                              
00002491  __gtdf2                              
00002505  __ledf2                              
00002505  __ltdf2                              
UNDEFED   __mpu_init                           
00001fcd  __muldf3                             
00002bf1  __muldi3                             
00002ad9  __muldsi3                            
00002505  __nedf2                              
20207e00  __stack                              
20200000  __start___llvm_prf_bits              
20200000  __start___llvm_prf_cnts              
20200000  __stop___llvm_prf_bits               
20200000  __stop___llvm_prf_cnts               
000019cd  __subdf3                             
00002265  __udivmoddi4                         
00002bc9  _c_int00_noargs                      
UNDEFED   _system_post_cinit                   
00002d6f  _system_pre_init                     
00002d61  abort                                
00002a1d  atoi                                 
ffffffff  binit                                
00002755  frexp                                
00002755  frexpl                               
00000000  interruptVectors                     
0000218d  ldexp                                
0000218d  ldexpl                               
00002a5d  main                                 
00002c15  memccpy                              
00002307  memcpy                               
00002697  memset                               
0000218d  scalbn                               
0000218d  scalbnl                              
00002b9d  vsprintf                             
00002ccf  wcslen                               


GLOBAL SYMBOLS: SORTED BY Symbol Address 

address   name                                 
-------   ----                                 
00000000  __TI_ATRegion0_region_sz             
00000000  __TI_ATRegion0_src_addr              
00000000  __TI_ATRegion0_trg_addr              
00000000  __TI_ATRegion1_region_sz             
00000000  __TI_ATRegion1_src_addr              
00000000  __TI_ATRegion1_trg_addr              
00000000  __TI_ATRegion2_region_sz             
00000000  __TI_ATRegion2_src_addr              
00000000  __TI_ATRegion2_trg_addr              
00000000  __TI_static_base__                   
00000000  interruptVectors                     
000000c1  __TI_printfi                         
00000200  __STACK_SIZE                         
00000a91  OLED_WriteData                       
00000e4d  OLED_WriteCommand                    
000011ad  OLED_ShowImage                       
0000180d  OLED_Init                            
000019cd  __aeabi_dsub                         
000019cd  __subdf3                             
000019d7  __adddf3                             
000019d7  __aeabi_dadd                         
00001b5f  ADC0_IRQHandler                      
00001b5f  ADC1_IRQHandler                      
00001b5f  AES_IRQHandler                       
00001b5f  CANFD0_IRQHandler                    
00001b5f  DAC0_IRQHandler                      
00001b5f  DMA_IRQHandler                       
00001b5f  Default_Handler                      
00001b5f  GROUP0_IRQHandler                    
00001b5f  GROUP1_IRQHandler                    
00001b5f  HardFault_Handler                    
00001b5f  I2C0_IRQHandler                      
00001b5f  I2C1_IRQHandler                      
00001b5f  NMI_Handler                          
00001b5f  PendSV_Handler                       
00001b5f  RTC_IRQHandler                       
00001b5f  SPI0_IRQHandler                      
00001b5f  SPI1_IRQHandler                      
00001b5f  SVC_Handler                          
00001b5f  SysTick_Handler                      
00001b5f  TIMA0_IRQHandler                     
00001b5f  TIMA1_IRQHandler                     
00001b5f  TIMG0_IRQHandler                     
00001b5f  TIMG12_IRQHandler                    
00001b5f  TIMG6_IRQHandler                     
00001b5f  TIMG7_IRQHandler                     
00001b5f  TIMG8_IRQHandler                     
00001b5f  UART0_IRQHandler                     
00001b5f  UART1_IRQHandler                     
00001b5f  UART2_IRQHandler                     
00001b5f  UART3_IRQHandler                     
00001dbd  __aeabi_ddiv                         
00001dbd  __divdf3                             
00001ec9  OLED_Update                          
00001fcd  __aeabi_dmul                         
00001fcd  __muldf3                             
000020b1  DL_SYSCTL_configSYSPLL               
0000218d  ldexp                                
0000218d  ldexpl                               
0000218d  scalbn                               
0000218d  scalbnl                              
00002265  __udivmoddi4                         
00002307  memcpy                               
000023a1  __TI_decompress_lzss                 
0000241d  OLED_Printf                          
00002491  __gedf2                              
00002491  __gtdf2                              
00002505  __cmpdf2                             
00002505  __eqdf2                              
00002505  __ledf2                              
00002505  __ltdf2                              
00002505  __nedf2                              
000025d3  Delay_us                             
00002635  __aeabi_dcmpeq                       
00002649  __aeabi_dcmplt                       
0000265d  __aeabi_dcmple                       
00002671  __aeabi_dcmpge                       
00002685  __aeabi_dcmpgt                       
00002697  memset                               
000026f9  SYSCFG_DL_SYSCTL_init                
00002755  frexp                                
00002755  frexpl                               
000027b1  __TI_ltoa                            
00002861  __aeabi_idiv                         
00002861  __aeabi_idivmod                      
00002909  __aeabi_d2iz                         
00002909  __fixdfsi                            
00002953  __aeabi_idiv0                        
00002955  DL_SYSCTL_switchMCLKfromSYSOSCtoHSCLK
00002999  SYSCFG_DL_GPIO_init                  
000029dd  __aeabi_uidiv                        
000029dd  __aeabi_uidivmod                     
00002a1d  atoi                                 
00002a5d  main                                 
00002a9d  __TI_auto_init_nobinit_nopinit       
00002ad9  __muldsi3                            
00002b43  __aeabi_ldiv0                        
00002b45  SYSCFG_DL_initPower                  
00002b71  __aeabi_i2d                          
00002b71  __floatsidf                          
00002b9d  vsprintf                             
00002bc9  _c_int00_noargs                      
00002bf1  __aeabi_lmul                         
00002bf1  __muldi3                             
00002c15  memccpy                              
00002c39  __aeabi_llsl                         
00002c39  __ashldi3                            
00002c71  OLED_Clear                           
00002c85  __aeabi_uldivmod                     
00002cad  __TI_decompress_none                 
00002cbf  SYSCFG_DL_init                       
00002ccf  wcslen                               
00002cdf  __TI_zero_init                       
00002cf1  __aeabi_memset                       
00002cf1  __aeabi_memset4                      
00002cf1  __aeabi_memset8                      
00002d0d  __aeabi_memclr                       
00002d0d  __aeabi_memclr4                      
00002d0d  __aeabi_memclr8                      
00002d19  DL_Common_delayCycles                
00002d51  __aeabi_errno_addr                   
00002d59  __aeabi_memcpy                       
00002d59  __aeabi_memcpy4                      
00002d59  __aeabi_memcpy8                      
00002d61  abort                                
00002d66  C$$EXIT                              
00002d67  HOSTexit                             
00002d6b  Reset_Handler                        
00002d6f  _system_pre_init                     
00002d80  OLED_F8x16                           
00003370  OLED_F6x8                            
000035b0  __aeabi_ctype_table_                 
000035b0  __aeabi_ctype_table_C                
00003710  __TI_Handler_Table_Base              
0000371c  __TI_Handler_Table_Limit             
0000372c  __TI_CINIT_Base                      
0000373c  __TI_CINIT_Limit                     
0000373c  __TI_CINIT_Warm                      
20200000  OLED_DisplayBuf                      
20200000  __start___llvm_prf_bits              
20200000  __start___llvm_prf_cnts              
20200000  __stop___llvm_prf_bits               
20200000  __stop___llvm_prf_cnts               
20200400  __aeabi_errno                        
20207e00  __stack                              
20208000  __STACK_END                          
ffffffff  __TI_pprof_out_hndl                  
ffffffff  __TI_prof_data_size                  
ffffffff  __TI_prof_data_start                 
ffffffff  __binit__                            
ffffffff  binit                                
UNDEFED   __mpu_init                           
UNDEFED   _system_post_cinit                   

[153 symbols]
