<?xml version="1.0" encoding="ISO-8859-1" ?>
<link_info>
   <banner>TI ARM Clang Linker PC v4.0.3.LTS</banner>
   <copyright>Copyright (c) 1996-2018 Texas Instruments Incorporated</copyright>
   <command_line>C:\ti\ccs2011\ccs\tools\compiler\ti-cgt-armllvm_4.0.3.LTS\bin\tiarmlnk -IC:\ti\ccs2011\ccs\tools\compiler\ti-cgt-armllvm_4.0.3.LTS\lib -o 3_OLED.out -m3_OLED.map -iC:/ti/mspm0_sdk_2_04_00_06/source -iC:/Users/22334/workspace_ccstheia/3_OLED -iC:/Users/22334/workspace_ccstheia/3_OLED/Debug/syscfg -iC:/ti/ccs2011/ccs/tools/compiler/ti-cgt-armllvm_4.0.3.LTS/lib --diag_wrap=off --display_error_number --warn_sections --xml_link_info=3_OLED_linkInfo.xml --rom_model ./empty.o ./ti_msp_dl_config.o ./startup_mspm0g350x_ticlang.o ./Hardware/Key.o ./Hardware/LED.o ./OLED/OLED.o ./OLED/OLED_Data.o ./User/Delay.o -l./device_linker.cmd -ldevice.cmd.genlibs -llibc.a --start-group -llibc++.a -llibc++abi.a -llibc.a -llibsys.a -llibsysbm.a -llibclang_rt.builtins.a -llibclang_rt.profile.a --end-group --cg_opt_level=2</command_line>
   <link_time>0x6868c529</link_time>
   <link_errors>0x0</link_errors>
   <output_file>C:\Users\22334\workspace_ccstheia\3_OLED\Debug\3_OLED.out</output_file>
   <entry_point>
      <name>_c_int00_noargs</name>
      <address>0x2bc9</address>
   </entry_point>
   <input_file_list>
      <input_file id="fl-1">
         <path>C:\Users\22334\workspace_ccstheia\3_OLED\Debug\.\</path>
         <kind>object</kind>
         <file>empty.o</file>
         <name>empty.o</name>
      </input_file>
      <input_file id="fl-2">
         <path>C:\Users\22334\workspace_ccstheia\3_OLED\Debug\.\</path>
         <kind>object</kind>
         <file>ti_msp_dl_config.o</file>
         <name>ti_msp_dl_config.o</name>
      </input_file>
      <input_file id="fl-3">
         <path>C:\Users\22334\workspace_ccstheia\3_OLED\Debug\.\</path>
         <kind>object</kind>
         <file>startup_mspm0g350x_ticlang.o</file>
         <name>startup_mspm0g350x_ticlang.o</name>
      </input_file>
      <input_file id="fl-4">
         <path>C:\Users\22334\workspace_ccstheia\3_OLED\Debug\.\Hardware\</path>
         <kind>object</kind>
         <file>Key.o</file>
         <name>Key.o</name>
      </input_file>
      <input_file id="fl-5">
         <path>C:\Users\22334\workspace_ccstheia\3_OLED\Debug\.\Hardware\</path>
         <kind>object</kind>
         <file>LED.o</file>
         <name>LED.o</name>
      </input_file>
      <input_file id="fl-6">
         <path>C:\Users\22334\workspace_ccstheia\3_OLED\Debug\.\OLED\</path>
         <kind>object</kind>
         <file>OLED.o</file>
         <name>OLED.o</name>
      </input_file>
      <input_file id="fl-7">
         <path>C:\Users\22334\workspace_ccstheia\3_OLED\Debug\.\OLED\</path>
         <kind>object</kind>
         <file>OLED_Data.o</file>
         <name>OLED_Data.o</name>
      </input_file>
      <input_file id="fl-8">
         <path>C:\Users\22334\workspace_ccstheia\3_OLED\Debug\.\User\</path>
         <kind>object</kind>
         <file>Delay.o</file>
         <name>Delay.o</name>
      </input_file>
      <input_file id="fl-15">
         <path>C:\Users\22334\workspace_ccstheia\3_OLED\Debug\</path>
         <kind>object</kind>
         <file>&lt;internal&gt;</file>
         <name>&lt;internal&gt;</name>
      </input_file>
      <input_file id="fl-16">
         <path>C:\ti\mspm0_sdk_2_04_00_06\source\ti\driverlib\lib\ticlang\m0p\mspm0g1x0x_g3x0x\</path>
         <kind>archive</kind>
         <file>driverlib.a</file>
         <name>dl_common.o</name>
      </input_file>
      <input_file id="fl-17">
         <path>C:\ti\mspm0_sdk_2_04_00_06\source\ti\driverlib\lib\ticlang\m0p\mspm0g1x0x_g3x0x\</path>
         <kind>archive</kind>
         <file>driverlib.a</file>
         <name>dl_sysctl_mspm0g1x0x_g3x0x.o</name>
      </input_file>
      <input_file id="fl-2e">
         <path>C:\ti\ccs2011\ccs\tools\compiler\ti-cgt-armllvm_4.0.3.LTS\lib\armv6m-ti-none-eabi\c\</path>
         <kind>archive</kind>
         <file>libc.a</file>
         <name>vsprintf.c.obj</name>
      </input_file>
      <input_file id="fl-2f">
         <path>C:\ti\ccs2011\ccs\tools\compiler\ti-cgt-armllvm_4.0.3.LTS\lib\armv6m-ti-none-eabi\c\</path>
         <kind>archive</kind>
         <file>libc.a</file>
         <name>e_atan2.c.obj</name>
      </input_file>
      <input_file id="fl-30">
         <path>C:\ti\ccs2011\ccs\tools\compiler\ti-cgt-armllvm_4.0.3.LTS\lib\armv6m-ti-none-eabi\c\</path>
         <kind>archive</kind>
         <file>libc.a</file>
         <name>s_atan.c.obj</name>
      </input_file>
      <input_file id="fl-31">
         <path>C:\ti\ccs2011\ccs\tools\compiler\ti-cgt-armllvm_4.0.3.LTS\lib\armv6m-ti-none-eabi\c\</path>
         <kind>archive</kind>
         <file>libc.a</file>
         <name>s_round.c.obj</name>
      </input_file>
      <input_file id="fl-32">
         <path>C:\ti\ccs2011\ccs\tools\compiler\ti-cgt-armllvm_4.0.3.LTS\lib\armv6m-ti-none-eabi\c\</path>
         <kind>archive</kind>
         <file>libc.a</file>
         <name>strcmp-armv6m.S.obj</name>
      </input_file>
      <input_file id="fl-33">
         <path>C:\ti\ccs2011\ccs\tools\compiler\ti-cgt-armllvm_4.0.3.LTS\lib\armv6m-ti-none-eabi\c\</path>
         <kind>archive</kind>
         <file>libc.a</file>
         <name>boot_cortex_m.c.obj</name>
      </input_file>
      <input_file id="fl-34">
         <path>C:\ti\ccs2011\ccs\tools\compiler\ti-cgt-armllvm_4.0.3.LTS\lib\armv6m-ti-none-eabi\c\</path>
         <kind>archive</kind>
         <file>libc.a</file>
         <name>mathacl_init.c.obj</name>
      </input_file>
      <input_file id="fl-35">
         <path>C:\ti\ccs2011\ccs\tools\compiler\ti-cgt-armllvm_4.0.3.LTS\lib\armv6m-ti-none-eabi\c\</path>
         <kind>archive</kind>
         <file>libc.a</file>
         <name>autoinit.c.obj</name>
      </input_file>
      <input_file id="fl-36">
         <path>C:\ti\ccs2011\ccs\tools\compiler\ti-cgt-armllvm_4.0.3.LTS\lib\armv6m-ti-none-eabi\c\</path>
         <kind>archive</kind>
         <file>libc.a</file>
         <name>pre_init.c.obj</name>
      </input_file>
      <input_file id="fl-37">
         <path>C:\ti\ccs2011\ccs\tools\compiler\ti-cgt-armllvm_4.0.3.LTS\lib\armv6m-ti-none-eabi\c\</path>
         <kind>archive</kind>
         <file>libc.a</file>
         <name>cpy_tbl.c.obj</name>
      </input_file>
      <input_file id="fl-38">
         <path>C:\ti\ccs2011\ccs\tools\compiler\ti-cgt-armllvm_4.0.3.LTS\lib\armv6m-ti-none-eabi\c\</path>
         <kind>archive</kind>
         <file>libc.a</file>
         <name>copy_zero_init.c.obj</name>
      </input_file>
      <input_file id="fl-39">
         <path>C:\ti\ccs2011\ccs\tools\compiler\ti-cgt-armllvm_4.0.3.LTS\lib\armv6m-ti-none-eabi\c\</path>
         <kind>archive</kind>
         <file>libc.a</file>
         <name>copy_decompress_none.c.obj</name>
      </input_file>
      <input_file id="fl-3a">
         <path>C:\ti\ccs2011\ccs\tools\compiler\ti-cgt-armllvm_4.0.3.LTS\lib\armv6m-ti-none-eabi\c\</path>
         <kind>archive</kind>
         <file>libc.a</file>
         <name>copy_decompress_lzss.c.obj</name>
      </input_file>
      <input_file id="fl-3b">
         <path>C:\ti\ccs2011\ccs\tools\compiler\ti-cgt-armllvm_4.0.3.LTS\lib\armv6m-ti-none-eabi\c\</path>
         <kind>archive</kind>
         <file>libc.a</file>
         <name>_printfi.c.obj</name>
      </input_file>
      <input_file id="fl-3c">
         <path>C:\ti\ccs2011\ccs\tools\compiler\ti-cgt-armllvm_4.0.3.LTS\lib\armv6m-ti-none-eabi\c\</path>
         <kind>archive</kind>
         <file>libc.a</file>
         <name>s_floor.c.obj</name>
      </input_file>
      <input_file id="fl-3d">
         <path>C:\ti\ccs2011\ccs\tools\compiler\ti-cgt-armllvm_4.0.3.LTS\lib\armv6m-ti-none-eabi\c\</path>
         <kind>archive</kind>
         <file>libc.a</file>
         <name>s_frexp.c.obj</name>
      </input_file>
      <input_file id="fl-3e">
         <path>C:\ti\ccs2011\ccs\tools\compiler\ti-cgt-armllvm_4.0.3.LTS\lib\armv6m-ti-none-eabi\c\</path>
         <kind>archive</kind>
         <file>libc.a</file>
         <name>s_scalbn.c.obj</name>
      </input_file>
      <input_file id="fl-3f">
         <path>C:\ti\ccs2011\ccs\tools\compiler\ti-cgt-armllvm_4.0.3.LTS\lib\armv6m-ti-none-eabi\c\</path>
         <kind>archive</kind>
         <file>libc.a</file>
         <name>wcslen.c.obj</name>
      </input_file>
      <input_file id="fl-40">
         <path>C:\ti\ccs2011\ccs\tools\compiler\ti-cgt-armllvm_4.0.3.LTS\lib\armv6m-ti-none-eabi\c\</path>
         <kind>archive</kind>
         <file>libc.a</file>
         <name>aeabi_portable.c.obj</name>
      </input_file>
      <input_file id="fl-41">
         <path>C:\ti\ccs2011\ccs\tools\compiler\ti-cgt-armllvm_4.0.3.LTS\lib\armv6m-ti-none-eabi\c\</path>
         <kind>archive</kind>
         <file>libc.a</file>
         <name>exit.c.obj</name>
      </input_file>
      <input_file id="fl-42">
         <path>C:\ti\ccs2011\ccs\tools\compiler\ti-cgt-armllvm_4.0.3.LTS\lib\armv6m-ti-none-eabi\c\</path>
         <kind>archive</kind>
         <file>libc.a</file>
         <name>_lock.c.obj</name>
      </input_file>
      <input_file id="fl-43">
         <path>C:\ti\ccs2011\ccs\tools\compiler\ti-cgt-armllvm_4.0.3.LTS\lib\armv6m-ti-none-eabi\c\</path>
         <kind>archive</kind>
         <file>libc.a</file>
         <name>_ltoa.c.obj</name>
      </input_file>
      <input_file id="fl-44">
         <path>C:\ti\ccs2011\ccs\tools\compiler\ti-cgt-armllvm_4.0.3.LTS\lib\armv6m-ti-none-eabi\c\</path>
         <kind>archive</kind>
         <file>libc.a</file>
         <name>args_main.c.obj</name>
      </input_file>
      <input_file id="fl-45">
         <path>C:\ti\ccs2011\ccs\tools\compiler\ti-cgt-armllvm_4.0.3.LTS\lib\armv6m-ti-none-eabi\c\</path>
         <kind>archive</kind>
         <file>libc.a</file>
         <name>assert.c.obj</name>
      </input_file>
      <input_file id="fl-46">
         <path>C:\ti\ccs2011\ccs\tools\compiler\ti-cgt-armllvm_4.0.3.LTS\lib\armv6m-ti-none-eabi\c\</path>
         <kind>archive</kind>
         <file>libc.a</file>
         <name>atoi.c.obj</name>
      </input_file>
      <input_file id="fl-47">
         <path>C:\ti\ccs2011\ccs\tools\compiler\ti-cgt-armllvm_4.0.3.LTS\lib\armv6m-ti-none-eabi\c\</path>
         <kind>archive</kind>
         <file>libc.a</file>
         <name>defs.c.obj</name>
      </input_file>
      <input_file id="fl-48">
         <path>C:\ti\ccs2011\ccs\tools\compiler\ti-cgt-armllvm_4.0.3.LTS\lib\armv6m-ti-none-eabi\c\</path>
         <kind>archive</kind>
         <file>libc.a</file>
         <name>memccpy.c.obj</name>
      </input_file>
      <input_file id="fl-49">
         <path>C:\ti\ccs2011\ccs\tools\compiler\ti-cgt-armllvm_4.0.3.LTS\lib\armv6m-ti-none-eabi\c\</path>
         <kind>archive</kind>
         <file>libc.a</file>
         <name>memory.c.obj</name>
      </input_file>
      <input_file id="fl-4a">
         <path>C:\ti\ccs2011\ccs\tools\compiler\ti-cgt-armllvm_4.0.3.LTS\lib\armv6m-ti-none-eabi\c\</path>
         <kind>archive</kind>
         <file>libc.a</file>
         <name>sprintf.c.obj</name>
      </input_file>
      <input_file id="fl-4b">
         <path>C:\ti\ccs2011\ccs\tools\compiler\ti-cgt-armllvm_4.0.3.LTS\lib\armv6m-ti-none-eabi\c\</path>
         <kind>archive</kind>
         <file>libc.a</file>
         <name>fflush.c.obj</name>
      </input_file>
      <input_file id="fl-4c">
         <path>C:\ti\ccs2011\ccs\tools\compiler\ti-cgt-armllvm_4.0.3.LTS\lib\armv6m-ti-none-eabi\c\</path>
         <kind>archive</kind>
         <file>libc.a</file>
         <name>fputs.c.obj</name>
      </input_file>
      <input_file id="fl-4d">
         <path>C:\ti\ccs2011\ccs\tools\compiler\ti-cgt-armllvm_4.0.3.LTS\lib\armv6m-ti-none-eabi\c\</path>
         <kind>archive</kind>
         <file>libc.a</file>
         <name>_io_perm.c.obj</name>
      </input_file>
      <input_file id="fl-4e">
         <path>C:\ti\ccs2011\ccs\tools\compiler\ti-cgt-armllvm_4.0.3.LTS\lib\armv6m-ti-none-eabi\c\</path>
         <kind>archive</kind>
         <file>libc.a</file>
         <name>setvbuf.c.obj</name>
      </input_file>
      <input_file id="fl-4f">
         <path>C:\ti\ccs2011\ccs\tools\compiler\ti-cgt-armllvm_4.0.3.LTS\lib\armv6m-ti-none-eabi\c\</path>
         <kind>archive</kind>
         <file>libc.a</file>
         <name>aeabi_ctype.S.obj</name>
      </input_file>
      <input_file id="fl-50">
         <path>C:\ti\ccs2011\ccs\tools\compiler\ti-cgt-armllvm_4.0.3.LTS\lib\armv6m-ti-none-eabi\c\</path>
         <kind>archive</kind>
         <file>libc.a</file>
         <name>fopen.c.obj</name>
      </input_file>
      <input_file id="fl-51">
         <path>C:\ti\ccs2011\ccs\tools\compiler\ti-cgt-armllvm_4.0.3.LTS\lib\armv6m-ti-none-eabi\c\</path>
         <kind>archive</kind>
         <file>libc.a</file>
         <name>fseek.c.obj</name>
      </input_file>
      <input_file id="fl-52">
         <path>C:\ti\ccs2011\ccs\tools\compiler\ti-cgt-armllvm_4.0.3.LTS\lib\armv6m-ti-none-eabi\c\</path>
         <kind>archive</kind>
         <file>libc.a</file>
         <name>fclose.c.obj</name>
      </input_file>
      <input_file id="fl-f2">
         <path>C:\ti\ccs2011\ccs\tools\compiler\ti-cgt-armllvm_4.0.3.LTS\lib\armv6m-ti-none-eabi\c\</path>
         <kind>archive</kind>
         <file>libsysbm.a</file>
         <name>hostexit.c.obj</name>
      </input_file>
      <input_file id="fl-f3">
         <path>C:\ti\ccs2011\ccs\tools\compiler\ti-cgt-armllvm_4.0.3.LTS\lib\armv6m-ti-none-eabi\c\</path>
         <kind>archive</kind>
         <file>libsysbm.a</file>
         <name>write.c.obj</name>
      </input_file>
      <input_file id="fl-f4">
         <path>C:\ti\ccs2011\ccs\tools\compiler\ti-cgt-armllvm_4.0.3.LTS\lib\armv6m-ti-none-eabi\c\</path>
         <kind>archive</kind>
         <file>libsysbm.a</file>
         <name>host_device.c.obj</name>
      </input_file>
      <input_file id="fl-f5">
         <path>C:\ti\ccs2011\ccs\tools\compiler\ti-cgt-armllvm_4.0.3.LTS\lib\armv6m-ti-none-eabi\c\</path>
         <kind>archive</kind>
         <file>libsysbm.a</file>
         <name>remove.c.obj</name>
      </input_file>
      <input_file id="fl-f6">
         <path>C:\ti\ccs2011\ccs\tools\compiler\ti-cgt-armllvm_4.0.3.LTS\lib\armv6m-ti-none-eabi\c\</path>
         <kind>archive</kind>
         <file>libsysbm.a</file>
         <name>open.c.obj</name>
      </input_file>
      <input_file id="fl-f7">
         <path>C:\ti\ccs2011\ccs\tools\compiler\ti-cgt-armllvm_4.0.3.LTS\lib\armv6m-ti-none-eabi\c\</path>
         <kind>archive</kind>
         <file>libsysbm.a</file>
         <name>lseek.c.obj</name>
      </input_file>
      <input_file id="fl-f8">
         <path>C:\ti\ccs2011\ccs\tools\compiler\ti-cgt-armllvm_4.0.3.LTS\lib\armv6m-ti-none-eabi\c\</path>
         <kind>archive</kind>
         <file>libsysbm.a</file>
         <name>close.c.obj</name>
      </input_file>
      <input_file id="fl-f9">
         <path>C:\ti\ccs2011\ccs\tools\compiler\ti-cgt-armllvm_4.0.3.LTS\lib\armv6m-ti-none-eabi\c\</path>
         <kind>archive</kind>
         <file>libsysbm.a</file>
         <name>unlink.c.obj</name>
      </input_file>
      <input_file id="fl-fa">
         <path>C:\ti\ccs2011\ccs\tools\compiler\ti-cgt-armllvm_4.0.3.LTS\lib\armv6m-ti-none-eabi\c\</path>
         <kind>archive</kind>
         <file>libsysbm.a</file>
         <name>hostclose.c.obj</name>
      </input_file>
      <input_file id="fl-fb">
         <path>C:\ti\ccs2011\ccs\tools\compiler\ti-cgt-armllvm_4.0.3.LTS\lib\armv6m-ti-none-eabi\c\</path>
         <kind>archive</kind>
         <file>libsysbm.a</file>
         <name>hostlseek.c.obj</name>
      </input_file>
      <input_file id="fl-fc">
         <path>C:\ti\ccs2011\ccs\tools\compiler\ti-cgt-armllvm_4.0.3.LTS\lib\armv6m-ti-none-eabi\c\</path>
         <kind>archive</kind>
         <file>libsysbm.a</file>
         <name>hostopen.c.obj</name>
      </input_file>
      <input_file id="fl-fd">
         <path>C:\ti\ccs2011\ccs\tools\compiler\ti-cgt-armllvm_4.0.3.LTS\lib\armv6m-ti-none-eabi\c\</path>
         <kind>archive</kind>
         <file>libsysbm.a</file>
         <name>hostread.c.obj</name>
      </input_file>
      <input_file id="fl-fe">
         <path>C:\ti\ccs2011\ccs\tools\compiler\ti-cgt-armllvm_4.0.3.LTS\lib\armv6m-ti-none-eabi\c\</path>
         <kind>archive</kind>
         <file>libsysbm.a</file>
         <name>hostrename.c.obj</name>
      </input_file>
      <input_file id="fl-ff">
         <path>C:\ti\ccs2011\ccs\tools\compiler\ti-cgt-armllvm_4.0.3.LTS\lib\armv6m-ti-none-eabi\c\</path>
         <kind>archive</kind>
         <file>libsysbm.a</file>
         <name>hostunlink.c.obj</name>
      </input_file>
      <input_file id="fl-100">
         <path>C:\ti\ccs2011\ccs\tools\compiler\ti-cgt-armllvm_4.0.3.LTS\lib\armv6m-ti-none-eabi\c\</path>
         <kind>archive</kind>
         <file>libsysbm.a</file>
         <name>hostwrite.c.obj</name>
      </input_file>
      <input_file id="fl-101">
         <path>C:\ti\ccs2011\ccs\tools\compiler\ti-cgt-armllvm_4.0.3.LTS\lib\armv6m-ti-none-eabi\c\</path>
         <kind>archive</kind>
         <file>libsysbm.a</file>
         <name>trgmsg.c.obj</name>
      </input_file>
      <input_file id="fl-102">
         <path>C:\ti\ccs2011\ccs\tools\compiler\ti-cgt-armllvm_4.0.3.LTS\lib\armv6m-ti-none-eabi\</path>
         <kind>archive</kind>
         <file>libclang_rt.builtins.a</file>
         <name>addsf3.S.obj</name>
      </input_file>
      <input_file id="fl-103">
         <path>C:\ti\ccs2011\ccs\tools\compiler\ti-cgt-armllvm_4.0.3.LTS\lib\armv6m-ti-none-eabi\</path>
         <kind>archive</kind>
         <file>libclang_rt.builtins.a</file>
         <name>adddf3.S.obj</name>
      </input_file>
      <input_file id="fl-104">
         <path>C:\ti\ccs2011\ccs\tools\compiler\ti-cgt-armllvm_4.0.3.LTS\lib\armv6m-ti-none-eabi\</path>
         <kind>archive</kind>
         <file>libclang_rt.builtins.a</file>
         <name>muldf3.S.obj</name>
      </input_file>
      <input_file id="fl-105">
         <path>C:\ti\ccs2011\ccs\tools\compiler\ti-cgt-armllvm_4.0.3.LTS\lib\armv6m-ti-none-eabi\</path>
         <kind>archive</kind>
         <file>libclang_rt.builtins.a</file>
         <name>muldsi3.S.obj</name>
      </input_file>
      <input_file id="fl-106">
         <path>C:\ti\ccs2011\ccs\tools\compiler\ti-cgt-armllvm_4.0.3.LTS\lib\armv6m-ti-none-eabi\</path>
         <kind>archive</kind>
         <file>libclang_rt.builtins.a</file>
         <name>divdf3.S.obj</name>
      </input_file>
      <input_file id="fl-107">
         <path>C:\ti\ccs2011\ccs\tools\compiler\ti-cgt-armllvm_4.0.3.LTS\lib\armv6m-ti-none-eabi\</path>
         <kind>archive</kind>
         <file>libclang_rt.builtins.a</file>
         <name>fixdfsi.S.obj</name>
      </input_file>
      <input_file id="fl-108">
         <path>C:\ti\ccs2011\ccs\tools\compiler\ti-cgt-armllvm_4.0.3.LTS\lib\armv6m-ti-none-eabi\</path>
         <kind>archive</kind>
         <file>libclang_rt.builtins.a</file>
         <name>fixunsdfsi.S.obj</name>
      </input_file>
      <input_file id="fl-109">
         <path>C:\ti\ccs2011\ccs\tools\compiler\ti-cgt-armllvm_4.0.3.LTS\lib\armv6m-ti-none-eabi\</path>
         <kind>archive</kind>
         <file>libclang_rt.builtins.a</file>
         <name>floatsidf.S.obj</name>
      </input_file>
      <input_file id="fl-10a">
         <path>C:\ti\ccs2011\ccs\tools\compiler\ti-cgt-armllvm_4.0.3.LTS\lib\armv6m-ti-none-eabi\</path>
         <kind>archive</kind>
         <file>libclang_rt.builtins.a</file>
         <name>floatsisf.S.obj</name>
      </input_file>
      <input_file id="fl-10b">
         <path>C:\ti\ccs2011\ccs\tools\compiler\ti-cgt-armllvm_4.0.3.LTS\lib\armv6m-ti-none-eabi\</path>
         <kind>archive</kind>
         <file>libclang_rt.builtins.a</file>
         <name>floatunsidf.S.obj</name>
      </input_file>
      <input_file id="fl-10c">
         <path>C:\ti\ccs2011\ccs\tools\compiler\ti-cgt-armllvm_4.0.3.LTS\lib\armv6m-ti-none-eabi\</path>
         <kind>archive</kind>
         <file>libclang_rt.builtins.a</file>
         <name>muldi3.S.obj</name>
      </input_file>
      <input_file id="fl-10d">
         <path>C:\ti\ccs2011\ccs\tools\compiler\ti-cgt-armllvm_4.0.3.LTS\lib\armv6m-ti-none-eabi\</path>
         <kind>archive</kind>
         <file>libclang_rt.builtins.a</file>
         <name>truncdfsf2.S.obj</name>
      </input_file>
      <input_file id="fl-10e">
         <path>C:\ti\ccs2011\ccs\tools\compiler\ti-cgt-armllvm_4.0.3.LTS\lib\armv6m-ti-none-eabi\</path>
         <kind>archive</kind>
         <file>libclang_rt.builtins.a</file>
         <name>aeabi_dcmp.S.obj</name>
      </input_file>
      <input_file id="fl-10f">
         <path>C:\ti\ccs2011\ccs\tools\compiler\ti-cgt-armllvm_4.0.3.LTS\lib\armv6m-ti-none-eabi\</path>
         <kind>archive</kind>
         <file>libclang_rt.builtins.a</file>
         <name>aeabi_fcmp.S.obj</name>
      </input_file>
      <input_file id="fl-110">
         <path>C:\ti\ccs2011\ccs\tools\compiler\ti-cgt-armllvm_4.0.3.LTS\lib\armv6m-ti-none-eabi\</path>
         <kind>archive</kind>
         <file>libclang_rt.builtins.a</file>
         <name>aeabi_idivmod.S.obj</name>
      </input_file>
      <input_file id="fl-111">
         <path>C:\ti\ccs2011\ccs\tools\compiler\ti-cgt-armllvm_4.0.3.LTS\lib\armv6m-ti-none-eabi\</path>
         <kind>archive</kind>
         <file>libclang_rt.builtins.a</file>
         <name>aeabi_memcpy.S.obj</name>
      </input_file>
      <input_file id="fl-112">
         <path>C:\ti\ccs2011\ccs\tools\compiler\ti-cgt-armllvm_4.0.3.LTS\lib\armv6m-ti-none-eabi\</path>
         <kind>archive</kind>
         <file>libclang_rt.builtins.a</file>
         <name>aeabi_memset.S.obj</name>
      </input_file>
      <input_file id="fl-113">
         <path>C:\ti\ccs2011\ccs\tools\compiler\ti-cgt-armllvm_4.0.3.LTS\lib\armv6m-ti-none-eabi\</path>
         <kind>archive</kind>
         <file>libclang_rt.builtins.a</file>
         <name>aeabi_uidivmod.S.obj</name>
      </input_file>
      <input_file id="fl-114">
         <path>C:\ti\ccs2011\ccs\tools\compiler\ti-cgt-armllvm_4.0.3.LTS\lib\armv6m-ti-none-eabi\</path>
         <kind>archive</kind>
         <file>libclang_rt.builtins.a</file>
         <name>aeabi_uldivmod.S.obj</name>
      </input_file>
      <input_file id="fl-115">
         <path>C:\ti\ccs2011\ccs\tools\compiler\ti-cgt-armllvm_4.0.3.LTS\lib\armv6m-ti-none-eabi\</path>
         <kind>archive</kind>
         <file>libclang_rt.builtins.a</file>
         <name>comparesf2.S.obj</name>
      </input_file>
      <input_file id="fl-116">
         <path>C:\ti\ccs2011\ccs\tools\compiler\ti-cgt-armllvm_4.0.3.LTS\lib\armv6m-ti-none-eabi\</path>
         <kind>archive</kind>
         <file>libclang_rt.builtins.a</file>
         <name>udivmoddi4.S.obj</name>
      </input_file>
      <input_file id="fl-117">
         <path>C:\ti\ccs2011\ccs\tools\compiler\ti-cgt-armllvm_4.0.3.LTS\lib\armv6m-ti-none-eabi\</path>
         <kind>archive</kind>
         <file>libclang_rt.builtins.a</file>
         <name>ashldi3.S.obj</name>
      </input_file>
      <input_file id="fl-118">
         <path>C:\ti\ccs2011\ccs\tools\compiler\ti-cgt-armllvm_4.0.3.LTS\lib\armv6m-ti-none-eabi\</path>
         <kind>archive</kind>
         <file>libclang_rt.builtins.a</file>
         <name>comparedf2.c.obj</name>
      </input_file>
      <input_file id="fl-119">
         <path>C:\ti\ccs2011\ccs\tools\compiler\ti-cgt-armllvm_4.0.3.LTS\lib\armv6m-ti-none-eabi\</path>
         <kind>archive</kind>
         <file>libclang_rt.builtins.a</file>
         <name>aeabi_div0.c.obj</name>
      </input_file>
      <input_file id="fl-11a">
         <path>C:\ti\ccs2011\ccs\tools\compiler\ti-cgt-armllvm_4.0.3.LTS\lib\armv6m-ti-none-eabi\c\</path>
         <kind>archive</kind>
         <file>libc.a</file>
         <name>getdevice.c.obj</name>
      </input_file>
      <input_file id="fl-11b">
         <path>C:\ti\ccs2011\ccs\tools\compiler\ti-cgt-armllvm_4.0.3.LTS\lib\armv6m-ti-none-eabi\c\</path>
         <kind>archive</kind>
         <file>libc.a</file>
         <name>memcpy16.S.obj</name>
      </input_file>
      <input_file id="fl-11c">
         <path>C:\ti\ccs2011\ccs\tools\compiler\ti-cgt-armllvm_4.0.3.LTS\lib\armv6m-ti-none-eabi\c\</path>
         <kind>archive</kind>
         <file>libc.a</file>
         <name>memset16.S.obj</name>
      </input_file>
   </input_file_list>
   <object_component_list>
      <object_component id="oc-18">
         <name>.intvecs</name>
         <load_address>0x0</load_address>
         <readonly>true</readonly>
         <run_address>0x0</run_address>
         <size>0xc0</size>
         <alignment>0x4</alignment>
         <input_file_ref idref="fl-3"/>
      </object_component>
      <object_component id="oc-110">
         <name>.text:__TI_printfi</name>
         <load_address>0xc0</load_address>
         <readonly>true</readonly>
         <executable>true</executable>
         <run_address>0xc0</run_address>
         <size>0x9d0</size>
         <alignment>0x4</alignment>
         <input_file_ref idref="fl-3b"/>
      </object_component>
      <object_component id="oc-ba">
         <name>.text.OLED_WriteData</name>
         <load_address>0xa90</load_address>
         <readonly>true</readonly>
         <executable>true</executable>
         <run_address>0xa90</run_address>
         <size>0x3bc</size>
         <alignment>0x4</alignment>
         <input_file_ref idref="fl-6"/>
      </object_component>
      <object_component id="oc-b9">
         <name>.text.OLED_WriteCommand</name>
         <load_address>0xe4c</load_address>
         <readonly>true</readonly>
         <executable>true</executable>
         <run_address>0xe4c</run_address>
         <size>0x360</size>
         <alignment>0x4</alignment>
         <input_file_ref idref="fl-6"/>
      </object_component>
      <object_component id="oc-c4">
         <name>.text.OLED_ShowImage</name>
         <load_address>0x11ac</load_address>
         <readonly>true</readonly>
         <executable>true</executable>
         <run_address>0x11ac</run_address>
         <size>0x264</size>
         <alignment>0x4</alignment>
         <input_file_ref idref="fl-6"/>
      </object_component>
      <object_component id="oc-133">
         <name>.text._pconv_a</name>
         <load_address>0x1410</load_address>
         <readonly>true</readonly>
         <executable>true</executable>
         <run_address>0x1410</run_address>
         <size>0x220</size>
         <alignment>0x4</alignment>
         <input_file_ref idref="fl-3b"/>
      </object_component>
      <object_component id="oc-138">
         <name>.text._pconv_g</name>
         <load_address>0x1630</load_address>
         <readonly>true</readonly>
         <executable>true</executable>
         <run_address>0x1630</run_address>
         <size>0x1dc</size>
         <alignment>0x4</alignment>
         <input_file_ref idref="fl-3b"/>
      </object_component>
      <object_component id="oc-80">
         <name>.text.OLED_Init</name>
         <load_address>0x180c</load_address>
         <readonly>true</readonly>
         <executable>true</executable>
         <run_address>0x180c</run_address>
         <size>0x1c0</size>
         <alignment>0x4</alignment>
         <input_file_ref idref="fl-6"/>
      </object_component>
      <object_component id="oc-17c">
         <name>.text.adddf3_subdf3</name>
         <load_address>0x19cc</load_address>
         <readonly>true</readonly>
         <executable>true</executable>
         <run_address>0x19cc</run_address>
         <size>0x192</size>
         <alignment>0x4</alignment>
         <input_file_ref idref="fl-103"/>
      </object_component>
      <object_component id="oc-33">
         <name>.text.Default_Handler</name>
         <load_address>0x1b5e</load_address>
         <readonly>true</readonly>
         <executable>true</executable>
         <run_address>0x1b5e</run_address>
         <size>0x2</size>
         <alignment>0x2</alignment>
         <input_file_ref idref="fl-3"/>
      </object_component>
      <object_component id="oc-180">
         <name>.text.fcvt</name>
         <load_address>0x1b60</load_address>
         <readonly>true</readonly>
         <executable>true</executable>
         <run_address>0x1b60</run_address>
         <size>0x13c</size>
         <alignment>0x4</alignment>
         <input_file_ref idref="fl-3b"/>
      </object_component>
      <object_component id="oc-13a">
         <name>.text._pconv_e</name>
         <load_address>0x1c9c</load_address>
         <readonly>true</readonly>
         <executable>true</executable>
         <run_address>0x1c9c</run_address>
         <size>0x120</size>
         <alignment>0x4</alignment>
         <input_file_ref idref="fl-3b"/>
      </object_component>
      <object_component id="oc-178">
         <name>.text.__divdf3</name>
         <load_address>0x1dbc</load_address>
         <readonly>true</readonly>
         <executable>true</executable>
         <run_address>0x1dbc</run_address>
         <size>0x10c</size>
         <alignment>0x4</alignment>
         <input_file_ref idref="fl-106"/>
      </object_component>
      <object_component id="oc-88">
         <name>.text.OLED_Update</name>
         <load_address>0x1ec8</load_address>
         <readonly>true</readonly>
         <executable>true</executable>
         <run_address>0x1ec8</run_address>
         <size>0x104</size>
         <alignment>0x4</alignment>
         <input_file_ref idref="fl-6"/>
      </object_component>
      <object_component id="oc-168">
         <name>.text.__muldf3</name>
         <load_address>0x1fcc</load_address>
         <readonly>true</readonly>
         <executable>true</executable>
         <run_address>0x1fcc</run_address>
         <size>0xe4</size>
         <alignment>0x4</alignment>
         <input_file_ref idref="fl-104"/>
      </object_component>
      <object_component id="oc-dd">
         <name>.text.DL_SYSCTL_configSYSPLL</name>
         <load_address>0x20b0</load_address>
         <readonly>true</readonly>
         <executable>true</executable>
         <run_address>0x20b0</run_address>
         <size>0xdc</size>
         <alignment>0x4</alignment>
         <input_file_ref idref="fl-17"/>
      </object_component>
      <object_component id="oc-157">
         <name>.text.scalbn</name>
         <load_address>0x218c</load_address>
         <readonly>true</readonly>
         <executable>true</executable>
         <run_address>0x218c</run_address>
         <size>0xd8</size>
         <alignment>0x4</alignment>
         <input_file_ref idref="fl-3e"/>
      </object_component>
      <object_component id="oc-14e">
         <name>.text</name>
         <load_address>0x2264</load_address>
         <readonly>true</readonly>
         <executable>true</executable>
         <run_address>0x2264</run_address>
         <size>0xa2</size>
         <alignment>0x4</alignment>
         <input_file_ref idref="fl-116"/>
      </object_component>
      <object_component id="oc-76">
         <name>.text:memcpy</name>
         <load_address>0x2306</load_address>
         <readonly>true</readonly>
         <executable>true</executable>
         <run_address>0x2306</run_address>
         <size>0x9a</size>
         <alignment>0x1</alignment>
         <input_file_ref idref="fl-11b"/>
      </object_component>
      <object_component id="oc-1c">
         <name>.text:decompress:lzss</name>
         <load_address>0x23a0</load_address>
         <readonly>true</readonly>
         <executable>true</executable>
         <run_address>0x23a0</run_address>
         <size>0x7c</size>
         <alignment>0x4</alignment>
         <input_file_ref idref="fl-3a"/>
      </object_component>
      <object_component id="oc-87">
         <name>.text.OLED_Printf</name>
         <load_address>0x241c</load_address>
         <readonly>true</readonly>
         <executable>true</executable>
         <run_address>0x241c</run_address>
         <size>0x74</size>
         <alignment>0x4</alignment>
         <input_file_ref idref="fl-6"/>
      </object_component>
      <object_component id="oc-176">
         <name>.text.__gedf2</name>
         <load_address>0x2490</load_address>
         <readonly>true</readonly>
         <executable>true</executable>
         <run_address>0x2490</run_address>
         <size>0x74</size>
         <alignment>0x4</alignment>
         <input_file_ref idref="fl-118"/>
      </object_component>
      <object_component id="oc-170">
         <name>.text.__ledf2</name>
         <load_address>0x2504</load_address>
         <readonly>true</readonly>
         <executable>true</executable>
         <run_address>0x2504</run_address>
         <size>0x68</size>
         <alignment>0x4</alignment>
         <input_file_ref idref="fl-118"/>
      </object_component>
      <object_component id="oc-16f">
         <name>.text._mcpy</name>
         <load_address>0x256c</load_address>
         <readonly>true</readonly>
         <executable>true</executable>
         <run_address>0x256c</run_address>
         <size>0x66</size>
         <alignment>0x2</alignment>
         <input_file_ref idref="fl-3b"/>
      </object_component>
      <object_component id="oc-b3">
         <name>.text.Delay_us</name>
         <load_address>0x25d2</load_address>
         <readonly>true</readonly>
         <executable>true</executable>
         <run_address>0x25d2</run_address>
         <size>0x62</size>
         <alignment>0x2</alignment>
         <input_file_ref idref="fl-8"/>
      </object_component>
      <object_component id="oc-134">
         <name>.text.__aeabi_dcmp</name>
         <load_address>0x2634</load_address>
         <readonly>true</readonly>
         <executable>true</executable>
         <run_address>0x2634</run_address>
         <size>0x62</size>
         <alignment>0x4</alignment>
         <input_file_ref idref="fl-10e"/>
      </object_component>
      <object_component id="oc-ac">
         <name>.text:memset</name>
         <load_address>0x2696</load_address>
         <readonly>true</readonly>
         <executable>true</executable>
         <run_address>0x2696</run_address>
         <size>0x62</size>
         <alignment>0x1</alignment>
         <input_file_ref idref="fl-11c"/>
      </object_component>
      <object_component id="oc-af">
         <name>.text.SYSCFG_DL_SYSCTL_init</name>
         <load_address>0x26f8</load_address>
         <readonly>true</readonly>
         <executable>true</executable>
         <run_address>0x26f8</run_address>
         <size>0x5c</size>
         <alignment>0x4</alignment>
         <input_file_ref idref="fl-2"/>
      </object_component>
      <object_component id="oc-153">
         <name>.text.frexp</name>
         <load_address>0x2754</load_address>
         <readonly>true</readonly>
         <executable>true</executable>
         <run_address>0x2754</run_address>
         <size>0x5c</size>
         <alignment>0x4</alignment>
         <input_file_ref idref="fl-3d"/>
      </object_component>
      <object_component id="oc-15f">
         <name>.text.__TI_ltoa</name>
         <load_address>0x27b0</load_address>
         <readonly>true</readonly>
         <executable>true</executable>
         <run_address>0x27b0</run_address>
         <size>0x58</size>
         <alignment>0x2</alignment>
         <input_file_ref idref="fl-43"/>
      </object_component>
      <object_component id="oc-139">
         <name>.text._pconv_f</name>
         <load_address>0x2808</load_address>
         <readonly>true</readonly>
         <executable>true</executable>
         <run_address>0x2808</run_address>
         <size>0x58</size>
         <alignment>0x2</alignment>
         <input_file_ref idref="fl-3b"/>
      </object_component>
      <object_component id="oc-190">
         <name>.text.__aeabi_idivmod</name>
         <load_address>0x2860</load_address>
         <readonly>true</readonly>
         <executable>true</executable>
         <run_address>0x2860</run_address>
         <size>0x56</size>
         <alignment>0x4</alignment>
         <input_file_ref idref="fl-110"/>
      </object_component>
      <object_component id="oc-16d">
         <name>.text._ecpy</name>
         <load_address>0x28b6</load_address>
         <readonly>true</readonly>
         <executable>true</executable>
         <run_address>0x28b6</run_address>
         <size>0x52</size>
         <alignment>0x2</alignment>
         <input_file_ref idref="fl-3b"/>
      </object_component>
      <object_component id="oc-15b">
         <name>.text.__fixdfsi</name>
         <load_address>0x2908</load_address>
         <readonly>true</readonly>
         <executable>true</executable>
         <run_address>0x2908</run_address>
         <size>0x4a</size>
         <alignment>0x4</alignment>
         <input_file_ref idref="fl-107"/>
      </object_component>
      <object_component id="oc-103">
         <name>.text.__aeabi_idiv0</name>
         <load_address>0x2952</load_address>
         <readonly>true</readonly>
         <executable>true</executable>
         <run_address>0x2952</run_address>
         <size>0x2</size>
         <alignment>0x2</alignment>
         <input_file_ref idref="fl-119"/>
      </object_component>
      <object_component id="oc-e3">
         <name>.text.DL_SYSCTL_switchMCLKfromSYSOSCtoHSCLK</name>
         <load_address>0x2954</load_address>
         <readonly>true</readonly>
         <executable>true</executable>
         <run_address>0x2954</run_address>
         <size>0x44</size>
         <alignment>0x4</alignment>
         <input_file_ref idref="fl-17"/>
      </object_component>
      <object_component id="oc-ae">
         <name>.text.SYSCFG_DL_GPIO_init</name>
         <load_address>0x2998</load_address>
         <readonly>true</readonly>
         <executable>true</executable>
         <run_address>0x2998</run_address>
         <size>0x44</size>
         <alignment>0x4</alignment>
         <input_file_ref idref="fl-2"/>
      </object_component>
      <object_component id="oc-e5">
         <name>.text.__aeabi_uidivmod</name>
         <load_address>0x29dc</load_address>
         <readonly>true</readonly>
         <executable>true</executable>
         <run_address>0x29dc</run_address>
         <size>0x40</size>
         <alignment>0x4</alignment>
         <input_file_ref idref="fl-113"/>
      </object_component>
      <object_component id="oc-11d">
         <name>.text.atoi</name>
         <load_address>0x2a1c</load_address>
         <readonly>true</readonly>
         <executable>true</executable>
         <run_address>0x2a1c</run_address>
         <size>0x40</size>
         <alignment>0x4</alignment>
         <input_file_ref idref="fl-46"/>
      </object_component>
      <object_component id="oc-63">
         <name>.text.main</name>
         <load_address>0x2a5c</load_address>
         <readonly>true</readonly>
         <executable>true</executable>
         <run_address>0x2a5c</run_address>
         <size>0x40</size>
         <alignment>0x4</alignment>
         <input_file_ref idref="fl-1"/>
      </object_component>
      <object_component id="oc-94">
         <name>.text:__TI_auto_init_nobinit_nopinit</name>
         <load_address>0x2a9c</load_address>
         <readonly>true</readonly>
         <executable>true</executable>
         <run_address>0x2a9c</run_address>
         <size>0x3c</size>
         <alignment>0x4</alignment>
         <input_file_ref idref="fl-35"/>
      </object_component>
      <object_component id="oc-149">
         <name>.text.__muldsi3</name>
         <load_address>0x2ad8</load_address>
         <readonly>true</readonly>
         <executable>true</executable>
         <run_address>0x2ad8</run_address>
         <size>0x3a</size>
         <alignment>0x4</alignment>
         <input_file_ref idref="fl-105"/>
      </object_component>
      <object_component id="oc-16e">
         <name>.text._fcpy</name>
         <load_address>0x2b12</load_address>
         <readonly>true</readonly>
         <executable>true</executable>
         <run_address>0x2b12</run_address>
         <size>0x30</size>
         <alignment>0x2</alignment>
         <input_file_ref idref="fl-3b"/>
      </object_component>
      <object_component id="oc-183">
         <name>.text.__aeabi_ldiv0</name>
         <load_address>0x2b42</load_address>
         <readonly>true</readonly>
         <executable>true</executable>
         <run_address>0x2b42</run_address>
         <size>0x2</size>
         <alignment>0x2</alignment>
         <input_file_ref idref="fl-119"/>
      </object_component>
      <object_component id="oc-ad">
         <name>.text.SYSCFG_DL_initPower</name>
         <load_address>0x2b44</load_address>
         <readonly>true</readonly>
         <executable>true</executable>
         <run_address>0x2b44</run_address>
         <size>0x2c</size>
         <alignment>0x4</alignment>
         <input_file_ref idref="fl-2"/>
      </object_component>
      <object_component id="oc-163">
         <name>.text.__floatsidf</name>
         <load_address>0x2b70</load_address>
         <readonly>true</readonly>
         <executable>true</executable>
         <run_address>0x2b70</run_address>
         <size>0x2c</size>
         <alignment>0x4</alignment>
         <input_file_ref idref="fl-109"/>
      </object_component>
      <object_component id="oc-be">
         <name>.text.vsprintf</name>
         <load_address>0x2b9c</load_address>
         <readonly>true</readonly>
         <executable>true</executable>
         <run_address>0x2b9c</run_address>
         <size>0x2c</size>
         <alignment>0x4</alignment>
         <input_file_ref idref="fl-2e"/>
      </object_component>
      <object_component id="oc-4f">
         <name>.text:_c_int00_noargs</name>
         <load_address>0x2bc8</load_address>
         <readonly>true</readonly>
         <executable>true</executable>
         <run_address>0x2bc8</run_address>
         <size>0x28</size>
         <alignment>0x4</alignment>
         <input_file_ref idref="fl-33"/>
      </object_component>
      <object_component id="oc-12a">
         <name>.text.__muldi3</name>
         <load_address>0x2bf0</load_address>
         <readonly>true</readonly>
         <executable>true</executable>
         <run_address>0x2bf0</run_address>
         <size>0x24</size>
         <alignment>0x4</alignment>
         <input_file_ref idref="fl-10c"/>
      </object_component>
      <object_component id="oc-116">
         <name>.text.memccpy</name>
         <load_address>0x2c14</load_address>
         <readonly>true</readonly>
         <executable>true</executable>
         <run_address>0x2c14</run_address>
         <size>0x22</size>
         <alignment>0x2</alignment>
         <input_file_ref idref="fl-48"/>
      </object_component>
      <object_component id="oc-184">
         <name>.text.__ashldi3</name>
         <load_address>0x2c38</load_address>
         <readonly>true</readonly>
         <executable>true</executable>
         <run_address>0x2c38</run_address>
         <size>0x1e</size>
         <alignment>0x4</alignment>
         <input_file_ref idref="fl-117"/>
      </object_component>
      <object_component id="oc-ec">
         <name>.text._outs</name>
         <load_address>0x2c56</load_address>
         <readonly>true</readonly>
         <executable>true</executable>
         <run_address>0x2c56</run_address>
         <size>0x18</size>
         <alignment>0x2</alignment>
         <input_file_ref idref="fl-2e"/>
      </object_component>
      <object_component id="oc-86">
         <name>.text.OLED_Clear</name>
         <load_address>0x2c70</load_address>
         <readonly>true</readonly>
         <executable>true</executable>
         <run_address>0x2c70</run_address>
         <size>0x14</size>
         <alignment>0x4</alignment>
         <input_file_ref idref="fl-6"/>
      </object_component>
      <object_component id="oc-12f">
         <name>.text.__aeabi_uldivmod</name>
         <load_address>0x2c84</load_address>
         <readonly>true</readonly>
         <executable>true</executable>
         <run_address>0x2c84</run_address>
         <size>0x14</size>
         <alignment>0x4</alignment>
         <input_file_ref idref="fl-114"/>
      </object_component>
      <object_component id="oc-16c">
         <name>.text.strchr</name>
         <load_address>0x2c98</load_address>
         <readonly>true</readonly>
         <executable>true</executable>
         <run_address>0x2c98</run_address>
         <size>0x14</size>
         <alignment>0x2</alignment>
         <input_file_ref idref="fl-3b"/>
      </object_component>
      <object_component id="oc-20">
         <name>.text:decompress:none</name>
         <load_address>0x2cac</load_address>
         <readonly>true</readonly>
         <executable>true</executable>
         <run_address>0x2cac</run_address>
         <size>0x12</size>
         <alignment>0x2</alignment>
         <input_file_ref idref="fl-39"/>
      </object_component>
      <object_component id="oc-7b">
         <name>.text.SYSCFG_DL_init</name>
         <load_address>0x2cbe</load_address>
         <readonly>true</readonly>
         <executable>true</executable>
         <run_address>0x2cbe</run_address>
         <size>0x10</size>
         <alignment>0x2</alignment>
         <input_file_ref idref="fl-2"/>
      </object_component>
      <object_component id="oc-121">
         <name>.text.wcslen</name>
         <load_address>0x2cce</load_address>
         <readonly>true</readonly>
         <executable>true</executable>
         <run_address>0x2cce</run_address>
         <size>0x10</size>
         <alignment>0x2</alignment>
         <input_file_ref idref="fl-3f"/>
      </object_component>
      <object_component id="oc-4c">
         <name>.text:decompress:ZI</name>
         <load_address>0x2cde</load_address>
         <readonly>true</readonly>
         <executable>true</executable>
         <run_address>0x2cde</run_address>
         <size>0x10</size>
         <alignment>0x2</alignment>
         <input_file_ref idref="fl-38"/>
      </object_component>
      <object_component id="oc-115">
         <name>.text.__aeabi_memset</name>
         <load_address>0x2cf0</load_address>
         <readonly>true</readonly>
         <executable>true</executable>
         <run_address>0x2cf0</run_address>
         <size>0xe</size>
         <alignment>0x4</alignment>
         <input_file_ref idref="fl-112"/>
      </object_component>
      <object_component id="oc-114">
         <name>.text.strlen</name>
         <load_address>0x2cfe</load_address>
         <readonly>true</readonly>
         <executable>true</executable>
         <run_address>0x2cfe</run_address>
         <size>0xe</size>
         <alignment>0x2</alignment>
         <input_file_ref idref="fl-3b"/>
      </object_component>
      <object_component id="oc-5a">
         <name>.text.__aeabi_memclr</name>
         <load_address>0x2d0c</load_address>
         <readonly>true</readonly>
         <executable>true</executable>
         <run_address>0x2d0c</run_address>
         <size>0xc</size>
         <alignment>0x4</alignment>
         <input_file_ref idref="fl-112"/>
      </object_component>
      <object_component id="oc-d9">
         <name>.text.DL_Common_delayCycles</name>
         <load_address>0x2d18</load_address>
         <readonly>true</readonly>
         <executable>true</executable>
         <run_address>0x2d18</run_address>
         <size>0xa</size>
         <alignment>0x2</alignment>
         <input_file_ref idref="fl-16"/>
      </object_component>
      <object_component id="oc-167">
         <name>.text.OUTLINED_FUNCTION_0</name>
         <load_address>0x2d22</load_address>
         <readonly>true</readonly>
         <executable>true</executable>
         <run_address>0x2d22</run_address>
         <size>0xa</size>
         <alignment>0x2</alignment>
         <input_file_ref idref="fl-3b"/>
      </object_component>
      <object_component id="oc-1e6">
         <name>.tramp.__aeabi_dsub.1</name>
         <load_address>0x2d2c</load_address>
         <readonly>true</readonly>
         <executable>true</executable>
         <run_address>0x2d2c</run_address>
         <size>0x10</size>
         <alignment>0x4</alignment>
         <input_file_ref idref="fl-103"/>
      </object_component>
      <object_component id="oc-181">
         <name>.text.OUTLINED_FUNCTION_1</name>
         <load_address>0x2d3c</load_address>
         <readonly>true</readonly>
         <executable>true</executable>
         <run_address>0x2d3c</run_address>
         <size>0xa</size>
         <alignment>0x2</alignment>
         <input_file_ref idref="fl-3b"/>
      </object_component>
      <object_component id="oc-ed">
         <name>.text._outc</name>
         <load_address>0x2d46</load_address>
         <readonly>true</readonly>
         <executable>true</executable>
         <run_address>0x2d46</run_address>
         <size>0xa</size>
         <alignment>0x2</alignment>
         <input_file_ref idref="fl-2e"/>
      </object_component>
      <object_component id="oc-125">
         <name>.text.__aeabi_errno_addr</name>
         <load_address>0x2d50</load_address>
         <readonly>true</readonly>
         <executable>true</executable>
         <run_address>0x2d50</run_address>
         <size>0x8</size>
         <alignment>0x4</alignment>
         <input_file_ref idref="fl-40"/>
      </object_component>
      <object_component id="oc-3f">
         <name>.text.__aeabi_memcpy</name>
         <load_address>0x2d58</load_address>
         <readonly>true</readonly>
         <executable>true</executable>
         <run_address>0x2d58</run_address>
         <size>0x8</size>
         <alignment>0x4</alignment>
         <input_file_ref idref="fl-111"/>
      </object_component>
      <object_component id="oc-8d">
         <name>.text:abort</name>
         <load_address>0x2d60</load_address>
         <readonly>true</readonly>
         <executable>true</executable>
         <run_address>0x2d60</run_address>
         <size>0x6</size>
         <alignment>0x2</alignment>
         <input_file_ref idref="fl-41"/>
      </object_component>
      <object_component id="oc-c8">
         <name>.text.HOSTexit</name>
         <load_address>0x2d66</load_address>
         <readonly>true</readonly>
         <executable>true</executable>
         <run_address>0x2d66</run_address>
         <size>0x4</size>
         <alignment>0x2</alignment>
         <input_file_ref idref="fl-f2"/>
      </object_component>
      <object_component id="oc-2f">
         <name>.text.Reset_Handler</name>
         <load_address>0x2d6a</load_address>
         <readonly>true</readonly>
         <executable>true</executable>
         <run_address>0x2d6a</run_address>
         <size>0x4</size>
         <alignment>0x2</alignment>
         <input_file_ref idref="fl-3"/>
      </object_component>
      <object_component id="oc-5f">
         <name>.text._system_pre_init</name>
         <load_address>0x2d6e</load_address>
         <readonly>true</readonly>
         <executable>true</executable>
         <run_address>0x2d6e</run_address>
         <size>0x4</size>
         <alignment>0x2</alignment>
         <input_file_ref idref="fl-36"/>
      </object_component>
      <object_component id="oc-1e0">
         <name>__TI_handler_table</name>
         <load_address>0x3710</load_address>
         <readonly>true</readonly>
         <run_address>0x3710</run_address>
         <size>0xc</size>
         <alignment>0x4</alignment>
      </object_component>
      <object_component id="oc-1e3">
         <name>.cinit..bss.load</name>
         <load_address>0x371c</load_address>
         <readonly>true</readonly>
         <run_address>0x371c</run_address>
         <size>0x8</size>
         <alignment>0x4</alignment>
      </object_component>
      <object_component id="oc-1e2">
         <name>.cinit..data.load</name>
         <load_address>0x3724</load_address>
         <readonly>true</readonly>
         <run_address>0x3724</run_address>
         <size>0x7</size>
         <alignment>0x1</alignment>
      </object_component>
      <object_component id="oc-1e1">
         <name>__TI_cinit_table</name>
         <load_address>0x372c</load_address>
         <readonly>true</readonly>
         <run_address>0x372c</run_address>
         <size>0x10</size>
         <alignment>0x4</alignment>
      </object_component>
      <object_component id="oc-c7">
         <name>.rodata.OLED_F8x16</name>
         <load_address>0x2d80</load_address>
         <readonly>true</readonly>
         <run_address>0x2d80</run_address>
         <size>0x5f0</size>
         <alignment>0x1</alignment>
         <input_file_ref idref="fl-7"/>
      </object_component>
      <object_component id="oc-c5">
         <name>.rodata.OLED_F6x8</name>
         <load_address>0x3370</load_address>
         <readonly>true</readonly>
         <run_address>0x3370</run_address>
         <size>0x23a</size>
         <alignment>0x1</alignment>
         <input_file_ref idref="fl-7"/>
      </object_component>
      <object_component id="oc-8a">
         <name>.rodata.str1.254342170260855183.1</name>
         <load_address>0x35aa</load_address>
         <readonly>true</readonly>
         <run_address>0x35aa</run_address>
         <size>0x5</size>
         <alignment>0x1</alignment>
         <input_file_ref idref="fl-1"/>
      </object_component>
      <object_component id="oc-13e">
         <name>.rodata:__aeabi_ctype_table_</name>
         <load_address>0x35b0</load_address>
         <readonly>true</readonly>
         <run_address>0x35b0</run_address>
         <size>0x101</size>
         <alignment>0x10</alignment>
         <input_file_ref idref="fl-4f"/>
      </object_component>
      <object_component id="oc-e4">
         <name>.rodata.gSYSPLLConfig</name>
         <load_address>0x36b4</load_address>
         <readonly>true</readonly>
         <run_address>0x36b4</run_address>
         <size>0x28</size>
         <alignment>0x4</alignment>
         <input_file_ref idref="fl-2"/>
      </object_component>
      <object_component id="oc-12e">
         <name>.rodata.str1.10348868589481759720.1</name>
         <load_address>0x36dc</load_address>
         <readonly>true</readonly>
         <run_address>0x36dc</run_address>
         <size>0x11</size>
         <alignment>0x1</alignment>
         <input_file_ref idref="fl-3b"/>
      </object_component>
      <object_component id="oc-11a">
         <name>.rodata.str1.15363888844622738466.1</name>
         <load_address>0x36ed</load_address>
         <readonly>true</readonly>
         <run_address>0x36ed</run_address>
         <size>0x11</size>
         <alignment>0x1</alignment>
         <input_file_ref idref="fl-3b"/>
      </object_component>
      <object_component id="oc-89">
         <name>.rodata.str1.9517790425240694019.1</name>
         <load_address>0x36fe</load_address>
         <readonly>true</readonly>
         <run_address>0x36fe</run_address>
         <size>0x5</size>
         <alignment>0x1</alignment>
         <input_file_ref idref="fl-1"/>
      </object_component>
      <object_component id="oc-1a8">
         <name>.binit</name>
         <load_address>0x0</load_address>
         <readonly>true</readonly>
         <run_address>0x0</run_address>
         <size>0x0</size>
         <alignment>0x4</alignment>
      </object_component>
      <object_component id="oc-145">
         <name>.data.__aeabi_errno</name>
         <load_address>0x20200400</load_address>
         <readwrite>true</readwrite>
         <run_address>0x20200400</run_address>
         <size>0x4</size>
         <alignment>0x4</alignment>
         <input_file_ref idref="fl-40"/>
      </object_component>
      <object_component id="oc-bb">
         <name>.common:OLED_DisplayBuf</name>
         <uninitialized>true</uninitialized>
         <readwrite>true</readwrite>
         <run_address>0x20200000</run_address>
         <size>0x400</size>
         <alignment>0x1</alignment>
      </object_component>
      <object_component id="oc-1a">
         <name>.stack</name>
         <uninitialized>true</uninitialized>
         <readwrite>true</readwrite>
         <run_address>0x20207e00</run_address>
         <size>0x4</size>
         <alignment>0x4</alignment>
         <input_file_ref idref="fl-33"/>
      </object_component>
      <object_component id="oc-1e5">
         <name>.stack</name>
         <uninitialized>true</uninitialized>
         <readwrite>true</readwrite>
         <run_address>0x20207e00</run_address>
         <size>0x0</size>
         <alignment>0x8</alignment>
      </object_component>
      <object_component id="oc-8b">
         <name>.debug_abbrev</name>
         <load_address>0x0</load_address>
         <run_address>0x0</run_address>
         <size>0x6f</size>
         <alignment>0x1</alignment>
         <input_file_ref idref="fl-1"/>
      </object_component>
      <object_component id="oc-b1">
         <name>.debug_abbrev</name>
         <load_address>0x6f</load_address>
         <run_address>0x6f</run_address>
         <size>0x1b1</size>
         <alignment>0x1</alignment>
         <input_file_ref idref="fl-2"/>
      </object_component>
      <object_component id="oc-34">
         <name>.debug_abbrev</name>
         <load_address>0x220</load_address>
         <run_address>0x220</run_address>
         <size>0x6d</size>
         <alignment>0x1</alignment>
         <input_file_ref idref="fl-3"/>
      </object_component>
      <object_component id="oc-bc">
         <name>.debug_abbrev</name>
         <load_address>0x28d</load_address>
         <run_address>0x28d</run_address>
         <size>0x2e9</size>
         <alignment>0x1</alignment>
         <input_file_ref idref="fl-6"/>
      </object_component>
      <object_component id="oc-f0">
         <name>.debug_abbrev</name>
         <load_address>0x576</load_address>
         <run_address>0x576</run_address>
         <size>0x86</size>
         <alignment>0x1</alignment>
         <input_file_ref idref="fl-7"/>
      </object_component>
      <object_component id="oc-e9">
         <name>.debug_abbrev</name>
         <load_address>0x5fc</load_address>
         <run_address>0x5fc</run_address>
         <size>0x61</size>
         <alignment>0x1</alignment>
         <input_file_ref idref="fl-8"/>
      </object_component>
      <object_component id="oc-fe">
         <name>.debug_abbrev</name>
         <load_address>0x65d</load_address>
         <run_address>0x65d</run_address>
         <size>0x62</size>
         <alignment>0x1</alignment>
         <input_file_ref idref="fl-16"/>
      </object_component>
      <object_component id="oc-101">
         <name>.debug_abbrev</name>
         <load_address>0x6bf</load_address>
         <run_address>0x6bf</run_address>
         <size>0x218</size>
         <alignment>0x1</alignment>
         <input_file_ref idref="fl-17"/>
      </object_component>
      <object_component id="oc-ee">
         <name>.debug_abbrev</name>
         <load_address>0x8d7</load_address>
         <run_address>0x8d7</run_address>
         <size>0xd6</size>
         <alignment>0x1</alignment>
         <input_file_ref idref="fl-2e"/>
      </object_component>
      <object_component id="oc-36">
         <name>.debug_abbrev</name>
         <load_address>0x9ad</load_address>
         <run_address>0x9ad</run_address>
         <size>0xaf</size>
         <alignment>0x1</alignment>
         <input_file_ref idref="fl-33"/>
      </object_component>
      <object_component id="oc-d2">
         <name>.debug_abbrev</name>
         <load_address>0xa5c</load_address>
         <run_address>0xa5c</run_address>
         <size>0x170</size>
         <alignment>0x1</alignment>
         <input_file_ref idref="fl-35"/>
      </object_component>
      <object_component id="oc-79">
         <name>.debug_abbrev</name>
         <load_address>0xbcc</load_address>
         <run_address>0xbcc</run_address>
         <size>0x39</size>
         <alignment>0x1</alignment>
         <input_file_ref idref="fl-36"/>
      </object_component>
      <object_component id="oc-58">
         <name>.debug_abbrev</name>
         <load_address>0xc05</load_address>
         <run_address>0xc05</run_address>
         <size>0xc2</size>
         <alignment>0x1</alignment>
         <input_file_ref idref="fl-38"/>
      </object_component>
      <object_component id="oc-43">
         <name>.debug_abbrev</name>
         <load_address>0xcc7</load_address>
         <run_address>0xcc7</run_address>
         <size>0x70</size>
         <alignment>0x1</alignment>
         <input_file_ref idref="fl-39"/>
      </object_component>
      <object_component id="oc-3b">
         <name>.debug_abbrev</name>
         <load_address>0xd37</load_address>
         <run_address>0xd37</run_address>
         <size>0x8d</size>
         <alignment>0x1</alignment>
         <input_file_ref idref="fl-3a"/>
      </object_component>
      <object_component id="oc-11b">
         <name>.debug_abbrev</name>
         <load_address>0xdc4</load_address>
         <run_address>0xdc4</run_address>
         <size>0x2a3</size>
         <alignment>0x1</alignment>
         <input_file_ref idref="fl-3b"/>
      </object_component>
      <object_component id="oc-189">
         <name>.debug_abbrev</name>
         <load_address>0x1067</load_address>
         <run_address>0x1067</run_address>
         <size>0x81</size>
         <alignment>0x1</alignment>
         <input_file_ref idref="fl-3d"/>
      </object_component>
      <object_component id="oc-18c">
         <name>.debug_abbrev</name>
         <load_address>0x10e8</load_address>
         <run_address>0x10e8</run_address>
         <size>0x88</size>
         <alignment>0x1</alignment>
         <input_file_ref idref="fl-3e"/>
      </object_component>
      <object_component id="oc-142">
         <name>.debug_abbrev</name>
         <load_address>0x1170</load_address>
         <run_address>0x1170</run_address>
         <size>0x72</size>
         <alignment>0x1</alignment>
         <input_file_ref idref="fl-3f"/>
      </object_component>
      <object_component id="oc-146">
         <name>.debug_abbrev</name>
         <load_address>0x11e2</load_address>
         <run_address>0x11e2</run_address>
         <size>0x148</size>
         <alignment>0x1</alignment>
         <input_file_ref idref="fl-40"/>
      </object_component>
      <object_component id="oc-cc">
         <name>.debug_abbrev</name>
         <load_address>0x132a</load_address>
         <run_address>0x132a</run_address>
         <size>0x98</size>
         <alignment>0x1</alignment>
         <input_file_ref idref="fl-41"/>
      </object_component>
      <object_component id="oc-194">
         <name>.debug_abbrev</name>
         <load_address>0x13c2</load_address>
         <run_address>0x13c2</run_address>
         <size>0x95</size>
         <alignment>0x1</alignment>
         <input_file_ref idref="fl-43"/>
      </object_component>
      <object_component id="oc-13f">
         <name>.debug_abbrev</name>
         <load_address>0x1457</load_address>
         <run_address>0x1457</run_address>
         <size>0x72</size>
         <alignment>0x1</alignment>
         <input_file_ref idref="fl-46"/>
      </object_component>
      <object_component id="oc-13b">
         <name>.debug_abbrev</name>
         <load_address>0x14c9</load_address>
         <run_address>0x14c9</run_address>
         <size>0x8b</size>
         <alignment>0x1</alignment>
         <input_file_ref idref="fl-48"/>
      </object_component>
      <object_component id="oc-f3">
         <name>.debug_abbrev</name>
         <load_address>0x1554</load_address>
         <run_address>0x1554</run_address>
         <size>0x2c</size>
         <alignment>0x1</alignment>
         <input_file_ref idref="fl-f2"/>
      </object_component>
      <object_component id="oc-19c">
         <name>.debug_abbrev</name>
         <load_address>0x1580</load_address>
         <run_address>0x1580</run_address>
         <size>0x27</size>
         <alignment>0x1</alignment>
         <input_file_ref idref="fl-103"/>
      </object_component>
      <object_component id="oc-198">
         <name>.debug_abbrev</name>
         <load_address>0x15a7</load_address>
         <run_address>0x15a7</run_address>
         <size>0x27</size>
         <alignment>0x1</alignment>
         <input_file_ref idref="fl-104"/>
      </object_component>
      <object_component id="oc-182">
         <name>.debug_abbrev</name>
         <load_address>0x15ce</load_address>
         <run_address>0x15ce</run_address>
         <size>0x27</size>
         <alignment>0x1</alignment>
         <input_file_ref idref="fl-105"/>
      </object_component>
      <object_component id="oc-19b">
         <name>.debug_abbrev</name>
         <load_address>0x15f5</load_address>
         <run_address>0x15f5</run_address>
         <size>0x27</size>
         <alignment>0x1</alignment>
         <input_file_ref idref="fl-106"/>
      </object_component>
      <object_component id="oc-18f">
         <name>.debug_abbrev</name>
         <load_address>0x161c</load_address>
         <run_address>0x161c</run_address>
         <size>0x27</size>
         <alignment>0x1</alignment>
         <input_file_ref idref="fl-107"/>
      </object_component>
      <object_component id="oc-197">
         <name>.debug_abbrev</name>
         <load_address>0x1643</load_address>
         <run_address>0x1643</run_address>
         <size>0x27</size>
         <alignment>0x1</alignment>
         <input_file_ref idref="fl-109"/>
      </object_component>
      <object_component id="oc-14d">
         <name>.debug_abbrev</name>
         <load_address>0x166a</load_address>
         <run_address>0x166a</run_address>
         <size>0x27</size>
         <alignment>0x1</alignment>
         <input_file_ref idref="fl-10c"/>
      </object_component>
      <object_component id="oc-177">
         <name>.debug_abbrev</name>
         <load_address>0x1691</load_address>
         <run_address>0x1691</run_address>
         <size>0x27</size>
         <alignment>0x1</alignment>
         <input_file_ref idref="fl-10e"/>
      </object_component>
      <object_component id="oc-19e">
         <name>.debug_abbrev</name>
         <load_address>0x16b8</load_address>
         <run_address>0x16b8</run_address>
         <size>0x27</size>
         <alignment>0x1</alignment>
         <input_file_ref idref="fl-110"/>
      </object_component>
      <object_component id="oc-57">
         <name>.debug_abbrev</name>
         <load_address>0x16df</load_address>
         <run_address>0x16df</run_address>
         <size>0x27</size>
         <alignment>0x1</alignment>
         <input_file_ref idref="fl-111"/>
      </object_component>
      <object_component id="oc-78">
         <name>.debug_abbrev</name>
         <load_address>0x1706</load_address>
         <run_address>0x1706</run_address>
         <size>0x25</size>
         <alignment>0x1</alignment>
         <input_file_ref idref="fl-112"/>
      </object_component>
      <object_component id="oc-108">
         <name>.debug_abbrev</name>
         <load_address>0x172b</load_address>
         <run_address>0x172b</run_address>
         <size>0x27</size>
         <alignment>0x1</alignment>
         <input_file_ref idref="fl-113"/>
      </object_component>
      <object_component id="oc-152">
         <name>.debug_abbrev</name>
         <load_address>0x1752</load_address>
         <run_address>0x1752</run_address>
         <size>0x27</size>
         <alignment>0x1</alignment>
         <input_file_ref idref="fl-114"/>
      </object_component>
      <object_component id="oc-188">
         <name>.debug_abbrev</name>
         <load_address>0x1779</load_address>
         <run_address>0x1779</run_address>
         <size>0x27</size>
         <alignment>0x1</alignment>
         <input_file_ref idref="fl-116"/>
      </object_component>
      <object_component id="oc-19d">
         <name>.debug_abbrev</name>
         <load_address>0x17a0</load_address>
         <run_address>0x17a0</run_address>
         <size>0x27</size>
         <alignment>0x1</alignment>
         <input_file_ref idref="fl-117"/>
      </object_component>
      <object_component id="oc-199">
         <name>.debug_abbrev</name>
         <load_address>0x17c7</load_address>
         <run_address>0x17c7</run_address>
         <size>0xc8</size>
         <alignment>0x1</alignment>
         <input_file_ref idref="fl-118"/>
      </object_component>
      <object_component id="oc-111">
         <name>.debug_abbrev</name>
         <load_address>0x188f</load_address>
         <run_address>0x188f</run_address>
         <size>0x59</size>
         <alignment>0x1</alignment>
         <input_file_ref idref="fl-119"/>
      </object_component>
      <object_component id="oc-a6">
         <name>.debug_abbrev</name>
         <load_address>0x18e8</load_address>
         <run_address>0x18e8</run_address>
         <size>0x25</size>
         <alignment>0x1</alignment>
         <input_file_ref idref="fl-11b"/>
      </object_component>
      <object_component id="oc-d8">
         <name>.debug_abbrev</name>
         <load_address>0x190d</load_address>
         <run_address>0x190d</run_address>
         <size>0x25</size>
         <alignment>0x1</alignment>
         <input_file_ref idref="fl-11c"/>
      </object_component>
      <object_component id="oc-1e8">
         <name>.debug_abbrev</name>
         <load_address>0x1932</load_address>
         <run_address>0x1932</run_address>
         <size>0x23</size>
         <alignment>0x0</alignment>
      </object_component>
      <object_component id="oc-64">
         <name>.debug_info</name>
         <load_address>0x0</load_address>
         <run_address>0x0</run_address>
         <size>0xb7</size>
         <alignment>0x1</alignment>
         <input_file_ref idref="fl-1"/>
      </object_component>
      <object_component id="oc-7d">
         <name>.debug_info</name>
         <load_address>0xb7</load_address>
         <run_address>0xb7</run_address>
         <size>0x1528</size>
         <alignment>0x1</alignment>
         <input_file_ref idref="fl-2"/>
      </object_component>
      <object_component id="oc-19">
         <name>.debug_info</name>
         <load_address>0x15df</load_address>
         <run_address>0x15df</run_address>
         <size>0x80</size>
         <alignment>0x1</alignment>
         <input_file_ref idref="fl-3"/>
      </object_component>
      <object_component id="oc-84">
         <name>.debug_info</name>
         <load_address>0x165f</load_address>
         <run_address>0x165f</run_address>
         <size>0x3e18</size>
         <alignment>0x1</alignment>
         <input_file_ref idref="fl-6"/>
      </object_component>
      <object_component id="oc-c6">
         <name>.debug_info</name>
         <load_address>0x5477</load_address>
         <run_address>0x5477</run_address>
         <size>0x11a</size>
         <alignment>0x1</alignment>
         <input_file_ref idref="fl-7"/>
      </object_component>
      <object_component id="oc-b5">
         <name>.debug_info</name>
         <load_address>0x5591</load_address>
         <run_address>0x5591</run_address>
         <size>0xf0</size>
         <alignment>0x1</alignment>
         <input_file_ref idref="fl-8"/>
      </object_component>
      <object_component id="oc-dc">
         <name>.debug_info</name>
         <load_address>0x5681</load_address>
         <run_address>0x5681</run_address>
         <size>0x75</size>
         <alignment>0x1</alignment>
         <input_file_ref idref="fl-16"/>
      </object_component>
      <object_component id="oc-e0">
         <name>.debug_info</name>
         <load_address>0x56f6</load_address>
         <run_address>0x56f6</run_address>
         <size>0x1090</size>
         <alignment>0x1</alignment>
         <input_file_ref idref="fl-17"/>
      </object_component>
      <object_component id="oc-c2">
         <name>.debug_info</name>
         <load_address>0x6786</load_address>
         <run_address>0x6786</run_address>
         <size>0x15f</size>
         <alignment>0x1</alignment>
         <input_file_ref idref="fl-2e"/>
      </object_component>
      <object_component id="oc-1b">
         <name>.debug_info</name>
         <load_address>0x68e5</load_address>
         <run_address>0x68e5</run_address>
         <size>0x423</size>
         <alignment>0x1</alignment>
         <input_file_ref idref="fl-33"/>
      </object_component>
      <object_component id="oc-98">
         <name>.debug_info</name>
         <load_address>0x6d08</load_address>
         <run_address>0x6d08</run_address>
         <size>0x744</size>
         <alignment>0x1</alignment>
         <input_file_ref idref="fl-35"/>
      </object_component>
      <object_component id="oc-60">
         <name>.debug_info</name>
         <load_address>0x744c</load_address>
         <run_address>0x744c</run_address>
         <size>0x46</size>
         <alignment>0x1</alignment>
         <input_file_ref idref="fl-36"/>
      </object_component>
      <object_component id="oc-4b">
         <name>.debug_info</name>
         <load_address>0x7492</load_address>
         <run_address>0x7492</run_address>
         <size>0x192</size>
         <alignment>0x1</alignment>
         <input_file_ref idref="fl-38"/>
      </object_component>
      <object_component id="oc-23">
         <name>.debug_info</name>
         <load_address>0x7624</load_address>
         <run_address>0x7624</run_address>
         <size>0xc6</size>
         <alignment>0x1</alignment>
         <input_file_ref idref="fl-39"/>
      </object_component>
      <object_component id="oc-1d">
         <name>.debug_info</name>
         <load_address>0x76ea</load_address>
         <run_address>0x76ea</run_address>
         <size>0x17c</size>
         <alignment>0x1</alignment>
         <input_file_ref idref="fl-3a"/>
      </object_component>
      <object_component id="oc-10b">
         <name>.debug_info</name>
         <load_address>0x7866</load_address>
         <run_address>0x7866</run_address>
         <size>0x1f24</size>
         <alignment>0x1</alignment>
         <input_file_ref idref="fl-3b"/>
      </object_component>
      <object_component id="oc-154">
         <name>.debug_info</name>
         <load_address>0x978a</load_address>
         <run_address>0x978a</run_address>
         <size>0xf1</size>
         <alignment>0x1</alignment>
         <input_file_ref idref="fl-3d"/>
      </object_component>
      <object_component id="oc-158">
         <name>.debug_info</name>
         <load_address>0x987b</load_address>
         <run_address>0x987b</run_address>
         <size>0x128</size>
         <alignment>0x1</alignment>
         <input_file_ref idref="fl-3e"/>
      </object_component>
      <object_component id="oc-122">
         <name>.debug_info</name>
         <load_address>0x99a3</load_address>
         <run_address>0x99a3</run_address>
         <size>0x97</size>
         <alignment>0x1</alignment>
         <input_file_ref idref="fl-3f"/>
      </object_component>
      <object_component id="oc-128">
         <name>.debug_info</name>
         <load_address>0x9a3a</load_address>
         <run_address>0x9a3a</run_address>
         <size>0x33d</size>
         <alignment>0x1</alignment>
         <input_file_ref idref="fl-40"/>
      </object_component>
      <object_component id="oc-90">
         <name>.debug_info</name>
         <load_address>0x9d77</load_address>
         <run_address>0x9d77</run_address>
         <size>0xf8</size>
         <alignment>0x1</alignment>
         <input_file_ref idref="fl-41"/>
      </object_component>
      <object_component id="oc-160">
         <name>.debug_info</name>
         <load_address>0x9e6f</load_address>
         <run_address>0x9e6f</run_address>
         <size>0xc2</size>
         <alignment>0x1</alignment>
         <input_file_ref idref="fl-43"/>
      </object_component>
      <object_component id="oc-120">
         <name>.debug_info</name>
         <load_address>0x9f31</load_address>
         <run_address>0x9f31</run_address>
         <size>0x9e</size>
         <alignment>0x1</alignment>
         <input_file_ref idref="fl-46"/>
      </object_component>
      <object_component id="oc-118">
         <name>.debug_info</name>
         <load_address>0x9fcf</load_address>
         <run_address>0x9fcf</run_address>
         <size>0xce</size>
         <alignment>0x1</alignment>
         <input_file_ref idref="fl-48"/>
      </object_component>
      <object_component id="oc-c9">
         <name>.debug_info</name>
         <load_address>0xa09d</load_address>
         <run_address>0xa09d</run_address>
         <size>0x3b</size>
         <alignment>0x1</alignment>
         <input_file_ref idref="fl-f2"/>
      </object_component>
      <object_component id="oc-17d">
         <name>.debug_info</name>
         <load_address>0xa0d8</load_address>
         <run_address>0xa0d8</run_address>
         <size>0x1a7</size>
         <alignment>0x1</alignment>
         <input_file_ref idref="fl-103"/>
      </object_component>
      <object_component id="oc-16a">
         <name>.debug_info</name>
         <load_address>0xa27f</load_address>
         <run_address>0xa27f</run_address>
         <size>0x18d</size>
         <alignment>0x1</alignment>
         <input_file_ref idref="fl-104"/>
      </object_component>
      <object_component id="oc-14a">
         <name>.debug_info</name>
         <load_address>0xa40c</load_address>
         <run_address>0xa40c</run_address>
         <size>0x18f</size>
         <alignment>0x1</alignment>
         <input_file_ref idref="fl-105"/>
      </object_component>
[...]
         <value>0x1b5f</value>
         <object_component_ref idref="oc-33"/>
      </symbol>
      <symbol id="sm-66">
         <name>PendSV_Handler</name>
         <value>0x1b5f</value>
         <object_component_ref idref="oc-33"/>
      </symbol>
      <symbol id="sm-67">
         <name>SysTick_Handler</name>
         <value>0x1b5f</value>
         <object_component_ref idref="oc-33"/>
      </symbol>
      <symbol id="sm-68">
         <name>GROUP0_IRQHandler</name>
         <value>0x1b5f</value>
         <object_component_ref idref="oc-33"/>
      </symbol>
      <symbol id="sm-69">
         <name>GROUP1_IRQHandler</name>
         <value>0x1b5f</value>
         <object_component_ref idref="oc-33"/>
      </symbol>
      <symbol id="sm-6a">
         <name>TIMG8_IRQHandler</name>
         <value>0x1b5f</value>
         <object_component_ref idref="oc-33"/>
      </symbol>
      <symbol id="sm-6b">
         <name>UART3_IRQHandler</name>
         <value>0x1b5f</value>
         <object_component_ref idref="oc-33"/>
      </symbol>
      <symbol id="sm-6c">
         <name>ADC0_IRQHandler</name>
         <value>0x1b5f</value>
         <object_component_ref idref="oc-33"/>
      </symbol>
      <symbol id="sm-6d">
         <name>ADC1_IRQHandler</name>
         <value>0x1b5f</value>
         <object_component_ref idref="oc-33"/>
      </symbol>
      <symbol id="sm-6e">
         <name>CANFD0_IRQHandler</name>
         <value>0x1b5f</value>
         <object_component_ref idref="oc-33"/>
      </symbol>
      <symbol id="sm-6f">
         <name>DAC0_IRQHandler</name>
         <value>0x1b5f</value>
         <object_component_ref idref="oc-33"/>
      </symbol>
      <symbol id="sm-70">
         <name>SPI0_IRQHandler</name>
         <value>0x1b5f</value>
         <object_component_ref idref="oc-33"/>
      </symbol>
      <symbol id="sm-71">
         <name>SPI1_IRQHandler</name>
         <value>0x1b5f</value>
         <object_component_ref idref="oc-33"/>
      </symbol>
      <symbol id="sm-72">
         <name>UART1_IRQHandler</name>
         <value>0x1b5f</value>
         <object_component_ref idref="oc-33"/>
      </symbol>
      <symbol id="sm-73">
         <name>UART2_IRQHandler</name>
         <value>0x1b5f</value>
         <object_component_ref idref="oc-33"/>
      </symbol>
      <symbol id="sm-74">
         <name>UART0_IRQHandler</name>
         <value>0x1b5f</value>
         <object_component_ref idref="oc-33"/>
      </symbol>
      <symbol id="sm-75">
         <name>TIMG0_IRQHandler</name>
         <value>0x1b5f</value>
         <object_component_ref idref="oc-33"/>
      </symbol>
      <symbol id="sm-76">
         <name>TIMG6_IRQHandler</name>
         <value>0x1b5f</value>
         <object_component_ref idref="oc-33"/>
      </symbol>
      <symbol id="sm-77">
         <name>TIMA0_IRQHandler</name>
         <value>0x1b5f</value>
         <object_component_ref idref="oc-33"/>
      </symbol>
      <symbol id="sm-78">
         <name>TIMA1_IRQHandler</name>
         <value>0x1b5f</value>
         <object_component_ref idref="oc-33"/>
      </symbol>
      <symbol id="sm-79">
         <name>TIMG7_IRQHandler</name>
         <value>0x1b5f</value>
         <object_component_ref idref="oc-33"/>
      </symbol>
      <symbol id="sm-7a">
         <name>TIMG12_IRQHandler</name>
         <value>0x1b5f</value>
         <object_component_ref idref="oc-33"/>
      </symbol>
      <symbol id="sm-7b">
         <name>I2C0_IRQHandler</name>
         <value>0x1b5f</value>
         <object_component_ref idref="oc-33"/>
      </symbol>
      <symbol id="sm-7c">
         <name>I2C1_IRQHandler</name>
         <value>0x1b5f</value>
         <object_component_ref idref="oc-33"/>
      </symbol>
      <symbol id="sm-7d">
         <name>AES_IRQHandler</name>
         <value>0x1b5f</value>
         <object_component_ref idref="oc-33"/>
      </symbol>
      <symbol id="sm-7e">
         <name>RTC_IRQHandler</name>
         <value>0x1b5f</value>
         <object_component_ref idref="oc-33"/>
      </symbol>
      <symbol id="sm-7f">
         <name>DMA_IRQHandler</name>
         <value>0x1b5f</value>
         <object_component_ref idref="oc-33"/>
      </symbol>
      <symbol id="sm-9e">
         <name>OLED_WriteCommand</name>
         <value>0xe4d</value>
         <object_component_ref idref="oc-b9"/>
      </symbol>
      <symbol id="sm-9f">
         <name>OLED_WriteData</name>
         <value>0xa91</value>
         <object_component_ref idref="oc-ba"/>
      </symbol>
      <symbol id="sm-a0">
         <name>OLED_Init</name>
         <value>0x180d</value>
         <object_component_ref idref="oc-80"/>
      </symbol>
      <symbol id="sm-a1">
         <name>OLED_DisplayBuf</name>
         <value>0x20200000</value>
      </symbol>
      <symbol id="sm-a2">
         <name>OLED_Clear</name>
         <value>0x2c71</value>
         <object_component_ref idref="oc-86"/>
      </symbol>
      <symbol id="sm-a3">
         <name>OLED_Update</name>
         <value>0x1ec9</value>
         <object_component_ref idref="oc-88"/>
      </symbol>
      <symbol id="sm-a4">
         <name>OLED_ShowImage</name>
         <value>0x11ad</value>
         <object_component_ref idref="oc-c4"/>
      </symbol>
      <symbol id="sm-a5">
         <name>OLED_Printf</name>
         <value>0x241d</value>
         <object_component_ref idref="oc-87"/>
      </symbol>
      <symbol id="sm-aa">
         <name>OLED_F8x16</name>
         <value>0x2d80</value>
         <object_component_ref idref="oc-c7"/>
      </symbol>
      <symbol id="sm-ab">
         <name>OLED_F6x8</name>
         <value>0x3370</value>
         <object_component_ref idref="oc-c5"/>
      </symbol>
      <symbol id="sm-b5">
         <name>Delay_us</name>
         <value>0x25d3</value>
         <object_component_ref idref="oc-b3"/>
      </symbol>
      <symbol id="sm-b6">
         <name>__TI_ATRegion0_src_addr</name>
         <value>0x0</value>
      </symbol>
      <symbol id="sm-b7">
         <name>__TI_ATRegion0_trg_addr</name>
         <value>0x0</value>
      </symbol>
      <symbol id="sm-b8">
         <name>__TI_ATRegion0_region_sz</name>
         <value>0x0</value>
      </symbol>
      <symbol id="sm-b9">
         <name>__TI_ATRegion1_src_addr</name>
         <value>0x0</value>
      </symbol>
      <symbol id="sm-ba">
         <name>__TI_ATRegion1_trg_addr</name>
         <value>0x0</value>
      </symbol>
      <symbol id="sm-bb">
         <name>__TI_ATRegion1_region_sz</name>
         <value>0x0</value>
      </symbol>
      <symbol id="sm-bc">
         <name>__TI_ATRegion2_src_addr</name>
         <value>0x0</value>
      </symbol>
      <symbol id="sm-bd">
         <name>__TI_ATRegion2_trg_addr</name>
         <value>0x0</value>
      </symbol>
      <symbol id="sm-be">
         <name>__TI_ATRegion2_region_sz</name>
         <value>0x0</value>
      </symbol>
      <symbol id="sm-c7">
         <name>DL_Common_delayCycles</name>
         <value>0x2d19</value>
         <object_component_ref idref="oc-d9"/>
      </symbol>
      <symbol id="sm-d5">
         <name>DL_SYSCTL_configSYSPLL</name>
         <value>0x20b1</value>
         <object_component_ref idref="oc-dd"/>
      </symbol>
      <symbol id="sm-d6">
         <name>DL_SYSCTL_switchMCLKfromSYSOSCtoHSCLK</name>
         <value>0x2955</value>
         <object_component_ref idref="oc-e3"/>
      </symbol>
      <symbol id="sm-e7">
         <name>vsprintf</name>
         <value>0x2b9d</value>
         <object_component_ref idref="oc-be"/>
      </symbol>
      <symbol id="sm-f5">
         <name>_c_int00_noargs</name>
         <value>0x2bc9</value>
         <object_component_ref idref="oc-4f"/>
      </symbol>
      <symbol id="sm-f6">
         <name>__stack</name>
         <value>0x20207e00</value>
         <object_component_ref idref="oc-1a"/>
      </symbol>
      <symbol id="sm-102">
         <name>__TI_auto_init_nobinit_nopinit</name>
         <value>0x2a9d</value>
         <object_component_ref idref="oc-94"/>
      </symbol>
      <symbol id="sm-10a">
         <name>_system_pre_init</name>
         <value>0x2d6f</value>
         <object_component_ref idref="oc-5f"/>
      </symbol>
      <symbol id="sm-115">
         <name>__TI_zero_init</name>
         <value>0x2cdf</value>
         <object_component_ref idref="oc-4c"/>
      </symbol>
      <symbol id="sm-11e">
         <name>__TI_decompress_none</name>
         <value>0x2cad</value>
         <object_component_ref idref="oc-20"/>
      </symbol>
      <symbol id="sm-129">
         <name>__TI_decompress_lzss</name>
         <value>0x23a1</value>
         <object_component_ref idref="oc-1c"/>
      </symbol>
      <symbol id="sm-172">
         <name>__TI_printfi</name>
         <value>0xc1</value>
         <object_component_ref idref="oc-110"/>
      </symbol>
      <symbol id="sm-17d">
         <name>frexp</name>
         <value>0x2755</value>
         <object_component_ref idref="oc-153"/>
      </symbol>
      <symbol id="sm-17e">
         <name>frexpl</name>
         <value>0x2755</value>
         <object_component_ref idref="oc-153"/>
      </symbol>
      <symbol id="sm-188">
         <name>scalbn</name>
         <value>0x218d</value>
         <object_component_ref idref="oc-157"/>
      </symbol>
      <symbol id="sm-189">
         <name>ldexp</name>
         <value>0x218d</value>
         <object_component_ref idref="oc-157"/>
      </symbol>
      <symbol id="sm-18a">
         <name>scalbnl</name>
         <value>0x218d</value>
         <object_component_ref idref="oc-157"/>
      </symbol>
      <symbol id="sm-18b">
         <name>ldexpl</name>
         <value>0x218d</value>
         <object_component_ref idref="oc-157"/>
      </symbol>
      <symbol id="sm-194">
         <name>wcslen</name>
         <value>0x2ccf</value>
         <object_component_ref idref="oc-121"/>
      </symbol>
      <symbol id="sm-19f">
         <name>__aeabi_errno_addr</name>
         <value>0x2d51</value>
         <object_component_ref idref="oc-125"/>
      </symbol>
      <symbol id="sm-1a0">
         <name>__aeabi_errno</name>
         <value>0x20200400</value>
         <object_component_ref idref="oc-145"/>
      </symbol>
      <symbol id="sm-1aa">
         <name>abort</name>
         <value>0x2d61</value>
         <object_component_ref idref="oc-8d"/>
      </symbol>
      <symbol id="sm-1b4">
         <name>__TI_ltoa</name>
         <value>0x27b1</value>
         <object_component_ref idref="oc-15f"/>
      </symbol>
      <symbol id="sm-1c0">
         <name>atoi</name>
         <value>0x2a1d</value>
         <object_component_ref idref="oc-11d"/>
      </symbol>
      <symbol id="sm-1ca">
         <name>memccpy</name>
         <value>0x2c15</value>
         <object_component_ref idref="oc-116"/>
      </symbol>
      <symbol id="sm-1d1">
         <name>__aeabi_ctype_table_</name>
         <value>0x35b0</value>
         <object_component_ref idref="oc-13e"/>
      </symbol>
      <symbol id="sm-1d2">
         <name>__aeabi_ctype_table_C</name>
         <value>0x35b0</value>
         <object_component_ref idref="oc-13e"/>
      </symbol>
      <symbol id="sm-1dd">
         <name>HOSTexit</name>
         <value>0x2d67</value>
         <object_component_ref idref="oc-c8"/>
      </symbol>
      <symbol id="sm-1de">
         <name>C$$EXIT</name>
         <value>0x2d66</value>
         <object_component_ref idref="oc-c8"/>
      </symbol>
      <symbol id="sm-1f3">
         <name>__aeabi_dadd</name>
         <value>0x19d7</value>
         <object_component_ref idref="oc-17c"/>
      </symbol>
      <symbol id="sm-1f4">
         <name>__adddf3</name>
         <value>0x19d7</value>
         <object_component_ref idref="oc-17c"/>
      </symbol>
      <symbol id="sm-1f5">
         <name>__aeabi_dsub</name>
         <value>0x19cd</value>
         <object_component_ref idref="oc-17c"/>
      </symbol>
      <symbol id="sm-1f6">
         <name>__subdf3</name>
         <value>0x19cd</value>
         <object_component_ref idref="oc-17c"/>
      </symbol>
      <symbol id="sm-1ff">
         <name>__aeabi_dmul</name>
         <value>0x1fcd</value>
         <object_component_ref idref="oc-168"/>
      </symbol>
      <symbol id="sm-200">
         <name>__muldf3</name>
         <value>0x1fcd</value>
         <object_component_ref idref="oc-168"/>
      </symbol>
      <symbol id="sm-206">
         <name>__muldsi3</name>
         <value>0x2ad9</value>
         <object_component_ref idref="oc-149"/>
      </symbol>
      <symbol id="sm-20c">
         <name>__aeabi_ddiv</name>
         <value>0x1dbd</value>
         <object_component_ref idref="oc-178"/>
      </symbol>
      <symbol id="sm-20d">
         <name>__divdf3</name>
         <value>0x1dbd</value>
         <object_component_ref idref="oc-178"/>
      </symbol>
      <symbol id="sm-213">
         <name>__aeabi_d2iz</name>
         <value>0x2909</value>
         <object_component_ref idref="oc-15b"/>
      </symbol>
      <symbol id="sm-214">
         <name>__fixdfsi</name>
         <value>0x2909</value>
         <object_component_ref idref="oc-15b"/>
      </symbol>
      <symbol id="sm-21a">
         <name>__aeabi_i2d</name>
         <value>0x2b71</value>
         <object_component_ref idref="oc-163"/>
      </symbol>
      <symbol id="sm-21b">
         <name>__floatsidf</name>
         <value>0x2b71</value>
         <object_component_ref idref="oc-163"/>
      </symbol>
      <symbol id="sm-221">
         <name>__aeabi_lmul</name>
         <value>0x2bf1</value>
         <object_component_ref idref="oc-12a"/>
      </symbol>
      <symbol id="sm-222">
         <name>__muldi3</name>
         <value>0x2bf1</value>
         <object_component_ref idref="oc-12a"/>
      </symbol>
      <symbol id="sm-228">
         <name>__aeabi_dcmpeq</name>
         <value>0x2635</value>
         <object_component_ref idref="oc-134"/>
      </symbol>
      <symbol id="sm-229">
         <name>__aeabi_dcmplt</name>
         <value>0x2649</value>
         <object_component_ref idref="oc-134"/>
      </symbol>
      <symbol id="sm-22a">
         <name>__aeabi_dcmple</name>
         <value>0x265d</value>
         <object_component_ref idref="oc-134"/>
      </symbol>
      <symbol id="sm-22b">
         <name>__aeabi_dcmpge</name>
         <value>0x2671</value>
         <object_component_ref idref="oc-134"/>
      </symbol>
      <symbol id="sm-22c">
         <name>__aeabi_dcmpgt</name>
         <value>0x2685</value>
         <object_component_ref idref="oc-134"/>
      </symbol>
      <symbol id="sm-232">
         <name>__aeabi_idiv</name>
         <value>0x2861</value>
         <object_component_ref idref="oc-190"/>
      </symbol>
      <symbol id="sm-233">
         <name>__aeabi_idivmod</name>
         <value>0x2861</value>
         <object_component_ref idref="oc-190"/>
      </symbol>
      <symbol id="sm-239">
         <name>__aeabi_memcpy</name>
         <value>0x2d59</value>
         <object_component_ref idref="oc-3f"/>
      </symbol>
      <symbol id="sm-23a">
         <name>__aeabi_memcpy4</name>
         <value>0x2d59</value>
         <object_component_ref idref="oc-3f"/>
      </symbol>
      <symbol id="sm-23b">
         <name>__aeabi_memcpy8</name>
         <value>0x2d59</value>
         <object_component_ref idref="oc-3f"/>
      </symbol>
      <symbol id="sm-244">
         <name>__aeabi_memset</name>
         <value>0x2cf1</value>
         <object_component_ref idref="oc-115"/>
      </symbol>
      <symbol id="sm-245">
         <name>__aeabi_memset4</name>
         <value>0x2cf1</value>
         <object_component_ref idref="oc-115"/>
      </symbol>
      <symbol id="sm-246">
         <name>__aeabi_memset8</name>
         <value>0x2cf1</value>
         <object_component_ref idref="oc-115"/>
      </symbol>
      <symbol id="sm-247">
         <name>__aeabi_memclr</name>
         <value>0x2d0d</value>
         <object_component_ref idref="oc-5a"/>
      </symbol>
      <symbol id="sm-248">
         <name>__aeabi_memclr4</name>
         <value>0x2d0d</value>
         <object_component_ref idref="oc-5a"/>
      </symbol>
      <symbol id="sm-249">
         <name>__aeabi_memclr8</name>
         <value>0x2d0d</value>
         <object_component_ref idref="oc-5a"/>
      </symbol>
      <symbol id="sm-24f">
         <name>__aeabi_uidiv</name>
         <value>0x29dd</value>
         <object_component_ref idref="oc-e5"/>
      </symbol>
      <symbol id="sm-250">
         <name>__aeabi_uidivmod</name>
         <value>0x29dd</value>
         <object_component_ref idref="oc-e5"/>
      </symbol>
      <symbol id="sm-256">
         <name>__aeabi_uldivmod</name>
         <value>0x2c85</value>
         <object_component_ref idref="oc-12f"/>
      </symbol>
      <symbol id="sm-25c">
         <name>__udivmoddi4</name>
         <value>0x2265</value>
         <object_component_ref idref="oc-14e"/>
      </symbol>
      <symbol id="sm-262">
         <name>__aeabi_llsl</name>
         <value>0x2c39</value>
         <object_component_ref idref="oc-184"/>
      </symbol>
      <symbol id="sm-263">
         <name>__ashldi3</name>
         <value>0x2c39</value>
         <object_component_ref idref="oc-184"/>
      </symbol>
      <symbol id="sm-271">
         <name>__ledf2</name>
         <value>0x2505</value>
         <object_component_ref idref="oc-170"/>
      </symbol>
      <symbol id="sm-272">
         <name>__gedf2</name>
         <value>0x2491</value>
         <object_component_ref idref="oc-176"/>
      </symbol>
      <symbol id="sm-273">
         <name>__cmpdf2</name>
         <value>0x2505</value>
         <object_component_ref idref="oc-170"/>
      </symbol>
      <symbol id="sm-274">
         <name>__eqdf2</name>
         <value>0x2505</value>
         <object_component_ref idref="oc-170"/>
      </symbol>
      <symbol id="sm-275">
         <name>__ltdf2</name>
         <value>0x2505</value>
         <object_component_ref idref="oc-170"/>
      </symbol>
      <symbol id="sm-276">
         <name>__nedf2</name>
         <value>0x2505</value>
         <object_component_ref idref="oc-170"/>
      </symbol>
      <symbol id="sm-277">
         <name>__gtdf2</name>
         <value>0x2491</value>
         <object_component_ref idref="oc-176"/>
      </symbol>
      <symbol id="sm-283">
         <name>__aeabi_idiv0</name>
         <value>0x2953</value>
         <object_component_ref idref="oc-103"/>
      </symbol>
      <symbol id="sm-284">
         <name>__aeabi_ldiv0</name>
         <value>0x2b43</value>
         <object_component_ref idref="oc-183"/>
      </symbol>
      <symbol id="sm-29e">
         <name>memcpy</name>
         <value>0x2307</value>
         <object_component_ref idref="oc-76"/>
      </symbol>
      <symbol id="sm-2ad">
         <name>memset</name>
         <value>0x2697</value>
         <object_component_ref idref="oc-ac"/>
      </symbol>
      <symbol id="sm-2ae">
         <name>__TI_static_base__</name>
         <value>0x0</value>
      </symbol>
      <symbol id="sm-2b2">
         <name>__mpu_init</name>
         <value>0x0</value>
      </symbol>
      <symbol id="sm-2b3">
         <name>_system_post_cinit</name>
         <value>0x0</value>
      </symbol>
   </symbol_table>
   <title>Link successful</title>
</link_info>
