******************************************************************************
            TI ARM Clang Linker PC v4.0.3                      
******************************************************************************
>> Linked Mon Jul  7 16:28:08 2025

OUTPUT FILE NAME:   <7_trail.out>
ENTRY POINT SYMBOL: "_c_int00_noargs"  address: 00004295


MEMORY CONFIGURATION

         name            origin    length      used     unused   attr    fill
----------------------  --------  ---------  --------  --------  ----  --------
  FLASH                 00000000   00020000  000054a8  0001ab58  R  X
  SRAM                  20200000   00008000  00000677  00007989  RW X
  BCR_CONFIG            41c00000   000000ff  00000000  000000ff  R   
  BSL_CONFIG            41c00100   00000080  00000000  00000080  R   


SEGMENT ALLOCATION MAP

run origin  load origin   length   init length attrs members
----------  ----------- ---------- ----------- ----- -------
00000000    00000000    000054a8   000054a8    r-x
  00000000    00000000    000000c0   000000c0    r-- .intvecs
  000000c0    000000c0    00004980   00004980    r-x .text
  00004a40    00004a40    00000a30   00000a30    r-- .rodata
  00005470    00005470    00000038   00000038    r-- .cinit
20200000    20200000    00000478   00000000    rw-
  20200000    20200000    00000437   00000000    rw- .bss
  20200438    20200438    00000040   00000000    rw- .data
20207e00    20207e00    00000200   00000000    rw-
  20207e00    20207e00    00000200   00000000    rw- .stack


SECTION ALLOCATION MAP

 output                                  attributes/
section   page    origin      length       input sections
--------  ----  ----------  ----------   ----------------
.intvecs   0    00000000    000000c0     
                  00000000    000000c0     startup_mspm0g350x_ticlang.o (.intvecs)

.text      0    000000c0    00004980     
                  000000c0    000009d0     libc.a : _printfi.c.obj (.text:__TI_printfi)
                  00000a90    00000364            : e_asin.c.obj (.text.asin)
                  00000df4    000002f8            : s_atan.c.obj (.text.atan)
                  000010ec    0000022c     mpu6050.o (.text.Read_Quad)
                  00001318    0000022c     inv_mpu.o (.text.mpu_reset_fifo)
                  00001544    00000220     libc.a : _printfi.c.obj (.text._pconv_a)
                  00001764    000001f4     inv_mpu_dmp_motion_driver.o (.text.dmp_read_fifo)
                  00001958    000001dc     libc.a : _printfi.c.obj (.text._pconv_g)
                  00001b34    000001b0     OLED.o (.text.OLED_ShowImage)
                  00001ce4    00000192     libclang_rt.builtins.a : adddf3.S.obj (.text.adddf3_subdf3)
                  00001e76    00000002                            : aeabi_div0.c.obj (.text.__aeabi_idiv0)
                  00001e78    00000188     libc.a : e_atan2.c.obj (.text.atan2)
                  00002000    00000170            : e_sqrt.c.obj (.text.sqrt)
                  00002170    0000013c            : _printfi.c.obj (.text.fcvt)
                  000022ac    00000134     mspm0_i2c.o (.text.mspm0_i2c_read)
                  000023e0    00000120     libc.a : _printfi.c.obj (.text._pconv_e)
                  00002500    0000010c     libclang_rt.builtins.a : divdf3.S.obj (.text.__divdf3)
                  0000260c    00000108     inv_mpu.o (.text.mpu_read_fifo_stream)
                  00002714    000000e4     libclang_rt.builtins.a : muldf3.S.obj (.text.__muldf3)
                  000027f8    000000dc     driverlib.a : dl_sysctl_mspm0g1x0x_g3x0x.o (.text.DL_SYSCTL_configSYSPLL)
                  000028d4    000000d8     ti_msp_dl_config.o (.text.SYSCFG_DL_GPIO_init)
                  000029ac    000000d8     libc.a : s_scalbn.c.obj (.text.scalbn)
                  00002a84    000000d8     libclang_rt.builtins.a : addsf3.S.obj (.text)
                  00002b5c    000000cc     OLED.o (.text.OLED_ClearArea)
                  00002c28    000000c4     mspm0_i2c.o (.text.mspm0_i2c_write)
                  00002cec    000000b0     main.o (.text.main)
                  00002d9c    000000a2     libclang_rt.builtins.a : udivmoddi4.S.obj (.text)
                  00002e3e    0000009a     OLED.o (.text.OLED_Init)
                  00002ed8    0000008c     libclang_rt.builtins.a : mulsf3.S.obj (.text.__mulsf3)
                  00002f64    0000008c     inv_mpu_dmp_motion_driver.o (.text.decode_gesture)
                  00002ff0    00000084     clock.o (.text.__NVIC_SetPriority)
                  00003074    00000084     ti_msp_dl_config.o (.text.__NVIC_SetPriority)
                  000030f8    00000082     libclang_rt.builtins.a : divsf3.S.obj (.text.__divsf3)
                  0000317a    00000002                            : aeabi_div0.c.obj (.text.__aeabi_ldiv0)
                  0000317c    00000080     OLED.o (.text.OLED_ShowChar)
                  000031fc    0000007c     libc.a : copy_decompress_lzss.c.obj (.text:decompress:lzss)
                  00003278    00000074     libclang_rt.builtins.a : comparedf2.c.obj (.text.__gedf2)
                  000032ec    00000004     startup_mspm0g350x_ticlang.o (.text.Default_Handler)
                  000032f0    00000074     libclang_rt.builtins.a : truncdfsf2.S.obj (.text.__truncdfsf2)
                  00003364    00000074     clock.o (.text.delay_us)
                  000033d8    00000074     Trail.o (.text.gw_gray_serial_read)
                  0000344c    00000068     libclang_rt.builtins.a : comparedf2.c.obj (.text.__ledf2)
                  000034b4    00000066     libc.a : _printfi.c.obj (.text._mcpy)
                  0000351a    00000002     --HOLE-- [fill = 0]
                  0000351c    00000062     libclang_rt.builtins.a : aeabi_dcmp.S.obj (.text.__aeabi_dcmp)
                  0000357e    00000002     --HOLE-- [fill = 0]
                  00003580    00000060     mspm0_i2c.o (.text.mpu6050_i2c_sda_unlock)
                  000035e0    0000005e     driverlib.a : dl_i2c.o (.text.DL_I2C_fillControllerTXFIFO)
                  0000363e    00000002     --HOLE-- [fill = 0]
                  00003640    0000005c     libc.a : s_frexp.c.obj (.text.frexp)
                  0000369c    0000005c     mspm0_i2c.o (.text.mspm0_i2c_enable)
                  000036f8    00000058     OLED.o (.text.OLED_Clear)
                  00003750    00000058     OLED.o (.text.OLED_ShowString)
                  000037a8    00000058     ti_msp_dl_config.o (.text.SYSCFG_DL_I2C_MPU6050_init)
                  00003800    00000058     ti_msp_dl_config.o (.text.SYSCFG_DL_initPower)
                  00003858    00000058     libc.a : _ltoa.c.obj (.text.__TI_ltoa)
                  000038b0    00000058            : _printfi.c.obj (.text._pconv_f)
                  00003908    00000056     libclang_rt.builtins.a : aeabi_idivmod.S.obj (.text.__aeabi_idivmod)
                  0000395e    00000054     OLED.o (.text.OLED_I2C_SendByte)
                  000039b2    00000052     libc.a : _printfi.c.obj (.text._ecpy)
                  00003a04    00000050     mspm0_i2c.o (.text.DL_I2C_startControllerTransfer)
                  00003a54    00000050     OLED.o (.text.OLED_WriteData)
                  00003aa4    00000050     clock.o (.text.SysTick_Config)
                  00003af4    0000004c     ti_msp_dl_config.o (.text.DL_UART_setBaudRateDivisor)
                  00003b40    0000004a     OLED.o (.text.OLED_GPIO_Init)
                  00003b8a    00000002     --HOLE-- [fill = 0]
                  00003b8c    0000004a     libclang_rt.builtins.a : fixdfsi.S.obj (.text.__fixdfsi)
                  00003bd6    00000002     --HOLE-- [fill = 0]
                  00003bd8    00000048     driverlib.a : dl_uart.o (.text.DL_UART_init)
                  00003c20    00000048     OLED.o (.text.OLED_Update)
                  00003c68    00000048     ti_msp_dl_config.o (.text.SYSCFG_DL_SYSCTL_init)
                  00003cb0    00000044     driverlib.a : dl_sysctl_mspm0g1x0x_g3x0x.o (.text.DL_SYSCTL_switchMCLKfromSYSOSCtoHSCLK)
                  00003cf4    00000044     mspm0_i2c.o (.text.mspm0_i2c_disable)
                  00003d38    00000040     OLED.o (.text.OLED_Printf)
                  00003d78    00000040     ti_msp_dl_config.o (.text.SYSCFG_DL_UART_0_init)
                  00003db8    00000040     libclang_rt.builtins.a : aeabi_uidivmod.S.obj (.text.__aeabi_uidivmod)
                  00003df8    00000040                            : extendsfdf2.S.obj (.text.__extendsfdf2)
                  00003e38    00000040     libc.a : atoi.c.obj (.text.atoi)
                  00003e78    0000003c     mspm0_i2c.o (.text.DL_GPIO_initPeripheralInputFunctionFeatures)
                  00003eb4    0000003c     ti_msp_dl_config.o (.text.DL_GPIO_initPeripheralInputFunctionFeatures)
                  00003ef0    0000003c     driverlib.a : dl_i2c.o (.text.DL_I2C_flushControllerTXFIFO)
                  00003f2c    0000003c     libclang_rt.builtins.a : floatsisf.S.obj (.text.__floatsisf)
                  00003f68    0000003c     libc.a : autoinit.c.obj (.text:__TI_auto_init_nobinit_nopinit)
                  00003fa4    0000003a     libclang_rt.builtins.a : muldsi3.S.obj (.text.__muldsi3)
                  00003fde    00000036     OLED.o (.text.OLED_SetCursor)
                  00004014    00000034     mspm0_i2c.o (.text.DL_GPIO_initDigitalInputFeatures)
                  00004048    00000034     ti_msp_dl_config.o (.text.DL_GPIO_initDigitalInputFeatures)
                  0000407c    00000034     OLED.o (.text.OLED_W_SCL)
                  000040b0    00000034     OLED.o (.text.OLED_W_SDA)
                  000040e4    00000030     libc.a : _printfi.c.obj (.text._fcpy)
                  00004114    00000030     clock.o (.text.mspm0_delay_ms)
                  00004144    0000002c     libclang_rt.builtins.a : floatsidf.S.obj (.text.__floatsidf)
                  00004170    0000002c     clock.o (.text.mspm0_get_clock_ms)
                  0000419c    0000002c     libc.a : vsprintf.c.obj (.text.vsprintf)
                  000041c8    0000002a     OLED.o (.text.OLED_WriteCommand)
                  000041f2    00000028     mspm0_i2c.o (.text.DL_Common_updateReg)
                  0000421a    00000028     ti_msp_dl_config.o (.text.DL_Common_updateReg)
                  00004242    00000002     --HOLE-- [fill = 0]
                  00004244    00000028     ti_msp_dl_config.o (.text.DL_I2C_setControllerRXFIFOThreshold)
                  0000426c    00000028     ti_msp_dl_config.o (.text.DL_I2C_setControllerTXFIFOThreshold)
                  00004294    00000028     libc.a : boot_cortex_m.c.obj (.text:_c_int00_noargs)
                  000042bc    00000026     ti_msp_dl_config.o (.text.DL_I2C_setAnalogGlitchFilterPulseWidth)
                  000042e2    00000026     driverlib.a : dl_i2c.o (.text.DL_I2C_setClockConfig)
                  00004308    00000024     OLED.o (.text.OLED_I2C_Start)
                  0000432c    00000024     libclang_rt.builtins.a : muldi3.S.obj (.text.__muldi3)
                  00004350    00000022     libc.a : memccpy.c.obj (.text.memccpy)
                  00004372    00000002     --HOLE-- [fill = 0]
                  00004374    00000020     ti_msp_dl_config.o (.text.DL_GPIO_initPeripheralInputFunction)
                  00004394    00000020     ti_msp_dl_config.o (.text.DL_SYSCTL_setFlashWaitState)
                  000043b4    0000001e     ti_msp_dl_config.o (.text.DL_UART_setOversampling)
                  000043d2    00000002     --HOLE-- [fill = 0]
                  000043d4    0000001e     libclang_rt.builtins.a : ashldi3.S.obj (.text.__ashldi3)
                  000043f2    00000002     --HOLE-- [fill = 0]
                  000043f4    0000001c     ti_msp_dl_config.o (.text.DL_GPIO_clearInterruptStatus)
                  00004410    0000001c     mspm0_i2c.o (.text.DL_GPIO_enableHiZ)
                  0000442c    0000001c     ti_msp_dl_config.o (.text.DL_GPIO_enableHiZ)
                  00004448    0000001c     ti_msp_dl_config.o (.text.DL_GPIO_enableInterrupt)
                  00004464    0000001c     ti_msp_dl_config.o (.text.DL_GPIO_initPeripheralOutputFunction)
                  00004480    0000001c     ti_msp_dl_config.o (.text.DL_GPIO_setLowerPinsPolarity)
                  0000449c    0000001c     mspm0_i2c.o (.text.DL_I2C_isControllerRXFIFOEmpty)
                  000044b8    0000001c     interrupt.o (.text.DL_Interrupt_getPendingGroup)
                  000044d4    0000001c     ti_msp_dl_config.o (.text.DL_SYSCTL_setSYSOSCFreq)
                  000044f0    0000001c     ti_msp_dl_config.o (.text.DL_SYSCTL_setULPCLKDivider)
                  0000450c    0000001c     OLED.o (.text.OLED_I2C_Stop)
                  00004528    00000018     mspm0_i2c.o (.text.DL_GPIO_enableOutput)
                  00004540    00000018     ti_msp_dl_config.o (.text.DL_GPIO_enableOutput)
                  00004558    00000018     ti_msp_dl_config.o (.text.DL_GPIO_enablePower)
                  00004570    00000018     mspm0_i2c.o (.text.DL_GPIO_initDigitalOutput)
                  00004588    00000018     ti_msp_dl_config.o (.text.DL_GPIO_initDigitalOutput)
                  000045a0    00000018     ti_msp_dl_config.o (.text.DL_GPIO_reset)
                  000045b8    00000018     OLED.o (.text.DL_GPIO_setPins)
                  000045d0    00000018     Trail.o (.text.DL_GPIO_setPins)
                  000045e8    00000018     mspm0_i2c.o (.text.DL_GPIO_setPins)
                  00004600    00000018     mspm0_i2c.o (.text.DL_I2C_clearInterruptStatus)
                  00004618    00000018     ti_msp_dl_config.o (.text.DL_I2C_enableAnalogGlitchFilter)
                  00004630    00000018     ti_msp_dl_config.o (.text.DL_I2C_enableController)
                  00004648    00000018     ti_msp_dl_config.o (.text.DL_I2C_enableControllerClockStretching)
                  00004660    00000018     mspm0_i2c.o (.text.DL_I2C_enablePower)
                  00004678    00000018     ti_msp_dl_config.o (.text.DL_I2C_enablePower)
                  00004690    00000018     mspm0_i2c.o (.text.DL_I2C_getRawInterruptStatus)
                  000046a8    00000018     mspm0_i2c.o (.text.DL_I2C_reset)
                  000046c0    00000018     ti_msp_dl_config.o (.text.DL_I2C_reset)
                  000046d8    00000018     ti_msp_dl_config.o (.text.DL_I2C_setTimerPeriod)
                  000046f0    00000018     ti_msp_dl_config.o (.text.DL_SYSCTL_setBORThreshold)
                  00004708    00000018     ti_msp_dl_config.o (.text.DL_UART_enablePower)
                  00004720    00000018     ti_msp_dl_config.o (.text.DL_UART_reset)
                  00004738    00000018     ti_msp_dl_config.o (.text.SYSCFG_DL_init)
                  00004750    00000018     clock.o (.text.SysTick_Init)
                  00004768    00000018     libc.a : vsprintf.c.obj (.text._outs)
                  00004780    00000016     Trail.o (.text.DL_GPIO_readPins)
                  00004796    00000016     mspm0_i2c.o (.text.DL_GPIO_readPins)
                  000047ac    00000016     mspm0_i2c.o (.text.DL_I2C_transmitControllerData)
                  000047c2    00000016     ti_msp_dl_config.o (.text.DL_UART_enable)
                  000047d8    00000016     interrupt.o (.text.GROUP1_IRQHandler)
                  000047ee    00000014     OLED.o (.text.DL_GPIO_clearPins)
                  00004802    00000014     Trail.o (.text.DL_GPIO_clearPins)
                  00004816    00000014     mspm0_i2c.o (.text.DL_GPIO_clearPins)
                  0000482a    00000014     ti_msp_dl_config.o (.text.DL_GPIO_clearPins)
                  0000483e    00000002     --HOLE-- [fill = 0]
                  00004840    00000014     mspm0_i2c.o (.text.DL_I2C_getControllerStatus)
                  00004854    00000014     mspm0_i2c.o (.text.DL_I2C_receiveControllerData)
                  00004868    00000014     ti_msp_dl_config.o (.text.DL_I2C_resetControllerTransfer)
                  0000487c    00000014     ti_msp_dl_config.o (.text.DL_SYSCTL_disableSYSPLL)
                  00004890    00000014     libclang_rt.builtins.a : aeabi_uldivmod.S.obj (.text.__aeabi_uldivmod)
                  000048a4    00000014     libc.a : _printfi.c.obj (.text.strchr)
                  000048b8    00000012     driverlib.a : dl_uart.o (.text.DL_UART_setClockConfig)
                  000048ca    00000012     libc.a : memcpy16.S.obj (.text:TI_memcpy_small)
                  000048dc    00000012            : copy_decompress_none.c.obj (.text:decompress:none)
                  000048ee    00000002     --HOLE-- [fill = 0]
                  000048f0    00000010     ti_msp_dl_config.o (.text.DL_SYSCTL_disableHFXT)
                  00004900    00000010     interrupt.o (.text.SysTick_Handler)
                  00004910    00000010     libc.a : wcslen.c.obj (.text.wcslen)
                  00004920    00000010            : copy_zero_init.c.obj (.text:decompress:ZI)
                  00004930    0000000e     libclang_rt.builtins.a : aeabi_memset.S.obj (.text.__aeabi_memset)
                  0000493e    0000000e     libc.a : _printfi.c.obj (.text.strlen)
                  0000494c    0000000e            : memset16.S.obj (.text:TI_memset_small)
                  0000495a    00000002     --HOLE-- [fill = 0]
                  0000495c    0000000c     libclang_rt.builtins.a : aeabi_memset.S.obj (.text.__aeabi_memclr)
                  00004968    0000000a     driverlib.a : dl_common.o (.text.DL_Common_delayCycles)
                  00004972    0000000a     libc.a : _printfi.c.obj (.text.OUTLINED_FUNCTION_0)
                  0000497c    00000010     libclang_rt.builtins.a : adddf3.S.obj (.tramp.__aeabi_dsub.1)
                  0000498c    0000000a     libc.a : e_asin.c.obj (.text.OUTLINED_FUNCTION_0)
                  00004996    00000002     --HOLE-- [fill = 0]
                  00004998    00000010     libclang_rt.builtins.a : muldf3.S.obj (.tramp.__aeabi_dmul.1)
                  000049a8    0000000a     libc.a : s_atan.c.obj (.text.OUTLINED_FUNCTION_0)
                  000049b2    0000000a            : _printfi.c.obj (.text.OUTLINED_FUNCTION_1)
                  000049bc    0000000a            : e_asin.c.obj (.text.OUTLINED_FUNCTION_1)
                  000049c6    0000000a            : e_asin.c.obj (.text.OUTLINED_FUNCTION_3)
                  000049d0    00000010     libclang_rt.builtins.a : divdf3.S.obj (.tramp.__aeabi_ddiv.1)
                  000049e0    0000000a     libc.a : vsprintf.c.obj (.text._outc)
                  000049ea    00000008            : s_atan.c.obj (.text.OUTLINED_FUNCTION_2)
                  000049f2    00000002     --HOLE-- [fill = 0]
                  000049f4    00000008            : aeabi_portable.c.obj (.text.__aeabi_errno_addr)
                  000049fc    00000008     libclang_rt.builtins.a : aeabi_memcpy.S.obj (.text.__aeabi_memcpy)
                  00004a04    00000006     libc.a : s_atan.c.obj (.text.OUTLINED_FUNCTION_1)
                  00004a0a    00000002     --HOLE-- [fill = 0]
                  00004a0c    00000010     libclang_rt.builtins.a : adddf3.S.obj (.tramp.__aeabi_dadd.1)
                  00004a1c    00000006     libc.a : e_asin.c.obj (.text.OUTLINED_FUNCTION_2)
                  00004a22    00000006            : exit.c.obj (.text:abort)
                  00004a28    00000004     libsysbm.a : hostexit.c.obj (.text.HOSTexit)
                  00004a2c    00000004     libc.a : e_asin.c.obj (.text.OUTLINED_FUNCTION_4)
                  00004a30    00000004     startup_mspm0g350x_ticlang.o (.text.Reset_Handler)
                  00004a34    00000004     libc.a : pre_init.c.obj (.text._system_pre_init)
                  00004a38    00000008     --HOLE-- [fill = 0]

.cinit     0    00005470    00000038     
                  00005470    00000014     (.cinit..data.load) [load image, compression = lzss]
                  00005484    0000000c     (__TI_handler_table)
                  00005490    00000008     (.cinit..bss.load) [load image, compression = zero_init]
                  00005498    00000010     (__TI_cinit_table)

.rodata    0    00004a40    00000a30     
                  00004a40    000005f0     OLED_Data.o (.rodata.OLED_F8x16)
                  00005030    0000023a     OLED_Data.o (.rodata.OLED_F6x8)
                  0000526a    00000003     main.o (.rodata.str1.15159059442110792349.1)
                  0000526d    00000002     ti_msp_dl_config.o (.rodata.gI2C_MPU6050ClockConfig)
                  0000526f    00000001     --HOLE-- [fill = 0]
                  00005270    00000101     libc.a : aeabi_ctype.S.obj (.rodata:__aeabi_ctype_table_)
                  00005371    00000002     ti_msp_dl_config.o (.rodata.gUART_0ClockConfig)
                  00005373    00000005     --HOLE-- [fill = 0]
                  00005378    00000040     libc.a : s_atan.c.obj (.rodata.cst32)
                  000053b8    00000028     ti_msp_dl_config.o (.rodata.gSYSPLLConfig)
                  000053e0    00000028     inv_mpu.o (.rodata.test)
                  00005408    0000001e     inv_mpu.o (.rodata.reg)
                  00005426    00000011     libc.a : _printfi.c.obj (.rodata.str1.10348868589481759720.1)
                  00005437    00000011            : _printfi.c.obj (.rodata.str1.15363888844622738466.1)
                  00005448    00000011     main.o (.rodata.str1.8154729771448623357.1)
                  00005459    00000001     --HOLE-- [fill = 0]
                  0000545a    0000000c     inv_mpu.o (.rodata.hw)
                  00005466    0000000a     ti_msp_dl_config.o (.rodata.gUART_0Config)

.init_array 
*          0    00000000    00000000     UNINITIALIZED

.binit     0    00000000    00000000     

.bss       0    20200000    00000437     UNINITIALIZED
                  20200000    00000400     (.common:OLED_DisplayBuf)
                  20200400    00000010     (.common:quat)
                  20200410    00000006     (.common:accel)
                  20200416    00000006     (.common:gyro)
                  2020041c    00000004     (.common:pitch)
                  20200420    00000004     (.common:roll)
                  20200424    00000004     (.common:sensor_timestamp)
                  20200428    00000004     (.common:start_time)
                  2020042c    00000004     (.common:tick_ms)
                  20200430    00000004     (.common:yaw)
                  20200434    00000002     (.common:sensors)
                  20200436    00000001     (.common:more)

.data      0    20200438    00000040     UNINITIALIZED
                  20200438    0000002c     inv_mpu.o (.data.st)
                  20200464    00000010     inv_mpu_dmp_motion_driver.o (.data.dmp)
                  20200474    00000004     libc.a : aeabi_portable.c.obj (.data.__aeabi_errno)

.stack     0    20207e00    00000200     UNINITIALIZED
                  20207e00    00000004     libc.a : boot_cortex_m.c.obj (.stack)
                  20207e04    000001fc     --HOLE--

__llvm_prf_cnts 
*          0    20200000    00000000     UNINITIALIZED

__llvm_prf_bits 
*          0    20200000    00000000     UNINITIALIZED

MODULE SUMMARY

       Module                         code    ro data   rw data
       ------                         ----    -------   -------
    .\
       ti_msp_dl_config.o             1730    54        0      
       startup_mspm0g350x_ticlang.o   8       192       0      
       main.o                         176     20        0      
    +--+------------------------------+-------+---------+---------+
       Total:                         1914    266       0      
                                                               
    .\Drivers\MPU6050\
       mspm0_i2c.o                    1320    0         0      
       inv_mpu.o                      820     82        44     
       inv_mpu_dmp_motion_driver.o    640     0         16     
       mpu6050.o                      556     0         47     
    +--+------------------------------+-------+---------+---------+
       Total:                         3336    82        107    
                                                               
    .\Drivers\MSPM0\
       clock.o                        444     0         8      
       interrupt.o                    66      0         0      
    +--+------------------------------+-------+---------+---------+
       Total:                         510     0         8      
                                                               
    .\Drivers\OLED\
       OLED.o                         1776    0         1024   
       OLED_Data.o                    0       2090      0      
    +--+------------------------------+-------+---------+---------+
       Total:                         1776    2090      1024   
                                                               
    .\Drivers\Trail\
       Trail.o                        182     0         0      
    +--+------------------------------+-------+---------+---------+
       Total:                         182     0         0      
                                                               
    C:/ti/mspm0_sdk_2_04_00_06/source/ti/driverlib/lib/ticlang/m0p/mspm0g1x0x_g3x0x/driverlib.a
       dl_sysctl_mspm0g1x0x_g3x0x.o   288     0         0      
       dl_i2c.o                       192     0         0      
       dl_uart.o                      90      0         0      
       dl_common.o                    10      0         0      
    +--+------------------------------+-------+---------+---------+
       Total:                         580     0         0      
                                                               
    C:\ti\ccs2011\ccs\tools\compiler\ti-cgt-armllvm_4.0.3.LTS\lib\armv6m-ti-none-eabi/c/libc.a
       _printfi.c.obj                 4510    34        0      
       e_asin.c.obj                   908     0         0      
       s_atan.c.obj                   784     64        0      
       e_atan2.c.obj                  392     0         0      
       e_sqrt.c.obj                   368     0         0      
       aeabi_ctype.S.obj              0       257       0      
       s_scalbn.c.obj                 216     0         0      
       copy_decompress_lzss.c.obj     124     0         0      
       s_frexp.c.obj                  92      0         0      
       _ltoa.c.obj                    88      0         0      
       vsprintf.c.obj                 78      0         0      
       atoi.c.obj                     64      0         0      
       autoinit.c.obj                 60      0         0      
       boot_cortex_m.c.obj            40      0         0      
       memccpy.c.obj                  34      0         0      
       copy_decompress_none.c.obj     18      0         0      
       memcpy16.S.obj                 18      0         0      
       copy_zero_init.c.obj           16      0         0      
       wcslen.c.obj                   16      0         0      
       memset16.S.obj                 14      0         0      
       aeabi_portable.c.obj           8       0         4      
       exit.c.obj                     6       0         0      
       pre_init.c.obj                 4       0         0      
    +--+------------------------------+-------+---------+---------+
       Total:                         7858    355       4      
                                                               
    C:\ti\ccs2011\ccs\tools\compiler\ti-cgt-armllvm_4.0.3.LTS\lib\armv6m-ti-none-eabi/c/libsysbm.a
       hostexit.c.obj                 4       0         0      
    +--+------------------------------+-------+---------+---------+
       Total:                         4       0         0      
                                                               
    C:\ti\ccs2011\ccs\tools\compiler\ti-cgt-armllvm_4.0.3.LTS\lib\armv6m-ti-none-eabi/libclang_rt.builtins.a
       adddf3.S.obj                   434     0         0      
       divdf3.S.obj                   284     0         0      
       muldf3.S.obj                   244     0         0      
       comparedf2.c.obj               220     0         0      
       addsf3.S.obj                   216     0         0      
       udivmoddi4.S.obj               162     0         0      
       mulsf3.S.obj                   140     0         0      
       divsf3.S.obj                   130     0         0      
       truncdfsf2.S.obj               116     0         0      
       aeabi_dcmp.S.obj               98      0         0      
       aeabi_idivmod.S.obj            86      0         0      
       fixdfsi.S.obj                  74      0         0      
       aeabi_uidivmod.S.obj           64      0         0      
       extendsfdf2.S.obj              64      0         0      
       floatsisf.S.obj                60      0         0      
       muldsi3.S.obj                  58      0         0      
       floatsidf.S.obj                44      0         0      
       muldi3.S.obj                   36      0         0      
       ashldi3.S.obj                  30      0         0      
       aeabi_memset.S.obj             26      0         0      
       aeabi_uldivmod.S.obj           20      0         0      
       aeabi_memcpy.S.obj             8       0         0      
       aeabi_div0.c.obj               4       0         0      
    +--+------------------------------+-------+---------+---------+
       Total:                         2618    0         0      
                                                               
       Stack:                         0       0         512    
       Linker Generated:              0       56        0      
    +--+------------------------------+-------+---------+---------+
       Grand Total:                   18778   2849      1655   


LINKER GENERATED COPY TABLES

__TI_cinit_table @ 00005498 records: 2, size/record: 8, table size: 16
	.data: load addr=00005470, load size=00000014 bytes, run addr=20200438, run size=00000040 bytes, compression=lzss
	.bss: load addr=00005490, load size=00000008 bytes, run addr=20200000, run size=00000437 bytes, compression=zero_init


LINKER GENERATED HANDLER TABLE

__TI_handler_table @ 00005484 records: 3, size/record: 4, table size: 12
	index: 0, handler: __TI_decompress_lzss
	index: 1, handler: __TI_decompress_none
	index: 2, handler: __TI_zero_init


FAR CALL TRAMPOLINES

callee name               trampoline name
   callee addr  tramp addr   call addr  call info
--------------  -----------  ---------  ----------------
__aeabi_dsub              $Tramp$TT$L$PI$$__aeabi_dsub
   00001ce5     0000497c     0000497a   libc.a : _printfi.c.obj (.text.OUTLINED_FUNCTION_0)
__aeabi_dmul              $Tramp$TT$L$PI$$__aeabi_dmul
   00002715     00004998     00004994   libc.a : e_asin.c.obj (.text.OUTLINED_FUNCTION_0)
                             000049b0          : s_atan.c.obj (.text.OUTLINED_FUNCTION_0)
                             000049c4          : e_asin.c.obj (.text.OUTLINED_FUNCTION_1)
                             000049f0          : s_atan.c.obj (.text.OUTLINED_FUNCTION_2)
                             00004a20          : e_asin.c.obj (.text.OUTLINED_FUNCTION_2)
__aeabi_ddiv              $Tramp$TT$L$PI$$__aeabi_ddiv
   00002501     000049d0     000049ce   libc.a : e_asin.c.obj (.text.OUTLINED_FUNCTION_3)
__aeabi_dadd              $Tramp$TT$L$PI$$__aeabi_dadd
   00001cef     00004a0c     00004a08   libc.a : s_atan.c.obj (.text.OUTLINED_FUNCTION_1)
                             00004a2e          : e_asin.c.obj (.text.OUTLINED_FUNCTION_4)

[4 trampolines]
[9 trampoline calls]


GLOBAL SYMBOLS: SORTED ALPHABETICALLY BY Name 

address   name                                 
-------   ----                                 
000032ed  ADC0_IRQHandler                      
000032ed  ADC1_IRQHandler                      
000032ed  AES_IRQHandler                       
00004a28  C$$EXIT                              
000032ed  CANFD0_IRQHandler                    
000032ed  DAC0_IRQHandler                      
00004969  DL_Common_delayCycles                
000035e1  DL_I2C_fillControllerTXFIFO          
00003ef1  DL_I2C_flushControllerTXFIFO         
000042e3  DL_I2C_setClockConfig                
000027f9  DL_SYSCTL_configSYSPLL               
00003cb1  DL_SYSCTL_switchMCLKfromSYSOSCtoHSCLK
00003bd9  DL_UART_init                         
000048b9  DL_UART_setClockConfig               
000032ed  DMA_IRQHandler                       
000032ed  Default_Handler                      
000032ed  GROUP0_IRQHandler                    
000047d9  GROUP1_IRQHandler                    
00004a29  HOSTexit                             
000032ed  HardFault_Handler                    
000032ed  I2C0_IRQHandler                      
000032ed  I2C1_IRQHandler                      
000032ed  NMI_Handler                          
000036f9  OLED_Clear                           
00002b5d  OLED_ClearArea                       
20200000  OLED_DisplayBuf                      
00005030  OLED_F6x8                            
00004a40  OLED_F8x16                           
00003b41  OLED_GPIO_Init                       
0000395f  OLED_I2C_SendByte                    
00004309  OLED_I2C_Start                       
0000450d  OLED_I2C_Stop                        
00002e3f  OLED_Init                            
00003d39  OLED_Printf                          
00003fdf  OLED_SetCursor                       
0000317d  OLED_ShowChar                        
00001b35  OLED_ShowImage                       
00003751  OLED_ShowString                      
00003c21  OLED_Update                          
0000407d  OLED_W_SCL                           
000040b1  OLED_W_SDA                           
000041c9  OLED_WriteCommand                    
00003a55  OLED_WriteData                       
000032ed  PendSV_Handler                       
000032ed  RTC_IRQHandler                       
000010ed  Read_Quad                            
00004a31  Reset_Handler                        
000032ed  SPI0_IRQHandler                      
000032ed  SPI1_IRQHandler                      
000032ed  SVC_Handler                          
000028d5  SYSCFG_DL_GPIO_init                  
000037a9  SYSCFG_DL_I2C_MPU6050_init           
00003c69  SYSCFG_DL_SYSCTL_init                
00003d79  SYSCFG_DL_UART_0_init                
00004739  SYSCFG_DL_init                       
00003801  SYSCFG_DL_initPower                  
00004901  SysTick_Handler                      
00004751  SysTick_Init                         
000032ed  TIMA0_IRQHandler                     
000032ed  TIMA1_IRQHandler                     
000032ed  TIMG0_IRQHandler                     
000032ed  TIMG12_IRQHandler                    
000032ed  TIMG6_IRQHandler                     
000032ed  TIMG7_IRQHandler                     
000032ed  TIMG8_IRQHandler                     
000048cb  TI_memcpy_small                      
0000494d  TI_memset_small                      
000032ed  UART0_IRQHandler                     
000032ed  UART1_IRQHandler                     
000032ed  UART2_IRQHandler                     
000032ed  UART3_IRQHandler                     
20208000  __STACK_END                          
00000200  __STACK_SIZE                         
00000000  __TI_ATRegion0_region_sz             
00000000  __TI_ATRegion0_src_addr              
00000000  __TI_ATRegion0_trg_addr              
00000000  __TI_ATRegion1_region_sz             
00000000  __TI_ATRegion1_src_addr              
00000000  __TI_ATRegion1_trg_addr              
00000000  __TI_ATRegion2_region_sz             
00000000  __TI_ATRegion2_src_addr              
00000000  __TI_ATRegion2_trg_addr              
00005498  __TI_CINIT_Base                      
000054a8  __TI_CINIT_Limit                     
000054a8  __TI_CINIT_Warm                      
00005484  __TI_Handler_Table_Base              
00005490  __TI_Handler_Table_Limit             
00003f69  __TI_auto_init_nobinit_nopinit       
000031fd  __TI_decompress_lzss                 
000048dd  __TI_decompress_none                 
00003859  __TI_ltoa                            
ffffffff  __TI_pprof_out_hndl                  
000000c1  __TI_printfi                         
ffffffff  __TI_prof_data_size                  
ffffffff  __TI_prof_data_start                 
00000000  __TI_static_base__                   
00004921  __TI_zero_init                       
00001cef  __adddf3                             
00002a8f  __addsf3                             
00005270  __aeabi_ctype_table_                 
00005270  __aeabi_ctype_table_C                
000032f1  __aeabi_d2f                          
00003b8d  __aeabi_d2iz                         
00001cef  __aeabi_dadd                         
0000351d  __aeabi_dcmpeq                       
00003559  __aeabi_dcmpge                       
0000356d  __aeabi_dcmpgt                       
00003545  __aeabi_dcmple                       
00003531  __aeabi_dcmplt                       
00002501  __aeabi_ddiv                         
00002715  __aeabi_dmul                         
00001ce5  __aeabi_dsub                         
20200474  __aeabi_errno                        
000049f5  __aeabi_errno_addr                   
00003df9  __aeabi_f2d                          
00002a8f  __aeabi_fadd                         
000030f9  __aeabi_fdiv                         
00002ed9  __aeabi_fmul                         
00002a85  __aeabi_fsub                         
00004145  __aeabi_i2d                          
00003f2d  __aeabi_i2f                          
00003909  __aeabi_idiv                         
00001e77  __aeabi_idiv0                        
00003909  __aeabi_idivmod                      
0000317b  __aeabi_ldiv0                        
000043d5  __aeabi_llsl                         
0000432d  __aeabi_lmul                         
0000495d  __aeabi_memclr                       
0000495d  __aeabi_memclr4                      
0000495d  __aeabi_memclr8                      
000049fd  __aeabi_memcpy                       
000049fd  __aeabi_memcpy4                      
000049fd  __aeabi_memcpy8                      
00004931  __aeabi_memset                       
00004931  __aeabi_memset4                      
00004931  __aeabi_memset8                      
00003db9  __aeabi_uidiv                        
00003db9  __aeabi_uidivmod                     
00004891  __aeabi_uldivmod                     
000043d5  __ashldi3                            
ffffffff  __binit__                            
0000344d  __cmpdf2                             
00002501  __divdf3                             
000030f9  __divsf3                             
0000344d  __eqdf2                              
00003df9  __extendsfdf2                        
00003b8d  __fixdfsi                            
00004145  __floatsidf                          
00003f2d  __floatsisf                          
00003279  __gedf2                              
00003279  __gtdf2                              
0000344d  __ledf2                              
0000344d  __ltdf2                              
UNDEFED   __mpu_init                           
00002715  __muldf3                             
0000432d  __muldi3                             
00003fa5  __muldsi3                            
00002ed9  __mulsf3                             
0000344d  __nedf2                              
20207e00  __stack                              
20200000  __start___llvm_prf_bits              
20200000  __start___llvm_prf_cnts              
20200000  __stop___llvm_prf_bits               
20200000  __stop___llvm_prf_cnts               
00001ce5  __subdf3                             
00002a85  __subsf3                             
000032f1  __truncdfsf2                         
00002d9d  __udivmoddi4                         
00004295  _c_int00_noargs                      
UNDEFED   _system_post_cinit                   
00004a35  _system_pre_init                     
00004a23  abort                                
20200410  accel                                
00000a91  asin                                 
00000a91  asinl                                
00000df5  atan                                 
00001e79  atan2                                
00001e79  atan2l                               
00000df5  atanl                                
00003e39  atoi                                 
ffffffff  binit                                
00003365  delay_us                             
00001765  dmp_read_fifo                        
00003641  frexp                                
00003641  frexpl                               
000033d9  gw_gray_serial_read                  
20200416  gyro                                 
0000545a  hw                                   
00000000  interruptVectors                     
000029ad  ldexp                                
000029ad  ldexpl                               
00002ced  main                                 
00004351  memccpy                              
20200436  more                                 
00003581  mpu6050_i2c_sda_unlock               
0000260d  mpu_read_fifo_stream                 
00001319  mpu_reset_fifo                       
00004115  mspm0_delay_ms                       
00004171  mspm0_get_clock_ms                   
000022ad  mspm0_i2c_read                       
00002c29  mspm0_i2c_write                      
2020041c  pitch                                
20200400  quat                                 
00005408  reg                                  
20200420  roll                                 
000029ad  scalbn                               
000029ad  scalbnl                              
20200424  sensor_timestamp                     
20200434  sensors                              
00002001  sqrt                                 
00002001  sqrtl                                
20200428  start_time                           
000053e0  test                                 
2020042c  tick_ms                              
0000419d  vsprintf                             
00004911  wcslen                               
20200430  yaw                                  


GLOBAL SYMBOLS: SORTED BY Symbol Address 

address   name                                 
-------   ----                                 
00000000  __TI_ATRegion0_region_sz             
00000000  __TI_ATRegion0_src_addr              
00000000  __TI_ATRegion0_trg_addr              
00000000  __TI_ATRegion1_region_sz             
00000000  __TI_ATRegion1_src_addr              
00000000  __TI_ATRegion1_trg_addr              
00000000  __TI_ATRegion2_region_sz             
00000000  __TI_ATRegion2_src_addr              
00000000  __TI_ATRegion2_trg_addr              
00000000  __TI_static_base__                   
00000000  interruptVectors                     
000000c1  __TI_printfi                         
00000200  __STACK_SIZE                         
00000a91  asin                                 
00000a91  asinl                                
00000df5  atan                                 
00000df5  atanl                                
000010ed  Read_Quad                            
00001319  mpu_reset_fifo                       
00001765  dmp_read_fifo                        
00001b35  OLED_ShowImage                       
00001ce5  __aeabi_dsub                         
00001ce5  __subdf3                             
00001cef  __adddf3                             
00001cef  __aeabi_dadd                         
00001e77  __aeabi_idiv0                        
00001e79  atan2                                
00001e79  atan2l                               
00002001  sqrt                                 
00002001  sqrtl                                
000022ad  mspm0_i2c_read                       
00002501  __aeabi_ddiv                         
00002501  __divdf3                             
0000260d  mpu_read_fifo_stream                 
00002715  __aeabi_dmul                         
00002715  __muldf3                             
000027f9  DL_SYSCTL_configSYSPLL               
000028d5  SYSCFG_DL_GPIO_init                  
000029ad  ldexp                                
000029ad  ldexpl                               
000029ad  scalbn                               
000029ad  scalbnl                              
00002a85  __aeabi_fsub                         
00002a85  __subsf3                             
00002a8f  __addsf3                             
00002a8f  __aeabi_fadd                         
00002b5d  OLED_ClearArea                       
00002c29  mspm0_i2c_write                      
00002ced  main                                 
00002d9d  __udivmoddi4                         
00002e3f  OLED_Init                            
00002ed9  __aeabi_fmul                         
00002ed9  __mulsf3                             
000030f9  __aeabi_fdiv                         
000030f9  __divsf3                             
0000317b  __aeabi_ldiv0                        
0000317d  OLED_ShowChar                        
000031fd  __TI_decompress_lzss                 
00003279  __gedf2                              
00003279  __gtdf2                              
000032ed  ADC0_IRQHandler                      
000032ed  ADC1_IRQHandler                      
000032ed  AES_IRQHandler                       
000032ed  CANFD0_IRQHandler                    
000032ed  DAC0_IRQHandler                      
000032ed  DMA_IRQHandler                       
000032ed  Default_Handler                      
000032ed  GROUP0_IRQHandler                    
000032ed  HardFault_Handler                    
000032ed  I2C0_IRQHandler                      
000032ed  I2C1_IRQHandler                      
000032ed  NMI_Handler                          
000032ed  PendSV_Handler                       
000032ed  RTC_IRQHandler                       
000032ed  SPI0_IRQHandler                      
000032ed  SPI1_IRQHandler                      
000032ed  SVC_Handler                          
000032ed  TIMA0_IRQHandler                     
000032ed  TIMA1_IRQHandler                     
000032ed  TIMG0_IRQHandler                     
000032ed  TIMG12_IRQHandler                    
000032ed  TIMG6_IRQHandler                     
000032ed  TIMG7_IRQHandler                     
000032ed  TIMG8_IRQHandler                     
000032ed  UART0_IRQHandler                     
000032ed  UART1_IRQHandler                     
000032ed  UART2_IRQHandler                     
000032ed  UART3_IRQHandler                     
000032f1  __aeabi_d2f                          
000032f1  __truncdfsf2                         
00003365  delay_us                             
000033d9  gw_gray_serial_read                  
0000344d  __cmpdf2                             
0000344d  __eqdf2                              
0000344d  __ledf2                              
0000344d  __ltdf2                              
0000344d  __nedf2                              
0000351d  __aeabi_dcmpeq                       
00003531  __aeabi_dcmplt                       
00003545  __aeabi_dcmple                       
00003559  __aeabi_dcmpge                       
0000356d  __aeabi_dcmpgt                       
00003581  mpu6050_i2c_sda_unlock               
000035e1  DL_I2C_fillControllerTXFIFO          
00003641  frexp                                
00003641  frexpl                               
000036f9  OLED_Clear                           
00003751  OLED_ShowString                      
000037a9  SYSCFG_DL_I2C_MPU6050_init           
00003801  SYSCFG_DL_initPower                  
00003859  __TI_ltoa                            
00003909  __aeabi_idiv                         
00003909  __aeabi_idivmod                      
0000395f  OLED_I2C_SendByte                    
00003a55  OLED_WriteData                       
00003b41  OLED_GPIO_Init                       
00003b8d  __aeabi_d2iz                         
00003b8d  __fixdfsi                            
00003bd9  DL_UART_init                         
00003c21  OLED_Update                          
00003c69  SYSCFG_DL_SYSCTL_init                
00003cb1  DL_SYSCTL_switchMCLKfromSYSOSCtoHSCLK
00003d39  OLED_Printf                          
00003d79  SYSCFG_DL_UART_0_init                
00003db9  __aeabi_uidiv                        
00003db9  __aeabi_uidivmod                     
00003df9  __aeabi_f2d                          
00003df9  __extendsfdf2                        
00003e39  atoi                                 
00003ef1  DL_I2C_flushControllerTXFIFO         
00003f2d  __aeabi_i2f                          
00003f2d  __floatsisf                          
00003f69  __TI_auto_init_nobinit_nopinit       
00003fa5  __muldsi3                            
00003fdf  OLED_SetCursor                       
0000407d  OLED_W_SCL                           
000040b1  OLED_W_SDA                           
00004115  mspm0_delay_ms                       
00004145  __aeabi_i2d                          
00004145  __floatsidf                          
00004171  mspm0_get_clock_ms                   
0000419d  vsprintf                             
000041c9  OLED_WriteCommand                    
00004295  _c_int00_noargs                      
000042e3  DL_I2C_setClockConfig                
00004309  OLED_I2C_Start                       
0000432d  __aeabi_lmul                         
0000432d  __muldi3                             
00004351  memccpy                              
000043d5  __aeabi_llsl                         
000043d5  __ashldi3                            
0000450d  OLED_I2C_Stop                        
00004739  SYSCFG_DL_init                       
00004751  SysTick_Init                         
000047d9  GROUP1_IRQHandler                    
00004891  __aeabi_uldivmod                     
000048b9  DL_UART_setClockConfig               
000048cb  TI_memcpy_small                      
000048dd  __TI_decompress_none                 
00004901  SysTick_Handler                      
00004911  wcslen                               
00004921  __TI_zero_init                       
00004931  __aeabi_memset                       
00004931  __aeabi_memset4                      
00004931  __aeabi_memset8                      
0000494d  TI_memset_small                      
0000495d  __aeabi_memclr                       
0000495d  __aeabi_memclr4                      
0000495d  __aeabi_memclr8                      
00004969  DL_Common_delayCycles                
000049f5  __aeabi_errno_addr                   
000049fd  __aeabi_memcpy                       
000049fd  __aeabi_memcpy4                      
000049fd  __aeabi_memcpy8                      
00004a23  abort                                
00004a28  C$$EXIT                              
00004a29  HOSTexit                             
00004a31  Reset_Handler                        
00004a35  _system_pre_init                     
00004a40  OLED_F8x16                           
00005030  OLED_F6x8                            
00005270  __aeabi_ctype_table_                 
00005270  __aeabi_ctype_table_C                
000053e0  test                                 
00005408  reg                                  
0000545a  hw                                   
00005484  __TI_Handler_Table_Base              
00005490  __TI_Handler_Table_Limit             
00005498  __TI_CINIT_Base                      
000054a8  __TI_CINIT_Limit                     
000054a8  __TI_CINIT_Warm                      
20200000  OLED_DisplayBuf                      
20200000  __start___llvm_prf_bits              
20200000  __start___llvm_prf_cnts              
20200000  __stop___llvm_prf_bits               
20200000  __stop___llvm_prf_cnts               
20200400  quat                                 
20200410  accel                                
20200416  gyro                                 
2020041c  pitch                                
20200420  roll                                 
20200424  sensor_timestamp                     
20200428  start_time                           
2020042c  tick_ms                              
20200430  yaw                                  
20200434  sensors                              
20200436  more                                 
20200474  __aeabi_errno                        
20207e00  __stack                              
20208000  __STACK_END                          
ffffffff  __TI_pprof_out_hndl                  
ffffffff  __TI_prof_data_size                  
ffffffff  __TI_prof_data_start                 
ffffffff  __binit__                            
ffffffff  binit                                
UNDEFED   __mpu_init                           
UNDEFED   _system_post_cinit                   

[217 symbols]
