******************************************************************************
            TI ARM Clang Linker PC v4.0.3                      
******************************************************************************
>> Linked Sat Jul  5 14:24:36 2025

OUTPUT FILE NAME:   <2_Key.out>
ENTRY POINT SYMBOL: "_c_int00_noinit_noargs"  address: 000002c5


MEMORY CONFIGURATION

         name            origin    length      used     unused   attr    fill
----------------------  --------  ---------  --------  --------  ----  --------
  FLASH                 00000000   00020000  00000360  0001fca0  R  X
  SRAM                  20200000   00008000  00000200  00007e00  RW X
  BCR_CONFIG            41c00000   000000ff  00000000  000000ff  R   
  BSL_CONFIG            41c00100   00000080  00000000  00000080  R   


SEGMENT ALLOCATION MAP

run origin  load origin   length   init length attrs members
----------  ----------- ---------- ----------- ----- -------
00000000    00000000    00000360   00000360    r-x
  00000000    00000000    000000c0   000000c0    r-- .intvecs
  000000c0    000000c0    00000278   00000278    r-x .text
  00000338    00000338    00000028   00000028    r-- .rodata
20207e00    20207e00    00000200   00000000    rw-
  20207e00    20207e00    00000200   00000000    rw- .stack


SECTION ALLOCATION MAP

 output                                  attributes/
section   page    origin      length       input sections
--------  ----  ----------  ----------   ----------------
.intvecs   0    00000000    000000c0     
                  00000000    000000c0     startup_mspm0g350x_ticlang.o (.intvecs)

.text      0    000000c0    00000278     
                  000000c0    000000dc     driverlib.a : dl_sysctl_mspm0g1x0x_g3x0x.o (.text.DL_SYSCTL_configSYSPLL)
                  0000019c    0000005c     ti_msp_dl_config.o (.text.SYSCFG_DL_SYSCTL_init)
                  000001f8    00000044     driverlib.a : dl_sysctl_mspm0g1x0x_g3x0x.o (.text.DL_SYSCTL_switchMCLKfromSYSOSCtoHSCLK)
                  0000023c    0000002e     empty.o (.text.main)
                  0000026a    00000002     startup_mspm0g350x_ticlang.o (.text.Default_Handler)
                  0000026c    0000002c     ti_msp_dl_config.o (.text.SYSCFG_DL_GPIO_init)
                  00000298    0000002c     ti_msp_dl_config.o (.text.SYSCFG_DL_initPower)
                  000002c4    00000020     libc.a : boot_cortex_m.c.obj (.text:_c_int00_noinit_noargs)
                  000002e4    00000014     Key.o (.text.KeyNum)
                  000002f8    00000014     LED.o (.text.LED)
                  0000030c    00000010     ti_msp_dl_config.o (.text.SYSCFG_DL_init)
                  0000031c    0000000a     driverlib.a : dl_common.o (.text.DL_Common_delayCycles)
                  00000326    00000006     libc.a : exit.c.obj (.text:abort)
                  0000032c    00000004     libsysbm.a : hostexit.c.obj (.text.HOSTexit)
                  00000330    00000004     startup_mspm0g350x_ticlang.o (.text.Reset_Handler)
                  00000334    00000004     libc.a : pre_init.c.obj (.text._system_pre_init)

.cinit     0    00000000    00000000     

.rodata    0    00000338    00000028     
                  00000338    00000028     ti_msp_dl_config.o (.rodata.gSYSPLLConfig)

.init_array 
*          0    00000000    00000000     UNINITIALIZED

.binit     0    00000000    00000000     

.stack     0    20207e00    00000200     UNINITIALIZED
                  20207e00    00000004     libc.a : boot_cortex_m.c.obj (.stack)
                  20207e04    000001fc     --HOLE--

__llvm_prf_cnts 
*          0    20200000    00000000     UNINITIALIZED

__llvm_prf_bits 
*          0    20200000    00000000     UNINITIALIZED

MODULE SUMMARY

       Module                         code   ro data   rw data
       ------                         ----   -------   -------
    .\
       ti_msp_dl_config.o             196    40        0      
       startup_mspm0g350x_ticlang.o   6      192       0      
       empty.o                        46     0         0      
    +--+------------------------------+------+---------+---------+
       Total:                         248    232       0      
                                                              
    .\Hardware\
       Key.o                          20     0         0      
       LED.o                          20     0         0      
    +--+------------------------------+------+---------+---------+
       Total:                         40     0         0      
                                                              
    C:/ti/mspm0_sdk_2_04_00_06/source/ti/driverlib/lib/ticlang/m0p/mspm0g1x0x_g3x0x/driverlib.a
       dl_sysctl_mspm0g1x0x_g3x0x.o   288    0         0      
       dl_common.o                    10     0         0      
    +--+------------------------------+------+---------+---------+
       Total:                         298    0         0      
                                                              
    C:\ti\ccs2011\ccs\tools\compiler\ti-cgt-armllvm_4.0.3.LTS\lib\armv6m-ti-none-eabi/c/libc.a
       boot_cortex_m.c.obj            32     0         0      
       exit.c.obj                     6      0         0      
       pre_init.c.obj                 4      0         0      
    +--+------------------------------+------+---------+---------+
       Total:                         42     0         0      
                                                              
    C:\ti\ccs2011\ccs\tools\compiler\ti-cgt-armllvm_4.0.3.LTS\lib\armv6m-ti-none-eabi/c/libsysbm.a
       hostexit.c.obj                 4      0         0      
    +--+------------------------------+------+---------+---------+
       Total:                         4      0         0      
                                                              
       Stack:                         0      0         512    
    +--+------------------------------+------+---------+---------+
       Grand Total:                   632    232       512    


GLOBAL SYMBOLS: SORTED ALPHABETICALLY BY Name 

address   name                                 
-------   ----                                 
0000026b  ADC0_IRQHandler                      
0000026b  ADC1_IRQHandler                      
0000026b  AES_IRQHandler                       
0000032c  C$$EXIT                              
0000026b  CANFD0_IRQHandler                    
0000026b  DAC0_IRQHandler                      
0000031d  DL_Common_delayCycles                
000000c1  DL_SYSCTL_configSYSPLL               
000001f9  DL_SYSCTL_switchMCLKfromSYSOSCtoHSCLK
0000026b  DMA_IRQHandler                       
0000026b  Default_Handler                      
0000026b  GROUP0_IRQHandler                    
0000026b  GROUP1_IRQHandler                    
0000032d  HOSTexit                             
0000026b  HardFault_Handler                    
0000026b  I2C0_IRQHandler                      
0000026b  I2C1_IRQHandler                      
000002e5  KeyNum                               
000002f9  LED                                  
0000026b  NMI_Handler                          
0000026b  PendSV_Handler                       
0000026b  RTC_IRQHandler                       
00000331  Reset_Handler                        
0000026b  SPI0_IRQHandler                      
0000026b  SPI1_IRQHandler                      
0000026b  SVC_Handler                          
0000026d  SYSCFG_DL_GPIO_init                  
0000019d  SYSCFG_DL_SYSCTL_init                
0000030d  SYSCFG_DL_init                       
00000299  SYSCFG_DL_initPower                  
0000026b  SysTick_Handler                      
0000026b  TIMA0_IRQHandler                     
0000026b  TIMA1_IRQHandler                     
0000026b  TIMG0_IRQHandler                     
0000026b  TIMG12_IRQHandler                    
0000026b  TIMG6_IRQHandler                     
0000026b  TIMG7_IRQHandler                     
0000026b  TIMG8_IRQHandler                     
0000026b  UART0_IRQHandler                     
0000026b  UART1_IRQHandler                     
0000026b  UART2_IRQHandler                     
0000026b  UART3_IRQHandler                     
20208000  __STACK_END                          
00000200  __STACK_SIZE                         
00000000  __TI_ATRegion0_region_sz             
00000000  __TI_ATRegion0_src_addr              
00000000  __TI_ATRegion0_trg_addr              
00000000  __TI_ATRegion1_region_sz             
00000000  __TI_ATRegion1_src_addr              
00000000  __TI_ATRegion1_trg_addr              
00000000  __TI_ATRegion2_region_sz             
00000000  __TI_ATRegion2_src_addr              
00000000  __TI_ATRegion2_trg_addr              
00000000  __TI_CINIT_Base                      
00000000  __TI_CINIT_Limit                     
00000000  __TI_CINIT_Warm                      
ffffffff  __TI_pprof_out_hndl                  
ffffffff  __TI_prof_data_size                  
ffffffff  __TI_prof_data_start                 
00000000  __TI_static_base__                   
ffffffff  __binit__                            
UNDEFED   __mpu_init                           
20207e00  __stack                              
20200000  __start___llvm_prf_bits              
20200000  __start___llvm_prf_cnts              
20200000  __stop___llvm_prf_bits               
20200000  __stop___llvm_prf_cnts               
000002c5  _c_int00_noinit_noargs               
00000335  _system_pre_init                     
00000327  abort                                
ffffffff  binit                                
00000000  interruptVectors                     
0000023d  main                                 


GLOBAL SYMBOLS: SORTED BY Symbol Address 

address   name                                 
-------   ----                                 
00000000  __TI_ATRegion0_region_sz             
00000000  __TI_ATRegion0_src_addr              
00000000  __TI_ATRegion0_trg_addr              
00000000  __TI_ATRegion1_region_sz             
00000000  __TI_ATRegion1_src_addr              
00000000  __TI_ATRegion1_trg_addr              
00000000  __TI_ATRegion2_region_sz             
00000000  __TI_ATRegion2_src_addr              
00000000  __TI_ATRegion2_trg_addr              
00000000  __TI_CINIT_Base                      
00000000  __TI_CINIT_Limit                     
00000000  __TI_CINIT_Warm                      
00000000  __TI_static_base__                   
00000000  interruptVectors                     
000000c1  DL_SYSCTL_configSYSPLL               
0000019d  SYSCFG_DL_SYSCTL_init                
000001f9  DL_SYSCTL_switchMCLKfromSYSOSCtoHSCLK
00000200  __STACK_SIZE                         
0000023d  main                                 
0000026b  ADC0_IRQHandler                      
0000026b  ADC1_IRQHandler                      
0000026b  AES_IRQHandler                       
0000026b  CANFD0_IRQHandler                    
0000026b  DAC0_IRQHandler                      
0000026b  DMA_IRQHandler                       
0000026b  Default_Handler                      
0000026b  GROUP0_IRQHandler                    
0000026b  GROUP1_IRQHandler                    
0000026b  HardFault_Handler                    
0000026b  I2C0_IRQHandler                      
0000026b  I2C1_IRQHandler                      
0000026b  NMI_Handler                          
0000026b  PendSV_Handler                       
0000026b  RTC_IRQHandler                       
0000026b  SPI0_IRQHandler                      
0000026b  SPI1_IRQHandler                      
0000026b  SVC_Handler                          
0000026b  SysTick_Handler                      
0000026b  TIMA0_IRQHandler                     
0000026b  TIMA1_IRQHandler                     
0000026b  TIMG0_IRQHandler                     
0000026b  TIMG12_IRQHandler                    
0000026b  TIMG6_IRQHandler                     
0000026b  TIMG7_IRQHandler                     
0000026b  TIMG8_IRQHandler                     
0000026b  UART0_IRQHandler                     
0000026b  UART1_IRQHandler                     
0000026b  UART2_IRQHandler                     
0000026b  UART3_IRQHandler                     
0000026d  SYSCFG_DL_GPIO_init                  
00000299  SYSCFG_DL_initPower                  
000002c5  _c_int00_noinit_noargs               
000002e5  KeyNum                               
000002f9  LED                                  
0000030d  SYSCFG_DL_init                       
0000031d  DL_Common_delayCycles                
00000327  abort                                
0000032c  C$$EXIT                              
0000032d  HOSTexit                             
00000331  Reset_Handler                        
00000335  _system_pre_init                     
20200000  __start___llvm_prf_bits              
20200000  __start___llvm_prf_cnts              
20200000  __stop___llvm_prf_bits               
20200000  __stop___llvm_prf_cnts               
20207e00  __stack                              
20208000  __STACK_END                          
ffffffff  __TI_pprof_out_hndl                  
ffffffff  __TI_prof_data_size                  
ffffffff  __TI_prof_data_start                 
ffffffff  __binit__                            
ffffffff  binit                                
UNDEFED   __mpu_init                           

[73 symbols]
