<?xml version="1.0" encoding="ISO-8859-1" ?>
<link_info>
   <banner>TI ARM Clang Linker PC v4.0.3.LTS</banner>
   <copyright>Copyright (c) 1996-2018 Texas Instruments Incorporated</copyright>
   <command_line>C:\ti\ccs2011\ccs\tools\compiler\ti-cgt-armllvm_4.0.3.LTS\bin\tiarmlnk -IC:\ti\ccs2011\ccs\tools\compiler\ti-cgt-armllvm_4.0.3.LTS\lib -o 6_uart.out -m6_uart.map -iC:/ti/mspm0_sdk_2_04_00_06/source -iC:/Users/22334/workspace_ccstheia/6_uart -iC:/Users/22334/workspace_ccstheia/6_uart/Debug/syscfg -iC:/ti/ccs2011/ccs/tools/compiler/ti-cgt-armllvm_4.0.3.LTS/lib --diag_wrap=off --display_error_number --warn_sections --xml_link_info=6_uart_linkInfo.xml --rom_model ./main.o ./ti_msp_dl_config.o ./startup_mspm0g350x_ticlang.o ./Drivers/MPU6050/inv_mpu.o ./Drivers/MPU6050/inv_mpu_dmp_motion_driver.o ./Drivers/MPU6050/mpu6050.o ./Drivers/MPU6050/mspm0_i2c.o ./Drivers/MSPM0/clock.o ./Drivers/MSPM0/interrupt.o ./Drivers/OLED/OLED.o ./Drivers/OLED/OLED_Data.o ./Drivers/UART/Serial.o -l./device_linker.cmd -ldevice.cmd.genlibs -llibc.a -lC:/ti/mspm0_sdk_2_04_00_06/source/ti/driverlib/lib/ticlang/m0p/mspm0g1x0x_g3x0x/driverlib.a --start-group -llibc++.a -llibc++abi.a -llibc.a -llibsys.a -llibsysbm.a -llibclang_rt.builtins.a -llibclang_rt.profile.a --end-group --cg_opt_level=0</command_line>
   <link_time>0x686b719c</link_time>
   <link_errors>0x0</link_errors>
   <output_file>C:\Users\22334\workspace_ccstheia\6_uart\Debug\6_uart.out</output_file>
   <entry_point>
      <name>_c_int00_noargs</name>
      <address>0x5d59</address>
   </entry_point>
   <input_file_list>
      <input_file id="fl-1">
         <path>C:\Users\22334\workspace_ccstheia\6_uart\Debug\.\</path>
         <kind>object</kind>
         <file>main.o</file>
         <name>main.o</name>
      </input_file>
      <input_file id="fl-2">
         <path>C:\Users\22334\workspace_ccstheia\6_uart\Debug\.\</path>
         <kind>object</kind>
         <file>ti_msp_dl_config.o</file>
         <name>ti_msp_dl_config.o</name>
      </input_file>
      <input_file id="fl-3">
         <path>C:\Users\22334\workspace_ccstheia\6_uart\Debug\.\</path>
         <kind>object</kind>
         <file>startup_mspm0g350x_ticlang.o</file>
         <name>startup_mspm0g350x_ticlang.o</name>
      </input_file>
      <input_file id="fl-4">
         <path>C:\Users\22334\workspace_ccstheia\6_uart\Debug\.\Drivers\MPU6050\</path>
         <kind>object</kind>
         <file>inv_mpu.o</file>
         <name>inv_mpu.o</name>
      </input_file>
      <input_file id="fl-5">
         <path>C:\Users\22334\workspace_ccstheia\6_uart\Debug\.\Drivers\MPU6050\</path>
         <kind>object</kind>
         <file>inv_mpu_dmp_motion_driver.o</file>
         <name>inv_mpu_dmp_motion_driver.o</name>
      </input_file>
      <input_file id="fl-6">
         <path>C:\Users\22334\workspace_ccstheia\6_uart\Debug\.\Drivers\MPU6050\</path>
         <kind>object</kind>
         <file>mpu6050.o</file>
         <name>mpu6050.o</name>
      </input_file>
      <input_file id="fl-7">
         <path>C:\Users\22334\workspace_ccstheia\6_uart\Debug\.\Drivers\MPU6050\</path>
         <kind>object</kind>
         <file>mspm0_i2c.o</file>
         <name>mspm0_i2c.o</name>
      </input_file>
      <input_file id="fl-8">
         <path>C:\Users\22334\workspace_ccstheia\6_uart\Debug\.\Drivers\MSPM0\</path>
         <kind>object</kind>
         <file>clock.o</file>
         <name>clock.o</name>
      </input_file>
      <input_file id="fl-9">
         <path>C:\Users\22334\workspace_ccstheia\6_uart\Debug\.\Drivers\MSPM0\</path>
         <kind>object</kind>
         <file>interrupt.o</file>
         <name>interrupt.o</name>
      </input_file>
      <input_file id="fl-a">
         <path>C:\Users\22334\workspace_ccstheia\6_uart\Debug\.\Drivers\OLED\</path>
         <kind>object</kind>
         <file>OLED.o</file>
         <name>OLED.o</name>
      </input_file>
      <input_file id="fl-b">
         <path>C:\Users\22334\workspace_ccstheia\6_uart\Debug\.\Drivers\OLED\</path>
         <kind>object</kind>
         <file>OLED_Data.o</file>
         <name>OLED_Data.o</name>
      </input_file>
      <input_file id="fl-c">
         <path>C:\Users\22334\workspace_ccstheia\6_uart\Debug\.\Drivers\UART\</path>
         <kind>object</kind>
         <file>Serial.o</file>
         <name>Serial.o</name>
      </input_file>
      <input_file id="fl-1a">
         <path>C:\Users\22334\workspace_ccstheia\6_uart\Debug\</path>
         <kind>object</kind>
         <file>&lt;internal&gt;</file>
         <name>&lt;internal&gt;</name>
      </input_file>
      <input_file id="fl-1b">
         <path>C:\ti\mspm0_sdk_2_04_00_06\source\ti\driverlib\lib\ticlang\m0p\mspm0g1x0x_g3x0x\</path>
         <kind>archive</kind>
         <file>driverlib.a</file>
         <name>dl_common.o</name>
      </input_file>
      <input_file id="fl-1c">
         <path>C:\ti\mspm0_sdk_2_04_00_06\source\ti\driverlib\lib\ticlang\m0p\mspm0g1x0x_g3x0x\</path>
         <kind>archive</kind>
         <file>driverlib.a</file>
         <name>dl_i2c.o</name>
      </input_file>
      <input_file id="fl-1d">
         <path>C:\ti\mspm0_sdk_2_04_00_06\source\ti\driverlib\lib\ticlang\m0p\mspm0g1x0x_g3x0x\</path>
         <kind>archive</kind>
         <file>driverlib.a</file>
         <name>dl_uart.o</name>
      </input_file>
      <input_file id="fl-1e">
         <path>C:\ti\mspm0_sdk_2_04_00_06\source\ti\driverlib\lib\ticlang\m0p\mspm0g1x0x_g3x0x\</path>
         <kind>archive</kind>
         <file>driverlib.a</file>
         <name>dl_sysctl_mspm0g1x0x_g3x0x.o</name>
      </input_file>
      <input_file id="fl-35">
         <path>C:\ti\ccs2011\ccs\tools\compiler\ti-cgt-armllvm_4.0.3.LTS\lib\armv6m-ti-none-eabi\c\</path>
         <kind>archive</kind>
         <file>libc.a</file>
         <name>vsprintf.c.obj</name>
      </input_file>
      <input_file id="fl-36">
         <path>C:\ti\ccs2011\ccs\tools\compiler\ti-cgt-armllvm_4.0.3.LTS\lib\armv6m-ti-none-eabi\c\</path>
         <kind>archive</kind>
         <file>libc.a</file>
         <name>e_asin.c.obj</name>
      </input_file>
      <input_file id="fl-37">
         <path>C:\ti\ccs2011\ccs\tools\compiler\ti-cgt-armllvm_4.0.3.LTS\lib\armv6m-ti-none-eabi\c\</path>
         <kind>archive</kind>
         <file>libc.a</file>
         <name>e_atan2.c.obj</name>
      </input_file>
      <input_file id="fl-38">
         <path>C:\ti\ccs2011\ccs\tools\compiler\ti-cgt-armllvm_4.0.3.LTS\lib\armv6m-ti-none-eabi\c\</path>
         <kind>archive</kind>
         <file>libc.a</file>
         <name>e_sqrt.c.obj</name>
      </input_file>
      <input_file id="fl-39">
         <path>C:\ti\ccs2011\ccs\tools\compiler\ti-cgt-armllvm_4.0.3.LTS\lib\armv6m-ti-none-eabi\c\</path>
         <kind>archive</kind>
         <file>libc.a</file>
         <name>s_atan.c.obj</name>
      </input_file>
      <input_file id="fl-3a">
         <path>C:\ti\ccs2011\ccs\tools\compiler\ti-cgt-armllvm_4.0.3.LTS\lib\armv6m-ti-none-eabi\c\</path>
         <kind>archive</kind>
         <file>libc.a</file>
         <name>s_round.c.obj</name>
      </input_file>
      <input_file id="fl-3b">
         <path>C:\ti\ccs2011\ccs\tools\compiler\ti-cgt-armllvm_4.0.3.LTS\lib\armv6m-ti-none-eabi\c\</path>
         <kind>archive</kind>
         <file>libc.a</file>
         <name>strcmp-armv6m.S.obj</name>
      </input_file>
      <input_file id="fl-3c">
         <path>C:\ti\ccs2011\ccs\tools\compiler\ti-cgt-armllvm_4.0.3.LTS\lib\armv6m-ti-none-eabi\c\</path>
         <kind>archive</kind>
         <file>libc.a</file>
         <name>aeabi_portable.c.obj</name>
      </input_file>
      <input_file id="fl-3d">
         <path>C:\ti\ccs2011\ccs\tools\compiler\ti-cgt-armllvm_4.0.3.LTS\lib\armv6m-ti-none-eabi\c\</path>
         <kind>archive</kind>
         <file>libc.a</file>
         <name>assert.c.obj</name>
      </input_file>
      <input_file id="fl-3e">
         <path>C:\ti\ccs2011\ccs\tools\compiler\ti-cgt-armllvm_4.0.3.LTS\lib\armv6m-ti-none-eabi\c\</path>
         <kind>archive</kind>
         <file>libc.a</file>
         <name>defs.c.obj</name>
      </input_file>
      <input_file id="fl-3f">
         <path>C:\ti\ccs2011\ccs\tools\compiler\ti-cgt-armllvm_4.0.3.LTS\lib\armv6m-ti-none-eabi\c\</path>
         <kind>archive</kind>
         <file>libc.a</file>
         <name>memcmp.c.obj</name>
      </input_file>
      <input_file id="fl-40">
         <path>C:\ti\ccs2011\ccs\tools\compiler\ti-cgt-armllvm_4.0.3.LTS\lib\armv6m-ti-none-eabi\c\</path>
         <kind>archive</kind>
         <file>libc.a</file>
         <name>memory.c.obj</name>
      </input_file>
      <input_file id="fl-41">
         <path>C:\ti\ccs2011\ccs\tools\compiler\ti-cgt-armllvm_4.0.3.LTS\lib\armv6m-ti-none-eabi\c\</path>
         <kind>archive</kind>
         <file>libc.a</file>
         <name>boot_cortex_m.c.obj</name>
      </input_file>
      <input_file id="fl-42">
         <path>C:\ti\ccs2011\ccs\tools\compiler\ti-cgt-armllvm_4.0.3.LTS\lib\armv6m-ti-none-eabi\c\</path>
         <kind>archive</kind>
         <file>libc.a</file>
         <name>mathacl_init.c.obj</name>
      </input_file>
      <input_file id="fl-43">
         <path>C:\ti\ccs2011\ccs\tools\compiler\ti-cgt-armllvm_4.0.3.LTS\lib\armv6m-ti-none-eabi\c\</path>
         <kind>archive</kind>
         <file>libc.a</file>
         <name>autoinit.c.obj</name>
      </input_file>
      <input_file id="fl-44">
         <path>C:\ti\ccs2011\ccs\tools\compiler\ti-cgt-armllvm_4.0.3.LTS\lib\armv6m-ti-none-eabi\c\</path>
         <kind>archive</kind>
         <file>libc.a</file>
         <name>pre_init.c.obj</name>
      </input_file>
      <input_file id="fl-45">
         <path>C:\ti\ccs2011\ccs\tools\compiler\ti-cgt-armllvm_4.0.3.LTS\lib\armv6m-ti-none-eabi\c\</path>
         <kind>archive</kind>
         <file>libc.a</file>
         <name>cpy_tbl.c.obj</name>
      </input_file>
      <input_file id="fl-46">
         <path>C:\ti\ccs2011\ccs\tools\compiler\ti-cgt-armllvm_4.0.3.LTS\lib\armv6m-ti-none-eabi\c\</path>
         <kind>archive</kind>
         <file>libc.a</file>
         <name>copy_zero_init.c.obj</name>
      </input_file>
      <input_file id="fl-47">
         <path>C:\ti\ccs2011\ccs\tools\compiler\ti-cgt-armllvm_4.0.3.LTS\lib\armv6m-ti-none-eabi\c\</path>
         <kind>archive</kind>
         <file>libc.a</file>
         <name>copy_decompress_none.c.obj</name>
      </input_file>
      <input_file id="fl-48">
         <path>C:\ti\ccs2011\ccs\tools\compiler\ti-cgt-armllvm_4.0.3.LTS\lib\armv6m-ti-none-eabi\c\</path>
         <kind>archive</kind>
         <file>libc.a</file>
         <name>copy_decompress_lzss.c.obj</name>
      </input_file>
      <input_file id="fl-49">
         <path>C:\ti\ccs2011\ccs\tools\compiler\ti-cgt-armllvm_4.0.3.LTS\lib\armv6m-ti-none-eabi\c\</path>
         <kind>archive</kind>
         <file>libc.a</file>
         <name>_printfi.c.obj</name>
      </input_file>
      <input_file id="fl-4a">
         <path>C:\ti\ccs2011\ccs\tools\compiler\ti-cgt-armllvm_4.0.3.LTS\lib\armv6m-ti-none-eabi\c\</path>
         <kind>archive</kind>
         <file>libc.a</file>
         <name>sprintf.c.obj</name>
      </input_file>
      <input_file id="fl-4b">
         <path>C:\ti\ccs2011\ccs\tools\compiler\ti-cgt-armllvm_4.0.3.LTS\lib\armv6m-ti-none-eabi\c\</path>
         <kind>archive</kind>
         <file>libc.a</file>
         <name>fflush.c.obj</name>
      </input_file>
      <input_file id="fl-4c">
         <path>C:\ti\ccs2011\ccs\tools\compiler\ti-cgt-armllvm_4.0.3.LTS\lib\armv6m-ti-none-eabi\c\</path>
         <kind>archive</kind>
         <file>libc.a</file>
         <name>fputs.c.obj</name>
      </input_file>
      <input_file id="fl-4d">
         <path>C:\ti\ccs2011\ccs\tools\compiler\ti-cgt-armllvm_4.0.3.LTS\lib\armv6m-ti-none-eabi\c\</path>
         <kind>archive</kind>
         <file>libc.a</file>
         <name>_io_perm.c.obj</name>
      </input_file>
      <input_file id="fl-4e">
         <path>C:\ti\ccs2011\ccs\tools\compiler\ti-cgt-armllvm_4.0.3.LTS\lib\armv6m-ti-none-eabi\c\</path>
         <kind>archive</kind>
         <file>libc.a</file>
         <name>setvbuf.c.obj</name>
      </input_file>
      <input_file id="fl-4f">
         <path>C:\ti\ccs2011\ccs\tools\compiler\ti-cgt-armllvm_4.0.3.LTS\lib\armv6m-ti-none-eabi\c\</path>
         <kind>archive</kind>
         <file>libc.a</file>
         <name>s_floor.c.obj</name>
      </input_file>
      <input_file id="fl-50">
         <path>C:\ti\ccs2011\ccs\tools\compiler\ti-cgt-armllvm_4.0.3.LTS\lib\armv6m-ti-none-eabi\c\</path>
         <kind>archive</kind>
         <file>libc.a</file>
         <name>s_frexp.c.obj</name>
      </input_file>
      <input_file id="fl-51">
         <path>C:\ti\ccs2011\ccs\tools\compiler\ti-cgt-armllvm_4.0.3.LTS\lib\armv6m-ti-none-eabi\c\</path>
         <kind>archive</kind>
         <file>libc.a</file>
         <name>s_scalbn.c.obj</name>
      </input_file>
      <input_file id="fl-52">
         <path>C:\ti\ccs2011\ccs\tools\compiler\ti-cgt-armllvm_4.0.3.LTS\lib\armv6m-ti-none-eabi\c\</path>
         <kind>archive</kind>
         <file>libc.a</file>
         <name>wcslen.c.obj</name>
      </input_file>
      <input_file id="fl-53">
         <path>C:\ti\ccs2011\ccs\tools\compiler\ti-cgt-armllvm_4.0.3.LTS\lib\armv6m-ti-none-eabi\c\</path>
         <kind>archive</kind>
         <file>libc.a</file>
         <name>exit.c.obj</name>
      </input_file>
      <input_file id="fl-54">
         <path>C:\ti\ccs2011\ccs\tools\compiler\ti-cgt-armllvm_4.0.3.LTS\lib\armv6m-ti-none-eabi\c\</path>
         <kind>archive</kind>
         <file>libc.a</file>
         <name>_lock.c.obj</name>
      </input_file>
      <input_file id="fl-55">
         <path>C:\ti\ccs2011\ccs\tools\compiler\ti-cgt-armllvm_4.0.3.LTS\lib\armv6m-ti-none-eabi\c\</path>
         <kind>archive</kind>
         <file>libc.a</file>
         <name>_ltoa.c.obj</name>
      </input_file>
      <input_file id="fl-56">
         <path>C:\ti\ccs2011\ccs\tools\compiler\ti-cgt-armllvm_4.0.3.LTS\lib\armv6m-ti-none-eabi\c\</path>
         <kind>archive</kind>
         <file>libc.a</file>
         <name>args_main.c.obj</name>
      </input_file>
      <input_file id="fl-57">
         <path>C:\ti\ccs2011\ccs\tools\compiler\ti-cgt-armllvm_4.0.3.LTS\lib\armv6m-ti-none-eabi\c\</path>
         <kind>archive</kind>
         <file>libc.a</file>
         <name>atoi.c.obj</name>
      </input_file>
      <input_file id="fl-58">
         <path>C:\ti\ccs2011\ccs\tools\compiler\ti-cgt-armllvm_4.0.3.LTS\lib\armv6m-ti-none-eabi\c\</path>
         <kind>archive</kind>
         <file>libc.a</file>
         <name>memccpy.c.obj</name>
      </input_file>
      <input_file id="fl-59">
         <path>C:\ti\ccs2011\ccs\tools\compiler\ti-cgt-armllvm_4.0.3.LTS\lib\armv6m-ti-none-eabi\c\</path>
         <kind>archive</kind>
         <file>libc.a</file>
         <name>fopen.c.obj</name>
      </input_file>
      <input_file id="fl-5a">
         <path>C:\ti\ccs2011\ccs\tools\compiler\ti-cgt-armllvm_4.0.3.LTS\lib\armv6m-ti-none-eabi\c\</path>
         <kind>archive</kind>
         <file>libc.a</file>
         <name>fseek.c.obj</name>
      </input_file>
      <input_file id="fl-5b">
         <path>C:\ti\ccs2011\ccs\tools\compiler\ti-cgt-armllvm_4.0.3.LTS\lib\armv6m-ti-none-eabi\c\</path>
         <kind>archive</kind>
         <file>libc.a</file>
         <name>aeabi_ctype.S.obj</name>
      </input_file>
      <input_file id="fl-5c">
         <path>C:\ti\ccs2011\ccs\tools\compiler\ti-cgt-armllvm_4.0.3.LTS\lib\armv6m-ti-none-eabi\c\</path>
         <kind>archive</kind>
         <file>libc.a</file>
         <name>fclose.c.obj</name>
      </input_file>
      <input_file id="fl-fc">
         <path>C:\ti\ccs2011\ccs\tools\compiler\ti-cgt-armllvm_4.0.3.LTS\lib\armv6m-ti-none-eabi\c\</path>
         <kind>archive</kind>
         <file>libsysbm.a</file>
         <name>hostexit.c.obj</name>
      </input_file>
      <input_file id="fl-fd">
         <path>C:\ti\ccs2011\ccs\tools\compiler\ti-cgt-armllvm_4.0.3.LTS\lib\armv6m-ti-none-eabi\c\</path>
         <kind>archive</kind>
         <file>libsysbm.a</file>
         <name>write.c.obj</name>
      </input_file>
      <input_file id="fl-fe">
         <path>C:\ti\ccs2011\ccs\tools\compiler\ti-cgt-armllvm_4.0.3.LTS\lib\armv6m-ti-none-eabi\c\</path>
         <kind>archive</kind>
         <file>libsysbm.a</file>
         <name>host_device.c.obj</name>
      </input_file>
      <input_file id="fl-ff">
         <path>C:\ti\ccs2011\ccs\tools\compiler\ti-cgt-armllvm_4.0.3.LTS\lib\armv6m-ti-none-eabi\c\</path>
         <kind>archive</kind>
         <file>libsysbm.a</file>
         <name>remove.c.obj</name>
      </input_file>
      <input_file id="fl-100">
         <path>C:\ti\ccs2011\ccs\tools\compiler\ti-cgt-armllvm_4.0.3.LTS\lib\armv6m-ti-none-eabi\c\</path>
         <kind>archive</kind>
         <file>libsysbm.a</file>
         <name>open.c.obj</name>
      </input_file>
      <input_file id="fl-101">
         <path>C:\ti\ccs2011\ccs\tools\compiler\ti-cgt-armllvm_4.0.3.LTS\lib\armv6m-ti-none-eabi\c\</path>
         <kind>archive</kind>
         <file>libsysbm.a</file>
         <name>lseek.c.obj</name>
      </input_file>
      <input_file id="fl-102">
         <path>C:\ti\ccs2011\ccs\tools\compiler\ti-cgt-armllvm_4.0.3.LTS\lib\armv6m-ti-none-eabi\c\</path>
         <kind>archive</kind>
         <file>libsysbm.a</file>
         <name>close.c.obj</name>
      </input_file>
      <input_file id="fl-103">
         <path>C:\ti\ccs2011\ccs\tools\compiler\ti-cgt-armllvm_4.0.3.LTS\lib\armv6m-ti-none-eabi\c\</path>
         <kind>archive</kind>
         <file>libsysbm.a</file>
         <name>unlink.c.obj</name>
      </input_file>
      <input_file id="fl-104">
         <path>C:\ti\ccs2011\ccs\tools\compiler\ti-cgt-armllvm_4.0.3.LTS\lib\armv6m-ti-none-eabi\c\</path>
         <kind>archive</kind>
         <file>libsysbm.a</file>
         <name>hostclose.c.obj</name>
      </input_file>
      <input_file id="fl-105">
         <path>C:\ti\ccs2011\ccs\tools\compiler\ti-cgt-armllvm_4.0.3.LTS\lib\armv6m-ti-none-eabi\c\</path>
         <kind>archive</kind>
         <file>libsysbm.a</file>
         <name>hostlseek.c.obj</name>
      </input_file>
      <input_file id="fl-106">
         <path>C:\ti\ccs2011\ccs\tools\compiler\ti-cgt-armllvm_4.0.3.LTS\lib\armv6m-ti-none-eabi\c\</path>
         <kind>archive</kind>
         <file>libsysbm.a</file>
         <name>hostopen.c.obj</name>
      </input_file>
      <input_file id="fl-107">
         <path>C:\ti\ccs2011\ccs\tools\compiler\ti-cgt-armllvm_4.0.3.LTS\lib\armv6m-ti-none-eabi\c\</path>
         <kind>archive</kind>
         <file>libsysbm.a</file>
         <name>hostread.c.obj</name>
      </input_file>
      <input_file id="fl-108">
         <path>C:\ti\ccs2011\ccs\tools\compiler\ti-cgt-armllvm_4.0.3.LTS\lib\armv6m-ti-none-eabi\c\</path>
         <kind>archive</kind>
         <file>libsysbm.a</file>
         <name>hostrename.c.obj</name>
      </input_file>
      <input_file id="fl-109">
         <path>C:\ti\ccs2011\ccs\tools\compiler\ti-cgt-armllvm_4.0.3.LTS\lib\armv6m-ti-none-eabi\c\</path>
         <kind>archive</kind>
         <file>libsysbm.a</file>
         <name>hostunlink.c.obj</name>
      </input_file>
      <input_file id="fl-10a">
         <path>C:\ti\ccs2011\ccs\tools\compiler\ti-cgt-armllvm_4.0.3.LTS\lib\armv6m-ti-none-eabi\c\</path>
         <kind>archive</kind>
         <file>libsysbm.a</file>
         <name>hostwrite.c.obj</name>
      </input_file>
      <input_file id="fl-10b">
         <path>C:\ti\ccs2011\ccs\tools\compiler\ti-cgt-armllvm_4.0.3.LTS\lib\armv6m-ti-none-eabi\c\</path>
         <kind>archive</kind>
         <file>libsysbm.a</file>
         <name>trgmsg.c.obj</name>
      </input_file>
      <input_file id="fl-10c">
         <path>C:\ti\ccs2011\ccs\tools\compiler\ti-cgt-armllvm_4.0.3.LTS\lib\armv6m-ti-none-eabi\</path>
         <kind>archive</kind>
         <file>libclang_rt.builtins.a</file>
         <name>addsf3.S.obj</name>
      </input_file>
      <input_file id="fl-10d">
         <path>C:\ti\ccs2011\ccs\tools\compiler\ti-cgt-armllvm_4.0.3.LTS\lib\armv6m-ti-none-eabi\</path>
         <kind>archive</kind>
         <file>libclang_rt.builtins.a</file>
         <name>adddf3.S.obj</name>
      </input_file>
      <input_file id="fl-10e">
         <path>C:\ti\ccs2011\ccs\tools\compiler\ti-cgt-armllvm_4.0.3.LTS\lib\armv6m-ti-none-eabi\</path>
         <kind>archive</kind>
         <file>libclang_rt.builtins.a</file>
         <name>muldf3.S.obj</name>
      </input_file>
      <input_file id="fl-10f">
         <path>C:\ti\ccs2011\ccs\tools\compiler\ti-cgt-armllvm_4.0.3.LTS\lib\armv6m-ti-none-eabi\</path>
         <kind>archive</kind>
         <file>libclang_rt.builtins.a</file>
         <name>muldsi3.S.obj</name>
      </input_file>
      <input_file id="fl-110">
         <path>C:\ti\ccs2011\ccs\tools\compiler\ti-cgt-armllvm_4.0.3.LTS\lib\armv6m-ti-none-eabi\</path>
         <kind>archive</kind>
         <file>libclang_rt.builtins.a</file>
         <name>mulsf3.S.obj</name>
      </input_file>
      <input_file id="fl-111">
         <path>C:\ti\ccs2011\ccs\tools\compiler\ti-cgt-armllvm_4.0.3.LTS\lib\armv6m-ti-none-eabi\</path>
         <kind>archive</kind>
         <file>libclang_rt.builtins.a</file>
         <name>divsf3.S.obj</name>
      </input_file>
      <input_file id="fl-112">
         <path>C:\ti\ccs2011\ccs\tools\compiler\ti-cgt-armllvm_4.0.3.LTS\lib\armv6m-ti-none-eabi\</path>
         <kind>archive</kind>
         <file>libclang_rt.builtins.a</file>
         <name>divdf3.S.obj</name>
      </input_file>
      <input_file id="fl-113">
         <path>C:\ti\ccs2011\ccs\tools\compiler\ti-cgt-armllvm_4.0.3.LTS\lib\armv6m-ti-none-eabi\</path>
         <kind>archive</kind>
         <file>libclang_rt.builtins.a</file>
         <name>extendsfdf2.S.obj</name>
      </input_file>
      <input_file id="fl-114">
         <path>C:\ti\ccs2011\ccs\tools\compiler\ti-cgt-armllvm_4.0.3.LTS\lib\armv6m-ti-none-eabi\</path>
         <kind>archive</kind>
         <file>libclang_rt.builtins.a</file>
         <name>fixdfsi.S.obj</name>
      </input_file>
      <input_file id="fl-115">
         <path>C:\ti\ccs2011\ccs\tools\compiler\ti-cgt-armllvm_4.0.3.LTS\lib\armv6m-ti-none-eabi\</path>
         <kind>archive</kind>
         <file>libclang_rt.builtins.a</file>
         <name>fixsfsi.S.obj</name>
      </input_file>
      <input_file id="fl-116">
         <path>C:\ti\ccs2011\ccs\tools\compiler\ti-cgt-armllvm_4.0.3.LTS\lib\armv6m-ti-none-eabi\</path>
         <kind>archive</kind>
         <file>libclang_rt.builtins.a</file>
         <name>fixunsdfsi.S.obj</name>
      </input_file>
      <input_file id="fl-117">
         <path>C:\ti\ccs2011\ccs\tools\compiler\ti-cgt-armllvm_4.0.3.LTS\lib\armv6m-ti-none-eabi\</path>
         <kind>archive</kind>
         <file>libclang_rt.builtins.a</file>
         <name>floatsidf.S.obj</name>
      </input_file>
      <input_file id="fl-118">
         <path>C:\ti\ccs2011\ccs\tools\compiler\ti-cgt-armllvm_4.0.3.LTS\lib\armv6m-ti-none-eabi\</path>
         <kind>archive</kind>
         <file>libclang_rt.builtins.a</file>
         <name>floatsisf.S.obj</name>
      </input_file>
      <input_file id="fl-119">
         <path>C:\ti\ccs2011\ccs\tools\compiler\ti-cgt-armllvm_4.0.3.LTS\lib\armv6m-ti-none-eabi\</path>
         <kind>archive</kind>
         <file>libclang_rt.builtins.a</file>
         <name>floatunsidf.S.obj</name>
      </input_file>
      <input_file id="fl-11a">
         <path>C:\ti\ccs2011\ccs\tools\compiler\ti-cgt-armllvm_4.0.3.LTS\lib\armv6m-ti-none-eabi\</path>
         <kind>archive</kind>
         <file>libclang_rt.builtins.a</file>
         <name>floatunsisf.S.obj</name>
      </input_file>
      <input_file id="fl-11b">
         <path>C:\ti\ccs2011\ccs\tools\compiler\ti-cgt-armllvm_4.0.3.LTS\lib\armv6m-ti-none-eabi\</path>
         <kind>archive</kind>
         <file>libclang_rt.builtins.a</file>
         <name>muldi3.S.obj</name>
      </input_file>
      <input_file id="fl-11c">
         <path>C:\ti\ccs2011\ccs\tools\compiler\ti-cgt-armllvm_4.0.3.LTS\lib\armv6m-ti-none-eabi\</path>
         <kind>archive</kind>
         <file>libclang_rt.builtins.a</file>
         <name>truncdfsf2.S.obj</name>
      </input_file>
      <input_file id="fl-11d">
         <path>C:\ti\ccs2011\ccs\tools\compiler\ti-cgt-armllvm_4.0.3.LTS\lib\armv6m-ti-none-eabi\</path>
         <kind>archive</kind>
         <file>libclang_rt.builtins.a</file>
         <name>aeabi_dcmp.S.obj</name>
      </input_file>
      <input_file id="fl-11e">
         <path>C:\ti\ccs2011\ccs\tools\compiler\ti-cgt-armllvm_4.0.3.LTS\lib\armv6m-ti-none-eabi\</path>
         <kind>archive</kind>
         <file>libclang_rt.builtins.a</file>
         <name>aeabi_fcmp.S.obj</name>
      </input_file>
      <input_file id="fl-11f">
         <path>C:\ti\ccs2011\ccs\tools\compiler\ti-cgt-armllvm_4.0.3.LTS\lib\armv6m-ti-none-eabi\</path>
         <kind>archive</kind>
         <file>libclang_rt.builtins.a</file>
         <name>aeabi_idivmod.S.obj</name>
      </input_file>
      <input_file id="fl-120">
         <path>C:\ti\ccs2011\ccs\tools\compiler\ti-cgt-armllvm_4.0.3.LTS\lib\armv6m-ti-none-eabi\</path>
         <kind>archive</kind>
         <file>libclang_rt.builtins.a</file>
         <name>aeabi_ldivmod.S.obj</name>
      </input_file>
      <input_file id="fl-121">
         <path>C:\ti\ccs2011\ccs\tools\compiler\ti-cgt-armllvm_4.0.3.LTS\lib\armv6m-ti-none-eabi\</path>
         <kind>archive</kind>
         <file>libclang_rt.builtins.a</file>
         <name>aeabi_memcpy.S.obj</name>
      </input_file>
      <input_file id="fl-122">
         <path>C:\ti\ccs2011\ccs\tools\compiler\ti-cgt-armllvm_4.0.3.LTS\lib\armv6m-ti-none-eabi\</path>
         <kind>archive</kind>
         <file>libclang_rt.builtins.a</file>
         <name>aeabi_memset.S.obj</name>
      </input_file>
      <input_file id="fl-123">
         <path>C:\ti\ccs2011\ccs\tools\compiler\ti-cgt-armllvm_4.0.3.LTS\lib\armv6m-ti-none-eabi\</path>
         <kind>archive</kind>
         <file>libclang_rt.builtins.a</file>
         <name>aeabi_uidivmod.S.obj</name>
      </input_file>
      <input_file id="fl-124">
         <path>C:\ti\ccs2011\ccs\tools\compiler\ti-cgt-armllvm_4.0.3.LTS\lib\armv6m-ti-none-eabi\</path>
         <kind>archive</kind>
         <file>libclang_rt.builtins.a</file>
         <name>aeabi_uldivmod.S.obj</name>
      </input_file>
      <input_file id="fl-125">
         <path>C:\ti\ccs2011\ccs\tools\compiler\ti-cgt-armllvm_4.0.3.LTS\lib\armv6m-ti-none-eabi\</path>
         <kind>archive</kind>
         <file>libclang_rt.builtins.a</file>
         <name>comparesf2.S.obj</name>
      </input_file>
      <input_file id="fl-126">
         <path>C:\ti\ccs2011\ccs\tools\compiler\ti-cgt-armllvm_4.0.3.LTS\lib\armv6m-ti-none-eabi\</path>
         <kind>archive</kind>
         <file>libclang_rt.builtins.a</file>
         <name>udivmoddi4.S.obj</name>
      </input_file>
      <input_file id="fl-127">
         <path>C:\ti\ccs2011\ccs\tools\compiler\ti-cgt-armllvm_4.0.3.LTS\lib\armv6m-ti-none-eabi\</path>
         <kind>archive</kind>
         <file>libclang_rt.builtins.a</file>
         <name>ashldi3.S.obj</name>
      </input_file>
      <input_file id="fl-128">
         <path>C:\ti\ccs2011\ccs\tools\compiler\ti-cgt-armllvm_4.0.3.LTS\lib\armv6m-ti-none-eabi\</path>
         <kind>archive</kind>
         <file>libclang_rt.builtins.a</file>
         <name>comparedf2.c.obj</name>
      </input_file>
      <input_file id="fl-129">
         <path>C:\ti\ccs2011\ccs\tools\compiler\ti-cgt-armllvm_4.0.3.LTS\lib\armv6m-ti-none-eabi\</path>
         <kind>archive</kind>
         <file>libclang_rt.builtins.a</file>
         <name>divmoddi4.c.obj</name>
      </input_file>
      <input_file id="fl-12a">
         <path>C:\ti\ccs2011\ccs\tools\compiler\ti-cgt-armllvm_4.0.3.LTS\lib\armv6m-ti-none-eabi\</path>
         <kind>archive</kind>
         <file>libclang_rt.builtins.a</file>
         <name>aeabi_div0.c.obj</name>
      </input_file>
      <input_file id="fl-12b">
         <path>C:\ti\ccs2011\ccs\tools\compiler\ti-cgt-armllvm_4.0.3.LTS\lib\armv6m-ti-none-eabi\c\</path>
         <kind>archive</kind>
         <file>libc.a</file>
         <name>getdevice.c.obj</name>
      </input_file>
      <input_file id="fl-12c">
         <path>C:\ti\ccs2011\ccs\tools\compiler\ti-cgt-armllvm_4.0.3.LTS\lib\armv6m-ti-none-eabi\c\</path>
         <kind>archive</kind>
         <file>libc.a</file>
         <name>memcpy16.S.obj</name>
      </input_file>
      <input_file id="fl-12d">
         <path>C:\ti\ccs2011\ccs\tools\compiler\ti-cgt-armllvm_4.0.3.LTS\lib\armv6m-ti-none-eabi\c\</path>
         <kind>archive</kind>
         <file>libc.a</file>
         <name>memset16.S.obj</name>
      </input_file>
   </input_file_list>
   <object_component_list>
      <object_component id="oc-18">
         <name>.intvecs</name>
         <load_address>0x0</load_address>
         <readonly>true</readonly>
         <run_address>0x0</run_address>
         <size>0xc0</size>
         <alignment>0x4</alignment>
         <input_file_ref idref="fl-3"/>
      </object_component>
      <object_component id="oc-258">
         <name>.text:__TI_printfi</name>
         <load_address>0xc0</load_address>
         <readonly>true</readonly>
         <executable>true</executable>
         <run_address>0xc0</run_address>
         <size>0x9d0</size>
         <alignment>0x4</alignment>
         <input_file_ref idref="fl-49"/>
      </object_component>
      <object_component id="oc-9e">
         <name>.text.asin</name>
         <load_address>0xa90</load_address>
         <readonly>true</readonly>
         <executable>true</executable>
         <run_address>0xa90</run_address>
         <size>0x364</size>
         <alignment>0x4</alignment>
         <input_file_ref idref="fl-36"/>
      </object_component>
      <object_component id="oc-12d">
         <name>.text.atan</name>
         <load_address>0xdf4</load_address>
         <readonly>true</readonly>
         <executable>true</executable>
         <run_address>0xdf4</run_address>
         <size>0x2f8</size>
         <alignment>0x4</alignment>
         <input_file_ref idref="fl-39"/>
      </object_component>
      <object_component id="oc-159">
         <name>.text.dmp_enable_feature</name>
         <load_address>0x10ec</load_address>
         <readonly>true</readonly>
         <executable>true</executable>
         <run_address>0x10ec</run_address>
         <size>0x278</size>
         <alignment>0x4</alignment>
         <input_file_ref idref="fl-5"/>
      </object_component>
      <object_component id="oc-1f7">
         <name>.text.dmp_set_tap_thresh</name>
         <load_address>0x1364</load_address>
         <readonly>true</readonly>
         <executable>true</executable>
         <run_address>0x1364</run_address>
         <size>0x238</size>
         <alignment>0x4</alignment>
         <input_file_ref idref="fl-5"/>
      </object_component>
      <object_component id="oc-61">
         <name>.text.Read_Quad</name>
         <load_address>0x159c</load_address>
         <readonly>true</readonly>
         <executable>true</executable>
         <run_address>0x159c</run_address>
         <size>0x22c</size>
         <alignment>0x4</alignment>
         <input_file_ref idref="fl-6"/>
      </object_component>
      <object_component id="oc-100">
         <name>.text.mpu_reset_fifo</name>
         <load_address>0x17c8</load_address>
         <readonly>true</readonly>
         <executable>true</executable>
         <run_address>0x17c8</run_address>
         <size>0x22c</size>
         <alignment>0x4</alignment>
         <input_file_ref idref="fl-4"/>
      </object_component>
      <object_component id="oc-283">
         <name>.text._pconv_a</name>
         <load_address>0x19f4</load_address>
         <readonly>true</readonly>
         <executable>true</executable>
         <run_address>0x19f4</run_address>
         <size>0x220</size>
         <alignment>0x4</alignment>
         <input_file_ref idref="fl-49"/>
      </object_component>
      <object_component id="oc-85">
         <name>.text.dmp_read_fifo</name>
         <load_address>0x1c14</load_address>
         <readonly>true</readonly>
         <executable>true</executable>
         <run_address>0x1c14</run_address>
         <size>0x1f4</size>
         <alignment>0x4</alignment>
         <input_file_ref idref="fl-5"/>
      </object_component>
      <object_component id="oc-284">
         <name>.text._pconv_g</name>
         <load_address>0x1e08</load_address>
         <readonly>true</readonly>
         <executable>true</executable>
         <run_address>0x1e08</run_address>
         <size>0x1dc</size>
         <alignment>0x4</alignment>
         <input_file_ref idref="fl-49"/>
      </object_component>
      <object_component id="oc-25b">
         <name>.text.OLED_ShowImage</name>
         <load_address>0x1fe4</load_address>
         <readonly>true</readonly>
         <executable>true</executable>
         <run_address>0x1fe4</run_address>
         <size>0x1b0</size>
         <alignment>0x4</alignment>
         <input_file_ref idref="fl-a"/>
      </object_component>
      <object_component id="oc-1ee">
         <name>.text.mpu_set_bypass</name>
         <load_address>0x2194</load_address>
         <readonly>true</readonly>
         <executable>true</executable>
         <run_address>0x2194</run_address>
         <size>0x1a0</size>
         <alignment>0x4</alignment>
         <input_file_ref idref="fl-4"/>
      </object_component>
      <object_component id="oc-114">
         <name>.text.adddf3_subdf3</name>
         <load_address>0x2334</load_address>
         <readonly>true</readonly>
         <executable>true</executable>
         <run_address>0x2334</run_address>
         <size>0x192</size>
         <alignment>0x4</alignment>
         <input_file_ref idref="fl-10d"/>
      </object_component>
      <object_component id="oc-220">
         <name>.text.__aeabi_idiv0</name>
         <load_address>0x24c6</load_address>
         <readonly>true</readonly>
         <executable>true</executable>
         <run_address>0x24c6</run_address>
         <size>0x2</size>
         <alignment>0x2</alignment>
         <input_file_ref idref="fl-12a"/>
      </object_component>
      <object_component id="oc-ac">
         <name>.text.atan2</name>
         <load_address>0x24c8</load_address>
         <readonly>true</readonly>
         <executable>true</executable>
         <run_address>0x24c8</run_address>
         <size>0x188</size>
         <alignment>0x4</alignment>
         <input_file_ref idref="fl-37"/>
      </object_component>
      <object_component id="oc-156">
         <name>.text.dmp_set_orientation</name>
         <load_address>0x2650</load_address>
         <readonly>true</readonly>
         <executable>true</executable>
         <run_address>0x2650</run_address>
         <size>0x178</size>
         <alignment>0x4</alignment>
         <input_file_ref idref="fl-5"/>
      </object_component>
      <object_component id="oc-11e">
         <name>.text.sqrt</name>
         <load_address>0x27c8</load_address>
         <readonly>true</readonly>
         <executable>true</executable>
         <run_address>0x27c8</run_address>
         <size>0x170</size>
         <alignment>0x4</alignment>
         <input_file_ref idref="fl-38"/>
      </object_component>
      <object_component id="oc-cc">
         <name>.text.MPU6050_Init</name>
         <load_address>0x2938</load_address>
         <readonly>true</readonly>
         <executable>true</executable>
         <run_address>0x2938</run_address>
         <size>0x148</size>
         <alignment>0x4</alignment>
         <input_file_ref idref="fl-6"/>
      </object_component>
      <object_component id="oc-2b4">
         <name>.text.fcvt</name>
         <load_address>0x2a80</load_address>
         <readonly>true</readonly>
         <executable>true</executable>
         <run_address>0x2a80</run_address>
         <size>0x13c</size>
         <alignment>0x4</alignment>
         <input_file_ref idref="fl-49"/>
      </object_component>
      <object_component id="oc-182">
         <name>.text.mspm0_i2c_read</name>
         <load_address>0x2bbc</load_address>
         <readonly>true</readonly>
         <executable>true</executable>
         <run_address>0x2bbc</run_address>
         <size>0x134</size>
         <alignment>0x4</alignment>
         <input_file_ref idref="fl-7"/>
      </object_component>
      <object_component id="oc-14e">
         <name>.text.mpu_set_sensors</name>
         <load_address>0x2cf0</load_address>
         <readonly>true</readonly>
         <executable>true</executable>
         <run_address>0x2cf0</run_address>
         <size>0x130</size>
         <alignment>0x4</alignment>
         <input_file_ref idref="fl-4"/>
      </object_component>
      <object_component id="oc-14c">
         <name>.text.mpu_init</name>
         <load_address>0x2e20</load_address>
         <readonly>true</readonly>
         <executable>true</executable>
         <run_address>0x2e20</run_address>
         <size>0x128</size>
         <alignment>0x4</alignment>
         <input_file_ref idref="fl-4"/>
      </object_component>
      <object_component id="oc-1f2">
         <name>.text.mpu_load_firmware</name>
         <load_address>0x2f48</load_address>
         <readonly>true</readonly>
         <executable>true</executable>
         <run_address>0x2f48</run_address>
         <size>0x124</size>
         <alignment>0x4</alignment>
         <input_file_ref idref="fl-4"/>
      </object_component>
      <object_component id="oc-286">
         <name>.text._pconv_e</name>
         <load_address>0x306c</load_address>
         <readonly>true</readonly>
         <executable>true</executable>
         <run_address>0x306c</run_address>
         <size>0x120</size>
         <alignment>0x4</alignment>
         <input_file_ref idref="fl-49"/>
      </object_component>
      <object_component id="oc-125">
         <name>.text.__divdf3</name>
         <load_address>0x318c</load_address>
         <readonly>true</readonly>
         <executable>true</executable>
         <run_address>0x318c</run_address>
         <size>0x10c</size>
         <alignment>0x4</alignment>
         <input_file_ref idref="fl-112"/>
      </object_component>
      <object_component id="oc-fb">
         <name>.text.mpu_read_fifo_stream</name>
         <load_address>0x3298</load_address>
         <readonly>true</readonly>
         <executable>true</executable>
         <run_address>0x3298</run_address>
         <size>0x108</size>
         <alignment>0x4</alignment>
         <input_file_ref idref="fl-4"/>
      </object_component>
      <object_component id="oc-73">
         <name>.text.main</name>
         <load_address>0x33a0</load_address>
         <readonly>true</readonly>
         <executable>true</executable>
         <run_address>0x33a0</run_address>
         <size>0x104</size>
         <alignment>0x4</alignment>
         <input_file_ref idref="fl-1"/>
      </object_component>
      <object_component id="oc-1f1">
         <name>.text.mpu_lp_accel_mode</name>
         <load_address>0x34a4</load_address>
         <readonly>true</readonly>
         <executable>true</executable>
         <run_address>0x34a4</run_address>
         <size>0x100</size>
         <alignment>0x4</alignment>
         <input_file_ref idref="fl-4"/>
      </object_component>
      <object_component id="oc-150">
         <name>.text.mpu_set_sample_rate</name>
         <load_address>0x35a4</load_address>
         <readonly>true</readonly>
         <executable>true</executable>
         <run_address>0x35a4</run_address>
         <size>0xec</size>
         <alignment>0x4</alignment>
         <input_file_ref idref="fl-4"/>
      </object_component>
      <object_component id="oc-a4">
         <name>.text.__muldf3</name>
         <load_address>0x3690</load_address>
         <readonly>true</readonly>
         <executable>true</executable>
         <run_address>0x3690</run_address>
         <size>0xe4</size>
         <alignment>0x4</alignment>
         <input_file_ref idref="fl-10e"/>
      </object_component>
      <object_component id="oc-1ec">
         <name>.text.mpu_set_accel_fsr</name>
         <load_address>0x3774</load_address>
         <readonly>true</readonly>
         <executable>true</executable>
         <run_address>0x3774</run_address>
         <size>0xe4</size>
         <alignment>0x4</alignment>
         <input_file_ref idref="fl-4"/>
      </object_component>
      <object_component id="oc-1bf">
         <name>.text.DL_SYSCTL_configSYSPLL</name>
         <load_address>0x3858</load_address>
         <readonly>true</readonly>
         <executable>true</executable>
         <run_address>0x3858</run_address>
         <size>0xdc</size>
         <alignment>0x4</alignment>
         <input_file_ref idref="fl-1e"/>
      </object_component>
      <object_component id="oc-29f">
         <name>.text.scalbn</name>
         <load_address>0x3934</load_address>
         <readonly>true</readonly>
         <executable>true</executable>
         <run_address>0x3934</run_address>
         <size>0xd8</size>
         <alignment>0x4</alignment>
         <input_file_ref idref="fl-51"/>
      </object_component>
      <object_component id="oc-96">
         <name>.text</name>
         <load_address>0x3a0c</load_address>
         <readonly>true</readonly>
         <executable>true</executable>
         <run_address>0x3a0c</run_address>
         <size>0xd8</size>
         <alignment>0x4</alignment>
         <input_file_ref idref="fl-10c"/>
      </object_component>
      <object_component id="oc-1f0">
         <name>.text.set_int_enable</name>
         <load_address>0x3ae4</load_address>
         <readonly>true</readonly>
         <executable>true</executable>
         <run_address>0x3ae4</run_address>
         <size>0xd4</size>
         <alignment>0x4</alignment>
         <input_file_ref idref="fl-4"/>
      </object_component>
      <object_component id="oc-1ed">
         <name>.text.mpu_set_lpf</name>
         <load_address>0x3bb8</load_address>
         <readonly>true</readonly>
         <executable>true</executable>
         <run_address>0x3bb8</run_address>
         <size>0xd0</size>
         <alignment>0x4</alignment>
         <input_file_ref idref="fl-4"/>
      </object_component>
      <object_component id="oc-287">
         <name>.text.OLED_ClearArea</name>
         <load_address>0x3c88</load_address>
         <readonly>true</readonly>
         <executable>true</executable>
         <run_address>0x3c88</run_address>
         <size>0xcc</size>
         <alignment>0x4</alignment>
         <input_file_ref idref="fl-a"/>
      </object_component>
      <object_component id="oc-1eb">
         <name>.text.mpu_set_gyro_fsr</name>
         <load_address>0x3d54</load_address>
         <readonly>true</readonly>
         <executable>true</executable>
         <run_address>0x3d54</run_address>
         <size>0xc4</size>
         <alignment>0x4</alignment>
         <input_file_ref idref="fl-4"/>
      </object_component>
      <object_component id="oc-18a">
         <name>.text.mspm0_i2c_write</name>
         <load_address>0x3e18</load_address>
         <readonly>true</readonly>
         <executable>true</executable>
         <run_address>0x3e18</run_address>
         <size>0xc4</size>
         <alignment>0x4</alignment>
         <input_file_ref idref="fl-7"/>
      </object_component>
      <object_component id="oc-13e">
         <name>.text.SYSCFG_DL_GPIO_init</name>
         <load_address>0x3edc</load_address>
         <readonly>true</readonly>
         <executable>true</executable>
         <run_address>0x3edc</run_address>
         <size>0xc0</size>
         <alignment>0x4</alignment>
         <input_file_ref idref="fl-2"/>
      </object_component>
      <object_component id="oc-14f">
         <name>.text.mpu_configure_fifo</name>
         <load_address>0x3f9c</load_address>
         <readonly>true</readonly>
         <executable>true</executable>
         <run_address>0x3f9c</run_address>
         <size>0xbc</size>
         <alignment>0x4</alignment>
         <input_file_ref idref="fl-4"/>
      </object_component>
      <object_component id="oc-15b">
         <name>.text.mpu_set_dmp_state</name>
         <load_address>0x4058</load_address>
         <readonly>true</readonly>
         <executable>true</executable>
         <run_address>0x4058</run_address>
         <size>0xb8</size>
         <alignment>0x4</alignment>
         <input_file_ref idref="fl-4"/>
      </object_component>
      <object_component id="oc-23e">
         <name>.text.mpu_read_mem</name>
         <load_address>0x4110</load_address>
         <readonly>true</readonly>
         <executable>true</executable>
         <run_address>0x4110</run_address>
         <size>0xac</size>
         <alignment>0x4</alignment>
         <input_file_ref idref="fl-4"/>
      </object_component>
      <object_component id="oc-1f5">
         <name>.text.mpu_write_mem</name>
         <load_address>0x41bc</load_address>
         <readonly>true</readonly>
         <executable>true</executable>
         <run_address>0x41bc</run_address>
         <size>0xac</size>
         <alignment>0x4</alignment>
         <input_file_ref idref="fl-4"/>
      </object_component>
      <object_component id="oc-296">
         <name>.text</name>
         <load_address>0x4268</load_address>
         <readonly>true</readonly>
         <executable>true</executable>
         <run_address>0x4268</run_address>
         <size>0xa2</size>
         <alignment>0x4</alignment>
         <input_file_ref idref="fl-126"/>
      </object_component>
      <object_component id="oc-2b6">
         <name>.text.__aeabi_ldiv0</name>
         <load_address>0x430a</load_address>
         <readonly>true</readonly>
         <executable>true</executable>
         <run_address>0x430a</run_address>
         <size>0x2</size>
         <alignment>0x2</alignment>
         <input_file_ref idref="fl-12a"/>
      </object_component>
      <object_component id="oc-1ef">
         <name>.text.mpu_set_int_latched</name>
         <load_address>0x430c</load_address>
         <readonly>true</readonly>
         <executable>true</executable>
         <run_address>0x430c</run_address>
         <size>0x9c</size>
         <alignment>0x4</alignment>
         <input_file_ref idref="fl-4"/>
      </object_component>
      <object_component id="oc-cd">
         <name>.text.OLED_Init</name>
         <load_address>0x43a8</load_address>
         <readonly>true</readonly>
         <executable>true</executable>
         <run_address>0x43a8</run_address>
         <size>0x9a</size>
         <alignment>0x2</alignment>
         <input_file_ref idref="fl-a"/>
      </object_component>
      <object_component id="oc-15a">
         <name>.text.dmp_set_fifo_rate</name>
         <load_address>0x4444</load_address>
         <readonly>true</readonly>
         <executable>true</executable>
         <run_address>0x4444</run_address>
         <size>0x98</size>
         <alignment>0x4</alignment>
         <input_file_ref idref="fl-5"/>
      </object_component>
      <object_component id="oc-1f4">
         <name>.text.inv_row_2_scale</name>
         <load_address>0x44dc</load_address>
         <readonly>true</readonly>
         <executable>true</executable>
         <run_address>0x44dc</run_address>
         <size>0x96</size>
         <alignment>0x2</alignment>
         <input_file_ref idref="fl-6"/>
      </object_component>
      <object_component id="oc-92">
         <name>.text.__mulsf3</name>
         <load_address>0x4574</load_address>
         <readonly>true</readonly>
         <executable>true</executable>
         <run_address>0x4574</run_address>
         <size>0x8c</size>
         <alignment>0x4</alignment>
         <input_file_ref idref="fl-110"/>
      </object_component>
      <object_component id="oc-101">
         <name>.text.decode_gesture</name>
         <load_address>0x4600</load_address>
         <readonly>true</readonly>
         <executable>true</executable>
         <run_address>0x4600</run_address>
         <size>0x8c</size>
         <alignment>0x4</alignment>
         <input_file_ref idref="fl-5"/>
      </object_component>
      <object_component id="oc-145">
         <name>.text.__NVIC_SetPriority</name>
         <load_address>0x468c</load_address>
         <readonly>true</readonly>
         <executable>true</executable>
         <run_address>0x468c</run_address>
         <size>0x84</size>
         <alignment>0x4</alignment>
         <input_file_ref idref="fl-8"/>
      </object_component>
      <object_component id="oc-1c7">
         <name>.text.__NVIC_SetPriority</name>
         <load_address>0x4710</load_address>
         <readonly>true</readonly>
         <executable>true</executable>
         <run_address>0x4710</run_address>
         <size>0x84</size>
         <alignment>0x4</alignment>
         <input_file_ref idref="fl-2"/>
      </object_component>
      <object_component id="oc-8e">
         <name>.text.__divsf3</name>
         <load_address>0x4794</load_address>
         <readonly>true</readonly>
         <executable>true</executable>
         <run_address>0x4794</run_address>
         <size>0x82</size>
         <alignment>0x4</alignment>
         <input_file_ref idref="fl-111"/>
      </object_component>
      <object_component id="oc-20c">
         <name>.text.OLED_ShowChar</name>
         <load_address>0x4818</load_address>
         <readonly>true</readonly>
         <executable>true</executable>
         <run_address>0x4818</run_address>
         <size>0x80</size>
         <alignment>0x4</alignment>
         <input_file_ref idref="fl-a"/>
      </object_component>
      <object_component id="oc-1c">
         <name>.text:decompress:lzss</name>
         <load_address>0x4898</load_address>
         <readonly>true</readonly>
         <executable>true</executable>
         <run_address>0x4898</run_address>
         <size>0x7c</size>
         <alignment>0x4</alignment>
         <input_file_ref idref="fl-48"/>
      </object_component>
      <object_component id="oc-198">
         <name>.text.__gedf2</name>
         <load_address>0x4914</load_address>
         <readonly>true</readonly>
         <executable>true</executable>
         <run_address>0x4914</run_address>
         <size>0x74</size>
         <alignment>0x4</alignment>
         <input_file_ref idref="fl-128"/>
      </object_component>
      <object_component id="oc-10f">
         <name>.text.__aeabi_errno_addr</name>
         <load_address>0x4988</load_address>
         <readonly>true</readonly>
         <executable>true</executable>
         <run_address>0x4988</run_address>
         <size>0x8</size>
         <alignment>0x4</alignment>
         <input_file_ref idref="fl-3c"/>
      </object_component>
      <object_component id="oc-a8">
         <name>.text.__truncdfsf2</name>
         <load_address>0x4990</load_address>
         <readonly>true</readonly>
         <executable>true</executable>
         <run_address>0x4990</run_address>
         <size>0x74</size>
         <alignment>0x10</alignment>
         <input_file_ref idref="fl-11c"/>
      </object_component>
      <object_component id="oc-153">
         <name>.text.mpu_get_accel_fsr</name>
         <load_address>0x4a04</load_address>
         <readonly>true</readonly>
         <executable>true</executable>
         <run_address>0x4a04</run_address>
         <size>0x74</size>
         <alignment>0x4</alignment>
         <input_file_ref idref="fl-4"/>
      </object_component>
      <object_component id="oc-192">
         <name>.text.__ledf2</name>
         <load_address>0x4a78</load_address>
         <readonly>true</readonly>
         <executable>true</executable>
         <run_address>0x4a78</run_address>
         <size>0x68</size>
         <alignment>0x4</alignment>
         <input_file_ref idref="fl-128"/>
      </object_component>
      <object_component id="oc-2b3">
         <name>.text._mcpy</name>
         <load_address>0x4ae0</load_address>
         <readonly>true</readonly>
         <executable>true</executable>
         <run_address>0x4ae0</run_address>
         <size>0x66</size>
         <alignment>0x2</alignment>
         <input_file_ref idref="fl-49"/>
      </object_component>
      <object_component id="oc-1f8">
         <name>.text.dmp_set_tap_axes</name>
         <load_address>0x4b46</load_address>
         <readonly>true</readonly>
         <executable>true</executable>
         <run_address>0x4b46</run_address>
         <size>0x66</size>
         <alignment>0x2</alignment>
         <input_file_ref idref="fl-5"/>
      </object_component>
      <object_component id="oc-118">
         <name>.text.__aeabi_dcmp</name>
         <load_address>0x4bac</load_address>
         <readonly>true</readonly>
         <executable>true</executable>
         <run_address>0x4bac</run_address>
         <size>0x62</size>
         <alignment>0x4</alignment>
         <input_file_ref idref="fl-11d"/>
      </object_component>
      <object_component id="oc-1f6">
         <name>.text.dmp_enable_gyro_cal</name>
         <load_address>0x4c10</load_address>
         <readonly>true</readonly>
         <executable>true</executable>
         <run_address>0x4c10</run_address>
         <size>0x60</size>
         <alignment>0x4</alignment>
         <input_file_ref idref="fl-5"/>
      </object_component>
      <object_component id="oc-147">
         <name>.text.mpu6050_i2c_sda_unlock</name>
         <load_address>0x4c70</load_address>
         <readonly>true</readonly>
         <executable>true</executable>
         <run_address>0x4c70</run_address>
         <size>0x60</size>
         <alignment>0x4</alignment>
         <input_file_ref idref="fl-7"/>
      </object_component>
      <object_component id="oc-152">
         <name>.text.mpu_get_gyro_fsr</name>
         <load_address>0x4cd0</load_address>
         <readonly>true</readonly>
         <executable>true</executable>
         <run_address>0x4cd0</run_address>
         <size>0x60</size>
         <alignment>0x4</alignment>
         <input_file_ref idref="fl-4"/>
      </object_component>
      <object_component id="oc-229">
         <name>.text.DL_I2C_fillControllerTXFIFO</name>
         <load_address>0x4d30</load_address>
         <readonly>true</readonly>
         <executable>true</executable>
         <run_address>0x4d30</run_address>
         <size>0x5e</size>
         <alignment>0x2</alignment>
         <input_file_ref idref="fl-1c"/>
      </object_component>
      <object_component id="oc-29b">
         <name>.text.frexp</name>
         <load_address>0x4d90</load_address>
         <readonly>true</readonly>
         <executable>true</executable>
         <run_address>0x4d90</run_address>
         <size>0x5c</size>
         <alignment>0x4</alignment>
         <input_file_ref idref="fl-50"/>
      </object_component>
      <object_component id="oc-1e8">
         <name>.text.mspm0_i2c_enable</name>
         <load_address>0x4dec</load_address>
         <readonly>true</readonly>
         <executable>true</executable>
         <run_address>0x4dec</run_address>
         <size>0x5c</size>
         <alignment>0x4</alignment>
         <input_file_ref idref="fl-7"/>
      </object_component>
      <object_component id="oc-d2">
         <name>.text.OLED_Clear</name>
         <load_address>0x4e48</load_address>
         <readonly>true</readonly>
         <executable>true</executable>
         <run_address>0x4e48</run_address>
         <size>0x58</size>
         <alignment>0x4</alignment>
         <input_file_ref idref="fl-a"/>
      </object_component>
      <object_component id="oc-16f">
         <name>.text.OLED_ShowString</name>
         <load_address>0x4ea0</load_address>
         <readonly>true</readonly>
         <executable>true</executable>
         <run_address>0x4ea0</run_address>
         <size>0x58</size>
         <alignment>0x2</alignment>
         <input_file_ref idref="fl-a"/>
      </object_component>
      <object_component id="oc-140">
         <name>.text.SYSCFG_DL_I2C_MPU6050_init</name>
         <load_address>0x4ef8</load_address>
         <readonly>true</readonly>
         <executable>true</executable>
         <run_address>0x4ef8</run_address>
         <size>0x58</size>
         <alignment>0x4</alignment>
         <input_file_ref idref="fl-2"/>
      </object_component>
      <object_component id="oc-13d">
         <name>.text.SYSCFG_DL_initPower</name>
         <load_address>0x4f50</load_address>
         <readonly>true</readonly>
         <executable>true</executable>
         <run_address>0x4f50</run_address>
         <size>0x58</size>
         <alignment>0x4</alignment>
         <input_file_ref idref="fl-2"/>
      </object_component>
      <object_component id="oc-2a7">
         <name>.text.__TI_ltoa</name>
         <load_address>0x4fa8</load_address>
         <readonly>true</readonly>
         <executable>true</executable>
         <run_address>0x4fa8</run_address>
         <size>0x58</size>
         <alignment>0x2</alignment>
         <input_file_ref idref="fl-55"/>
      </object_component>
      <object_component id="oc-285">
         <name>.text._pconv_f</name>
         <load_address>0x5000</load_address>
         <readonly>true</readonly>
         <executable>true</executable>
         <run_address>0x5000</run_address>
         <size>0x58</size>
         <alignment>0x2</alignment>
         <input_file_ref idref="fl-49"/>
      </object_component>
      <object_component id="oc-24b">
         <name>.text.__aeabi_idivmod</name>
         <load_address>0x5058</load_address>
         <readonly>true</readonly>
         <executable>true</executable>
         <run_address>0x5058</run_address>
         <size>0x56</size>
         <alignment>0x4</alignment>
         <input_file_ref idref="fl-11f"/>
      </object_component>
      <object_component id="oc-204">
         <name>.text.OLED_I2C_SendByte</name>
         <load_address>0x50ae</load_address>
         <readonly>true</readonly>
         <executable>true</executable>
         <run_address>0x50ae</run_address>
         <size>0x54</size>
         <alignment>0x2</alignment>
         <input_file_ref idref="fl-a"/>
      </object_component>
      <object_component id="oc-2b1">
         <name>.text._ecpy</name>
         <load_address>0x5102</load_address>
         <readonly>true</readonly>
         <executable>true</executable>
         <run_address>0x5102</run_address>
         <size>0x52</size>
         <alignment>0x2</alignment>
         <input_file_ref idref="fl-49"/>
      </object_component>
      <object_component id="oc-21b">
         <name>.text.DL_I2C_startControllerTransfer</name>
         <load_address>0x5154</load_address>
         <readonly>true</readonly>
         <executable>true</executable>
         <run_address>0x5154</run_address>
         <size>0x50</size>
         <alignment>0x4</alignment>
         <input_file_ref idref="fl-7"/>
      </object_component>
      <object_component id="oc-171">
         <name>.text.OLED_WriteData</name>
         <load_address>0x51a4</load_address>
         <readonly>true</readonly>
         <executable>true</executable>
         <run_address>0x51a4</run_address>
         <size>0x50</size>
         <alignment>0x2</alignment>
         <input_file_ref idref="fl-a"/>
      </object_component>
      <object_component id="oc-144">
         <name>.text.SysTick_Config</name>
         <load_address>0x51f4</load_address>
         <readonly>true</readonly>
         <executable>true</executable>
         <run_address>0x51f4</run_address>
         <size>0x50</size>
         <alignment>0x4</alignment>
         <input_file_ref idref="fl-8"/>
      </object_component>
      <object_component id="oc-1e0">
         <name>.text.DL_UART_setBaudRateDivisor</name>
         <load_address>0x5244</load_address>
         <readonly>true</readonly>
         <executable>true</executable>
         <run_address>0x5244</run_address>
         <size>0x4c</size>
         <alignment>0x4</alignment>
         <input_file_ref idref="fl-2"/>
      </object_component>
      <object_component id="oc-161">
         <name>.text.OLED_GPIO_Init</name>
         <load_address>0x5290</load_address>
         <readonly>true</readonly>
         <executable>true</executable>
         <run_address>0x5290</run_address>
         <size>0x4a</size>
         <alignment>0x2</alignment>
         <input_file_ref idref="fl-a"/>
      </object_component>
      <object_component id="oc-2a3">
         <name>.text.__fixdfsi</name>
         <load_address>0x52dc</load_address>
         <readonly>true</readonly>
         <executable>true</executable>
         <run_address>0x52dc</run_address>
         <size>0x4a</size>
         <alignment>0x4</alignment>
         <input_file_ref idref="fl-114"/>
      </object_component>
      <object_component id="oc-1de">
         <name>.text.DL_UART_init</name>
         <load_address>0x5328</load_address>
         <readonly>true</readonly>
         <executable>true</executable>
         <run_address>0x5328</run_address>
         <size>0x48</size>
         <alignment>0x4</alignment>
         <input_file_ref idref="fl-1d"/>
      </object_component>
      <object_component id="oc-d9">
         <name>.text.OLED_Update</name>
         <load_address>0x5370</load_address>
         <readonly>true</readonly>
         <executable>true</executable>
         <run_address>0x5370</run_address>
         <size>0x48</size>
         <alignment>0x4</alignment>
         <input_file_ref idref="fl-a"/>
      </object_component>
      <object_component id="oc-13f">
         <name>.text.SYSCFG_DL_SYSCTL_init</name>
         <load_address>0x53b8</load_address>
         <readonly>true</readonly>
         <executable>true</executable>
         <run_address>0x53b8</run_address>
         <size>0x48</size>
         <alignment>0x4</alignment>
         <input_file_ref idref="fl-2"/>
      </object_component>
      <object_component id="oc-200">
         <name>.text.dmp_enable_6x_lp_quat</name>
         <load_address>0x5400</load_address>
         <readonly>true</readonly>
         <executable>true</executable>
         <run_address>0x5400</run_address>
         <size>0x48</size>
         <alignment>0x4</alignment>
         <input_file_ref idref="fl-5"/>
      </object_component>
      <object_component id="oc-1ff">
         <name>.text.dmp_enable_lp_quat</name>
         <load_address>0x5448</load_address>
         <readonly>true</readonly>
         <executable>true</executable>
         <run_address>0x5448</run_address>
         <size>0x48</size>
         <alignment>0x4</alignment>
         <input_file_ref idref="fl-5"/>
      </object_component>
      <object_component id="oc-1c6">
         <name>.text.DL_SYSCTL_switchMCLKfromSYSOSCtoHSCLK</name>
         <load_address>0x5490</load_address>
         <readonly>true</readonly>
         <executable>true</executable>
         <run_address>0x5490</run_address>
         <size>0x44</size>
         <alignment>0x4</alignment>
         <input_file_ref idref="fl-1e"/>
      </object_component>
      <object_component id="oc-1fc">
         <name>.text.dmp_set_shake_reject_thresh</name>
         <load_address>0x54d4</load_address>
         <readonly>true</readonly>
         <executable>true</executable>
         <run_address>0x54d4</run_address>
         <size>0x44</size>
         <alignment>0x2</alignment>
         <input_file_ref idref="fl-5"/>
      </object_component>
      <object_component id="oc-1f9">
         <name>.text.dmp_set_tap_count</name>
         <load_address>0x5518</load_address>
         <readonly>true</readonly>
         <executable>true</executable>
         <run_address>0x5518</run_address>
         <size>0x44</size>
         <alignment>0x2</alignment>
         <input_file_ref idref="fl-5"/>
      </object_component>
      <object_component id="oc-1e4">
         <name>.text.mspm0_i2c_disable</name>
         <load_address>0x555c</load_address>
         <readonly>true</readonly>
         <executable>true</executable>
         <run_address>0x555c</run_address>
         <size>0x44</size>
         <alignment>0x4</alignment>
         <input_file_ref idref="fl-7"/>
      </object_component>
      <object_component id="oc-d8">
         <name>.text.OLED_Printf</name>
         <load_address>0x55a0</load_address>
         <readonly>true</readonly>
         <executable>true</executable>
         <run_address>0x55a0</run_address>
         <size>0x40</size>
         <alignment>0x2</alignment>
         <input_file_ref idref="fl-a"/>
      </object_component>
      <object_component id="oc-141">
         <name>.text.SYSCFG_DL_UART_0_init</name>
         <load_address>0x55e0</load_address>
         <readonly>true</readonly>
         <executable>true</executable>
         <run_address>0x55e0</run_address>
         <size>0x40</size>
         <alignment>0x4</alignment>
         <input_file_ref idref="fl-2"/>
      </object_component>
      <object_component id="oc-183">
         <name>.text.__aeabi_uidivmod</name>
         <load_address>0x5620</load_address>
         <readonly>true</readonly>
         <executable>true</executable>
         <run_address>0x5620</run_address>
         <size>0x40</size>
         <alignment>0x4</alignment>
         <input_file_ref idref="fl-123"/>
      </object_component>
      <object_component id="oc-9a">
         <name>.text.__extendsfdf2</name>
         <load_address>0x5660</load_address>
         <readonly>true</readonly>
         <executable>true</executable>
         <run_address>0x5660</run_address>
         <size>0x40</size>
         <alignment>0x4</alignment>
         <input_file_ref idref="fl-113"/>
      </object_component>
      <object_component id="oc-272">
         <name>.text.atoi</name>
         <load_address>0x56a0</load_address>
         <readonly>true</readonly>
         <executable>true</executable>
         <run_address>0x56a0</run_address>
         <size>0x40</size>
         <alignment>0x4</alignment>
         <input_file_ref idref="fl-57"/>
      </object_component>
      <object_component id="oc-155">
         <name>.text.inv_orientation_matrix_to_scalar</name>
         <load_address>0x56e0</load_address>
         <readonly>true</readonly>
         <executable>true</executable>
         <run_address>0x56e0</run_address>
         <size>0x3e</size>
         <alignment>0x2</alignment>
         <input_file_ref idref="fl-6"/>
      </object_component>
      <object_component id="oc-23b">
         <name>.text.DL_GPIO_initPeripheralInputFunctionFeatures</name>
         <load_address>0x5720</load_address>
         <readonly>true</readonly>
         <executable>true</executable>
         <run_address>0x5720</run_address>
         <size>0x3c</size>
         <alignment>0x4</alignment>
         <input_file_ref idref="fl-7"/>
      </object_component>
      <object_component id="oc-1af">
         <name>.text.DL_GPIO_initPeripheralInputFunctionFeatures</name>
         <load_address>0x575c</load_address>
         <readonly>true</readonly>
         <executable>true</executable>
         <run_address>0x575c</run_address>
         <size>0x3c</size>
         <alignment>0x4</alignment>
         <input_file_ref idref="fl-2"/>
      </object_component>
      <object_component id="oc-21f">
         <name>.text.DL_I2C_flushControllerTXFIFO</name>
         <load_address>0x5798</load_address>
         <readonly>true</readonly>
         <executable>true</executable>
         <run_address>0x5798</run_address>
         <size>0x3c</size>
         <alignment>0x4</alignment>
         <input_file_ref idref="fl-1c"/>
      </object_component>
      <object_component id="oc-8a">
         <name>.text.__floatsisf</name>
         <load_address>0x57d4</load_address>
         <readonly>true</readonly>
         <executable>true</executable>
         <run_address>0x57d4</run_address>
         <size>0x3c</size>
         <alignment>0x4</alignment>
         <input_file_ref idref="fl-118"/>
      </object_component>
      <object_component id="oc-e9">
         <name>.text:__TI_auto_init_nobinit_nopinit</name>
         <load_address>0x5810</load_address>
         <readonly>true</readonly>
         <executable>true</executable>
         <run_address>0x5810</run_address>
         <size>0x3c</size>
         <alignment>0x4</alignment>
         <input_file_ref idref="fl-43"/>
      </object_component>
      <object_component id="oc-108">
         <name>.text.__muldsi3</name>
         <load_address>0x584c</load_address>
         <readonly>true</readonly>
         <executable>true</executable>
         <run_address>0x584c</run_address>
         <size>0x3a</size>
         <alignment>0x4</alignment>
         <input_file_ref idref="fl-10f"/>
      </object_component>
      <object_component id="oc-16c">
         <name>.text.Serial_SendString</name>
         <load_address>0x5886</load_address>
         <readonly>true</readonly>
         <executable>true</executable>
         <run_address>0x5886</run_address>
         <size>0x38</size>
         <alignment>0x2</alignment>
         <input_file_ref idref="fl-c"/>
      </object_component>
      <object_component id="oc-247">
         <name>.text.__fixsfsi</name>
         <load_address>0x58c0</load_address>
         <readonly>true</readonly>
         <executable>true</executable>
         <run_address>0x58c0</run_address>
         <size>0x38</size>
         <alignment>0x4</alignment>
         <input_file_ref idref="fl-115"/>
      </object_component>
      <object_component id="oc-170">
         <name>.text.OLED_SetCursor</name>
         <load_address>0x58f8</load_address>
         <readonly>true</readonly>
         <executable>true</executable>
         <run_address>0x58f8</run_address>
         <size>0x36</size>
         <alignment>0x2</alignment>
         <input_file_ref idref="fl-a"/>
      </object_component>
      <object_component id="oc-239">
         <name>.text.DL_GPIO_initDigitalInputFeatures</name>
         <load_address>0x5930</load_address>
         <readonly>true</readonly>
         <executable>true</executable>
         <run_address>0x5930</run_address>
         <size>0x34</size>
         <alignment>0x4</alignment>
         <input_file_ref idref="fl-7"/>
      </object_component>
      <object_component id="oc-1b3">
         <name>.text.DL_GPIO_initDigitalInputFeatures</name>
         <load_address>0x5964</load_address>
         <readonly>true</readonly>
         <executable>true</executable>
         <run_address>0x5964</run_address>
         <size>0x34</size>
         <alignment>0x4</alignment>
         <input_file_ref idref="fl-2"/>
      </object_component>
      <object_component id="oc-201">
         <name>.text.OLED_W_SCL</name>
         <load_address>0x5998</load_address>
         <readonly>true</readonly>
         <executable>true</executable>
         <run_address>0x5998</run_address>
         <size>0x34</size>
         <alignment>0x4</alignment>
         <input_file_ref idref="fl-a"/>
      </object_component>
      <object_component id="oc-202">
         <name>.text.OLED_W_SDA</name>
         <load_address>0x59cc</load_address>
         <readonly>true</readonly>
         <executable>true</executable>
         <run_address>0x59cc</run_address>
         <size>0x34</size>
         <alignment>0x4</alignment>
         <input_file_ref idref="fl-a"/>
      </object_component>
      <object_component id="oc-151">
         <name>.text.mpu_get_sample_rate</name>
         <load_address>0x5a00</load_address>
         <readonly>true</readonly>
         <executable>true</executable>
         <run_address>0x5a00</run_address>
         <size>0x34</size>
         <alignment>0x4</alignment>
         <input_file_ref idref="fl-4"/>
      </object_component>
      <object_component id="oc-1fd">
         <name>.text.dmp_set_shake_reject_time</name>
         <load_address>0x5a34</load_address>
         <readonly>true</readonly>
         <executable>true</executable>
         <run_address>0x5a34</run_address>
         <size>0x32</size>
         <alignment>0x2</alignment>
         <input_file_ref idref="fl-5"/>
      </object_component>
      <object_component id="oc-1fe">
         <name>.text.dmp_set_shake_reject_timeout</name>
         <load_address>0x5a66</load_address>
         <readonly>true</readonly>
         <executable>true</executable>
         <run_address>0x5a66</run_address>
         <size>0x32</size>
         <alignment>0x2</alignment>
         <input_file_ref idref="fl-5"/>
      </object_component>
      <object_component id="oc-d3">
         <name>.text.Serial_Printf</name>
         <load_address>0x5a98</load_address>
         <readonly>true</readonly>
         <executable>true</executable>
         <run_address>0x5a98</run_address>
         <size>0x30</size>
         <alignment>0x2</alignment>
         <input_file_ref idref="fl-c"/>
      </object_component>
      <object_component id="oc-2b2">
         <name>.text._fcpy</name>
         <load_address>0x5ac8</load_address>
         <readonly>true</readonly>
         <executable>true</executable>
         <run_address>0x5ac8</run_address>
         <size>0x30</size>
         <alignment>0x2</alignment>
         <input_file_ref idref="fl-49"/>
      </object_component>
      <object_component id="oc-1fa">
         <name>.text.dmp_set_tap_time</name>
         <load_address>0x5af8</load_address>
         <readonly>true</readonly>
         <executable>true</executable>
         <run_address>0x5af8</run_address>
         <size>0x30</size>
         <alignment>0x2</alignment>
         <input_file_ref idref="fl-5"/>
      </object_component>
      <object_component id="oc-1fb">
         <name>.text.dmp_set_tap_time_multi</name>
         <load_address>0x5b28</load_address>
         <readonly>true</readonly>
         <executable>true</executable>
         <run_address>0x5b28</run_address>
         <size>0x30</size>
         <alignment>0x2</alignment>
         <input_file_ref idref="fl-5"/>
      </object_component>
      <object_component id="oc-18b">
         <name>.text.mspm0_delay_ms</name>
         <load_address>0x5b58</load_address>
         <readonly>true</readonly>
         <executable>true</executable>
         <run_address>0x5b58</run_address>
         <size>0x30</size>
         <alignment>0x4</alignment>
         <input_file_ref idref="fl-8"/>
      </object_component>
      <object_component id="oc-20b">
         <name>.text.Serial_SendByte</name>
         <load_address>0x5b88</load_address>
         <readonly>true</readonly>
         <executable>true</executable>
         <run_address>0x5b88</run_address>
         <size>0x2c</size>
         <alignment>0x4</alignment>
         <input_file_ref idref="fl-c"/>
      </object_component>
      <object_component id="oc-15c">
         <name>.text.__NVIC_EnableIRQ</name>
         <load_address>0x5bb4</load_address>
         <readonly>true</readonly>
         <executable>true</executable>
         <run_address>0x5bb4</run_address>
         <size>0x2c</size>
         <alignment>0x4</alignment>
         <input_file_ref idref="fl-6"/>
      </object_component>
      <object_component id="oc-2ab">
         <name>.text.__floatsidf</name>
         <load_address>0x5be0</load_address>
         <readonly>true</readonly>
         <executable>true</executable>
         <run_address>0x5be0</run_address>
         <size>0x2c</size>
         <alignment>0x4</alignment>
         <input_file_ref idref="fl-117"/>
      </object_component>
      <object_component id="oc-102">
         <name>.text.mspm0_get_clock_ms</name>
         <load_address>0x5c0c</load_address>
         <readonly>true</readonly>
         <executable>true</executable>
         <run_address>0x5c0c</run_address>
         <size>0x2c</size>
         <alignment>0x4</alignment>
         <input_file_ref idref="fl-8"/>
      </object_component>
      <object_component id="oc-166">
         <name>.text.vsprintf</name>
         <load_address>0x5c38</load_address>
         <readonly>true</readonly>
         <executable>true</executable>
         <run_address>0x5c38</run_address>
         <size>0x2c</size>
         <alignment>0x4</alignment>
         <input_file_ref idref="fl-35"/>
      </object_component>
      <object_component id="oc-162">
         <name>.text.OLED_WriteCommand</name>
         <load_address>0x5c64</load_address>
         <readonly>true</readonly>
         <executable>true</executable>
         <run_address>0x5c64</run_address>
         <size>0x2a</size>
         <alignment>0x2</alignment>
         <input_file_ref idref="fl-a"/>
      </object_component>
      <object_component id="oc-25f">
         <name>.text.DL_Common_updateReg</name>
         <load_address>0x5c8e</load_address>
         <readonly>true</readonly>
         <executable>true</executable>
         <run_address>0x5c8e</run_address>
         <size>0x28</size>
         <alignment>0x2</alignment>
         <input_file_ref idref="fl-7"/>
      </object_component>
      <object_component id="oc-230">
         <name>.text.DL_Common_updateReg</name>
         <load_address>0x5cb6</load_address>
         <readonly>true</readonly>
         <executable>true</executable>
         <run_address>0x5cb6</run_address>
         <size>0x28</size>
         <alignment>0x2</alignment>
         <input_file_ref idref="fl-2"/>
      </object_component>
      <object_component id="oc-1d4">
         <name>.text.DL_I2C_setControllerRXFIFOThreshold</name>
         <load_address>0x5ce0</load_address>
         <readonly>true</readonly>
         <executable>true</executable>
         <run_address>0x5ce0</run_address>
[...]
         <object_component_ref idref="oc-d8"/>
      </symbol>
      <symbol id="sm-2d5">
         <name>OLED_F8x16</name>
         <value>0x71a6</value>
         <object_component_ref idref="oc-25e"/>
      </symbol>
      <symbol id="sm-2d6">
         <name>OLED_F6x8</name>
         <value>0x7796</value>
         <object_component_ref idref="oc-25c"/>
      </symbol>
      <symbol id="sm-2eb">
         <name>Serial_SendByte</name>
         <value>0x5b89</value>
         <object_component_ref idref="oc-20b"/>
      </symbol>
      <symbol id="sm-2ec">
         <name>Serial_SendString</name>
         <value>0x5887</value>
         <object_component_ref idref="oc-16c"/>
      </symbol>
      <symbol id="sm-2ed">
         <name>Serial_Printf</name>
         <value>0x5a99</value>
         <object_component_ref idref="oc-d3"/>
      </symbol>
      <symbol id="sm-2ee">
         <name>__TI_ATRegion0_src_addr</name>
         <value>0x0</value>
      </symbol>
      <symbol id="sm-2ef">
         <name>__TI_ATRegion0_trg_addr</name>
         <value>0x0</value>
      </symbol>
      <symbol id="sm-2f0">
         <name>__TI_ATRegion0_region_sz</name>
         <value>0x0</value>
      </symbol>
      <symbol id="sm-2f1">
         <name>__TI_ATRegion1_src_addr</name>
         <value>0x0</value>
      </symbol>
      <symbol id="sm-2f2">
         <name>__TI_ATRegion1_trg_addr</name>
         <value>0x0</value>
      </symbol>
      <symbol id="sm-2f3">
         <name>__TI_ATRegion1_region_sz</name>
         <value>0x0</value>
      </symbol>
      <symbol id="sm-2f4">
         <name>__TI_ATRegion2_src_addr</name>
         <value>0x0</value>
      </symbol>
      <symbol id="sm-2f5">
         <name>__TI_ATRegion2_trg_addr</name>
         <value>0x0</value>
      </symbol>
      <symbol id="sm-2f6">
         <name>__TI_ATRegion2_region_sz</name>
         <value>0x0</value>
      </symbol>
      <symbol id="sm-2ff">
         <name>DL_Common_delayCycles</name>
         <value>0x64c5</value>
         <object_component_ref idref="oc-1ab"/>
      </symbol>
      <symbol id="sm-30e">
         <name>DL_I2C_setClockConfig</name>
         <value>0x5da7</value>
         <object_component_ref idref="oc-1c9"/>
      </symbol>
      <symbol id="sm-30f">
         <name>DL_I2C_fillControllerTXFIFO</name>
         <value>0x4d31</value>
         <object_component_ref idref="oc-229"/>
      </symbol>
      <symbol id="sm-310">
         <name>DL_I2C_flushControllerTXFIFO</name>
         <value>0x5799</value>
         <object_component_ref idref="oc-21f"/>
      </symbol>
      <symbol id="sm-31d">
         <name>DL_UART_init</name>
         <value>0x5329</value>
         <object_component_ref idref="oc-1de"/>
      </symbol>
      <symbol id="sm-31e">
         <name>DL_UART_setClockConfig</name>
         <value>0x6409</value>
         <object_component_ref idref="oc-1d8"/>
      </symbol>
      <symbol id="sm-32c">
         <name>DL_SYSCTL_configSYSPLL</name>
         <value>0x3859</value>
         <object_component_ref idref="oc-1bf"/>
      </symbol>
      <symbol id="sm-32d">
         <name>DL_SYSCTL_switchMCLKfromSYSOSCtoHSCLK</name>
         <value>0x5491</value>
         <object_component_ref idref="oc-1c6"/>
      </symbol>
      <symbol id="sm-33e">
         <name>vsprintf</name>
         <value>0x5c39</value>
         <object_component_ref idref="oc-166"/>
      </symbol>
      <symbol id="sm-358">
         <name>asin</name>
         <value>0xa91</value>
         <object_component_ref idref="oc-9e"/>
      </symbol>
      <symbol id="sm-359">
         <name>asinl</name>
         <value>0xa91</value>
         <object_component_ref idref="oc-9e"/>
      </symbol>
      <symbol id="sm-367">
         <name>atan2</name>
         <value>0x24c9</value>
         <object_component_ref idref="oc-ac"/>
      </symbol>
      <symbol id="sm-368">
         <name>atan2l</name>
         <value>0x24c9</value>
         <object_component_ref idref="oc-ac"/>
      </symbol>
      <symbol id="sm-372">
         <name>sqrt</name>
         <value>0x27c9</value>
         <object_component_ref idref="oc-11e"/>
      </symbol>
      <symbol id="sm-373">
         <name>sqrtl</name>
         <value>0x27c9</value>
         <object_component_ref idref="oc-11e"/>
      </symbol>
      <symbol id="sm-38a">
         <name>atan</name>
         <value>0xdf5</value>
         <object_component_ref idref="oc-12d"/>
      </symbol>
      <symbol id="sm-38b">
         <name>atanl</name>
         <value>0xdf5</value>
         <object_component_ref idref="oc-12d"/>
      </symbol>
      <symbol id="sm-397">
         <name>__aeabi_errno_addr</name>
         <value>0x4989</value>
         <object_component_ref idref="oc-10f"/>
      </symbol>
      <symbol id="sm-398">
         <name>__aeabi_errno</name>
         <value>0x2020048c</value>
         <object_component_ref idref="oc-18d"/>
      </symbol>
      <symbol id="sm-3a3">
         <name>memcmp</name>
         <value>0x5e99</value>
         <object_component_ref idref="oc-23f"/>
      </symbol>
      <symbol id="sm-3af">
         <name>_c_int00_noargs</name>
         <value>0x5d59</value>
         <object_component_ref idref="oc-55"/>
      </symbol>
      <symbol id="sm-3b0">
         <name>__stack</name>
         <value>0x20207e00</value>
         <object_component_ref idref="oc-1a"/>
      </symbol>
      <symbol id="sm-3bf">
         <name>__TI_auto_init_nobinit_nopinit</name>
         <value>0x5811</value>
         <object_component_ref idref="oc-e9"/>
      </symbol>
      <symbol id="sm-3c7">
         <name>_system_pre_init</name>
         <value>0x65a5</value>
         <object_component_ref idref="oc-6f"/>
      </symbol>
      <symbol id="sm-3d2">
         <name>__TI_zero_init</name>
         <value>0x6471</value>
         <object_component_ref idref="oc-52"/>
      </symbol>
      <symbol id="sm-3db">
         <name>__TI_decompress_none</name>
         <value>0x642d</value>
         <object_component_ref idref="oc-20"/>
      </symbol>
      <symbol id="sm-3e6">
         <name>__TI_decompress_lzss</name>
         <value>0x4899</value>
         <object_component_ref idref="oc-1c"/>
      </symbol>
      <symbol id="sm-42f">
         <name>__TI_printfi</name>
         <value>0xc1</value>
         <object_component_ref idref="oc-258"/>
      </symbol>
      <symbol id="sm-43f">
         <name>frexp</name>
         <value>0x4d91</value>
         <object_component_ref idref="oc-29b"/>
      </symbol>
      <symbol id="sm-440">
         <name>frexpl</name>
         <value>0x4d91</value>
         <object_component_ref idref="oc-29b"/>
      </symbol>
      <symbol id="sm-44a">
         <name>scalbn</name>
         <value>0x3935</value>
         <object_component_ref idref="oc-29f"/>
      </symbol>
      <symbol id="sm-44b">
         <name>ldexp</name>
         <value>0x3935</value>
         <object_component_ref idref="oc-29f"/>
      </symbol>
      <symbol id="sm-44c">
         <name>scalbnl</name>
         <value>0x3935</value>
         <object_component_ref idref="oc-29f"/>
      </symbol>
      <symbol id="sm-44d">
         <name>ldexpl</name>
         <value>0x3935</value>
         <object_component_ref idref="oc-29f"/>
      </symbol>
      <symbol id="sm-456">
         <name>wcslen</name>
         <value>0x6461</value>
         <object_component_ref idref="oc-276"/>
      </symbol>
      <symbol id="sm-460">
         <name>abort</name>
         <value>0x657f</value>
         <object_component_ref idref="oc-e2"/>
      </symbol>
      <symbol id="sm-46a">
         <name>__TI_ltoa</name>
         <value>0x4fa9</value>
         <object_component_ref idref="oc-2a7"/>
      </symbol>
      <symbol id="sm-475">
         <name>atoi</name>
         <value>0x56a1</value>
         <object_component_ref idref="oc-272"/>
      </symbol>
      <symbol id="sm-47e">
         <name>memccpy</name>
         <value>0x5e15</value>
         <object_component_ref idref="oc-26b"/>
      </symbol>
      <symbol id="sm-481">
         <name>__aeabi_ctype_table_</name>
         <value>0x79d0</value>
         <object_component_ref idref="oc-28e"/>
      </symbol>
      <symbol id="sm-482">
         <name>__aeabi_ctype_table_C</name>
         <value>0x79d0</value>
         <object_component_ref idref="oc-28e"/>
      </symbol>
      <symbol id="sm-48b">
         <name>HOSTexit</name>
         <value>0x6589</value>
         <object_component_ref idref="oc-172"/>
      </symbol>
      <symbol id="sm-48c">
         <name>C$$EXIT</name>
         <value>0x6588</value>
         <object_component_ref idref="oc-172"/>
      </symbol>
      <symbol id="sm-4a1">
         <name>__aeabi_fadd</name>
         <value>0x3a17</value>
         <object_component_ref idref="oc-96"/>
      </symbol>
      <symbol id="sm-4a2">
         <name>__addsf3</name>
         <value>0x3a17</value>
         <object_component_ref idref="oc-96"/>
      </symbol>
      <symbol id="sm-4a3">
         <name>__aeabi_fsub</name>
         <value>0x3a0d</value>
         <object_component_ref idref="oc-96"/>
      </symbol>
      <symbol id="sm-4a4">
         <name>__subsf3</name>
         <value>0x3a0d</value>
         <object_component_ref idref="oc-96"/>
      </symbol>
      <symbol id="sm-4aa">
         <name>__aeabi_dadd</name>
         <value>0x233f</value>
         <object_component_ref idref="oc-114"/>
      </symbol>
      <symbol id="sm-4ab">
         <name>__adddf3</name>
         <value>0x233f</value>
         <object_component_ref idref="oc-114"/>
      </symbol>
      <symbol id="sm-4ac">
         <name>__aeabi_dsub</name>
         <value>0x2335</value>
         <object_component_ref idref="oc-114"/>
      </symbol>
      <symbol id="sm-4ad">
         <name>__subdf3</name>
         <value>0x2335</value>
         <object_component_ref idref="oc-114"/>
      </symbol>
      <symbol id="sm-4b9">
         <name>__aeabi_dmul</name>
         <value>0x3691</value>
         <object_component_ref idref="oc-a4"/>
      </symbol>
      <symbol id="sm-4ba">
         <name>__muldf3</name>
         <value>0x3691</value>
         <object_component_ref idref="oc-a4"/>
      </symbol>
      <symbol id="sm-4c3">
         <name>__muldsi3</name>
         <value>0x584d</value>
         <object_component_ref idref="oc-108"/>
      </symbol>
      <symbol id="sm-4c9">
         <name>__aeabi_fmul</name>
         <value>0x4575</value>
         <object_component_ref idref="oc-92"/>
      </symbol>
      <symbol id="sm-4ca">
         <name>__mulsf3</name>
         <value>0x4575</value>
         <object_component_ref idref="oc-92"/>
      </symbol>
      <symbol id="sm-4d0">
         <name>__aeabi_fdiv</name>
         <value>0x4795</value>
         <object_component_ref idref="oc-8e"/>
      </symbol>
      <symbol id="sm-4d1">
         <name>__divsf3</name>
         <value>0x4795</value>
         <object_component_ref idref="oc-8e"/>
      </symbol>
      <symbol id="sm-4d7">
         <name>__aeabi_ddiv</name>
         <value>0x318d</value>
         <object_component_ref idref="oc-125"/>
      </symbol>
      <symbol id="sm-4d8">
         <name>__divdf3</name>
         <value>0x318d</value>
         <object_component_ref idref="oc-125"/>
      </symbol>
      <symbol id="sm-4e1">
         <name>__aeabi_f2d</name>
         <value>0x5661</value>
         <object_component_ref idref="oc-9a"/>
      </symbol>
      <symbol id="sm-4e2">
         <name>__extendsfdf2</name>
         <value>0x5661</value>
         <object_component_ref idref="oc-9a"/>
      </symbol>
      <symbol id="sm-4e8">
         <name>__aeabi_d2iz</name>
         <value>0x52dd</value>
         <object_component_ref idref="oc-2a3"/>
      </symbol>
      <symbol id="sm-4e9">
         <name>__fixdfsi</name>
         <value>0x52dd</value>
         <object_component_ref idref="oc-2a3"/>
      </symbol>
      <symbol id="sm-4ef">
         <name>__aeabi_f2iz</name>
         <value>0x58c1</value>
         <object_component_ref idref="oc-247"/>
      </symbol>
      <symbol id="sm-4f0">
         <name>__fixsfsi</name>
         <value>0x58c1</value>
         <object_component_ref idref="oc-247"/>
      </symbol>
      <symbol id="sm-4f6">
         <name>__aeabi_i2d</name>
         <value>0x5be1</value>
         <object_component_ref idref="oc-2ab"/>
      </symbol>
      <symbol id="sm-4f7">
         <name>__floatsidf</name>
         <value>0x5be1</value>
         <object_component_ref idref="oc-2ab"/>
      </symbol>
      <symbol id="sm-4fd">
         <name>__aeabi_i2f</name>
         <value>0x57d5</value>
         <object_component_ref idref="oc-8a"/>
      </symbol>
      <symbol id="sm-4fe">
         <name>__floatsisf</name>
         <value>0x57d5</value>
         <object_component_ref idref="oc-8a"/>
      </symbol>
      <symbol id="sm-504">
         <name>__aeabi_ui2f</name>
         <value>0x5d31</value>
         <object_component_ref idref="oc-243"/>
      </symbol>
      <symbol id="sm-505">
         <name>__floatunsisf</name>
         <value>0x5d31</value>
         <object_component_ref idref="oc-243"/>
      </symbol>
      <symbol id="sm-50b">
         <name>__aeabi_lmul</name>
         <value>0x5df1</value>
         <object_component_ref idref="oc-27a"/>
      </symbol>
      <symbol id="sm-50c">
         <name>__muldi3</name>
         <value>0x5df1</value>
         <object_component_ref idref="oc-27a"/>
      </symbol>
      <symbol id="sm-513">
         <name>__aeabi_d2f</name>
         <value>0x4991</value>
         <object_component_ref idref="oc-a8"/>
      </symbol>
      <symbol id="sm-514">
         <name>__truncdfsf2</name>
         <value>0x4991</value>
         <object_component_ref idref="oc-a8"/>
      </symbol>
      <symbol id="sm-51a">
         <name>__aeabi_dcmpeq</name>
         <value>0x4bad</value>
         <object_component_ref idref="oc-118"/>
      </symbol>
      <symbol id="sm-51b">
         <name>__aeabi_dcmplt</name>
         <value>0x4bc1</value>
         <object_component_ref idref="oc-118"/>
      </symbol>
      <symbol id="sm-51c">
         <name>__aeabi_dcmple</name>
         <value>0x4bd5</value>
         <object_component_ref idref="oc-118"/>
      </symbol>
      <symbol id="sm-51d">
         <name>__aeabi_dcmpge</name>
         <value>0x4be9</value>
         <object_component_ref idref="oc-118"/>
      </symbol>
      <symbol id="sm-51e">
         <name>__aeabi_dcmpgt</name>
         <value>0x4bfd</value>
         <object_component_ref idref="oc-118"/>
      </symbol>
      <symbol id="sm-524">
         <name>__aeabi_idiv</name>
         <value>0x5059</value>
         <object_component_ref idref="oc-24b"/>
      </symbol>
      <symbol id="sm-525">
         <name>__aeabi_idivmod</name>
         <value>0x5059</value>
         <object_component_ref idref="oc-24b"/>
      </symbol>
      <symbol id="sm-52b">
         <name>__aeabi_memcpy</name>
         <value>0x6559</value>
         <object_component_ref idref="oc-45"/>
      </symbol>
      <symbol id="sm-52c">
         <name>__aeabi_memcpy4</name>
         <value>0x6559</value>
         <object_component_ref idref="oc-45"/>
      </symbol>
      <symbol id="sm-52d">
         <name>__aeabi_memcpy8</name>
         <value>0x6559</value>
         <object_component_ref idref="oc-45"/>
      </symbol>
      <symbol id="sm-536">
         <name>__aeabi_memset</name>
         <value>0x6481</value>
         <object_component_ref idref="oc-26a"/>
      </symbol>
      <symbol id="sm-537">
         <name>__aeabi_memset4</name>
         <value>0x6481</value>
         <object_component_ref idref="oc-26a"/>
      </symbol>
      <symbol id="sm-538">
         <name>__aeabi_memset8</name>
         <value>0x6481</value>
         <object_component_ref idref="oc-26a"/>
      </symbol>
      <symbol id="sm-539">
         <name>__aeabi_memclr</name>
         <value>0x64b9</value>
         <object_component_ref idref="oc-6a"/>
      </symbol>
      <symbol id="sm-53a">
         <name>__aeabi_memclr4</name>
         <value>0x64b9</value>
         <object_component_ref idref="oc-6a"/>
      </symbol>
      <symbol id="sm-53b">
         <name>__aeabi_memclr8</name>
         <value>0x64b9</value>
         <object_component_ref idref="oc-6a"/>
      </symbol>
      <symbol id="sm-541">
         <name>__aeabi_uidiv</name>
         <value>0x5621</value>
         <object_component_ref idref="oc-183"/>
      </symbol>
      <symbol id="sm-542">
         <name>__aeabi_uidivmod</name>
         <value>0x5621</value>
         <object_component_ref idref="oc-183"/>
      </symbol>
      <symbol id="sm-548">
         <name>__aeabi_uldivmod</name>
         <value>0x63b9</value>
         <object_component_ref idref="oc-27f"/>
      </symbol>
      <symbol id="sm-54e">
         <name>__udivmoddi4</name>
         <value>0x4269</value>
         <object_component_ref idref="oc-296"/>
      </symbol>
      <symbol id="sm-554">
         <name>__aeabi_llsl</name>
         <value>0x5ed9</value>
         <object_component_ref idref="oc-2b7"/>
      </symbol>
      <symbol id="sm-555">
         <name>__ashldi3</name>
         <value>0x5ed9</value>
         <object_component_ref idref="oc-2b7"/>
      </symbol>
      <symbol id="sm-563">
         <name>__ledf2</name>
         <value>0x4a79</value>
         <object_component_ref idref="oc-192"/>
      </symbol>
      <symbol id="sm-564">
         <name>__gedf2</name>
         <value>0x4915</value>
         <object_component_ref idref="oc-198"/>
      </symbol>
      <symbol id="sm-565">
         <name>__cmpdf2</name>
         <value>0x4a79</value>
         <object_component_ref idref="oc-192"/>
      </symbol>
      <symbol id="sm-566">
         <name>__eqdf2</name>
         <value>0x4a79</value>
         <object_component_ref idref="oc-192"/>
      </symbol>
      <symbol id="sm-567">
         <name>__ltdf2</name>
         <value>0x4a79</value>
         <object_component_ref idref="oc-192"/>
      </symbol>
      <symbol id="sm-568">
         <name>__nedf2</name>
         <value>0x4a79</value>
         <object_component_ref idref="oc-192"/>
      </symbol>
      <symbol id="sm-569">
         <name>__gtdf2</name>
         <value>0x4915</value>
         <object_component_ref idref="oc-198"/>
      </symbol>
      <symbol id="sm-576">
         <name>__aeabi_idiv0</name>
         <value>0x24c7</value>
         <object_component_ref idref="oc-220"/>
      </symbol>
      <symbol id="sm-577">
         <name>__aeabi_ldiv0</name>
         <value>0x430b</value>
         <object_component_ref idref="oc-2b6"/>
      </symbol>
      <symbol id="sm-581">
         <name>TI_memcpy_small</name>
         <value>0x641b</value>
         <object_component_ref idref="oc-bb"/>
      </symbol>
      <symbol id="sm-58a">
         <name>TI_memset_small</name>
         <value>0x64ab</value>
         <object_component_ref idref="oc-137"/>
      </symbol>
      <symbol id="sm-58b">
         <name>__TI_static_base__</name>
         <value>0x0</value>
      </symbol>
      <symbol id="sm-58f">
         <name>__mpu_init</name>
         <value>0x0</value>
      </symbol>
      <symbol id="sm-590">
         <name>_system_post_cinit</name>
         <value>0x0</value>
      </symbol>
   </symbol_table>
   <title>Link successful</title>
</link_info>
