******************************************************************************
            TI ARM Clang Linker PC v4.0.3                      
******************************************************************************
>> Linked Mon Jul  7 12:07:06 2025

OUTPUT FILE NAME:   <6_uart.out>
ENTRY POINT SYMBOL: "_c_int00_noargs"  address: 00005d59


MEMORY CONFIGURATION

         name            origin    length      used     unused   attr    fill
----------------------  --------  ---------  --------  --------  ----  --------
  FLASH                 00000000   00020000  00007c60  000183a0  R  X
  SRAM                  20200000   00008000  0000068f  00007971  RW X
  BCR_CONFIG            41c00000   000000ff  00000000  000000ff  R   
  BSL_CONFIG            41c00100   00000080  00000000  00000080  R   


SEGMENT ALLOCATION MAP

run origin  load origin   length   init length attrs members
----------  ----------- ---------- ----------- ----- -------
00000000    00000000    00007c60   00007c60    r-x
  00000000    00000000    000000c0   000000c0    r-- .intvecs
  000000c0    000000c0    000064f0   000064f0    r-x .text
  000065b0    000065b0    00001670   00001670    r-- .rodata
  00007c20    00007c20    00000040   00000040    r-- .cinit
20200000    20200000    00000490   00000000    rw-
  20200000    20200000    00000437   00000000    rw- .bss
  20200438    20200438    00000058   00000000    rw- .data
20207e00    20207e00    00000200   00000000    rw-
  20207e00    20207e00    00000200   00000000    rw- .stack


SECTION ALLOCATION MAP

 output                                  attributes/
section   page    origin      length       input sections
--------  ----  ----------  ----------   ----------------
.intvecs   0    00000000    000000c0     
                  00000000    000000c0     startup_mspm0g350x_ticlang.o (.intvecs)

.text      0    000000c0    000064f0     
                  000000c0    000009d0     libc.a : _printfi.c.obj (.text:__TI_printfi)
                  00000a90    00000364            : e_asin.c.obj (.text.asin)
                  00000df4    000002f8            : s_atan.c.obj (.text.atan)
                  000010ec    00000278     inv_mpu_dmp_motion_driver.o (.text.dmp_enable_feature)
                  00001364    00000238     inv_mpu_dmp_motion_driver.o (.text.dmp_set_tap_thresh)
                  0000159c    0000022c     mpu6050.o (.text.Read_Quad)
                  000017c8    0000022c     inv_mpu.o (.text.mpu_reset_fifo)
                  000019f4    00000220     libc.a : _printfi.c.obj (.text._pconv_a)
                  00001c14    000001f4     inv_mpu_dmp_motion_driver.o (.text.dmp_read_fifo)
                  00001e08    000001dc     libc.a : _printfi.c.obj (.text._pconv_g)
                  00001fe4    000001b0     OLED.o (.text.OLED_ShowImage)
                  00002194    000001a0     inv_mpu.o (.text.mpu_set_bypass)
                  00002334    00000192     libclang_rt.builtins.a : adddf3.S.obj (.text.adddf3_subdf3)
                  000024c6    00000002                            : aeabi_div0.c.obj (.text.__aeabi_idiv0)
                  000024c8    00000188     libc.a : e_atan2.c.obj (.text.atan2)
                  00002650    00000178     inv_mpu_dmp_motion_driver.o (.text.dmp_set_orientation)
                  000027c8    00000170     libc.a : e_sqrt.c.obj (.text.sqrt)
                  00002938    00000148     mpu6050.o (.text.MPU6050_Init)
                  00002a80    0000013c     libc.a : _printfi.c.obj (.text.fcvt)
                  00002bbc    00000134     mspm0_i2c.o (.text.mspm0_i2c_read)
                  00002cf0    00000130     inv_mpu.o (.text.mpu_set_sensors)
                  00002e20    00000128     inv_mpu.o (.text.mpu_init)
                  00002f48    00000124     inv_mpu.o (.text.mpu_load_firmware)
                  0000306c    00000120     libc.a : _printfi.c.obj (.text._pconv_e)
                  0000318c    0000010c     libclang_rt.builtins.a : divdf3.S.obj (.text.__divdf3)
                  00003298    00000108     inv_mpu.o (.text.mpu_read_fifo_stream)
                  000033a0    00000100     main.o (.text.main)
                  000034a0    00000100     inv_mpu.o (.text.mpu_lp_accel_mode)
                  000035a0    000000ec     inv_mpu.o (.text.mpu_set_sample_rate)
                  0000368c    000000e4     libclang_rt.builtins.a : muldf3.S.obj (.text.__muldf3)
                  00003770    000000e4     inv_mpu.o (.text.mpu_set_accel_fsr)
                  00003854    000000dc     driverlib.a : dl_sysctl_mspm0g1x0x_g3x0x.o (.text.DL_SYSCTL_configSYSPLL)
                  00003930    000000d8     libc.a : s_scalbn.c.obj (.text.scalbn)
                  00003a08    000000d8     libclang_rt.builtins.a : addsf3.S.obj (.text)
                  00003ae0    000000d4     inv_mpu.o (.text.set_int_enable)
                  00003bb4    000000d0     inv_mpu.o (.text.mpu_set_lpf)
                  00003c84    000000cc     OLED.o (.text.OLED_ClearArea)
                  00003d50    000000c4     inv_mpu.o (.text.mpu_set_gyro_fsr)
                  00003e14    000000c4     mspm0_i2c.o (.text.mspm0_i2c_write)
                  00003ed8    000000c0     ti_msp_dl_config.o (.text.SYSCFG_DL_GPIO_init)
                  00003f98    000000bc     inv_mpu.o (.text.mpu_configure_fifo)
                  00004054    000000b8     inv_mpu.o (.text.mpu_set_dmp_state)
                  0000410c    000000ac     inv_mpu.o (.text.mpu_read_mem)
                  000041b8    000000ac     inv_mpu.o (.text.mpu_write_mem)
                  00004264    000000a2     libclang_rt.builtins.a : udivmoddi4.S.obj (.text)
                  00004306    00000002                            : aeabi_div0.c.obj (.text.__aeabi_ldiv0)
                  00004308    0000009c     inv_mpu.o (.text.mpu_set_int_latched)
                  000043a4    0000009a     OLED.o (.text.OLED_Init)
                  0000443e    00000002     --HOLE-- [fill = 0]
                  00004440    00000098     inv_mpu_dmp_motion_driver.o (.text.dmp_set_fifo_rate)
                  000044d8    00000096     mpu6050.o (.text.inv_row_2_scale)
                  0000456e    00000002     --HOLE-- [fill = 0]
                  00004570    0000008c     libclang_rt.builtins.a : mulsf3.S.obj (.text.__mulsf3)
                  000045fc    0000008c     inv_mpu_dmp_motion_driver.o (.text.decode_gesture)
                  00004688    00000084     clock.o (.text.__NVIC_SetPriority)
                  0000470c    00000084     ti_msp_dl_config.o (.text.__NVIC_SetPriority)
                  00004790    00000082     libclang_rt.builtins.a : divsf3.S.obj (.text.__divsf3)
                  00004812    00000002     --HOLE-- [fill = 0]
                  00004814    00000080     OLED.o (.text.OLED_ShowChar)
                  00004894    0000007c     libc.a : copy_decompress_lzss.c.obj (.text:decompress:lzss)
                  00004910    00000074     libclang_rt.builtins.a : comparedf2.c.obj (.text.__gedf2)
                  00004984    0000000c                            : aeabi_memset.S.obj (.text.__aeabi_memclr)
                  00004990    00000074                            : truncdfsf2.S.obj (.text.__truncdfsf2)
                  00004a04    00000074     inv_mpu.o (.text.mpu_get_accel_fsr)
                  00004a78    00000068     libclang_rt.builtins.a : comparedf2.c.obj (.text.__ledf2)
                  00004ae0    00000066     libc.a : _printfi.c.obj (.text._mcpy)
                  00004b46    00000066     inv_mpu_dmp_motion_driver.o (.text.dmp_set_tap_axes)
                  00004bac    00000062     libclang_rt.builtins.a : aeabi_dcmp.S.obj (.text.__aeabi_dcmp)
                  00004c0e    00000002     --HOLE-- [fill = 0]
                  00004c10    00000060     inv_mpu_dmp_motion_driver.o (.text.dmp_enable_gyro_cal)
                  00004c70    00000060     mspm0_i2c.o (.text.mpu6050_i2c_sda_unlock)
                  00004cd0    00000060     inv_mpu.o (.text.mpu_get_gyro_fsr)
                  00004d30    0000005e     driverlib.a : dl_i2c.o (.text.DL_I2C_fillControllerTXFIFO)
                  00004d8e    00000002     --HOLE-- [fill = 0]
                  00004d90    0000005c     libc.a : s_frexp.c.obj (.text.frexp)
                  00004dec    0000005c     mspm0_i2c.o (.text.mspm0_i2c_enable)
                  00004e48    00000058     OLED.o (.text.OLED_Clear)
                  00004ea0    00000058     OLED.o (.text.OLED_ShowString)
                  00004ef8    00000058     ti_msp_dl_config.o (.text.SYSCFG_DL_I2C_MPU6050_init)
                  00004f50    00000058     ti_msp_dl_config.o (.text.SYSCFG_DL_initPower)
                  00004fa8    00000058     libc.a : _ltoa.c.obj (.text.__TI_ltoa)
                  00005000    00000058            : _printfi.c.obj (.text._pconv_f)
                  00005058    00000056     libclang_rt.builtins.a : aeabi_idivmod.S.obj (.text.__aeabi_idivmod)
                  000050ae    00000054     OLED.o (.text.OLED_I2C_SendByte)
                  00005102    00000052     libc.a : _printfi.c.obj (.text._ecpy)
                  00005154    00000050     mspm0_i2c.o (.text.DL_I2C_startControllerTransfer)
                  000051a4    00000050     OLED.o (.text.OLED_WriteData)
                  000051f4    00000050     clock.o (.text.SysTick_Config)
                  00005244    0000004c     ti_msp_dl_config.o (.text.DL_UART_setBaudRateDivisor)
                  00005290    0000004a     OLED.o (.text.OLED_GPIO_Init)
                  000052da    00000002     --HOLE-- [fill = 0]
                  000052dc    0000004a     libclang_rt.builtins.a : fixdfsi.S.obj (.text.__fixdfsi)
                  00005326    00000002     --HOLE-- [fill = 0]
                  00005328    00000048     driverlib.a : dl_uart.o (.text.DL_UART_init)
                  00005370    00000048     OLED.o (.text.OLED_Update)
                  000053b8    00000048     ti_msp_dl_config.o (.text.SYSCFG_DL_SYSCTL_init)
                  00005400    00000048     inv_mpu_dmp_motion_driver.o (.text.dmp_enable_6x_lp_quat)
                  00005448    00000048     inv_mpu_dmp_motion_driver.o (.text.dmp_enable_lp_quat)
                  00005490    00000044     driverlib.a : dl_sysctl_mspm0g1x0x_g3x0x.o (.text.DL_SYSCTL_switchMCLKfromSYSOSCtoHSCLK)
                  000054d4    00000044     inv_mpu_dmp_motion_driver.o (.text.dmp_set_shake_reject_thresh)
                  00005518    00000044     inv_mpu_dmp_motion_driver.o (.text.dmp_set_tap_count)
                  0000555c    00000044     mspm0_i2c.o (.text.mspm0_i2c_disable)
                  000055a0    00000040     OLED.o (.text.OLED_Printf)
                  000055e0    00000040     ti_msp_dl_config.o (.text.SYSCFG_DL_UART_0_init)
                  00005620    00000040     libclang_rt.builtins.a : aeabi_uidivmod.S.obj (.text.__aeabi_uidivmod)
                  00005660    00000040                            : extendsfdf2.S.obj (.text.__extendsfdf2)
                  000056a0    00000040     libc.a : atoi.c.obj (.text.atoi)
                  000056e0    0000003e     mpu6050.o (.text.inv_orientation_matrix_to_scalar)
                  0000571e    00000002     --HOLE-- [fill = 0]
                  00005720    0000003c     mspm0_i2c.o (.text.DL_GPIO_initPeripheralInputFunctionFeatures)
                  0000575c    0000003c     ti_msp_dl_config.o (.text.DL_GPIO_initPeripheralInputFunctionFeatures)
                  00005798    0000003c     driverlib.a : dl_i2c.o (.text.DL_I2C_flushControllerTXFIFO)
                  000057d4    0000003c     libclang_rt.builtins.a : floatsisf.S.obj (.text.__floatsisf)
                  00005810    0000003c     libc.a : autoinit.c.obj (.text:__TI_auto_init_nobinit_nopinit)
                  0000584c    0000003a     libclang_rt.builtins.a : muldsi3.S.obj (.text.__muldsi3)
                  00005886    00000038     Serial.o (.text.Serial_SendString)
                  000058be    00000002     --HOLE-- [fill = 0]
                  000058c0    00000038     libclang_rt.builtins.a : fixsfsi.S.obj (.text.__fixsfsi)
                  000058f8    00000036     OLED.o (.text.OLED_SetCursor)
                  0000592e    00000002     --HOLE-- [fill = 0]
                  00005930    00000034     mspm0_i2c.o (.text.DL_GPIO_initDigitalInputFeatures)
                  00005964    00000034     ti_msp_dl_config.o (.text.DL_GPIO_initDigitalInputFeatures)
                  00005998    00000034     OLED.o (.text.OLED_W_SCL)
                  000059cc    00000034     OLED.o (.text.OLED_W_SDA)
                  00005a00    00000034     inv_mpu.o (.text.mpu_get_sample_rate)
                  00005a34    00000032     inv_mpu_dmp_motion_driver.o (.text.dmp_set_shake_reject_time)
                  00005a66    00000032     inv_mpu_dmp_motion_driver.o (.text.dmp_set_shake_reject_timeout)
                  00005a98    00000030     Serial.o (.text.Serial_Printf)
                  00005ac8    00000030     libc.a : _printfi.c.obj (.text._fcpy)
                  00005af8    00000030     inv_mpu_dmp_motion_driver.o (.text.dmp_set_tap_time)
                  00005b28    00000030     inv_mpu_dmp_motion_driver.o (.text.dmp_set_tap_time_multi)
                  00005b58    00000030     clock.o (.text.mspm0_delay_ms)
                  00005b88    0000002c     Serial.o (.text.Serial_SendByte)
                  00005bb4    0000002c     mpu6050.o (.text.__NVIC_EnableIRQ)
                  00005be0    0000002c     libclang_rt.builtins.a : floatsidf.S.obj (.text.__floatsidf)
                  00005c0c    0000002c     clock.o (.text.mspm0_get_clock_ms)
                  00005c38    0000002c     libc.a : vsprintf.c.obj (.text.vsprintf)
                  00005c64    0000002a     OLED.o (.text.OLED_WriteCommand)
                  00005c8e    00000028     mspm0_i2c.o (.text.DL_Common_updateReg)
                  00005cb6    00000028     ti_msp_dl_config.o (.text.DL_Common_updateReg)
                  00005cde    00000002     --HOLE-- [fill = 0]
                  00005ce0    00000028     ti_msp_dl_config.o (.text.DL_I2C_setControllerRXFIFOThreshold)
                  00005d08    00000028     ti_msp_dl_config.o (.text.DL_I2C_setControllerTXFIFOThreshold)
                  00005d30    00000028     libclang_rt.builtins.a : floatunsisf.S.obj (.text.__floatunsisf)
                  00005d58    00000028     libc.a : boot_cortex_m.c.obj (.text:_c_int00_noargs)
                  00005d80    00000026     ti_msp_dl_config.o (.text.DL_I2C_setAnalogGlitchFilterPulseWidth)
                  00005da6    00000026     driverlib.a : dl_i2c.o (.text.DL_I2C_setClockConfig)
                  00005dcc    00000024     OLED.o (.text.OLED_I2C_Start)
                  00005df0    00000024     libclang_rt.builtins.a : muldi3.S.obj (.text.__muldi3)
                  00005e14    00000022     libc.a : memccpy.c.obj (.text.memccpy)
                  00005e36    00000002     --HOLE-- [fill = 0]
                  00005e38    00000020     ti_msp_dl_config.o (.text.DL_GPIO_initPeripheralInputFunction)
                  00005e58    00000020     mpu6050.o (.text.DL_SYSCTL_resetDevice)
                  00005e78    00000020     ti_msp_dl_config.o (.text.DL_SYSCTL_setFlashWaitState)
                  00005e98    00000020     libc.a : memcmp.c.obj (.text.memcmp)
                  00005eb8    0000001e     ti_msp_dl_config.o (.text.DL_UART_setOversampling)
                  00005ed6    00000002     --HOLE-- [fill = 0]
                  00005ed8    0000001e     libclang_rt.builtins.a : ashldi3.S.obj (.text.__ashldi3)
                  00005ef6    00000002     --HOLE-- [fill = 0]
                  00005ef8    0000001c     ti_msp_dl_config.o (.text.DL_GPIO_clearInterruptStatus)
                  00005f14    0000001c     mspm0_i2c.o (.text.DL_GPIO_enableHiZ)
                  00005f30    0000001c     ti_msp_dl_config.o (.text.DL_GPIO_enableHiZ)
                  00005f4c    0000001c     ti_msp_dl_config.o (.text.DL_GPIO_enableInterrupt)
                  00005f68    0000001c     ti_msp_dl_config.o (.text.DL_GPIO_initPeripheralOutputFunction)
                  00005f84    0000001c     ti_msp_dl_config.o (.text.DL_GPIO_setLowerPinsPolarity)
                  00005fa0    0000001c     mpu6050.o (.text.DL_I2C_getSDAStatus)
                  00005fbc    0000001c     mspm0_i2c.o (.text.DL_I2C_isControllerRXFIFOEmpty)
                  00005fd8    0000001c     interrupt.o (.text.DL_Interrupt_getPendingGroup)
                  00005ff4    0000001c     ti_msp_dl_config.o (.text.DL_SYSCTL_setSYSOSCFreq)
                  00006010    0000001c     ti_msp_dl_config.o (.text.DL_SYSCTL_setULPCLKDivider)
                  0000602c    0000001c     OLED.o (.text.OLED_I2C_Stop)
                  00006048    0000001c     inv_mpu_dmp_motion_driver.o (.text.dmp_load_motion_driver_firmware)
                  00006064    00000018     mspm0_i2c.o (.text.DL_GPIO_enableOutput)
                  0000607c    00000018     ti_msp_dl_config.o (.text.DL_GPIO_enableOutput)
                  00006094    00000018     ti_msp_dl_config.o (.text.DL_GPIO_enablePower)
                  000060ac    00000018     mspm0_i2c.o (.text.DL_GPIO_initDigitalOutput)
                  000060c4    00000018     ti_msp_dl_config.o (.text.DL_GPIO_initDigitalOutput)
                  000060dc    00000018     ti_msp_dl_config.o (.text.DL_GPIO_reset)
                  000060f4    00000018     OLED.o (.text.DL_GPIO_setPins)
                  0000610c    00000018     mspm0_i2c.o (.text.DL_GPIO_setPins)
                  00006124    00000018     mspm0_i2c.o (.text.DL_I2C_clearInterruptStatus)
                  0000613c    00000018     ti_msp_dl_config.o (.text.DL_I2C_enableAnalogGlitchFilter)
                  00006154    00000018     ti_msp_dl_config.o (.text.DL_I2C_enableController)
                  0000616c    00000018     ti_msp_dl_config.o (.text.DL_I2C_enableControllerClockStretching)
                  00006184    00000018     mspm0_i2c.o (.text.DL_I2C_enablePower)
                  0000619c    00000018     ti_msp_dl_config.o (.text.DL_I2C_enablePower)
                  000061b4    00000018     mspm0_i2c.o (.text.DL_I2C_getRawInterruptStatus)
                  000061cc    00000018     mspm0_i2c.o (.text.DL_I2C_reset)
                  000061e4    00000018     ti_msp_dl_config.o (.text.DL_I2C_reset)
                  000061fc    00000018     ti_msp_dl_config.o (.text.DL_I2C_setTimerPeriod)
                  00006214    00000018     ti_msp_dl_config.o (.text.DL_SYSCTL_setBORThreshold)
                  0000622c    00000018     ti_msp_dl_config.o (.text.DL_UART_enablePower)
                  00006244    00000018     Serial.o (.text.DL_UART_isBusy)
                  0000625c    00000018     ti_msp_dl_config.o (.text.DL_UART_reset)
                  00006274    00000018     ti_msp_dl_config.o (.text.SYSCFG_DL_init)
                  0000628c    00000018     clock.o (.text.SysTick_Init)
                  000062a4    00000018     libc.a : vsprintf.c.obj (.text._outs)
                  000062bc    00000016     mspm0_i2c.o (.text.DL_GPIO_readPins)
                  000062d2    00000016     mspm0_i2c.o (.text.DL_I2C_transmitControllerData)
                  000062e8    00000016     ti_msp_dl_config.o (.text.DL_UART_enable)
                  000062fe    00000016     Serial.o (.text.DL_UART_transmitData)
                  00006314    00000016     interrupt.o (.text.GROUP1_IRQHandler)
                  0000632a    00000014     OLED.o (.text.DL_GPIO_clearPins)
                  0000633e    00000014     mspm0_i2c.o (.text.DL_GPIO_clearPins)
                  00006352    00000014     ti_msp_dl_config.o (.text.DL_GPIO_clearPins)
                  00006366    00000002     --HOLE-- [fill = 0]
                  00006368    00000014     mspm0_i2c.o (.text.DL_I2C_getControllerStatus)
                  0000637c    00000014     mspm0_i2c.o (.text.DL_I2C_receiveControllerData)
                  00006390    00000014     ti_msp_dl_config.o (.text.DL_I2C_resetControllerTransfer)
                  000063a4    00000014     ti_msp_dl_config.o (.text.DL_SYSCTL_disableSYSPLL)
                  000063b8    00000014     libclang_rt.builtins.a : aeabi_uldivmod.S.obj (.text.__aeabi_uldivmod)
                  000063cc    00000014     inv_mpu_dmp_motion_driver.o (.text.dmp_register_android_orient_cb)
                  000063e0    00000014     inv_mpu_dmp_motion_driver.o (.text.dmp_register_tap_cb)
                  000063f4    00000014     libc.a : _printfi.c.obj (.text.strchr)
                  00006408    00000012     driverlib.a : dl_uart.o (.text.DL_UART_setClockConfig)
                  0000641a    00000012     libc.a : memcpy16.S.obj (.text:TI_memcpy_small)
                  0000642c    00000012            : copy_decompress_none.c.obj (.text:decompress:none)
                  0000643e    00000002     --HOLE-- [fill = 0]
                  00006440    00000010     ti_msp_dl_config.o (.text.DL_SYSCTL_disableHFXT)
                  00006450    00000010     interrupt.o (.text.SysTick_Handler)
                  00006460    00000010     libc.a : wcslen.c.obj (.text.wcslen)
                  00006470    00000010            : copy_zero_init.c.obj (.text:decompress:ZI)
                  00006480    0000000e     libclang_rt.builtins.a : aeabi_memset.S.obj (.text.__aeabi_memset)
                  0000648e    0000000e     libc.a : _printfi.c.obj (.text.strlen)
                  0000649c    0000000e     mpu6050.o (.text.tap_cb)
                  000064aa    0000000e     libc.a : memset16.S.obj (.text:TI_memset_small)
                  000064b8    0000000a     driverlib.a : dl_common.o (.text.DL_Common_delayCycles)
                  000064c2    0000000a     libc.a : _printfi.c.obj (.text.OUTLINED_FUNCTION_0)
                  000064cc    00000010     libclang_rt.builtins.a : adddf3.S.obj (.tramp.__aeabi_dsub.1)
                  000064dc    0000000a     libc.a : e_asin.c.obj (.text.OUTLINED_FUNCTION_0)
                  000064e6    00000002     --HOLE-- [fill = 0]
                  000064e8    00000010     libclang_rt.builtins.a : muldf3.S.obj (.tramp.__aeabi_dmul.1)
                  000064f8    0000000a     libc.a : s_atan.c.obj (.text.OUTLINED_FUNCTION_0)
                  00006502    0000000a            : _printfi.c.obj (.text.OUTLINED_FUNCTION_1)
                  0000650c    0000000a            : e_asin.c.obj (.text.OUTLINED_FUNCTION_1)
                  00006516    0000000a            : e_asin.c.obj (.text.OUTLINED_FUNCTION_3)
                  00006520    00000010     libclang_rt.builtins.a : divdf3.S.obj (.tramp.__aeabi_ddiv.1)
                  00006530    0000000a     libc.a : vsprintf.c.obj (.text._outc)
                  0000653a    0000000a     mpu6050.o (.text.android_orient_cb)
                  00006544    00000008     libc.a : s_atan.c.obj (.text.OUTLINED_FUNCTION_2)
                  0000654c    00000008            : aeabi_portable.c.obj (.text.__aeabi_errno_addr)
                  00006554    00000008     libclang_rt.builtins.a : aeabi_memcpy.S.obj (.text.__aeabi_memcpy)
                  0000655c    00000006     libc.a : s_atan.c.obj (.text.OUTLINED_FUNCTION_1)
                  00006562    00000002     --HOLE-- [fill = 0]
                  00006564    00000010     libclang_rt.builtins.a : adddf3.S.obj (.tramp.__aeabi_dadd.1)
                  00006574    00000006     libc.a : e_asin.c.obj (.text.OUTLINED_FUNCTION_2)
                  0000657a    00000006            : exit.c.obj (.text:abort)
                  00006580    00000004     startup_mspm0g350x_ticlang.o (.text.Default_Handler)
                  00006584    00000004     libsysbm.a : hostexit.c.obj (.text.HOSTexit)
                  00006588    00000004     libc.a : e_asin.c.obj (.text.OUTLINED_FUNCTION_4)
                  0000658c    00000004     startup_mspm0g350x_ticlang.o (.text.Reset_Handler)
                  00006590    00000010     libc.a : boot_cortex_m.c.obj (.tramp._c_int00_noargs.1)
                  000065a0    00000004            : pre_init.c.obj (.text._system_pre_init)
                  000065a4    0000000c     --HOLE-- [fill = 0]

.cinit     0    00007c20    00000040     
                  00007c20    00000019     (.cinit..data.load) [load image, compression = lzss]
                  00007c39    00000003     --HOLE-- [fill = 0]
                  00007c3c    0000000c     (__TI_handler_table)
                  00007c48    00000008     (.cinit..bss.load) [load image, compression = zero_init]
                  00007c50    00000010     (__TI_cinit_table)

.rodata    0    000065b0    00001670     
                  000065b0    00000bf6     inv_mpu_dmp_motion_driver.o (.rodata.dmp_memory)
                  000071a6    000005f0     OLED_Data.o (.rodata.OLED_F8x16)
                  00007796    0000023a     OLED_Data.o (.rodata.OLED_F6x8)
                  000079d0    00000101     libc.a : aeabi_ctype.S.obj (.rodata:__aeabi_ctype_table_)
                  00007ad1    00000002     ti_msp_dl_config.o (.rodata.gI2C_MPU6050ClockConfig)
                  00007ad3    00000002     ti_msp_dl_config.o (.rodata.gUART_0ClockConfig)
                  00007ad5    00000003     --HOLE-- [fill = 0]
                  00007ad8    00000040     libc.a : s_atan.c.obj (.rodata.cst32)
                  00007b18    00000028     ti_msp_dl_config.o (.rodata.gSYSPLLConfig)
                  00007b40    00000028     inv_mpu.o (.rodata.test)
                  00007b68    0000001e     inv_mpu.o (.rodata.reg)
                  00007b86    00000016     main.o (.rodata.str1.8154729771448623357.1)
                  00007b9c    00000011     libc.a : _printfi.c.obj (.rodata.str1.10348868589481759720.1)
                  00007bad    00000011            : _printfi.c.obj (.rodata.str1.15363888844622738466.1)
                  00007bbe    0000000f     main.o (.rodata.str1.12180500075719773345.1)
                  00007bcd    0000000f     main.o (.rodata.str1.18227636981041470289.1)
                  00007bdc    0000000f     main.o (.rodata.str1.2846389346932560359.1)
                  00007beb    00000001     --HOLE-- [fill = 0]
                  00007bec    0000000c     inv_mpu.o (.rodata.hw)
                  00007bf8    0000000a     ti_msp_dl_config.o (.rodata.gUART_0Config)
                  00007c02    00000009     main.o (.rodata.str1.17100691992556644108.1)
                  00007c0b    00000008     main.o (.rodata.str1.15159059442110792349.1)
                  00007c13    0000000d     --HOLE-- [fill = 0]

.init_array 
*          0    00000000    00000000     UNINITIALIZED

.binit     0    00000000    00000000     

.bss       0    20200000    00000437     UNINITIALIZED
                  20200000    00000400     (.common:OLED_DisplayBuf)
                  20200400    00000010     (.common:quat)
                  20200410    00000006     (.common:accel)
                  20200416    00000006     (.common:gyro)
                  2020041c    00000004     (.common:pitch)
                  20200420    00000004     (.common:roll)
                  20200424    00000004     (.common:sensor_timestamp)
                  20200428    00000004     (.common:start_time)
                  2020042c    00000004     (.common:tick_ms)
                  20200430    00000004     (.common:yaw)
                  20200434    00000002     (.common:sensors)
                  20200436    00000001     (.common:more)

.data      0    20200438    00000058     UNINITIALIZED
                  20200438    0000002c     inv_mpu.o (.data.st)
                  20200464    00000010     inv_mpu_dmp_motion_driver.o (.data.dmp)
                  20200474    0000000e     mpu6050.o (.data.hal)
                  20200482    00000009     mpu6050.o (.data.gyro_orientation)
                  2020048b    00000001     --HOLE--
                  2020048c    00000004     libc.a : aeabi_portable.c.obj (.data.__aeabi_errno)

.stack     0    20207e00    00000200     UNINITIALIZED
                  20207e00    00000004     libc.a : boot_cortex_m.c.obj (.stack)
                  20207e04    000001fc     --HOLE--

__llvm_prf_cnts 
*          0    20200000    00000000     UNINITIALIZED

__llvm_prf_bits 
*          0    20200000    00000000     UNINITIALIZED

MODULE SUMMARY

       Module                         code    ro data   rw data
       ------                         ----    -------   -------
    .\
       ti_msp_dl_config.o             1706    54        0      
       main.o                         256     84        0      
       startup_mspm0g350x_ticlang.o   8       192       0      
    +--+------------------------------+-------+---------+---------+
       Total:                         1970    330       0      
                                                               
    .\Drivers\MPU6050\
       inv_mpu_dmp_motion_driver.o    3110    3062      16     
       inv_mpu.o                      4600    82        44     
       mspm0_i2c.o                    1320    0         0      
       mpu6050.o                      1224    0         70     
    +--+------------------------------+-------+---------+---------+
       Total:                         10254   3144      130    
                                                               
    .\Drivers\MSPM0\
       clock.o                        328     0         8      
       interrupt.o                    66      0         0      
    +--+------------------------------+-------+---------+---------+
       Total:                         394     0         8      
                                                               
    .\Drivers\OLED\
       OLED.o                         1776    0         1024   
       OLED_Data.o                    0       2090      0      
    +--+------------------------------+-------+---------+---------+
       Total:                         1776    2090      1024   
                                                               
    .\Drivers\UART\
       Serial.o                       194     0         0      
    +--+------------------------------+-------+---------+---------+
       Total:                         194     0         0      
                                                               
    C:/ti/mspm0_sdk_2_04_00_06/source/ti/driverlib/lib/ticlang/m0p/mspm0g1x0x_g3x0x/driverlib.a
       dl_sysctl_mspm0g1x0x_g3x0x.o   288     0         0      
       dl_i2c.o                       192     0         0      
       dl_uart.o                      90      0         0      
       dl_common.o                    10      0         0      
    +--+------------------------------+-------+---------+---------+
       Total:                         580     0         0      
                                                               
    C:\ti\ccs2011\ccs\tools\compiler\ti-cgt-armllvm_4.0.3.LTS\lib\armv6m-ti-none-eabi/c/libc.a
       _printfi.c.obj                 4510    34        0      
       e_asin.c.obj                   908     0         0      
       s_atan.c.obj                   784     64        0      
       e_atan2.c.obj                  392     0         0      
       e_sqrt.c.obj                   368     0         0      
       aeabi_ctype.S.obj              0       257       0      
       s_scalbn.c.obj                 216     0         0      
       copy_decompress_lzss.c.obj     124     0         0      
       s_frexp.c.obj                  92      0         0      
       _ltoa.c.obj                    88      0         0      
       vsprintf.c.obj                 78      0         0      
       atoi.c.obj                     64      0         0      
       autoinit.c.obj                 60      0         0      
       boot_cortex_m.c.obj            56      0         0      
       memccpy.c.obj                  34      0         0      
       memcmp.c.obj                   32      0         0      
       copy_decompress_none.c.obj     18      0         0      
       memcpy16.S.obj                 18      0         0      
       copy_zero_init.c.obj           16      0         0      
       wcslen.c.obj                   16      0         0      
       memset16.S.obj                 14      0         0      
       aeabi_portable.c.obj           8       0         4      
       exit.c.obj                     6       0         0      
       pre_init.c.obj                 4       0         0      
    +--+------------------------------+-------+---------+---------+
       Total:                         7906    355       4      
                                                               
    C:\ti\ccs2011\ccs\tools\compiler\ti-cgt-armllvm_4.0.3.LTS\lib\armv6m-ti-none-eabi/c/libsysbm.a
       hostexit.c.obj                 4       0         0      
    +--+------------------------------+-------+---------+---------+
       Total:                         4       0         0      
                                                               
    C:\ti\ccs2011\ccs\tools\compiler\ti-cgt-armllvm_4.0.3.LTS\lib\armv6m-ti-none-eabi/libclang_rt.builtins.a
       adddf3.S.obj                   434     0         0      
       divdf3.S.obj                   284     0         0      
       muldf3.S.obj                   244     0         0      
       comparedf2.c.obj               220     0         0      
       addsf3.S.obj                   216     0         0      
       udivmoddi4.S.obj               162     0         0      
       mulsf3.S.obj                   140     0         0      
       divsf3.S.obj                   130     0         0      
       truncdfsf2.S.obj               116     0         0      
       aeabi_dcmp.S.obj               98      0         0      
       aeabi_idivmod.S.obj            86      0         0      
       fixdfsi.S.obj                  74      0         0      
       aeabi_uidivmod.S.obj           64      0         0      
       extendsfdf2.S.obj              64      0         0      
       floatsisf.S.obj                60      0         0      
       muldsi3.S.obj                  58      0         0      
       fixsfsi.S.obj                  56      0         0      
       floatsidf.S.obj                44      0         0      
       floatunsisf.S.obj              40      0         0      
       muldi3.S.obj                   36      0         0      
       ashldi3.S.obj                  30      0         0      
       aeabi_memset.S.obj             26      0         0      
       aeabi_uldivmod.S.obj           20      0         0      
       aeabi_memcpy.S.obj             8       0         0      
       aeabi_div0.c.obj               4       0         0      
    +--+------------------------------+-------+---------+---------+
       Total:                         2714    0         0      
                                                               
       Stack:                         0       0         512    
       Linker Generated:              0       61        0      
    +--+------------------------------+-------+---------+---------+
       Grand Total:                   25792   5980      1678   


LINKER GENERATED COPY TABLES

__TI_cinit_table @ 00007c50 records: 2, size/record: 8, table size: 16
	.data: load addr=00007c20, load size=00000019 bytes, run addr=20200438, run size=00000058 bytes, compression=lzss
	.bss: load addr=00007c48, load size=00000008 bytes, run addr=20200000, run size=00000437 bytes, compression=zero_init


LINKER GENERATED HANDLER TABLE

__TI_handler_table @ 00007c3c records: 3, size/record: 4, table size: 12
	index: 0, handler: __TI_decompress_lzss
	index: 1, handler: __TI_decompress_none
	index: 2, handler: __TI_zero_init


FAR CALL TRAMPOLINES

callee name               trampoline name
   callee addr  tramp addr   call addr  call info
--------------  -----------  ---------  ----------------
__aeabi_dsub              $Tramp$TT$L$PI$$__aeabi_dsub
   00002335     000064cc     000064ca   libc.a : _printfi.c.obj (.text.OUTLINED_FUNCTION_0)
__aeabi_dmul              $Tramp$TT$L$PI$$__aeabi_dmul
   0000368d     000064e8     000064e4   libc.a : e_asin.c.obj (.text.OUTLINED_FUNCTION_0)
                             00006500          : s_atan.c.obj (.text.OUTLINED_FUNCTION_0)
                             00006514          : e_asin.c.obj (.text.OUTLINED_FUNCTION_1)
                             0000654a          : s_atan.c.obj (.text.OUTLINED_FUNCTION_2)
                             00006578          : e_asin.c.obj (.text.OUTLINED_FUNCTION_2)
__aeabi_ddiv              $Tramp$TT$L$PI$$__aeabi_ddiv
   0000318d     00006520     0000651e   libc.a : e_asin.c.obj (.text.OUTLINED_FUNCTION_3)
__aeabi_dadd              $Tramp$TT$L$PI$$__aeabi_dadd
   0000233f     00006564     00006560   libc.a : s_atan.c.obj (.text.OUTLINED_FUNCTION_1)
                             0000658a          : e_asin.c.obj (.text.OUTLINED_FUNCTION_4)
_c_int00_noargs           $Tramp$TT$L$PI$$_c_int00_noargs
   00005d59     00006590     0000658c   startup_mspm0g350x_ticlang.o (.text.Reset_Handler)

[5 trampolines]
[10 trampoline calls]


GLOBAL SYMBOLS: SORTED ALPHABETICALLY BY Name 

address   name                                 
-------   ----                                 
00006581  ADC0_IRQHandler                      
00006581  ADC1_IRQHandler                      
00006581  AES_IRQHandler                       
00006584  C$$EXIT                              
00006581  CANFD0_IRQHandler                    
00006581  DAC0_IRQHandler                      
000064b9  DL_Common_delayCycles                
00004d31  DL_I2C_fillControllerTXFIFO          
00005799  DL_I2C_flushControllerTXFIFO         
00005da7  DL_I2C_setClockConfig                
00003855  DL_SYSCTL_configSYSPLL               
00005491  DL_SYSCTL_switchMCLKfromSYSOSCtoHSCLK
00005329  DL_UART_init                         
00006409  DL_UART_setClockConfig               
00006581  DMA_IRQHandler                       
00006581  Default_Handler                      
00006581  GROUP0_IRQHandler                    
00006315  GROUP1_IRQHandler                    
00006585  HOSTexit                             
00006581  HardFault_Handler                    
00006581  I2C0_IRQHandler                      
00006581  I2C1_IRQHandler                      
00002939  MPU6050_Init                         
00006581  NMI_Handler                          
00004e49  OLED_Clear                           
00003c85  OLED_ClearArea                       
20200000  OLED_DisplayBuf                      
00007796  OLED_F6x8                            
000071a6  OLED_F8x16                           
00005291  OLED_GPIO_Init                       
000050af  OLED_I2C_SendByte                    
00005dcd  OLED_I2C_Start                       
0000602d  OLED_I2C_Stop                        
000043a5  OLED_Init                            
000055a1  OLED_Printf                          
000058f9  OLED_SetCursor                       
00004815  OLED_ShowChar                        
00001fe5  OLED_ShowImage                       
00004ea1  OLED_ShowString                      
00005371  OLED_Update                          
00005999  OLED_W_SCL                           
000059cd  OLED_W_SDA                           
00005c65  OLED_WriteCommand                    
000051a5  OLED_WriteData                       
00006581  PendSV_Handler                       
00006581  RTC_IRQHandler                       
0000159d  Read_Quad                            
0000658d  Reset_Handler                        
00006581  SPI0_IRQHandler                      
00006581  SPI1_IRQHandler                      
00006581  SVC_Handler                          
00003ed9  SYSCFG_DL_GPIO_init                  
00004ef9  SYSCFG_DL_I2C_MPU6050_init           
000053b9  SYSCFG_DL_SYSCTL_init                
000055e1  SYSCFG_DL_UART_0_init                
00006275  SYSCFG_DL_init                       
00004f51  SYSCFG_DL_initPower                  
00005a99  Serial_Printf                        
00005b89  Serial_SendByte                      
00005887  Serial_SendString                    
00006451  SysTick_Handler                      
0000628d  SysTick_Init                         
00006581  TIMA0_IRQHandler                     
00006581  TIMA1_IRQHandler                     
00006581  TIMG0_IRQHandler                     
00006581  TIMG12_IRQHandler                    
00006581  TIMG6_IRQHandler                     
00006581  TIMG7_IRQHandler                     
00006581  TIMG8_IRQHandler                     
0000641b  TI_memcpy_small                      
000064ab  TI_memset_small                      
00006581  UART0_IRQHandler                     
00006581  UART1_IRQHandler                     
00006581  UART2_IRQHandler                     
00006581  UART3_IRQHandler                     
20208000  __STACK_END                          
00000200  __STACK_SIZE                         
00000000  __TI_ATRegion0_region_sz             
00000000  __TI_ATRegion0_src_addr              
00000000  __TI_ATRegion0_trg_addr              
00000000  __TI_ATRegion1_region_sz             
00000000  __TI_ATRegion1_src_addr              
00000000  __TI_ATRegion1_trg_addr              
00000000  __TI_ATRegion2_region_sz             
00000000  __TI_ATRegion2_src_addr              
00000000  __TI_ATRegion2_trg_addr              
00007c50  __TI_CINIT_Base                      
00007c60  __TI_CINIT_Limit                     
00007c60  __TI_CINIT_Warm                      
00007c3c  __TI_Handler_Table_Base              
00007c48  __TI_Handler_Table_Limit             
00005811  __TI_auto_init_nobinit_nopinit       
00004895  __TI_decompress_lzss                 
0000642d  __TI_decompress_none                 
00004fa9  __TI_ltoa                            
ffffffff  __TI_pprof_out_hndl                  
000000c1  __TI_printfi                         
ffffffff  __TI_prof_data_size                  
ffffffff  __TI_prof_data_start                 
00000000  __TI_static_base__                   
00006471  __TI_zero_init                       
0000233f  __adddf3                             
00003a13  __addsf3                             
000079d0  __aeabi_ctype_table_                 
000079d0  __aeabi_ctype_table_C                
00004991  __aeabi_d2f                          
000052dd  __aeabi_d2iz                         
0000233f  __aeabi_dadd                         
00004bad  __aeabi_dcmpeq                       
00004be9  __aeabi_dcmpge                       
00004bfd  __aeabi_dcmpgt                       
00004bd5  __aeabi_dcmple                       
00004bc1  __aeabi_dcmplt                       
0000318d  __aeabi_ddiv                         
0000368d  __aeabi_dmul                         
00002335  __aeabi_dsub                         
2020048c  __aeabi_errno                        
0000654d  __aeabi_errno_addr                   
00005661  __aeabi_f2d                          
000058c1  __aeabi_f2iz                         
00003a13  __aeabi_fadd                         
00004791  __aeabi_fdiv                         
00004571  __aeabi_fmul                         
00003a09  __aeabi_fsub                         
00005be1  __aeabi_i2d                          
000057d5  __aeabi_i2f                          
00005059  __aeabi_idiv                         
000024c7  __aeabi_idiv0                        
00005059  __aeabi_idivmod                      
00004307  __aeabi_ldiv0                        
00005ed9  __aeabi_llsl                         
00005df1  __aeabi_lmul                         
00004985  __aeabi_memclr                       
00004985  __aeabi_memclr4                      
00004985  __aeabi_memclr8                      
00006555  __aeabi_memcpy                       
00006555  __aeabi_memcpy4                      
00006555  __aeabi_memcpy8                      
00006481  __aeabi_memset                       
00006481  __aeabi_memset4                      
00006481  __aeabi_memset8                      
00005d31  __aeabi_ui2f                         
00005621  __aeabi_uidiv                        
00005621  __aeabi_uidivmod                     
000063b9  __aeabi_uldivmod                     
00005ed9  __ashldi3                            
ffffffff  __binit__                            
00004a79  __cmpdf2                             
0000318d  __divdf3                             
00004791  __divsf3                             
00004a79  __eqdf2                              
00005661  __extendsfdf2                        
000052dd  __fixdfsi                            
000058c1  __fixsfsi                            
00005be1  __floatsidf                          
000057d5  __floatsisf                          
00005d31  __floatunsisf                        
00004911  __gedf2                              
00004911  __gtdf2                              
00004a79  __ledf2                              
00004a79  __ltdf2                              
UNDEFED   __mpu_init                           
0000368d  __muldf3                             
00005df1  __muldi3                             
0000584d  __muldsi3                            
00004571  __mulsf3                             
00004a79  __nedf2                              
20207e00  __stack                              
20200000  __start___llvm_prf_bits              
20200000  __start___llvm_prf_cnts              
20200000  __stop___llvm_prf_bits               
20200000  __stop___llvm_prf_cnts               
00002335  __subdf3                             
00003a09  __subsf3                             
00004991  __truncdfsf2                         
00004265  __udivmoddi4                         
00005d59  _c_int00_noargs                      
UNDEFED   _system_post_cinit                   
000065a1  _system_pre_init                     
0000657b  abort                                
20200410  accel                                
00000a91  asin                                 
00000a91  asinl                                
00000df5  atan                                 
000024c9  atan2                                
000024c9  atan2l                               
00000df5  atanl                                
000056a1  atoi                                 
ffffffff  binit                                
00005401  dmp_enable_6x_lp_quat                
000010ed  dmp_enable_feature                   
00004c11  dmp_enable_gyro_cal                  
00005449  dmp_enable_lp_quat                   
00006049  dmp_load_motion_driver_firmware      
00001c15  dmp_read_fifo                        
000063cd  dmp_register_android_orient_cb       
000063e1  dmp_register_tap_cb                  
00004441  dmp_set_fifo_rate                    
00002651  dmp_set_orientation                  
000054d5  dmp_set_shake_reject_thresh          
00005a35  dmp_set_shake_reject_time            
00005a67  dmp_set_shake_reject_timeout         
00004b47  dmp_set_tap_axes                     
00005519  dmp_set_tap_count                    
00001365  dmp_set_tap_thresh                   
00005af9  dmp_set_tap_time                     
00005b29  dmp_set_tap_time_multi               
00004d91  frexp                                
00004d91  frexpl                               
20200416  gyro                                 
00007bec  hw                                   
00000000  interruptVectors                     
00003931  ldexp                                
00003931  ldexpl                               
000033a1  main                                 
00005e15  memccpy                              
00005e99  memcmp                               
20200436  more                                 
00004c71  mpu6050_i2c_sda_unlock               
00003f99  mpu_configure_fifo                   
00004a05  mpu_get_accel_fsr                    
00004cd1  mpu_get_gyro_fsr                     
00005a01  mpu_get_sample_rate                  
00002e21  mpu_init                             
00002f49  mpu_load_firmware                    
000034a1  mpu_lp_accel_mode                    
00003299  mpu_read_fifo_stream                 
0000410d  mpu_read_mem                         
000017c9  mpu_reset_fifo                       
00003771  mpu_set_accel_fsr                    
00002195  mpu_set_bypass                       
00004055  mpu_set_dmp_state                    
00003d51  mpu_set_gyro_fsr                     
00004309  mpu_set_int_latched                  
00003bb5  mpu_set_lpf                          
000035a1  mpu_set_sample_rate                  
00002cf1  mpu_set_sensors                      
000041b9  mpu_write_mem                        
00005b59  mspm0_delay_ms                       
00005c0d  mspm0_get_clock_ms                   
00002bbd  mspm0_i2c_read                       
00003e15  mspm0_i2c_write                      
2020041c  pitch                                
20200400  quat                                 
00007b68  reg                                  
20200420  roll                                 
00003931  scalbn                               
00003931  scalbnl                              
20200424  sensor_timestamp                     
20200434  sensors                              
000027c9  sqrt                                 
000027c9  sqrtl                                
20200428  start_time                           
00007b40  test                                 
2020042c  tick_ms                              
00005c39  vsprintf                             
00006461  wcslen                               
20200430  yaw                                  


GLOBAL SYMBOLS: SORTED BY Symbol Address 

address   name                                 
-------   ----                                 
00000000  __TI_ATRegion0_region_sz             
00000000  __TI_ATRegion0_src_addr              
00000000  __TI_ATRegion0_trg_addr              
00000000  __TI_ATRegion1_region_sz             
00000000  __TI_ATRegion1_src_addr              
00000000  __TI_ATRegion1_trg_addr              
00000000  __TI_ATRegion2_region_sz             
00000000  __TI_ATRegion2_src_addr              
00000000  __TI_ATRegion2_trg_addr              
00000000  __TI_static_base__                   
00000000  interruptVectors                     
000000c1  __TI_printfi                         
00000200  __STACK_SIZE                         
00000a91  asin                                 
00000a91  asinl                                
00000df5  atan                                 
00000df5  atanl                                
000010ed  dmp_enable_feature                   
00001365  dmp_set_tap_thresh                   
0000159d  Read_Quad                            
000017c9  mpu_reset_fifo                       
00001c15  dmp_read_fifo                        
00001fe5  OLED_ShowImage                       
00002195  mpu_set_bypass                       
00002335  __aeabi_dsub                         
00002335  __subdf3                             
0000233f  __adddf3                             
0000233f  __aeabi_dadd                         
000024c7  __aeabi_idiv0                        
000024c9  atan2                                
000024c9  atan2l                               
00002651  dmp_set_orientation                  
000027c9  sqrt                                 
000027c9  sqrtl                                
00002939  MPU6050_Init                         
00002bbd  mspm0_i2c_read                       
00002cf1  mpu_set_sensors                      
00002e21  mpu_init                             
00002f49  mpu_load_firmware                    
0000318d  __aeabi_ddiv                         
0000318d  __divdf3                             
00003299  mpu_read_fifo_stream                 
000033a1  main                                 
000034a1  mpu_lp_accel_mode                    
000035a1  mpu_set_sample_rate                  
0000368d  __aeabi_dmul                         
0000368d  __muldf3                             
00003771  mpu_set_accel_fsr                    
00003855  DL_SYSCTL_configSYSPLL               
00003931  ldexp                                
00003931  ldexpl                               
00003931  scalbn                               
00003931  scalbnl                              
00003a09  __aeabi_fsub                         
00003a09  __subsf3                             
00003a13  __addsf3                             
00003a13  __aeabi_fadd                         
00003bb5  mpu_set_lpf                          
00003c85  OLED_ClearArea                       
00003d51  mpu_set_gyro_fsr                     
00003e15  mspm0_i2c_write                      
00003ed9  SYSCFG_DL_GPIO_init                  
00003f99  mpu_configure_fifo                   
00004055  mpu_set_dmp_state                    
0000410d  mpu_read_mem                         
000041b9  mpu_write_mem                        
00004265  __udivmoddi4                         
00004307  __aeabi_ldiv0                        
00004309  mpu_set_int_latched                  
000043a5  OLED_Init                            
00004441  dmp_set_fifo_rate                    
00004571  __aeabi_fmul                         
00004571  __mulsf3                             
00004791  __aeabi_fdiv                         
00004791  __divsf3                             
00004815  OLED_ShowChar                        
00004895  __TI_decompress_lzss                 
00004911  __gedf2                              
00004911  __gtdf2                              
00004985  __aeabi_memclr                       
00004985  __aeabi_memclr4                      
00004985  __aeabi_memclr8                      
00004991  __aeabi_d2f                          
00004991  __truncdfsf2                         
00004a05  mpu_get_accel_fsr                    
00004a79  __cmpdf2                             
00004a79  __eqdf2                              
00004a79  __ledf2                              
00004a79  __ltdf2                              
00004a79  __nedf2                              
00004b47  dmp_set_tap_axes                     
00004bad  __aeabi_dcmpeq                       
00004bc1  __aeabi_dcmplt                       
00004bd5  __aeabi_dcmple                       
00004be9  __aeabi_dcmpge                       
00004bfd  __aeabi_dcmpgt                       
00004c11  dmp_enable_gyro_cal                  
00004c71  mpu6050_i2c_sda_unlock               
00004cd1  mpu_get_gyro_fsr                     
00004d31  DL_I2C_fillControllerTXFIFO          
00004d91  frexp                                
00004d91  frexpl                               
00004e49  OLED_Clear                           
00004ea1  OLED_ShowString                      
00004ef9  SYSCFG_DL_I2C_MPU6050_init           
00004f51  SYSCFG_DL_initPower                  
00004fa9  __TI_ltoa                            
00005059  __aeabi_idiv                         
00005059  __aeabi_idivmod                      
000050af  OLED_I2C_SendByte                    
000051a5  OLED_WriteData                       
00005291  OLED_GPIO_Init                       
000052dd  __aeabi_d2iz                         
000052dd  __fixdfsi                            
00005329  DL_UART_init                         
00005371  OLED_Update                          
000053b9  SYSCFG_DL_SYSCTL_init                
00005401  dmp_enable_6x_lp_quat                
00005449  dmp_enable_lp_quat                   
00005491  DL_SYSCTL_switchMCLKfromSYSOSCtoHSCLK
000054d5  dmp_set_shake_reject_thresh          
00005519  dmp_set_tap_count                    
000055a1  OLED_Printf                          
000055e1  SYSCFG_DL_UART_0_init                
00005621  __aeabi_uidiv                        
00005621  __aeabi_uidivmod                     
00005661  __aeabi_f2d                          
00005661  __extendsfdf2                        
000056a1  atoi                                 
00005799  DL_I2C_flushControllerTXFIFO         
000057d5  __aeabi_i2f                          
000057d5  __floatsisf                          
00005811  __TI_auto_init_nobinit_nopinit       
0000584d  __muldsi3                            
00005887  Serial_SendString                    
000058c1  __aeabi_f2iz                         
000058c1  __fixsfsi                            
000058f9  OLED_SetCursor                       
00005999  OLED_W_SCL                           
000059cd  OLED_W_SDA                           
00005a01  mpu_get_sample_rate                  
00005a35  dmp_set_shake_reject_time            
00005a67  dmp_set_shake_reject_timeout         
00005a99  Serial_Printf                        
00005af9  dmp_set_tap_time                     
00005b29  dmp_set_tap_time_multi               
00005b59  mspm0_delay_ms                       
00005b89  Serial_SendByte                      
00005be1  __aeabi_i2d                          
00005be1  __floatsidf                          
00005c0d  mspm0_get_clock_ms                   
00005c39  vsprintf                             
00005c65  OLED_WriteCommand                    
00005d31  __aeabi_ui2f                         
00005d31  __floatunsisf                        
00005d59  _c_int00_noargs                      
00005da7  DL_I2C_setClockConfig                
00005dcd  OLED_I2C_Start                       
00005df1  __aeabi_lmul                         
00005df1  __muldi3                             
00005e15  memccpy                              
00005e99  memcmp                               
00005ed9  __aeabi_llsl                         
00005ed9  __ashldi3                            
0000602d  OLED_I2C_Stop                        
00006049  dmp_load_motion_driver_firmware      
00006275  SYSCFG_DL_init                       
0000628d  SysTick_Init                         
00006315  GROUP1_IRQHandler                    
000063b9  __aeabi_uldivmod                     
000063cd  dmp_register_android_orient_cb       
000063e1  dmp_register_tap_cb                  
00006409  DL_UART_setClockConfig               
0000641b  TI_memcpy_small                      
0000642d  __TI_decompress_none                 
00006451  SysTick_Handler                      
00006461  wcslen                               
00006471  __TI_zero_init                       
00006481  __aeabi_memset                       
00006481  __aeabi_memset4                      
00006481  __aeabi_memset8                      
000064ab  TI_memset_small                      
000064b9  DL_Common_delayCycles                
0000654d  __aeabi_errno_addr                   
00006555  __aeabi_memcpy                       
00006555  __aeabi_memcpy4                      
00006555  __aeabi_memcpy8                      
0000657b  abort                                
00006581  ADC0_IRQHandler                      
00006581  ADC1_IRQHandler                      
00006581  AES_IRQHandler                       
00006581  CANFD0_IRQHandler                    
00006581  DAC0_IRQHandler                      
00006581  DMA_IRQHandler                       
00006581  Default_Handler                      
00006581  GROUP0_IRQHandler                    
00006581  HardFault_Handler                    
00006581  I2C0_IRQHandler                      
00006581  I2C1_IRQHandler                      
00006581  NMI_Handler                          
00006581  PendSV_Handler                       
00006581  RTC_IRQHandler                       
00006581  SPI0_IRQHandler                      
00006581  SPI1_IRQHandler                      
00006581  SVC_Handler                          
00006581  TIMA0_IRQHandler                     
00006581  TIMA1_IRQHandler                     
00006581  TIMG0_IRQHandler                     
00006581  TIMG12_IRQHandler                    
00006581  TIMG6_IRQHandler                     
00006581  TIMG7_IRQHandler                     
00006581  TIMG8_IRQHandler                     
00006581  UART0_IRQHandler                     
00006581  UART1_IRQHandler                     
00006581  UART2_IRQHandler                     
00006581  UART3_IRQHandler                     
00006584  C$$EXIT                              
00006585  HOSTexit                             
0000658d  Reset_Handler                        
000065a1  _system_pre_init                     
000071a6  OLED_F8x16                           
00007796  OLED_F6x8                            
000079d0  __aeabi_ctype_table_                 
000079d0  __aeabi_ctype_table_C                
00007b40  test                                 
00007b68  reg                                  
00007bec  hw                                   
00007c3c  __TI_Handler_Table_Base              
00007c48  __TI_Handler_Table_Limit             
00007c50  __TI_CINIT_Base                      
00007c60  __TI_CINIT_Limit                     
00007c60  __TI_CINIT_Warm                      
20200000  OLED_DisplayBuf                      
20200000  __start___llvm_prf_bits              
20200000  __start___llvm_prf_cnts              
20200000  __stop___llvm_prf_bits               
20200000  __stop___llvm_prf_cnts               
20200400  quat                                 
20200410  accel                                
20200416  gyro                                 
2020041c  pitch                                
20200420  roll                                 
20200424  sensor_timestamp                     
20200428  start_time                           
2020042c  tick_ms                              
20200430  yaw                                  
20200434  sensors                              
20200436  more                                 
2020048c  __aeabi_errno                        
20207e00  __stack                              
20208000  __STACK_END                          
ffffffff  __TI_pprof_out_hndl                  
ffffffff  __TI_prof_data_size                  
ffffffff  __TI_prof_data_start                 
ffffffff  __binit__                            
ffffffff  binit                                
UNDEFED   __mpu_init                           
UNDEFED   _system_post_cinit                   

[258 symbols]
