******************************************************************************
            TI ARM Clang Linker PC v4.0.3                      
******************************************************************************
>> Linked Fri Jul 11 10:00:58 2025

OUTPUT FILE NAME:   <8_PID.out>
ENTRY POINT SYMBOL: "_c_int00_noargs"  address: 00006915


MEMORY CONFIGURATION

         name            origin    length      used     unused   attr    fill
----------------------  --------  ---------  --------  --------  ----  --------
  FLASH                 00000000   00020000  00008960  000176a0  R  X
  SRAM                  20200000   00008000  0000077a  00007886  RW X
  BCR_CONFIG            41c00000   000000ff  00000000  000000ff  R   
  BSL_CONFIG            41c00100   00000080  00000000  00000080  R   


SEGMENT ALLOCATION MAP

run origin  load origin   length   init length attrs members
----------  ----------- ---------- ----------- ----- -------
00000000    00000000    00008960   00008960    r-x
  00000000    00000000    000000c0   000000c0    r-- .intvecs
  000000c0    000000c0    000071a0   000071a0    r-x .text
  00007260    00007260    000016c0   000016c0    r-- .rodata
  00008920    00008920    00000040   00000040    r-- .cinit
20200000    20200000    0000057c   00000000    rw-
  20200000    20200000    00000522   00000000    rw- .bss
  20200524    20200524    00000058   00000000    rw- .data
20207e00    20207e00    00000200   00000000    rw-
  20207e00    20207e00    00000200   00000000    rw- .stack


SECTION ALLOCATION MAP

 output                                  attributes/
section   page    origin      length       input sections
--------  ----  ----------  ----------   ----------------
.intvecs   0    00000000    000000c0     
                  00000000    000000c0     startup_mspm0g350x_ticlang.o (.intvecs)

.text      0    000000c0    000071a0     
                  000000c0    000009d0     libc.a : _printfi.c.obj (.text:__TI_printfi)
                  00000a90    000004c4     interrupt.o (.text.GROUP1_IRQHandler)
                  00000f54    00000364     libc.a : e_asin.c.obj (.text.asin)
                  000012b8    000002f8            : s_atan.c.obj (.text.atan)
                  000015b0    00000278     inv_mpu_dmp_motion_driver.o (.text.dmp_enable_feature)
                  00001828    00000238     inv_mpu_dmp_motion_driver.o (.text.dmp_set_tap_thresh)
                  00001a60    0000022c     mpu6050.o (.text.Read_Quad)
                  00001c8c    0000022c     inv_mpu.o (.text.mpu_reset_fifo)
                  00001eb8    00000220     libc.a : _printfi.c.obj (.text._pconv_a)
                  000020d8    000001f4     inv_mpu_dmp_motion_driver.o (.text.dmp_read_fifo)
                  000022cc    000001ec     ti_msp_dl_config.o (.text.SYSCFG_DL_GPIO_init)
                  000024b8    000001dc     libc.a : _printfi.c.obj (.text._pconv_g)
                  00002694    000001b0     OLED.o (.text.OLED_ShowImage)
                  00002844    000001b0     main.o (.text.main)
                  000029f4    000001a0     inv_mpu.o (.text.mpu_set_bypass)
                  00002b94    00000192     libclang_rt.builtins.a : adddf3.S.obj (.text.adddf3_subdf3)
                  00002d26    00000002                            : aeabi_div0.c.obj (.text.__aeabi_idiv0)
                  00002d28    00000188     libc.a : e_atan2.c.obj (.text.atan2)
                  00002eb0    00000178     inv_mpu_dmp_motion_driver.o (.text.dmp_set_orientation)
                  00003028    00000170     libc.a : e_sqrt.c.obj (.text.sqrt)
                  00003198    00000148     mpu6050.o (.text.MPU6050_Init)
                  000032e0    0000013c     libc.a : _printfi.c.obj (.text.fcvt)
                  0000341c    00000134     mspm0_i2c.o (.text.mspm0_i2c_read)
                  00003550    00000130     inv_mpu.o (.text.mpu_set_sensors)
                  00003680    00000128     inv_mpu.o (.text.mpu_init)
                  000037a8    00000124     inv_mpu.o (.text.mpu_load_firmware)
                  000038cc    00000120     libc.a : _printfi.c.obj (.text._pconv_e)
                  000039ec    0000010c     libclang_rt.builtins.a : divdf3.S.obj (.text.__divdf3)
                  00003af8    00000108     inv_mpu.o (.text.mpu_read_fifo_stream)
                  00003c00    00000104     driverlib.a : dl_timer.o (.text.DL_Timer_initFourCCPWMMode)
                  00003d04    00000100     inv_mpu.o (.text.mpu_lp_accel_mode)
                  00003e04    000000ec     main.o (.text.TIMG12_IRQHandler)
                  00003ef0    000000ec     inv_mpu.o (.text.mpu_set_sample_rate)
                  00003fdc    000000e8     driverlib.a : dl_timer.o (.text.DL_Timer_initTimerMode)
                  000040c4    000000e4     libclang_rt.builtins.a : muldf3.S.obj (.text.__muldf3)
                  000041a8    000000e4     inv_mpu.o (.text.mpu_set_accel_fsr)
                  0000428c    000000dc     driverlib.a : dl_sysctl_mspm0g1x0x_g3x0x.o (.text.DL_SYSCTL_configSYSPLL)
                  00004368    000000d8     libc.a : s_scalbn.c.obj (.text.scalbn)
                  00004440    000000d8     libclang_rt.builtins.a : addsf3.S.obj (.text)
                  00004518    000000d4     inv_mpu.o (.text.set_int_enable)
                  000045ec    000000d0     inv_mpu.o (.text.mpu_set_lpf)
                  000046bc    000000cc     OLED.o (.text.OLED_ClearArea)
                  00004788    000000c4     inv_mpu.o (.text.mpu_set_gyro_fsr)
                  0000484c    000000c4     mspm0_i2c.o (.text.mspm0_i2c_write)
                  00004910    000000bc     inv_mpu.o (.text.mpu_configure_fifo)
                  000049cc    000000b8     inv_mpu.o (.text.mpu_set_dmp_state)
                  00004a84    000000ac     inv_mpu.o (.text.mpu_read_mem)
                  00004b30    000000ac     inv_mpu.o (.text.mpu_write_mem)
                  00004bdc    000000a2     libclang_rt.builtins.a : udivmoddi4.S.obj (.text)
                  00004c7e    00000002                            : aeabi_div0.c.obj (.text.__aeabi_ldiv0)
                  00004c80    0000009c     inv_mpu.o (.text.mpu_set_int_latched)
                  00004d1c    0000009a     OLED.o (.text.OLED_Init)
                  00004db6    00000002     --HOLE-- [fill = 0]
                  00004db8    00000098     interrupt.o (.text.Get_Encoder)
                  00004e50    00000098     inv_mpu_dmp_motion_driver.o (.text.dmp_set_fifo_rate)
                  00004ee8    00000096     mpu6050.o (.text.inv_row_2_scale)
                  00004f7e    00000002     --HOLE-- [fill = 0]
                  00004f80    00000090     ti_msp_dl_config.o (.text.SYSCFG_DL_PWM_L_init)
                  00005010    00000090     ti_msp_dl_config.o (.text.SYSCFG_DL_PWM_R_init)
                  000050a0    0000008c     ti_msp_dl_config.o (.text.SYSCFG_DL_initPower)
                  0000512c    0000008c     libclang_rt.builtins.a : mulsf3.S.obj (.text.__mulsf3)
                  000051b8    0000008c     inv_mpu_dmp_motion_driver.o (.text.decode_gesture)
                  00005244    00000084     clock.o (.text.__NVIC_SetPriority)
                  000052c8    00000084     ti_msp_dl_config.o (.text.__NVIC_SetPriority)
                  0000534c    00000082     libclang_rt.builtins.a : divsf3.S.obj (.text.__divsf3)
                  000053ce    00000002     --HOLE-- [fill = 0]
                  000053d0    00000080     OLED.o (.text.OLED_ShowChar)
                  00005450    0000007c     libc.a : copy_decompress_lzss.c.obj (.text:decompress:lzss)
                  000054cc    00000074     libclang_rt.builtins.a : comparedf2.c.obj (.text.__gedf2)
                  00005540    00000074                            : truncdfsf2.S.obj (.text.__truncdfsf2)
                  000055b4    00000074     inv_mpu.o (.text.mpu_get_accel_fsr)
                  00005628    00000068     libclang_rt.builtins.a : comparedf2.c.obj (.text.__ledf2)
                  00005690    00000066     libc.a : _printfi.c.obj (.text._mcpy)
                  000056f6    00000066     inv_mpu_dmp_motion_driver.o (.text.dmp_set_tap_axes)
                  0000575c    00000062     libclang_rt.builtins.a : aeabi_dcmp.S.obj (.text.__aeabi_dcmp)
                  000057be    00000002     --HOLE-- [fill = 0]
                  000057c0    00000060     inv_mpu_dmp_motion_driver.o (.text.dmp_enable_gyro_cal)
                  00005820    00000060     mspm0_i2c.o (.text.mpu6050_i2c_sda_unlock)
                  00005880    00000060     inv_mpu.o (.text.mpu_get_gyro_fsr)
                  000058e0    0000005e     driverlib.a : dl_i2c.o (.text.DL_I2C_fillControllerTXFIFO)
                  0000593e    00000002     --HOLE-- [fill = 0]
                  00005940    0000005c     libc.a : s_frexp.c.obj (.text.frexp)
                  0000599c    0000005c     mspm0_i2c.o (.text.mspm0_i2c_enable)
                  000059f8    00000058     OLED.o (.text.OLED_Clear)
                  00005a50    00000058     OLED.o (.text.OLED_ShowString)
                  00005aa8    00000058     ti_msp_dl_config.o (.text.SYSCFG_DL_I2C_MPU6050_init)
                  00005b00    00000058     libc.a : _ltoa.c.obj (.text.__TI_ltoa)
                  00005b58    00000058            : _printfi.c.obj (.text._pconv_f)
                  00005bb0    00000056     libclang_rt.builtins.a : aeabi_idivmod.S.obj (.text.__aeabi_idivmod)
                  00005c06    00000054     OLED.o (.text.OLED_I2C_SendByte)
                  00005c5a    00000052     libc.a : _printfi.c.obj (.text._ecpy)
                  00005cac    00000050     mspm0_i2c.o (.text.DL_I2C_startControllerTransfer)
                  00005cfc    00000050     OLED.o (.text.OLED_WriteData)
                  00005d4c    00000050     clock.o (.text.SysTick_Config)
                  00005d9c    0000004c     ti_msp_dl_config.o (.text.DL_UART_setBaudRateDivisor)
                  00005de8    0000004a     OLED.o (.text.OLED_GPIO_Init)
                  00005e32    00000002     --HOLE-- [fill = 0]
                  00005e34    0000004a     libclang_rt.builtins.a : fixdfsi.S.obj (.text.__fixdfsi)
                  00005e7e    00000002     --HOLE-- [fill = 0]
                  00005e80    00000048     driverlib.a : dl_uart.o (.text.DL_UART_init)
                  00005ec8    00000048     OLED.o (.text.OLED_Update)
                  00005f10    00000048     ti_msp_dl_config.o (.text.SYSCFG_DL_SYSCTL_init)
                  00005f58    00000048     inv_mpu_dmp_motion_driver.o (.text.dmp_enable_6x_lp_quat)
                  00005fa0    00000048     inv_mpu_dmp_motion_driver.o (.text.dmp_enable_lp_quat)
                  00005fe8    00000044     driverlib.a : dl_sysctl_mspm0g1x0x_g3x0x.o (.text.DL_SYSCTL_switchMCLKfromSYSOSCtoHSCLK)
                  0000602c    00000044     inv_mpu_dmp_motion_driver.o (.text.dmp_set_shake_reject_thresh)
                  00006070    00000044     inv_mpu_dmp_motion_driver.o (.text.dmp_set_tap_count)
                  000060b4    00000044     mspm0_i2c.o (.text.mspm0_i2c_disable)
                  000060f8    00000040     OLED.o (.text.OLED_Printf)
                  00006138    00000040     ti_msp_dl_config.o (.text.SYSCFG_DL_UART_0_init)
                  00006178    00000040     libclang_rt.builtins.a : aeabi_uidivmod.S.obj (.text.__aeabi_uidivmod)
                  000061b8    00000040                            : extendsfdf2.S.obj (.text.__extendsfdf2)
                  000061f8    00000040     libc.a : atoi.c.obj (.text.atoi)
                  00006238    0000003e     mpu6050.o (.text.inv_orientation_matrix_to_scalar)
                  00006276    00000002     --HOLE-- [fill = 0]
                  00006278    0000003c     mspm0_i2c.o (.text.DL_GPIO_initPeripheralInputFunctionFeatures)
                  000062b4    0000003c     ti_msp_dl_config.o (.text.DL_GPIO_initPeripheralInputFunctionFeatures)
                  000062f0    0000003c     driverlib.a : dl_i2c.o (.text.DL_I2C_flushControllerTXFIFO)
                  0000632c    0000003c     ti_msp_dl_config.o (.text.DL_Timer_setCounterControl)
                  00006368    0000003c     libclang_rt.builtins.a : floatsisf.S.obj (.text.__floatsisf)
                  000063a4    0000003c     libc.a : autoinit.c.obj (.text:__TI_auto_init_nobinit_nopinit)
                  000063e0    0000003a     libclang_rt.builtins.a : muldsi3.S.obj (.text.__muldsi3)
                  0000641a    00000002     --HOLE-- [fill = 0]
                  0000641c    00000038                            : fixsfsi.S.obj (.text.__fixsfsi)
                  00006454    00000036     OLED.o (.text.OLED_SetCursor)
                  0000648a    00000002     --HOLE-- [fill = 0]
                  0000648c    00000034     mspm0_i2c.o (.text.DL_GPIO_initDigitalInputFeatures)
                  000064c0    00000034     ti_msp_dl_config.o (.text.DL_GPIO_initDigitalInputFeatures)
                  000064f4    00000034     OLED.o (.text.OLED_W_SCL)
                  00006528    00000034     OLED.o (.text.OLED_W_SDA)
                  0000655c    00000034     ti_msp_dl_config.o (.text.SYSCFG_DL_TIMER_0_init)
                  00006590    00000034     inv_mpu.o (.text.mpu_get_sample_rate)
                  000065c4    00000032     inv_mpu_dmp_motion_driver.o (.text.dmp_set_shake_reject_time)
                  000065f6    00000032     inv_mpu_dmp_motion_driver.o (.text.dmp_set_shake_reject_timeout)
                  00006628    00000030     ti_msp_dl_config.o (.text.SYSCFG_DL_init)
                  00006658    00000030     libc.a : _printfi.c.obj (.text._fcpy)
                  00006688    00000030     inv_mpu_dmp_motion_driver.o (.text.dmp_set_tap_time)
                  000066b8    00000030     inv_mpu_dmp_motion_driver.o (.text.dmp_set_tap_time_multi)
                  000066e8    00000030     clock.o (.text.mspm0_delay_ms)
                  00006718    0000002c     clock.o (.text.SysTick_Init)
                  00006744    0000002c     clock.o (.text.__NVIC_EnableIRQ)
                  00006770    0000002c     mpu6050.o (.text.__NVIC_EnableIRQ)
                  0000679c    0000002c     libclang_rt.builtins.a : floatsidf.S.obj (.text.__floatsidf)
                  000067c8    0000002c     clock.o (.text.mspm0_get_clock_ms)
                  000067f4    0000002c     libc.a : vsprintf.c.obj (.text.vsprintf)
                  00006820    0000002a     OLED.o (.text.OLED_WriteCommand)
                  0000684a    00000028     mspm0_i2c.o (.text.DL_Common_updateReg)
                  00006872    00000028     ti_msp_dl_config.o (.text.DL_Common_updateReg)
                  0000689a    00000002     --HOLE-- [fill = 0]
                  0000689c    00000028     ti_msp_dl_config.o (.text.DL_I2C_setControllerRXFIFOThreshold)
                  000068c4    00000028     ti_msp_dl_config.o (.text.DL_I2C_setControllerTXFIFOThreshold)
                  000068ec    00000028     libclang_rt.builtins.a : floatunsisf.S.obj (.text.__floatunsisf)
                  00006914    00000028     libc.a : boot_cortex_m.c.obj (.text:_c_int00_noargs)
                  0000693c    00000026     ti_msp_dl_config.o (.text.DL_I2C_setAnalogGlitchFilterPulseWidth)
                  00006962    00000026     driverlib.a : dl_i2c.o (.text.DL_I2C_setClockConfig)
                  00006988    00000024     OLED.o (.text.OLED_I2C_Start)
                  000069ac    00000024     libclang_rt.builtins.a : muldi3.S.obj (.text.__muldi3)
                  000069d0    00000022     libc.a : memccpy.c.obj (.text.memccpy)
                  000069f2    00000002     --HOLE-- [fill = 0]
                  000069f4    00000020     ti_msp_dl_config.o (.text.DL_GPIO_initPeripheralInputFunction)
                  00006a14    00000020     mpu6050.o (.text.DL_SYSCTL_resetDevice)
                  00006a34    00000020     ti_msp_dl_config.o (.text.DL_SYSCTL_setFlashWaitState)
                  00006a54    00000020     libc.a : memcmp.c.obj (.text.memcmp)
                  00006a74    0000001e     ti_msp_dl_config.o (.text.DL_UART_setOversampling)
                  00006a92    00000002     --HOLE-- [fill = 0]
                  00006a94    0000001e     libclang_rt.builtins.a : ashldi3.S.obj (.text.__ashldi3)
                  00006ab2    00000002     --HOLE-- [fill = 0]
                  00006ab4    0000001c     interrupt.o (.text.DL_GPIO_clearInterruptStatus)
                  00006ad0    0000001c     ti_msp_dl_config.o (.text.DL_GPIO_clearInterruptStatus)
                  00006aec    0000001c     mspm0_i2c.o (.text.DL_GPIO_enableHiZ)
                  00006b08    0000001c     ti_msp_dl_config.o (.text.DL_GPIO_enableHiZ)
                  00006b24    0000001c     ti_msp_dl_config.o (.text.DL_GPIO_enableInterrupt)
                  00006b40    0000001c     ti_msp_dl_config.o (.text.DL_GPIO_initPeripheralOutputFunction)
                  00006b5c    0000001c     ti_msp_dl_config.o (.text.DL_GPIO_setLowerPinsPolarity)
                  00006b78    0000001c     mpu6050.o (.text.DL_I2C_getSDAStatus)
                  00006b94    0000001c     mspm0_i2c.o (.text.DL_I2C_isControllerRXFIFOEmpty)
                  00006bb0    0000001c     interrupt.o (.text.DL_Interrupt_getPendingGroup)
                  00006bcc    0000001c     ti_msp_dl_config.o (.text.DL_SYSCTL_setSYSOSCFreq)
                  00006be8    0000001c     ti_msp_dl_config.o (.text.DL_SYSCTL_setULPCLKDivider)
                  00006c04    0000001c     ti_msp_dl_config.o (.text.DL_Timer_enableInterrupt)
                  00006c20    0000001c     driverlib.a : dl_timer.o (.text.DL_Timer_setCaptCompUpdateMethod)
                  00006c3c    0000001c                 : dl_timer.o (.text.DL_Timer_setClockConfig)
                  00006c58    0000001c     OLED.o (.text.OLED_I2C_Stop)
                  00006c74    0000001c     inv_mpu_dmp_motion_driver.o (.text.dmp_load_motion_driver_firmware)
                  00006c90    00000018     mspm0_i2c.o (.text.DL_GPIO_enableOutput)
                  00006ca8    00000018     ti_msp_dl_config.o (.text.DL_GPIO_enableOutput)
                  00006cc0    00000018     ti_msp_dl_config.o (.text.DL_GPIO_enablePower)
                  00006cd8    00000018     interrupt.o (.text.DL_GPIO_getEnabledInterruptStatus)
                  00006cf0    00000018     mspm0_i2c.o (.text.DL_GPIO_initDigitalOutput)
                  00006d08    00000018     ti_msp_dl_config.o (.text.DL_GPIO_initDigitalOutput)
                  00006d20    00000018     ti_msp_dl_config.o (.text.DL_GPIO_reset)
                  00006d38    00000018     OLED.o (.text.DL_GPIO_setPins)
                  00006d50    00000018     mspm0_i2c.o (.text.DL_GPIO_setPins)
                  00006d68    00000018     ti_msp_dl_config.o (.text.DL_GPIO_setUpperPinsPolarity)
                  00006d80    00000018     mspm0_i2c.o (.text.DL_I2C_clearInterruptStatus)
                  00006d98    00000018     ti_msp_dl_config.o (.text.DL_I2C_enableAnalogGlitchFilter)
                  00006db0    00000018     ti_msp_dl_config.o (.text.DL_I2C_enableController)
                  00006dc8    00000018     ti_msp_dl_config.o (.text.DL_I2C_enableControllerClockStretching)
                  00006de0    00000018     mspm0_i2c.o (.text.DL_I2C_enablePower)
                  00006df8    00000018     ti_msp_dl_config.o (.text.DL_I2C_enablePower)
                  00006e10    00000018     mspm0_i2c.o (.text.DL_I2C_getRawInterruptStatus)
                  00006e28    00000018     mspm0_i2c.o (.text.DL_I2C_reset)
                  00006e40    00000018     ti_msp_dl_config.o (.text.DL_I2C_reset)
                  00006e58    00000018     ti_msp_dl_config.o (.text.DL_I2C_setTimerPeriod)
                  00006e70    00000018     ti_msp_dl_config.o (.text.DL_SYSCTL_setBORThreshold)
                  00006e88    00000018     ti_msp_dl_config.o (.text.DL_Timer_enablePower)
                  00006ea0    00000018     ti_msp_dl_config.o (.text.DL_Timer_reset)
                  00006eb8    00000018     driverlib.a : dl_timer.o (.text.DL_Timer_setCaptureCompareOutCtl)
                  00006ed0    00000018     clock.o (.text.DL_Timer_startCounter)
                  00006ee8    00000018     ti_msp_dl_config.o (.text.DL_UART_enablePower)
                  00006f00    00000018     ti_msp_dl_config.o (.text.DL_UART_reset)
                  00006f18    00000018     libc.a : vsprintf.c.obj (.text._outs)
                  00006f30    00000016     interrupt.o (.text.DL_GPIO_readPins)
                  00006f46    00000016     mspm0_i2c.o (.text.DL_GPIO_readPins)
                  00006f5c    00000016     mspm0_i2c.o (.text.DL_I2C_transmitControllerData)
                  00006f72    00000016     ti_msp_dl_config.o (.text.DL_UART_enable)
                  00006f88    00000014     OLED.o (.text.DL_GPIO_clearPins)
                  00006f9c    00000014     mspm0_i2c.o (.text.DL_GPIO_clearPins)
                  00006fb0    00000014     ti_msp_dl_config.o (.text.DL_GPIO_clearPins)
                  00006fc4    00000014     mspm0_i2c.o (.text.DL_I2C_getControllerStatus)
                  00006fd8    00000014     mspm0_i2c.o (.text.DL_I2C_receiveControllerData)
                  00006fec    00000014     ti_msp_dl_config.o (.text.DL_I2C_resetControllerTransfer)
                  00007000    00000014     ti_msp_dl_config.o (.text.DL_SYSCTL_disableSYSPLL)
                  00007014    00000014     ti_msp_dl_config.o (.text.DL_Timer_enableClock)
                  00007028    00000014     ti_msp_dl_config.o (.text.DL_Timer_setCCPDirection)
                  0000703c    00000014     libclang_rt.builtins.a : aeabi_uldivmod.S.obj (.text.__aeabi_uldivmod)
                  00007050    00000014     inv_mpu_dmp_motion_driver.o (.text.dmp_register_android_orient_cb)
                  00007064    00000014     inv_mpu_dmp_motion_driver.o (.text.dmp_register_tap_cb)
                  00007078    00000014     libc.a : _printfi.c.obj (.text.strchr)
                  0000708c    00000012     main.o (.text.DL_Timer_getPendingInterrupt)
                  0000709e    00000012     driverlib.a : dl_uart.o (.text.DL_UART_setClockConfig)
                  000070b0    00000012     libc.a : memcpy16.S.obj (.text:TI_memcpy_small)
                  000070c2    00000012            : copy_decompress_none.c.obj (.text:decompress:none)
                  000070d4    00000010     ti_msp_dl_config.o (.text.DL_SYSCTL_disableHFXT)
                  000070e4    00000010     driverlib.a : dl_timer.o (.text.DL_Timer_setCaptureCompareValue)
                  000070f4    00000010     interrupt.o (.text.SysTick_Handler)
                  00007104    00000010     libc.a : wcslen.c.obj (.text.wcslen)
                  00007114    00000010            : copy_zero_init.c.obj (.text:decompress:ZI)
                  00007124    0000000e     libclang_rt.builtins.a : aeabi_memset.S.obj (.text.__aeabi_memset)
                  00007132    0000000e     libc.a : _printfi.c.obj (.text.strlen)
                  00007140    0000000e     mpu6050.o (.text.tap_cb)
                  0000714e    0000000e     libc.a : memset16.S.obj (.text:TI_memset_small)
                  0000715c    0000000c     libclang_rt.builtins.a : aeabi_memset.S.obj (.text.__aeabi_memclr)
                  00007168    0000000a     driverlib.a : dl_common.o (.text.DL_Common_delayCycles)
                  00007172    0000000a     libc.a : _printfi.c.obj (.text.OUTLINED_FUNCTION_0)
                  0000717c    00000010     libclang_rt.builtins.a : adddf3.S.obj (.tramp.__aeabi_dsub.1)
                  0000718c    0000000a     libc.a : e_asin.c.obj (.text.OUTLINED_FUNCTION_0)
                  00007196    00000002     --HOLE-- [fill = 0]
                  00007198    00000010     libclang_rt.builtins.a : muldf3.S.obj (.tramp.__aeabi_dmul.1)
                  000071a8    0000000a     libc.a : s_atan.c.obj (.text.OUTLINED_FUNCTION_0)
                  000071b2    0000000a            : _printfi.c.obj (.text.OUTLINED_FUNCTION_1)
                  000071bc    0000000a            : e_asin.c.obj (.text.OUTLINED_FUNCTION_1)
                  000071c6    0000000a            : e_asin.c.obj (.text.OUTLINED_FUNCTION_3)
                  000071d0    00000010     libclang_rt.builtins.a : divdf3.S.obj (.tramp.__aeabi_ddiv.1)
                  000071e0    0000000a     libc.a : vsprintf.c.obj (.text._outc)
                  000071ea    0000000a     mpu6050.o (.text.android_orient_cb)
                  000071f4    00000008     libc.a : s_atan.c.obj (.text.OUTLINED_FUNCTION_2)
                  000071fc    00000008            : aeabi_portable.c.obj (.text.__aeabi_errno_addr)
                  00007204    00000008     libclang_rt.builtins.a : aeabi_memcpy.S.obj (.text.__aeabi_memcpy)
                  0000720c    00000006     libc.a : s_atan.c.obj (.text.OUTLINED_FUNCTION_1)
                  00007212    00000002     --HOLE-- [fill = 0]
                  00007214    00000010     libclang_rt.builtins.a : adddf3.S.obj (.tramp.__aeabi_dadd.1)
                  00007224    00000006     libc.a : e_asin.c.obj (.text.OUTLINED_FUNCTION_2)
                  0000722a    00000006            : exit.c.obj (.text:abort)
                  00007230    00000004     startup_mspm0g350x_ticlang.o (.text.Default_Handler)
                  00007234    00000004     libsysbm.a : hostexit.c.obj (.text.HOSTexit)
                  00007238    00000004     libc.a : e_asin.c.obj (.text.OUTLINED_FUNCTION_4)
                  0000723c    00000004     startup_mspm0g350x_ticlang.o (.text.Reset_Handler)
                  00007240    00000010     libc.a : boot_cortex_m.c.obj (.tramp._c_int00_noargs.1)
                  00007250    00000004            : pre_init.c.obj (.text._system_pre_init)
                  00007254    0000000c     --HOLE-- [fill = 0]

.cinit     0    00008920    00000040     
                  00008920    0000001a     (.cinit..data.load) [load image, compression = lzss]
                  0000893a    00000002     --HOLE-- [fill = 0]
                  0000893c    0000000c     (__TI_handler_table)
                  00008948    00000008     (.cinit..bss.load) [load image, compression = zero_init]
                  00008950    00000010     (__TI_cinit_table)

.rodata    0    00007260    000016c0     
                  00007260    00000bf6     inv_mpu_dmp_motion_driver.o (.rodata.dmp_memory)
                  00007e56    000005f0     OLED_Data.o (.rodata.OLED_F8x16)
                  00008446    0000023a     OLED_Data.o (.rodata.OLED_F6x8)
                  00008680    00000101     libc.a : aeabi_ctype.S.obj (.rodata:__aeabi_ctype_table_)
                  00008781    00000003     ti_msp_dl_config.o (.rodata.gPWM_LClockConfig)
                  00008784    00000003     ti_msp_dl_config.o (.rodata.gPWM_RClockConfig)
                  00008787    00000001     --HOLE-- [fill = 0]
                  00008788    00000040     libc.a : s_atan.c.obj (.rodata.cst32)
                  000087c8    00000028     ti_msp_dl_config.o (.rodata.gSYSPLLConfig)
                  000087f0    00000028     inv_mpu.o (.rodata.test)
                  00008818    0000001e     inv_mpu.o (.rodata.reg)
                  00008836    00000002     ti_msp_dl_config.o (.rodata.gI2C_MPU6050ClockConfig)
                  00008838    00000014     ti_msp_dl_config.o (.rodata.gTIMER_0TimerConfig)
                  0000884c    00000011     libc.a : _printfi.c.obj (.rodata.str1.10348868589481759720.1)
                  0000885d    00000011            : _printfi.c.obj (.rodata.str1.15363888844622738466.1)
                  0000886e    00000011     main.o (.rodata.str1.17100691992556644108.1)
                  0000887f    00000011     main.o (.rodata.str1.8154729771448623357.1)
                  00008890    00000010     main.o (.rodata.str1.15159059442110792349.1)
                  000088a0    00000010     main.o (.rodata.str1.18227636981041470289.1)
                  000088b0    00000010     main.o (.rodata.str1.2846389346932560359.1)
                  000088c0    0000000f     main.o (.rodata.str1.12180500075719773345.1)
                  000088cf    0000000f     main.o (.rodata.str1.14112174005742061988.1)
                  000088de    0000000f     main.o (.rodata.str1.288608917962107522.1)
                  000088ed    00000001     --HOLE-- [fill = 0]
                  000088ee    0000000c     inv_mpu.o (.rodata.hw)
                  000088fa    0000000a     ti_msp_dl_config.o (.rodata.gUART_0Config)
                  00008904    00000008     ti_msp_dl_config.o (.rodata.gPWM_LConfig)
                  0000890c    00000008     ti_msp_dl_config.o (.rodata.gPWM_RConfig)
                  00008914    00000003     ti_msp_dl_config.o (.rodata.gTIMER_0ClockConfig)
                  00008917    00000002     ti_msp_dl_config.o (.rodata.gUART_0ClockConfig)
                  00008919    00000007     --HOLE-- [fill = 0]

.init_array 
*          0    00000000    00000000     UNINITIALIZED

.binit     0    00000000    00000000     

.bss       0    20200000    00000522     UNINITIALIZED
                  20200000    00000400     (.common:OLED_DisplayBuf)
                  20200400    000000bc     (.common:gPWM_LBackup)
                  202004bc    00000010     (.common:quat)
                  202004cc    00000006     (.common:accel)
                  202004d2    00000006     (.common:gyro)
                  202004d8    00000004     (.common:Pitch)
                  202004dc    00000004     (.common:Pitch_Err)
                  202004e0    00000004     (.common:Roll)
                  202004e4    00000004     (.common:Roll_Err)
                  202004e8    00000004     (.common:Yaw)
                  202004ec    00000004     (.common:Yaw_Err)
                  202004f0    00000004     (.common:pitch)
                  202004f4    00000004     (.common:roll)
                  202004f8    00000004     (.common:sensor_timestamp)
                  202004fc    00000004     (.common:start_time)
                  20200500    00000004     (.common:tick_ms)
                  20200504    00000004     (.common:yaw)
                  20200508    00000002     (.common:Encoder1)
                  2020050a    00000002     (.common:Encoder2)
                  2020050c    00000002     (.common:Encoder3)
                  2020050e    00000002     (.common:Encoder4)
                  20200510    00000002     (.common:Encoder_Count1)
                  20200512    00000002     (.common:Encoder_Count2)
                  20200514    00000002     (.common:Encoder_Count3)
                  20200516    00000002     (.common:Encoder_Count4)
                  20200518    00000002     (.common:count1)
                  2020051a    00000002     (.common:count2)
                  2020051c    00000002     (.common:count3)
                  2020051e    00000002     (.common:sensors)
                  20200520    00000001     (.common:flag)
                  20200521    00000001     (.common:more)

.data      0    20200524    00000058     UNINITIALIZED
                  20200524    0000002c     inv_mpu.o (.data.st)
                  20200550    00000010     inv_mpu_dmp_motion_driver.o (.data.dmp)
                  20200560    0000000e     mpu6050.o (.data.hal)
                  2020056e    00000009     mpu6050.o (.data.gyro_orientation)
                  20200577    00000001     --HOLE--
                  20200578    00000004     libc.a : aeabi_portable.c.obj (.data.__aeabi_errno)

.stack     0    20207e00    00000200     UNINITIALIZED
                  20207e00    00000004     libc.a : boot_cortex_m.c.obj (.stack)
                  20207e04    000001fc     --HOLE--

__llvm_prf_cnts 
*          0    20200000    00000000     UNINITIALIZED

__llvm_prf_bits 
*          0    20200000    00000000     UNINITIALIZED

MODULE SUMMARY

       Module                         code    ro data   rw data
       ------                         ----    -------   -------
    .\
       ti_msp_dl_config.o             2622    99        188    
       main.o                         686     127       39     
       startup_mspm0g350x_ticlang.o   8       192       0      
    +--+------------------------------+-------+---------+---------+
       Total:                         3316    418       227    
                                                               
    .\Drivers\MPU6050\
       inv_mpu_dmp_motion_driver.o    3110    3062      16     
       inv_mpu.o                      4600    82        44     
       mspm0_i2c.o                    1320    0         0      
       mpu6050.o                      1224    0         70     
    +--+------------------------------+-------+---------+---------+
       Total:                         10254   3144      130    
                                                               
    .\Drivers\MSPM0\
       interrupt.o                    1490    0         8      
       clock.o                        416     0         8      
    +--+------------------------------+-------+---------+---------+
       Total:                         1906    0         16     
                                                               
    .\Drivers\OLED\
       OLED.o                         1776    0         1024   
       OLED_Data.o                    0       2090      0      
    +--+------------------------------+-------+---------+---------+
       Total:                         1776    2090      1024   
                                                               
    C:/ti/mspm0_sdk_2_04_00_06/source/ti/driverlib/lib/ticlang/m0p/mspm0g1x0x_g3x0x/driverlib.a
       dl_timer.o                     588     0         0      
       dl_sysctl_mspm0g1x0x_g3x0x.o   288     0         0      
       dl_i2c.o                       192     0         0      
       dl_uart.o                      90      0         0      
       dl_common.o                    10      0         0      
    +--+------------------------------+-------+---------+---------+
       Total:                         1168    0         0      
                                                               
    C:\ti\ccs2011\ccs\tools\compiler\ti-cgt-armllvm_4.0.3.LTS\lib\armv6m-ti-none-eabi/c/libc.a
       _printfi.c.obj                 4510    34        0      
       e_asin.c.obj                   908     0         0      
       s_atan.c.obj                   784     64        0      
       e_atan2.c.obj                  392     0         0      
       e_sqrt.c.obj                   368     0         0      
       aeabi_ctype.S.obj              0       257       0      
       s_scalbn.c.obj                 216     0         0      
       copy_decompress_lzss.c.obj     124     0         0      
       s_frexp.c.obj                  92      0         0      
       _ltoa.c.obj                    88      0         0      
       vsprintf.c.obj                 78      0         0      
       atoi.c.obj                     64      0         0      
       autoinit.c.obj                 60      0         0      
       boot_cortex_m.c.obj            56      0         0      
       memccpy.c.obj                  34      0         0      
       memcmp.c.obj                   32      0         0      
       copy_decompress_none.c.obj     18      0         0      
       memcpy16.S.obj                 18      0         0      
       copy_zero_init.c.obj           16      0         0      
       wcslen.c.obj                   16      0         0      
       memset16.S.obj                 14      0         0      
       aeabi_portable.c.obj           8       0         4      
       exit.c.obj                     6       0         0      
       pre_init.c.obj                 4       0         0      
    +--+------------------------------+-------+---------+---------+
       Total:                         7906    355       4      
                                                               
    C:\ti\ccs2011\ccs\tools\compiler\ti-cgt-armllvm_4.0.3.LTS\lib\armv6m-ti-none-eabi/c/libsysbm.a
       hostexit.c.obj                 4       0         0      
    +--+------------------------------+-------+---------+---------+
       Total:                         4       0         0      
                                                               
    C:\ti\ccs2011\ccs\tools\compiler\ti-cgt-armllvm_4.0.3.LTS\lib\armv6m-ti-none-eabi/libclang_rt.builtins.a
       adddf3.S.obj                   434     0         0      
       divdf3.S.obj                   284     0         0      
       muldf3.S.obj                   244     0         0      
       comparedf2.c.obj               220     0         0      
       addsf3.S.obj                   216     0         0      
       udivmoddi4.S.obj               162     0         0      
       mulsf3.S.obj                   140     0         0      
       divsf3.S.obj                   130     0         0      
       truncdfsf2.S.obj               116     0         0      
       aeabi_dcmp.S.obj               98      0         0      
       aeabi_idivmod.S.obj            86      0         0      
       fixdfsi.S.obj                  74      0         0      
       aeabi_uidivmod.S.obj           64      0         0      
       extendsfdf2.S.obj              64      0         0      
       floatsisf.S.obj                60      0         0      
       muldsi3.S.obj                  58      0         0      
       fixsfsi.S.obj                  56      0         0      
       floatsidf.S.obj                44      0         0      
       floatunsisf.S.obj              40      0         0      
       muldi3.S.obj                   36      0         0      
       ashldi3.S.obj                  30      0         0      
       aeabi_memset.S.obj             26      0         0      
       aeabi_uldivmod.S.obj           20      0         0      
       aeabi_memcpy.S.obj             8       0         0      
       aeabi_div0.c.obj               4       0         0      
    +--+------------------------------+-------+---------+---------+
       Total:                         2714    0         0      
                                                               
       Stack:                         0       0         512    
       Linker Generated:              0       62        0      
    +--+------------------------------+-------+---------+---------+
       Grand Total:                   29044   6069      1913   


LINKER GENERATED COPY TABLES

__TI_cinit_table @ 00008950 records: 2, size/record: 8, table size: 16
	.data: load addr=00008920, load size=0000001a bytes, run addr=20200524, run size=00000058 bytes, compression=lzss
	.bss: load addr=00008948, load size=00000008 bytes, run addr=20200000, run size=00000522 bytes, compression=zero_init


LINKER GENERATED HANDLER TABLE

__TI_handler_table @ 0000893c records: 3, size/record: 4, table size: 12
	index: 0, handler: __TI_decompress_lzss
	index: 1, handler: __TI_decompress_none
	index: 2, handler: __TI_zero_init


FAR CALL TRAMPOLINES

callee name               trampoline name
   callee addr  tramp addr   call addr  call info
--------------  -----------  ---------  ----------------
__aeabi_dsub              $Tramp$TT$L$PI$$__aeabi_dsub
   00002b95     0000717c     0000717a   libc.a : _printfi.c.obj (.text.OUTLINED_FUNCTION_0)
__aeabi_dmul              $Tramp$TT$L$PI$$__aeabi_dmul
   000040c5     00007198     00007194   libc.a : e_asin.c.obj (.text.OUTLINED_FUNCTION_0)
                             000071b0          : s_atan.c.obj (.text.OUTLINED_FUNCTION_0)
                             000071c4          : e_asin.c.obj (.text.OUTLINED_FUNCTION_1)
                             000071fa          : s_atan.c.obj (.text.OUTLINED_FUNCTION_2)
                             00007228          : e_asin.c.obj (.text.OUTLINED_FUNCTION_2)
__aeabi_ddiv              $Tramp$TT$L$PI$$__aeabi_ddiv
   000039ed     000071d0     000071ce   libc.a : e_asin.c.obj (.text.OUTLINED_FUNCTION_3)
__aeabi_dadd              $Tramp$TT$L$PI$$__aeabi_dadd
   00002b9f     00007214     00007210   libc.a : s_atan.c.obj (.text.OUTLINED_FUNCTION_1)
                             0000723a          : e_asin.c.obj (.text.OUTLINED_FUNCTION_4)
_c_int00_noargs           $Tramp$TT$L$PI$$_c_int00_noargs
   00006915     00007240     0000723c   startup_mspm0g350x_ticlang.o (.text.Reset_Handler)

[5 trampolines]
[10 trampoline calls]


GLOBAL SYMBOLS: SORTED ALPHABETICALLY BY Name 

address   name                                 
-------   ----                                 
00007231  ADC0_IRQHandler                      
00007231  ADC1_IRQHandler                      
00007231  AES_IRQHandler                       
00007234  C$$EXIT                              
00007231  CANFD0_IRQHandler                    
00007231  DAC0_IRQHandler                      
00007169  DL_Common_delayCycles                
000058e1  DL_I2C_fillControllerTXFIFO          
000062f1  DL_I2C_flushControllerTXFIFO         
00006963  DL_I2C_setClockConfig                
0000428d  DL_SYSCTL_configSYSPLL               
00005fe9  DL_SYSCTL_switchMCLKfromSYSOSCtoHSCLK
00003c01  DL_Timer_initFourCCPWMMode           
00003fdd  DL_Timer_initTimerMode               
00006c21  DL_Timer_setCaptCompUpdateMethod     
00006eb9  DL_Timer_setCaptureCompareOutCtl     
000070e5  DL_Timer_setCaptureCompareValue      
00006c3d  DL_Timer_setClockConfig              
00005e81  DL_UART_init                         
0000709f  DL_UART_setClockConfig               
00007231  DMA_IRQHandler                       
00007231  Default_Handler                      
20200508  Encoder1                             
2020050a  Encoder2                             
2020050c  Encoder3                             
2020050e  Encoder4                             
20200510  Encoder_Count1                       
20200512  Encoder_Count2                       
20200514  Encoder_Count3                       
20200516  Encoder_Count4                       
00007231  GROUP0_IRQHandler                    
00000a91  GROUP1_IRQHandler                    
00004db9  Get_Encoder                          
00007235  HOSTexit                             
00007231  HardFault_Handler                    
00007231  I2C0_IRQHandler                      
00007231  I2C1_IRQHandler                      
00003199  MPU6050_Init                         
00007231  NMI_Handler                          
000059f9  OLED_Clear                           
000046bd  OLED_ClearArea                       
20200000  OLED_DisplayBuf                      
00008446  OLED_F6x8                            
00007e56  OLED_F8x16                           
00005de9  OLED_GPIO_Init                       
00005c07  OLED_I2C_SendByte                    
00006989  OLED_I2C_Start                       
00006c59  OLED_I2C_Stop                        
00004d1d  OLED_Init                            
000060f9  OLED_Printf                          
00006455  OLED_SetCursor                       
000053d1  OLED_ShowChar                        
00002695  OLED_ShowImage                       
00005a51  OLED_ShowString                      
00005ec9  OLED_Update                          
000064f5  OLED_W_SCL                           
00006529  OLED_W_SDA                           
00006821  OLED_WriteCommand                    
00005cfd  OLED_WriteData                       
00007231  PendSV_Handler                       
202004d8  Pitch                                
202004dc  Pitch_Err                            
00007231  RTC_IRQHandler                       
00001a61  Read_Quad                            
0000723d  Reset_Handler                        
202004e0  Roll                                 
202004e4  Roll_Err                             
00007231  SPI0_IRQHandler                      
00007231  SPI1_IRQHandler                      
00007231  SVC_Handler                          
000022cd  SYSCFG_DL_GPIO_init                  
00005aa9  SYSCFG_DL_I2C_MPU6050_init           
00004f81  SYSCFG_DL_PWM_L_init                 
00005011  SYSCFG_DL_PWM_R_init                 
00005f11  SYSCFG_DL_SYSCTL_init                
0000655d  SYSCFG_DL_TIMER_0_init               
00006139  SYSCFG_DL_UART_0_init                
00006629  SYSCFG_DL_init                       
000050a1  SYSCFG_DL_initPower                  
000070f5  SysTick_Handler                      
00006719  SysTick_Init                         
00007231  TIMA0_IRQHandler                     
00007231  TIMA1_IRQHandler                     
00007231  TIMG0_IRQHandler                     
00003e05  TIMG12_IRQHandler                    
00007231  TIMG6_IRQHandler                     
00007231  TIMG7_IRQHandler                     
00007231  TIMG8_IRQHandler                     
000070b1  TI_memcpy_small                      
0000714f  TI_memset_small                      
00007231  UART0_IRQHandler                     
00007231  UART1_IRQHandler                     
00007231  UART2_IRQHandler                     
00007231  UART3_IRQHandler                     
202004e8  Yaw                                  
202004ec  Yaw_Err                              
20208000  __STACK_END                          
00000200  __STACK_SIZE                         
00000000  __TI_ATRegion0_region_sz             
00000000  __TI_ATRegion0_src_addr              
00000000  __TI_ATRegion0_trg_addr              
00000000  __TI_ATRegion1_region_sz             
00000000  __TI_ATRegion1_src_addr              
00000000  __TI_ATRegion1_trg_addr              
00000000  __TI_ATRegion2_region_sz             
00000000  __TI_ATRegion2_src_addr              
00000000  __TI_ATRegion2_trg_addr              
00008950  __TI_CINIT_Base                      
00008960  __TI_CINIT_Limit                     
00008960  __TI_CINIT_Warm                      
0000893c  __TI_Handler_Table_Base              
00008948  __TI_Handler_Table_Limit             
000063a5  __TI_auto_init_nobinit_nopinit       
00005451  __TI_decompress_lzss                 
000070c3  __TI_decompress_none                 
00005b01  __TI_ltoa                            
ffffffff  __TI_pprof_out_hndl                  
000000c1  __TI_printfi                         
ffffffff  __TI_prof_data_size                  
ffffffff  __TI_prof_data_start                 
00000000  __TI_static_base__                   
00007115  __TI_zero_init                       
00002b9f  __adddf3                             
0000444b  __addsf3                             
00008680  __aeabi_ctype_table_                 
00008680  __aeabi_ctype_table_C                
00005541  __aeabi_d2f                          
00005e35  __aeabi_d2iz                         
00002b9f  __aeabi_dadd                         
0000575d  __aeabi_dcmpeq                       
00005799  __aeabi_dcmpge                       
000057ad  __aeabi_dcmpgt                       
00005785  __aeabi_dcmple                       
00005771  __aeabi_dcmplt                       
000039ed  __aeabi_ddiv                         
000040c5  __aeabi_dmul                         
00002b95  __aeabi_dsub                         
20200578  __aeabi_errno                        
000071fd  __aeabi_errno_addr                   
000061b9  __aeabi_f2d                          
0000641d  __aeabi_f2iz                         
0000444b  __aeabi_fadd                         
0000534d  __aeabi_fdiv                         
0000512d  __aeabi_fmul                         
00004441  __aeabi_fsub                         
0000679d  __aeabi_i2d                          
00006369  __aeabi_i2f                          
00005bb1  __aeabi_idiv                         
00002d27  __aeabi_idiv0                        
00005bb1  __aeabi_idivmod                      
00004c7f  __aeabi_ldiv0                        
00006a95  __aeabi_llsl                         
000069ad  __aeabi_lmul                         
0000715d  __aeabi_memclr                       
0000715d  __aeabi_memclr4                      
0000715d  __aeabi_memclr8                      
00007205  __aeabi_memcpy                       
00007205  __aeabi_memcpy4                      
00007205  __aeabi_memcpy8                      
00007125  __aeabi_memset                       
00007125  __aeabi_memset4                      
00007125  __aeabi_memset8                      
000068ed  __aeabi_ui2f                         
00006179  __aeabi_uidiv                        
00006179  __aeabi_uidivmod                     
0000703d  __aeabi_uldivmod                     
00006a95  __ashldi3                            
ffffffff  __binit__                            
00005629  __cmpdf2                             
000039ed  __divdf3                             
0000534d  __divsf3                             
00005629  __eqdf2                              
000061b9  __extendsfdf2                        
00005e35  __fixdfsi                            
0000641d  __fixsfsi                            
0000679d  __floatsidf                          
00006369  __floatsisf                          
000068ed  __floatunsisf                        
000054cd  __gedf2                              
000054cd  __gtdf2                              
00005629  __ledf2                              
00005629  __ltdf2                              
UNDEFED   __mpu_init                           
000040c5  __muldf3                             
000069ad  __muldi3                             
000063e1  __muldsi3                            
0000512d  __mulsf3                             
00005629  __nedf2                              
20207e00  __stack                              
20200000  __start___llvm_prf_bits              
20200000  __start___llvm_prf_cnts              
20200000  __stop___llvm_prf_bits               
20200000  __stop___llvm_prf_cnts               
00002b95  __subdf3                             
00004441  __subsf3                             
00005541  __truncdfsf2                         
00004bdd  __udivmoddi4                         
00006915  _c_int00_noargs                      
UNDEFED   _system_post_cinit                   
00007251  _system_pre_init                     
0000722b  abort                                
202004cc  accel                                
00000f55  asin                                 
00000f55  asinl                                
000012b9  atan                                 
00002d29  atan2                                
00002d29  atan2l                               
000012b9  atanl                                
000061f9  atoi                                 
ffffffff  binit                                
20200518  count1                               
2020051a  count2                               
2020051c  count3                               
00005f59  dmp_enable_6x_lp_quat                
000015b1  dmp_enable_feature                   
000057c1  dmp_enable_gyro_cal                  
00005fa1  dmp_enable_lp_quat                   
00006c75  dmp_load_motion_driver_firmware      
000020d9  dmp_read_fifo                        
00007051  dmp_register_android_orient_cb       
00007065  dmp_register_tap_cb                  
00004e51  dmp_set_fifo_rate                    
00002eb1  dmp_set_orientation                  
0000602d  dmp_set_shake_reject_thresh          
000065c5  dmp_set_shake_reject_time            
000065f7  dmp_set_shake_reject_timeout         
000056f7  dmp_set_tap_axes                     
00006071  dmp_set_tap_count                    
00001829  dmp_set_tap_thresh                   
00006689  dmp_set_tap_time                     
000066b9  dmp_set_tap_time_multi               
20200520  flag                                 
00005941  frexp                                
00005941  frexpl                               
20200400  gPWM_LBackup                         
202004d2  gyro                                 
000088ee  hw                                   
00000000  interruptVectors                     
00004369  ldexp                                
00004369  ldexpl                               
00002845  main                                 
000069d1  memccpy                              
00006a55  memcmp                               
20200521  more                                 
00005821  mpu6050_i2c_sda_unlock               
00004911  mpu_configure_fifo                   
000055b5  mpu_get_accel_fsr                    
00005881  mpu_get_gyro_fsr                     
00006591  mpu_get_sample_rate                  
00003681  mpu_init                             
000037a9  mpu_load_firmware                    
00003d05  mpu_lp_accel_mode                    
00003af9  mpu_read_fifo_stream                 
00004a85  mpu_read_mem                         
00001c8d  mpu_reset_fifo                       
000041a9  mpu_set_accel_fsr                    
000029f5  mpu_set_bypass                       
000049cd  mpu_set_dmp_state                    
00004789  mpu_set_gyro_fsr                     
00004c81  mpu_set_int_latched                  
000045ed  mpu_set_lpf                          
00003ef1  mpu_set_sample_rate                  
00003551  mpu_set_sensors                      
00004b31  mpu_write_mem                        
000066e9  mspm0_delay_ms                       
000067c9  mspm0_get_clock_ms                   
0000341d  mspm0_i2c_read                       
0000484d  mspm0_i2c_write                      
202004f0  pitch                                
202004bc  quat                                 
00008818  reg                                  
202004f4  roll                                 
00004369  scalbn                               
00004369  scalbnl                              
202004f8  sensor_timestamp                     
2020051e  sensors                              
00003029  sqrt                                 
00003029  sqrtl                                
202004fc  start_time                           
000087f0  test                                 
20200500  tick_ms                              
000067f5  vsprintf                             
00007105  wcslen                               
20200504  yaw                                  


GLOBAL SYMBOLS: SORTED BY Symbol Address 

address   name                                 
-------   ----                                 
00000000  __TI_ATRegion0_region_sz             
00000000  __TI_ATRegion0_src_addr              
00000000  __TI_ATRegion0_trg_addr              
00000000  __TI_ATRegion1_region_sz             
00000000  __TI_ATRegion1_src_addr              
00000000  __TI_ATRegion1_trg_addr              
00000000  __TI_ATRegion2_region_sz             
00000000  __TI_ATRegion2_src_addr              
00000000  __TI_ATRegion2_trg_addr              
00000000  __TI_static_base__                   
00000000  interruptVectors                     
000000c1  __TI_printfi                         
00000200  __STACK_SIZE                         
00000a91  GROUP1_IRQHandler                    
00000f55  asin                                 
00000f55  asinl                                
000012b9  atan                                 
000012b9  atanl                                
000015b1  dmp_enable_feature                   
00001829  dmp_set_tap_thresh                   
00001a61  Read_Quad                            
00001c8d  mpu_reset_fifo                       
000020d9  dmp_read_fifo                        
000022cd  SYSCFG_DL_GPIO_init                  
00002695  OLED_ShowImage                       
00002845  main                                 
000029f5  mpu_set_bypass                       
00002b95  __aeabi_dsub                         
00002b95  __subdf3                             
00002b9f  __adddf3                             
00002b9f  __aeabi_dadd                         
00002d27  __aeabi_idiv0                        
00002d29  atan2                                
00002d29  atan2l                               
00002eb1  dmp_set_orientation                  
00003029  sqrt                                 
00003029  sqrtl                                
00003199  MPU6050_Init                         
0000341d  mspm0_i2c_read                       
00003551  mpu_set_sensors                      
00003681  mpu_init                             
000037a9  mpu_load_firmware                    
000039ed  __aeabi_ddiv                         
000039ed  __divdf3                             
00003af9  mpu_read_fifo_stream                 
00003c01  DL_Timer_initFourCCPWMMode           
00003d05  mpu_lp_accel_mode                    
00003e05  TIMG12_IRQHandler                    
00003ef1  mpu_set_sample_rate                  
00003fdd  DL_Timer_initTimerMode               
000040c5  __aeabi_dmul                         
000040c5  __muldf3                             
000041a9  mpu_set_accel_fsr                    
0000428d  DL_SYSCTL_configSYSPLL               
00004369  ldexp                                
00004369  ldexpl                               
00004369  scalbn                               
00004369  scalbnl                              
00004441  __aeabi_fsub                         
00004441  __subsf3                             
0000444b  __addsf3                             
0000444b  __aeabi_fadd                         
000045ed  mpu_set_lpf                          
000046bd  OLED_ClearArea                       
00004789  mpu_set_gyro_fsr                     
0000484d  mspm0_i2c_write                      
00004911  mpu_configure_fifo                   
000049cd  mpu_set_dmp_state                    
00004a85  mpu_read_mem                         
00004b31  mpu_write_mem                        
00004bdd  __udivmoddi4                         
00004c7f  __aeabi_ldiv0                        
00004c81  mpu_set_int_latched                  
00004d1d  OLED_Init                            
00004db9  Get_Encoder                          
00004e51  dmp_set_fifo_rate                    
00004f81  SYSCFG_DL_PWM_L_init                 
00005011  SYSCFG_DL_PWM_R_init                 
000050a1  SYSCFG_DL_initPower                  
0000512d  __aeabi_fmul                         
0000512d  __mulsf3                             
0000534d  __aeabi_fdiv                         
0000534d  __divsf3                             
000053d1  OLED_ShowChar                        
00005451  __TI_decompress_lzss                 
000054cd  __gedf2                              
000054cd  __gtdf2                              
00005541  __aeabi_d2f                          
00005541  __truncdfsf2                         
000055b5  mpu_get_accel_fsr                    
00005629  __cmpdf2                             
00005629  __eqdf2                              
00005629  __ledf2                              
00005629  __ltdf2                              
00005629  __nedf2                              
000056f7  dmp_set_tap_axes                     
0000575d  __aeabi_dcmpeq                       
00005771  __aeabi_dcmplt                       
00005785  __aeabi_dcmple                       
00005799  __aeabi_dcmpge                       
000057ad  __aeabi_dcmpgt                       
000057c1  dmp_enable_gyro_cal                  
00005821  mpu6050_i2c_sda_unlock               
00005881  mpu_get_gyro_fsr                     
000058e1  DL_I2C_fillControllerTXFIFO          
00005941  frexp                                
00005941  frexpl                               
000059f9  OLED_Clear                           
00005a51  OLED_ShowString                      
00005aa9  SYSCFG_DL_I2C_MPU6050_init           
00005b01  __TI_ltoa                            
00005bb1  __aeabi_idiv                         
00005bb1  __aeabi_idivmod                      
00005c07  OLED_I2C_SendByte                    
00005cfd  OLED_WriteData                       
00005de9  OLED_GPIO_Init                       
00005e35  __aeabi_d2iz                         
00005e35  __fixdfsi                            
00005e81  DL_UART_init                         
00005ec9  OLED_Update                          
00005f11  SYSCFG_DL_SYSCTL_init                
00005f59  dmp_enable_6x_lp_quat                
00005fa1  dmp_enable_lp_quat                   
00005fe9  DL_SYSCTL_switchMCLKfromSYSOSCtoHSCLK
0000602d  dmp_set_shake_reject_thresh          
00006071  dmp_set_tap_count                    
000060f9  OLED_Printf                          
00006139  SYSCFG_DL_UART_0_init                
00006179  __aeabi_uidiv                        
00006179  __aeabi_uidivmod                     
000061b9  __aeabi_f2d                          
000061b9  __extendsfdf2                        
000061f9  atoi                                 
000062f1  DL_I2C_flushControllerTXFIFO         
00006369  __aeabi_i2f                          
00006369  __floatsisf                          
000063a5  __TI_auto_init_nobinit_nopinit       
000063e1  __muldsi3                            
0000641d  __aeabi_f2iz                         
0000641d  __fixsfsi                            
00006455  OLED_SetCursor                       
000064f5  OLED_W_SCL                           
00006529  OLED_W_SDA                           
0000655d  SYSCFG_DL_TIMER_0_init               
00006591  mpu_get_sample_rate                  
000065c5  dmp_set_shake_reject_time            
000065f7  dmp_set_shake_reject_timeout         
00006629  SYSCFG_DL_init                       
00006689  dmp_set_tap_time                     
000066b9  dmp_set_tap_time_multi               
000066e9  mspm0_delay_ms                       
00006719  SysTick_Init                         
0000679d  __aeabi_i2d                          
0000679d  __floatsidf                          
000067c9  mspm0_get_clock_ms                   
000067f5  vsprintf                             
00006821  OLED_WriteCommand                    
000068ed  __aeabi_ui2f                         
000068ed  __floatunsisf                        
00006915  _c_int00_noargs                      
00006963  DL_I2C_setClockConfig                
00006989  OLED_I2C_Start                       
000069ad  __aeabi_lmul                         
000069ad  __muldi3                             
000069d1  memccpy                              
00006a55  memcmp                               
00006a95  __aeabi_llsl                         
00006a95  __ashldi3                            
00006c21  DL_Timer_setCaptCompUpdateMethod     
00006c3d  DL_Timer_setClockConfig              
00006c59  OLED_I2C_Stop                        
00006c75  dmp_load_motion_driver_firmware      
00006eb9  DL_Timer_setCaptureCompareOutCtl     
0000703d  __aeabi_uldivmod                     
00007051  dmp_register_android_orient_cb       
00007065  dmp_register_tap_cb                  
0000709f  DL_UART_setClockConfig               
000070b1  TI_memcpy_small                      
000070c3  __TI_decompress_none                 
000070e5  DL_Timer_setCaptureCompareValue      
000070f5  SysTick_Handler                      
00007105  wcslen                               
00007115  __TI_zero_init                       
00007125  __aeabi_memset                       
00007125  __aeabi_memset4                      
00007125  __aeabi_memset8                      
0000714f  TI_memset_small                      
0000715d  __aeabi_memclr                       
0000715d  __aeabi_memclr4                      
0000715d  __aeabi_memclr8                      
00007169  DL_Common_delayCycles                
000071fd  __aeabi_errno_addr                   
00007205  __aeabi_memcpy                       
00007205  __aeabi_memcpy4                      
00007205  __aeabi_memcpy8                      
0000722b  abort                                
00007231  ADC0_IRQHandler                      
00007231  ADC1_IRQHandler                      
00007231  AES_IRQHandler                       
00007231  CANFD0_IRQHandler                    
00007231  DAC0_IRQHandler                      
00007231  DMA_IRQHandler                       
00007231  Default_Handler                      
00007231  GROUP0_IRQHandler                    
00007231  HardFault_Handler                    
00007231  I2C0_IRQHandler                      
00007231  I2C1_IRQHandler                      
00007231  NMI_Handler                          
00007231  PendSV_Handler                       
00007231  RTC_IRQHandler                       
00007231  SPI0_IRQHandler                      
00007231  SPI1_IRQHandler                      
00007231  SVC_Handler                          
00007231  TIMA0_IRQHandler                     
00007231  TIMA1_IRQHandler                     
00007231  TIMG0_IRQHandler                     
00007231  TIMG6_IRQHandler                     
00007231  TIMG7_IRQHandler                     
00007231  TIMG8_IRQHandler                     
00007231  UART0_IRQHandler                     
00007231  UART1_IRQHandler                     
00007231  UART2_IRQHandler                     
00007231  UART3_IRQHandler                     
00007234  C$$EXIT                              
00007235  HOSTexit                             
0000723d  Reset_Handler                        
00007251  _system_pre_init                     
00007e56  OLED_F8x16                           
00008446  OLED_F6x8                            
00008680  __aeabi_ctype_table_                 
00008680  __aeabi_ctype_table_C                
000087f0  test                                 
00008818  reg                                  
000088ee  hw                                   
0000893c  __TI_Handler_Table_Base              
00008948  __TI_Handler_Table_Limit             
00008950  __TI_CINIT_Base                      
00008960  __TI_CINIT_Limit                     
00008960  __TI_CINIT_Warm                      
20200000  OLED_DisplayBuf                      
20200000  __start___llvm_prf_bits              
20200000  __start___llvm_prf_cnts              
20200000  __stop___llvm_prf_bits               
20200000  __stop___llvm_prf_cnts               
20200400  gPWM_LBackup                         
202004bc  quat                                 
202004cc  accel                                
202004d2  gyro                                 
202004d8  Pitch                                
202004dc  Pitch_Err                            
202004e0  Roll                                 
202004e4  Roll_Err                             
202004e8  Yaw                                  
202004ec  Yaw_Err                              
202004f0  pitch                                
202004f4  roll                                 
202004f8  sensor_timestamp                     
202004fc  start_time                           
20200500  tick_ms                              
20200504  yaw                                  
20200508  Encoder1                             
2020050a  Encoder2                             
2020050c  Encoder3                             
2020050e  Encoder4                             
20200510  Encoder_Count1                       
20200512  Encoder_Count2                       
20200514  Encoder_Count3                       
20200516  Encoder_Count4                       
20200518  count1                               
2020051a  count2                               
2020051c  count3                               
2020051e  sensors                              
20200520  flag                                 
20200521  more                                 
20200578  __aeabi_errno                        
20207e00  __stack                              
20208000  __STACK_END                          
ffffffff  __TI_pprof_out_hndl                  
ffffffff  __TI_prof_data_size                  
ffffffff  __TI_prof_data_start                 
ffffffff  __binit__                            
ffffffff  binit                                
UNDEFED   __mpu_init                           
UNDEFED   _system_post_cinit                   

[284 symbols]
